cell gc: structures 4068, zeros 4629, physical 1439, gate-passing 51
k=4 vinf={'Callisto': 1.553, 'Ganymede': 3.194} worst=0.767 xc_miss=2.54e-06km xc_dv=2.4e-11 gate_int=pass collisions=[]
k=4 vinf={'Callisto': 1.581, 'Ganymede': 1.472} worst=0.677 xc_miss=8.43e-06km xc_dv=6.9e-11 gate_int=pass collisions=[]
k=4 vinf={'Ganymede': 1.738, 'Callisto': 1.857} worst=0.826 xc_miss=9.40e-06km xc_dv=9.6e-11 gate_int=pass collisions=[]
k=4 vinf={'Callisto': 1.88, 'Ganymede': 4.3} worst=0.025 xc_miss=1.03e-04km xc_dv=9.4e-10 gate_int=pass collisions=[]
k=4 vinf={'Ganymede': 4.388, 'Callisto': 1.913} worst=0.124 xc_miss=4.59e-05km xc_dv=3.8e-10 gate_int=pass collisions=[]
k=4 vinf={'Callisto': 2.041, 'Ganymede': 1.579} worst=0.014 xc_miss=7.82e-06km xc_dv=7.3e-11 gate_int=pass collisions=[]
k=4 vinf={'Callisto': 2.135, 'Ganymede': 5.007} worst=0.270 xc_miss=8.94e-04km xc_dv=8.2e-09 gate_int=pass collisions=[]
k=4 vinf={'Ganymede': 3.823, 'Callisto': 2.378} worst=0.894 xc_miss=7.69e-06km xc_dv=5.2e-11 gate_int=pass collisions=['NEAR #576 symmetric closure Ganymede-Callisto n = 1 (dV_inf 0.149, k 1 vs 4)', 'NEAR #576 symmetric closure Callisto-Ganymede n = 1 (dV_inf 0.149, k 1 vs 4)']
k=4 vinf={'Ganymede': 2.419, 'Callisto': 2.486} worst=0.306 xc_miss=1.91e-06km xc_dv=1.6e-11 gate_int=pass collisions=[]
k=4 vinf={'Ganymede': 5.004, 'Callisto': 2.511} worst=0.010 xc_miss=6.12e-04km xc_dv=5.2e-09 gate_int=pass collisions=[]
k=4 vinf={'Callisto': 2.751, 'Ganymede': 6.447} worst=0.620 xc_miss=5.33e-04km xc_dv=4.9e-09 gate_int=pass collisions=[]
k=4 vinf={'Callisto': 2.816, 'Ganymede': 1.82} worst=0.817 xc_miss=9.12e-06km xc_dv=5.2e-11 gate_int=pass collisions=[]
k=4 vinf={'Callisto': 2.922, 'Ganymede': 1.855} worst=0.851 xc_miss=7.04e-06km xc_dv=5.6e-11 gate_int=pass collisions=[]
k=4 vinf={'Callisto': 2.937, 'Ganymede': 6.833} worst=0.082 xc_miss=3.98e-05km xc_dv=3.8e-10 gate_int=pass collisions=[]
k=4 vinf={'Ganymede': 6.963, 'Callisto': 3.006} worst=0.244 xc_miss=5.44e-05km xc_dv=4.9e-10 gate_int=pass collisions=[]
k=4 vinf={'Callisto': 3.063, 'Ganymede': 6.76} worst=0.652 xc_miss=4.14e-05km xc_dv=2.8e-10 gate_int=pass collisions=[]
k=4 vinf={'Callisto': 3.631, 'Ganymede': 2.138} worst=0.020 xc_miss=2.94e-05km xc_dv=1.3e-10 gate_int=pass collisions=[]
k=4 vinf={'Callisto': 3.631, 'Ganymede': 2.138} worst=0.020 xc_miss=9.62e-05km xc_dv=4.3e-10 gate_int=pass collisions=[]
k=4 vinf={'Callisto': 3.889, 'Ganymede': 2.253} worst=0.770 xc_miss=1.51e-03km xc_dv=6.1e-09 gate_int=pass collisions=[]
k=4 vinf={'Callisto': 4.109, 'Ganymede': 2.357} worst=0.899 xc_miss=1.47e-04km xc_dv=5.8e-10 gate_int=pass collisions=[]
k=4 vinf={'Callisto': 4.851, 'Ganymede': 2.736} worst=0.026 xc_miss=1.86e-04km xc_dv=1.5e-09 gate_int=pass collisions=[]
k=4 vinf={'Ganymede': 9.229, 'Callisto': 5.002} worst=0.033 xc_miss=1.19e-04km xc_dv=1.2e-09 gate_int=pass collisions=[]
k=4 vinf={'Ganymede': 8.288, 'Callisto': 5.013} worst=0.024 xc_miss=1.22e-04km xc_dv=1.1e-09 gate_int=pass collisions=[]
k=4 vinf={'Ganymede': 9.315, 'Callisto': 5.064} worst=0.034 xc_miss=1.27e-04km xc_dv=1.2e-09 gate_int=pass collisions=[]
k=4 vinf={'Callisto': 5.109, 'Ganymede': 8.664} worst=0.433 xc_miss=4.76e-05km xc_dv=4.1e-10 gate_int=pass collisions=[]
k=4 vinf={'Ganymede': 8.152, 'Callisto': 5.228} worst=0.695 xc_miss=2.12e-05km xc_dv=1.3e-10 gate_int=pass collisions=[]
k=4 vinf={'Callisto': 5.335, 'Ganymede': 7.68} worst=0.020 xc_miss=4.23e-05km xc_dv=1.9e-10 gate_int=pass collisions=[]
k=4 vinf={'Callisto': 5.335, 'Ganymede': 7.704} worst=0.020 xc_miss=2.27e-05km xc_dv=2.1e-10 gate_int=pass collisions=[]
k=4 vinf={'Ganymede': 8.857, 'Callisto': 5.551} worst=0.880 xc_miss=2.25e-05km xc_dv=2.4e-10 gate_int=pass collisions=[]
k=4 vinf={'Ganymede': 9.128, 'Callisto': 5.598} worst=0.143 xc_miss=3.13e-05km xc_dv=3.0e-10 gate_int=pass collisions=[]
k=4 vinf={'Callisto': 5.973, 'Ganymede': 9.66} worst=0.035 xc_miss=1.64e-05km xc_dv=1.4e-10 gate_int=pass collisions=[]
k=4 vinf={'Ganymede': 8.924, 'Callisto': 6.077} worst=0.141 xc_miss=1.09e-05km xc_dv=8.8e-11 gate_int=pass collisions=[]
k=4 vinf={'Callisto': 6.32, 'Ganymede': 9.477} worst=0.636 xc_miss=9.20e-06km xc_dv=7.0e-11 gate_int=pass collisions=[]
k=4 vinf={'Ganymede': 8.544, 'Callisto': 6.509} worst=0.024 xc_miss=6.79e-05km xc_dv=5.8e-10 gate_int=pass collisions=[]
k=4 vinf={'Ganymede': 8.544, 'Callisto': 6.527} worst=0.024 xc_miss=7.71e-05km xc_dv=6.7e-10 gate_int=pass collisions=[]
k=4 vinf={'Ganymede': 8.615, 'Callisto': 6.57} worst=0.025 xc_miss=3.18e-05km xc_dv=2.7e-10 gate_int=pass collisions=[]
k=4 vinf={'Ganymede': 10.467, 'Callisto': 7.065} worst=0.038 xc_miss=1.84e-04km xc_dv=8.5e-10 gate_int=pass collisions=[]
k=4 vinf={'Ganymede': 10.467, 'Callisto': 7.086} worst=0.038 xc_miss=8.76e-05km xc_dv=7.4e-10 gate_int=pass collisions=[]
k=4 vinf={'Ganymede': 11.46, 'Callisto': 7.217} worst=0.897 xc_miss=5.85e-05km xc_dv=5.6e-10 gate_int=pass collisions=[]
k=4 vinf={'Ganymede': 12.226, 'Callisto': 7.252} worst=0.068 xc_miss=9.87e-05km xc_dv=7.3e-10 gate_int=pass collisions=[]
k=4 vinf={'Ganymede': 12.285, 'Callisto': 7.291} worst=0.069 xc_miss=1.03e-04km xc_dv=6.2e-10 gate_int=pass collisions=[]
k=4 vinf={'Ganymede': 11.828, 'Callisto': 7.513} worst=0.516 xc_miss=2.45e-04km xc_dv=2.3e-09 gate_int=pass collisions=[]
k=4 vinf={'Callisto': 8.882, 'Ganymede': 13.421} worst=0.939 xc_miss=2.79e-05km xc_dv=1.1e-10 gate_int=pass collisions=[]
k=4 vinf={'Ganymede': 15.08, 'Callisto': 9.633} worst=0.116 xc_miss=8.06e-03km xc_dv=4.9e-08 gate_int=pass collisions=[]
k=4 vinf={'Ganymede': 15.08, 'Callisto': 9.661} worst=0.116 xc_miss=2.43e-02km xc_dv=2.3e-07 gate_int=pass collisions=[]
k=4 vinf={'Callisto': 9.666, 'Ganymede': 14.51} worst=0.087 xc_miss=5.43e-04km xc_dv=3.0e-09 gate_int=pass collisions=[]
k=4 vinf={'Callisto': 9.666, 'Ganymede': 14.536} worst=0.087 xc_miss=1.34e-03km xc_dv=6.2e-09 gate_int=pass collisions=[]
k=4 vinf={'Ganymede': 14.637, 'Callisto': 9.726} worst=0.094 xc_miss=8.25e-05km xc_dv=7.0e-10 gate_int=pass collisions=[]
k=4 vinf={'Ganymede': 14.637, 'Callisto': 9.75} worst=0.094 xc_miss=1.29e-04km xc_dv=1.1e-09 gate_int=pass collisions=[]
k=4 vinf={'Ganymede': 14.744, 'Callisto': 9.819} worst=0.073 xc_miss=1.77e-03km xc_dv=1.1e-08 gate_int=pass collisions=[]
k=4 vinf={'Callisto': 10.251, 'Ganymede': 15.993} worst=0.156 xc_miss=4.89e-01km xc_dv=4.8e-06 gate_int=pass collisions=[]
catalogue rows on this pair: 7; registry entries: 11
ERRORS: structures 0 (not searched, NOT empty), zero assessments 0
