20:16:04 ge epoch 0 (JD 2462503.6) blend lam=1.0000 conv=True res=1.4e-11 gate=pass worst=0.834 [elapsed 0s]
20:16:04   shoot k=1 restart 0: closes, gate=fail worst=2.194
20:16:04   shoot k=1 restart 1: closes, gate=fail worst=2.194
20:16:04   shoot k=1 restart 2: closes, gate=fail worst=2.194
20:16:04   shoot k=1 restart 3: closes, gate=fail worst=2.194
20:16:04   shoot k=1 restart 4: closes, gate=fail worst=2.194
20:16:04   shoot k=1 restart 5: closes, gate=fail worst=2.194
20:16:05   shoot k=1 restart 6: closes, gate=fail worst=3.437
20:16:05   shoot k=1 restart 7: closes, gate=fail worst=2.194
20:16:05   shoot k=1 restart 8/20: no closure (max residual 7.6e-01, nfev 360, 1s)
20:16:06   shoot k=1 restart 9/20: no closure (max residual 5.5e+02, nfev 34, 0s)
20:16:06   shoot k=1 restart 10: closes, gate=fail worst=2.194
20:16:06   shoot k=1 restart 11: closes, gate=fail worst=2.194
20:16:06   shoot k=1 restart 12: closes, gate=fail worst=2.194
20:16:06   shoot k=1 restart 13: closes, gate=fail worst=2.194
20:16:06   shoot k=1 restart 14: closes, gate=fail worst=2.194
20:16:06   shoot k=1 restart 15/20: no closure (max residual 2.7e+02, nfev 37, 0s)
20:16:06   shoot k=1 restart 16: closes, gate=fail worst=2.194
20:16:06   shoot k=1 restart 17: closes, gate=fail worst=2.194
20:16:06   shoot k=1 restart 18: closes, gate=fail worst=2.194
20:16:06   shoot k=1 restart 19/20: no closure (max residual 6.4e+02, nfev 39, 0s)
20:16:06   shoot k=2 restart 0: closes, gate=fail worst=3.191
20:16:06   shoot k=2 restart 1/20: no closure (max residual 1.2e+02, nfev 45, 0s)
20:16:07   shoot k=2 restart 2: closes, gate=fail worst=3.180
20:16:07   shoot k=2 restart 3/20: no closure (max residual 3.4e+02, nfev 35, 0s)
20:16:07   shoot k=2 restart 4/20: no closure (max residual 4.1e+02, nfev 45, 0s)
20:16:07   shoot k=2 restart 5: closes, gate=fail worst=3.191
20:16:07   shoot k=2 restart 6: closes, gate=fail worst=3.191
20:16:07   shoot k=2 restart 7/20: no closure (max residual 5.9e-01, nfev 31, 0s)
20:16:07   shoot k=2 restart 8: closes, gate=fail worst=3.191
20:16:11   shoot k=2 restart 9/20: no closure (max residual 1.3e-01, nfev 720, 4s)
20:16:11   shoot k=2 restart 10/20: no closure (max residual 4.3e+02, nfev 37, 0s)
20:16:11   shoot k=2 restart 11/20: no closure (max residual 6.4e+00, nfev 109, 0s)
20:16:12   shoot k=2 restart 12/20: no closure (max residual 2.0e+01, nfev 43, 0s)
20:16:12   shoot k=2 restart 13/20: no closure (max residual 6.4e+02, nfev 34, 0s)
20:16:16   shoot k=2 restart 14/20: no closure (max residual 9.3e-01, nfev 720, 4s)
20:16:16   shoot k=2 restart 15/20: no closure (max residual 4.5e+02, nfev 39, 0s)
20:16:16   shoot k=2 restart 16: closes, gate=fail worst=3.191
20:16:16   shoot k=2 restart 17/20: no closure (max residual 2.7e+02, nfev 25, 0s)
20:16:16   shoot k=2 restart 18: closes, gate=fail worst=3.191
20:16:16   shoot k=2 restart 19/20: no closure (max residual 2.3e+02, nfev 28, 0s)
20:16:16   shoot k=3 restart 0/20: no closure (max residual inf, nfev 1, 0s)
20:16:16   shoot k=3 restart 1/20: no closure (max residual inf, nfev 1, 0s)
20:16:16   shoot k=3 restart 2/20: no closure (max residual inf, nfev 1, 0s)
20:16:16   shoot k=3 restart 3/20: no closure (max residual inf, nfev 1, 0s)
20:16:16   shoot k=3 restart 4/20: no closure (max residual inf, nfev 1, 0s)
20:16:16   shoot k=3 restart 5/20: no closure (max residual inf, nfev 1, 0s)
20:16:16   shoot k=3 restart 6/20: no closure (max residual inf, nfev 1, 0s)
20:16:16   shoot k=3 restart 7/20: no closure (max residual inf, nfev 1, 0s)
20:16:16   shoot k=3 restart 8/20: no closure (max residual inf, nfev 1, 0s)
20:16:16   shoot k=3 restart 9/20: no closure (max residual inf, nfev 1, 0s)
20:16:16   shoot k=3 restart 10/20: no closure (max residual inf, nfev 1, 0s)
20:16:16   shoot k=3 restart 11/20: no closure (max residual inf, nfev 1, 0s)
20:16:16   shoot k=3 restart 12/20: no closure (max residual inf, nfev 1, 0s)
20:16:16   shoot k=3 restart 13/20: no closure (max residual inf, nfev 1, 0s)
20:16:16   shoot k=3 restart 14/20: no closure (max residual inf, nfev 1, 0s)
20:16:16   shoot k=3 restart 15/20: no closure (max residual inf, nfev 1, 0s)
20:16:16   shoot k=3 restart 16/20: no closure (max residual inf, nfev 1, 0s)
20:16:16   shoot k=3 restart 17/20: no closure (max residual inf, nfev 1, 0s)
20:16:16   shoot k=3 restart 18/20: no closure (max residual inf, nfev 1, 0s)
20:16:16   shoot k=3 restart 19/20: no closure (max residual inf, nfev 1, 0s)
  grow: no closure at 3 cycles; stop
20:16:16 ge epoch 1 (JD 2464844.5) blend lam=1.0000 conv=True res=4.3e-11 gate=pass worst=0.820 [elapsed 13s]
20:16:16   shoot k=1 restart 0: closes, gate=fail worst=2.577
20:16:16   shoot k=1 restart 1: closes, gate=fail worst=2.577
20:16:16   shoot k=1 restart 2: closes, gate=fail worst=2.577
20:16:17   shoot k=1 restart 3: closes, gate=fail worst=2.577
20:16:17   shoot k=1 restart 4: closes, gate=fail worst=2.577
20:16:17   shoot k=1 restart 5: closes, gate=fail worst=2.577
20:16:17   shoot k=1 restart 6: closes, gate=fail worst=2.342
20:16:17   shoot k=1 restart 7/20: no closure (max residual 5.6e+02, nfev 34, 0s)
20:16:17   shoot k=1 restart 8: closes, gate=fail worst=2.577
20:16:17   shoot k=1 restart 9: closes, gate=fail worst=2.577
20:16:17   shoot k=1 restart 10: closes, gate=fail worst=2.577
20:16:17   shoot k=1 restart 11: closes, gate=fail worst=2.577
20:16:17   shoot k=1 restart 12: closes, gate=fail worst=2.577
20:16:17   shoot k=1 restart 13: closes, gate=fail worst=2.577
20:16:17   shoot k=1 restart 14: closes, gate=fail worst=2.577
20:16:17   shoot k=1 restart 15/20: no closure (max residual 6.0e+00, nfev 84, 0s)
20:16:17   shoot k=1 restart 16: closes, gate=fail worst=2.577
20:16:17   shoot k=1 restart 17: closes, gate=fail worst=2.577
20:16:17   shoot k=1 restart 18: closes, gate=fail worst=2.577
20:16:17   shoot k=1 restart 19/20: no closure (max residual 6.7e+00, nfev 95, 0s)
20:16:18   shoot k=2 restart 0/20: no closure (max residual 6.3e+01, nfev 26, 0s)
20:16:18   shoot k=2 restart 1: closes, gate=fail worst=2.912
20:16:18   shoot k=2 restart 2/20: no closure (max residual 1.1e-01, nfev 65, 0s)
20:16:18   shoot k=2 restart 3/20: no closure (max residual 2.1e+02, nfev 33, 0s)
20:16:19   shoot k=2 restart 4: closes, gate=fail worst=2.893
20:16:19   shoot k=2 restart 5/20: no closure (max residual 3.1e+00, nfev 118, 0s)
20:16:23   shoot k=2 restart 6/20: no closure (max residual 2.4e-02, nfev 720, 4s)
20:16:23   shoot k=2 restart 7/20: no closure (max residual 2.9e-01, nfev 41, 0s)
20:16:23   shoot k=2 restart 8/20: no closure (max residual 3.5e-01, nfev 32, 0s)
20:16:23   shoot k=2 restart 9/20: no closure (max residual 3.3e+01, nfev 24, 0s)
20:16:24   shoot k=2 restart 10: closes, gate=fail worst=2.912
20:16:24   shoot k=2 restart 11/20: no closure (max residual 7.5e+00, nfev 38, 0s)
20:16:24   shoot k=2 restart 12/20: no closure (max residual 1.0e+02, nfev 30, 0s)
20:16:24   shoot k=2 restart 13: closes, gate=fail worst=2.912
20:16:24   shoot k=2 restart 14/20: no closure (max residual 3.3e-01, nfev 34, 0s)
20:16:24   shoot k=2 restart 15/20: no closure (max residual 3.1e-01, nfev 38, 0s)
20:16:25   shoot k=2 restart 16/20: no closure (max residual 6.1e+01, nfev 46, 0s)
20:16:25   shoot k=2 restart 17/20: no closure (max residual 2.3e+02, nfev 31, 0s)
20:16:25   shoot k=2 restart 18/20: no closure (max residual 1.2e-01, nfev 52, 0s)
20:16:25   shoot k=2 restart 19: closes, gate=fail worst=2.912
20:16:25   shoot k=3 restart 0: closes, gate=fail worst=3.206
20:16:26   shoot k=3 restart 1: closes, gate=fail worst=3.206
20:16:27   shoot k=3 restart 2/20: no closure (max residual 4.0e+00, nfev 286, 2s)
20:16:28   shoot k=3 restart 3/20: no closure (max residual 5.8e+02, nfev 46, 0s)
20:16:28   shoot k=3 restart 4/20: no closure (max residual 3.7e+00, nfev 130, 1s)
20:16:29   shoot k=3 restart 5/20: no closure (max residual 7.7e+01, nfev 31, 0s)
20:16:37   shoot k=3 restart 6/20: no closure (max residual 1.2e-01, nfev 1080, 8s)
20:16:37   shoot k=3 restart 7/20: no closure (max residual 4.5e+02, nfev 24, 0s)
20:16:37   shoot k=3 restart 8/20: no closure (max residual 2.3e+02, nfev 41, 0s)
20:16:38   shoot k=3 restart 9/20: no closure (max residual 4.2e+00, nfev 77, 1s)
20:16:38   shoot k=3 restart 10/20: no closure (max residual 5.8e+02, nfev 36, 0s)
20:16:48   shoot k=3 restart 11/20: no closure (max residual 2.0e-01, nfev 1080, 10s)
20:16:48   shoot k=3 restart 12: closes, gate=fail worst=3.206
20:16:48   shoot k=3 restart 13: closes, gate=fail worst=3.206
20:16:48   shoot k=3 restart 14/20: no closure (max residual 1.9e+02, nfev 31, 0s)
20:16:49   shoot k=3 restart 15/20: no closure (max residual 5.7e+02, nfev 43, 0s)
20:16:49   shoot k=3 restart 16/20: no closure (max residual 2.1e+00, nfev 89, 1s)
20:16:50   shoot k=3 restart 17: closes, gate=fail worst=3.206
20:16:50   shoot k=3 restart 18/20: no closure (max residual 3.3e+02, nfev 40, 0s)
20:16:50   shoot k=3 restart 19: closes, gate=fail worst=2.898
20:16:51   shoot k=4 restart 0: closes, gate=fail worst=3.215
20:16:52   shoot k=4 restart 1/20: no closure (max residual 1.6e+01, nfev 56, 1s)
20:17:09   shoot k=4 restart 2/20: no closure (max residual 4.5e-01, nfev 1440, 17s)
20:17:09   shoot k=4 restart 3/20: no closure (max residual 3.5e+02, nfev 27, 0s)
20:17:10   shoot k=4 restart 4/20: no closure (max residual 3.8e+02, nfev 49, 1s)
20:17:10   shoot k=4 restart 5/20: no closure (max residual 1.5e+02, nfev 38, 0s)
20:17:11   shoot k=4 restart 6/20: no closure (max residual 5.4e+01, nfev 46, 1s)
20:17:11   shoot k=4 restart 7/20: no closure (max residual 9.5e+00, nfev 34, 0s)
20:17:11   shoot k=4 restart 8/20: no closure (max residual 2.3e+02, nfev 30, 0s)
20:17:12   shoot k=4 restart 9/20: no closure (max residual 3.8e+02, nfev 35, 0s)
20:17:13   shoot k=4 restart 10/20: no closure (max residual 3.0e-01, nfev 64, 1s)
20:17:14   shoot k=4 restart 11: closes, gate=fail worst=49.742
20:17:14   shoot k=4 restart 12/20: no closure (max residual 2.7e+02, nfev 23, 0s)
20:17:15   shoot k=4 restart 13/20: no closure (max residual 3.3e+02, nfev 41, 0s)
20:17:15   shoot k=4 restart 14/20: no closure (max residual 1.4e+02, nfev 27, 0s)
20:17:16   shoot k=4 restart 15/20: no closure (max residual 8.8e+01, nfev 41, 0s)
20:17:16   shoot k=4 restart 16/20: no closure (max residual 2.2e+02, nfev 32, 0s)
20:17:17   shoot k=4 restart 17/20: no closure (max residual 6.3e+02, nfev 53, 1s)
20:17:26   shoot k=4 restart 18: closes, gate=fail worst=3.215
20:17:27   shoot k=4 restart 19/20: no closure (max residual 2.7e+02, nfev 38, 0s)
20:17:27   shoot k=5 restart 0: closes, gate=fail worst=3.215
20:17:28   shoot k=5 restart 1/20: no closure (max residual 5.9e+00, nfev 71, 1s)
20:17:28   shoot k=5 restart 2/20: no closure (max residual 4.8e+02, nfev 30, 0s)
20:17:29   shoot k=5 restart 3/20: no closure (max residual 2.9e+02, nfev 39, 1s)
20:17:30   shoot k=5 restart 4/20: no closure (max residual 2.3e+02, nfev 40, 1s)
20:17:30   shoot k=5 restart 5/20: no closure (max residual 2.9e+02, nfev 25, 0s)
20:17:30   shoot k=5 restart 6: closes, gate=fail worst=3.285
20:17:31   shoot k=5 restart 7/20: no closure (max residual 2.6e+02, nfev 37, 0s)
20:17:31   shoot k=5 restart 8: closes, gate=fail worst=3.215
20:17:32   shoot k=5 restart 9/20: no closure (max residual 3.9e+02, nfev 27, 0s)
20:17:32   shoot k=5 restart 10/20: no closure (max residual 4.2e+02, nfev 24, 0s)
20:17:33   shoot k=5 restart 11: closes, gate=fail worst=3.215
20:17:35   shoot k=5 restart 12/20: no closure (max residual 3.6e+00, nfev 126, 2s)
20:17:35   shoot k=5 restart 13/20: no closure (max residual 3.7e+02, nfev 27, 0s)
20:17:35   shoot k=5 restart 14/20: no closure (max residual 4.0e+02, nfev 27, 0s)
20:17:36   shoot k=5 restart 15/20: no closure (max residual 6.1e+02, nfev 26, 0s)
20:17:36   shoot k=5 restart 16/20: no closure (max residual 3.3e+02, nfev 28, 0s)
20:17:37   shoot k=5 restart 17: closes, gate=fail worst=3.215
20:17:37   shoot k=5 restart 18/20: no closure (max residual 3.7e+02, nfev 22, 0s)
20:17:38   shoot k=5 restart 19/20: no closure (max residual 6.5e+02, nfev 32, 1s)
20:17:38   shoot k=6 restart 0: closes, gate=fail worst=3.215
20:17:40   shoot k=6 restart 1/20: no closure (max residual 5.5e+00, nfev 113, 2s)
20:17:40   shoot k=6 restart 2: closes, gate=fail worst=3.215
20:17:41   shoot k=6 restart 3/20: no closure (max residual 3.9e+02, nfev 33, 1s)
20:17:41   shoot k=6 restart 4/20: no closure (max residual 2.6e+02, nfev 23, 0s)
20:17:42   shoot k=6 restart 5/20: no closure (max residual 2.4e+02, nfev 44, 1s)
20:17:44   shoot k=6 restart 6: closes, gate=fail worst=3.215
20:17:46   shoot k=6 restart 7/20: no closure (max residual 3.5e+00, nfev 94, 2s)
20:17:46   shoot k=6 restart 8/20: no closure (max residual 4.3e+02, nfev 33, 1s)
20:17:47   shoot k=6 restart 9: closes, gate=fail worst=3.215
20:17:48   shoot k=6 restart 10: closes, gate=fail worst=3.215
20:17:48   shoot k=6 restart 11/20: no closure (max residual 2.2e+02, nfev 24, 0s)
20:17:49   shoot k=6 restart 12/20: no closure (max residual 7.2e+00, nfev 75, 1s)
20:17:50   shoot k=6 restart 13/20: no closure (max residual 2.7e+02, nfev 30, 1s)
20:17:50   shoot k=6 restart 14/20: no closure (max residual 2.5e+02, nfev 29, 1s)
20:17:52   shoot k=6 restart 15/20: no closure (max residual 3.3e+00, nfev 72, 1s)
20:17:52   shoot k=6 restart 16/20: no closure (max residual 3.4e+02, nfev 36, 1s)
20:17:55   shoot k=6 restart 17/20: no closure (max residual 2.5e+00, nfev 140, 2s)
20:17:56   shoot k=6 restart 18/20: no closure (max residual 4.8e+00, nfev 89, 2s)
20:17:57   shoot k=6 restart 19/20: no closure (max residual 4.0e+02, nfev 16, 0s)
20:17:57   shoot k=7 restart 0: closes, gate=fail worst=3.215
20:17:58   shoot k=7 restart 1/20: no closure (max residual 4.4e+02, nfev 38, 1s)
20:17:58   shoot k=7 restart 2/20: no closure (max residual 6.0e+02, nfev 23, 0s)
20:17:59   shoot k=7 restart 3/20: no closure (max residual 5.1e+02, nfev 32, 1s)
20:18:00   shoot k=7 restart 4/20: no closure (max residual 4.1e+02, nfev 32, 1s)
20:18:01   shoot k=7 restart 5: closes, gate=fail worst=2.881
20:18:02   shoot k=7 restart 6: closes, gate=fail worst=3.215
20:18:03   shoot k=7 restart 7/20: no closure (max residual 4.7e+02, nfev 33, 1s)
20:18:04   shoot k=7 restart 8/20: no closure (max residual 2.4e+02, nfev 36, 1s)
20:18:04   shoot k=7 restart 9/20: no closure (max residual 2.2e+02, nfev 28, 1s)
20:18:05   shoot k=7 restart 10/20: no closure (max residual 7.6e+02, nfev 36, 1s)
20:18:06   shoot k=7 restart 11/20: no closure (max residual 5.1e+00, nfev 56, 1s)
20:18:07   shoot k=7 restart 12/20: no closure (max residual 4.0e+02, nfev 19, 0s)
20:18:07   shoot k=7 restart 13/20: no closure (max residual 3.3e+02, nfev 32, 1s)
20:18:08   shoot k=7 restart 14/20: no closure (max residual 6.2e+02, nfev 30, 1s)
20:18:09   shoot k=7 restart 15/20: no closure (max residual 3.5e+02, nfev 33, 1s)
20:18:09   shoot k=7 restart 16/20: no closure (max residual 4.1e+02, nfev 29, 1s)
20:18:10   shoot k=7 restart 17/20: no closure (max residual 3.8e+02, nfev 37, 1s)
20:18:11   shoot k=7 restart 18/20: no closure (max residual 1.0e+00, nfev 33, 1s)
20:18:12   shoot k=7 restart 19/20: no closure (max residual 3.9e+02, nfev 35, 1s)
20:18:12   shoot k=8 restart 0: closes, gate=fail worst=2.881
20:18:13   shoot k=8 restart 1/20: no closure (max residual 2.3e+02, nfev 25, 1s)
20:18:14   shoot k=8 restart 2/20: no closure (max residual 3.5e+02, nfev 25, 1s)
20:18:15   shoot k=8 restart 3/20: no closure (max residual 2.2e+02, nfev 46, 1s)
20:18:16   shoot k=8 restart 4/20: no closure (max residual 2.4e+02, nfev 35, 1s)
20:18:17   shoot k=8 restart 5/20: no closure (max residual 4.0e+02, nfev 28, 1s)
20:18:18   shoot k=8 restart 6/20: no closure (max residual 1.4e+02, nfev 37, 1s)
20:18:19   shoot k=8 restart 7/20: no closure (max residual 2.1e+02, nfev 30, 1s)
20:18:20   shoot k=8 restart 8/20: no closure (max residual 4.2e+02, nfev 37, 1s)
20:18:21   shoot k=8 restart 9/20: no closure (max residual 2.9e+02, nfev 25, 1s)
20:18:22   shoot k=8 restart 10/20: no closure (max residual 2.9e+02, nfev 24, 1s)
20:18:23   shoot k=8 restart 11/20: no closure (max residual 4.1e+02, nfev 23, 1s)
20:18:23   shoot k=8 restart 12/20: no closure (max residual 3.1e+02, nfev 16, 1s)
20:18:25   shoot k=8 restart 13/20: no closure (max residual 8.0e+02, nfev 52, 2s)
20:18:26   shoot k=8 restart 14/20: no closure (max residual 3.3e+02, nfev 29, 1s)
20:18:27   shoot k=8 restart 15/20: no closure (max residual 3.5e+02, nfev 33, 1s)
20:18:28   shoot k=8 restart 16/20: no closure (max residual 5.4e+02, nfev 28, 1s)
20:18:29   shoot k=8 restart 17/20: no closure (max residual 2.5e+02, nfev 33, 1s)
20:18:29   shoot k=8 restart 18/20: no closure (max residual 4.2e+02, nfev 15, 1s)
20:18:30   shoot k=8 restart 19/20: no closure (max residual 4.3e+02, nfev 26, 1s)
20:18:31   shoot k=9 restart 0: closes, gate=fail worst=2.881
20:18:32   shoot k=9 restart 1/20: no closure (max residual 6.0e+02, nfev 16, 1s)
20:18:33   shoot k=9 restart 2/20: no closure (max residual 5.8e+02, nfev 18, 1s)
20:18:34   shoot k=9 restart 3/20: no closure (max residual 2.8e+02, nfev 23, 1s)
20:18:35   shoot k=9 restart 4/20: no closure (max residual 4.5e+02, nfev 15, 1s)
20:18:36   shoot k=9 restart 5/20: no closure (max residual 6.1e+02, nfev 27, 1s)
20:18:37   shoot k=9 restart 6/20: no closure (max residual 2.2e+02, nfev 21, 1s)
20:18:38   shoot k=9 restart 7/20: no closure (max residual 5.0e+02, nfev 36, 2s)
20:18:39   shoot k=9 restart 8/20: no closure (max residual 5.9e+02, nfev 19, 1s)
20:18:40   shoot k=9 restart 9/20: no closure (max residual 3.1e+02, nfev 33, 1s)
20:18:42   shoot k=9 restart 10/20: no closure (max residual 3.6e+02, nfev 34, 1s)
20:18:43   shoot k=9 restart 11/20: no closure (max residual 1.5e+02, nfev 26, 1s)
20:18:44   shoot k=9 restart 12/20: no closure (max residual 2.1e+02, nfev 27, 1s)
20:18:45   shoot k=9 restart 13/20: no closure (max residual 2.5e+02, nfev 25, 1s)
20:18:47   shoot k=9 restart 14/20: no closure (max residual 2.3e+02, nfev 28, 1s)
20:18:48   shoot k=9 restart 15/20: no closure (max residual 2.8e+02, nfev 26, 1s)
20:18:49   shoot k=9 restart 16/20: no closure (max residual 6.1e+02, nfev 30, 1s)
20:18:50   shoot k=9 restart 17/20: no closure (max residual 2.8e+02, nfev 20, 1s)
20:18:52   shoot k=9 restart 18/20: no closure (max residual 2.8e+02, nfev 33, 2s)
20:18:52   shoot k=9 restart 19/20: no closure (max residual 3.6e+02, nfev 16, 1s)
20:18:53   shoot k=10 restart 0: closes, gate=fail worst=2.881
20:18:54   shoot k=10 restart 1/20: no closure (max residual 3.4e+02, nfev 18, 1s)
20:18:56   shoot k=10 restart 2/20: no closure (max residual 6.6e+02, nfev 23, 1s)
20:18:57   shoot k=10 restart 3/20: no closure (max residual 5.9e+02, nfev 22, 1s)
20:18:58   shoot k=10 restart 4/20: no closure (max residual 1.3e+02, nfev 30, 2s)
20:19:00   shoot k=10 restart 5/20: no closure (max residual 3.6e+02, nfev 21, 1s)
20:19:01   shoot k=10 restart 6/20: no closure (max residual 2.3e+02, nfev 25, 1s)
20:19:02   shoot k=10 restart 7/20: no closure (max residual 2.1e+02, nfev 22, 1s)
20:19:03   shoot k=10 restart 8/20: no closure (max residual 3.7e+02, nfev 24, 1s)
20:19:05   shoot k=10 restart 9/20: no closure (max residual 5.9e+02, nfev 22, 1s)
20:19:06   shoot k=10 restart 10/20: no closure (max residual 2.5e+02, nfev 28, 1s)
20:19:07   shoot k=10 restart 11/20: no closure (max residual 3.4e+02, nfev 28, 1s)
20:19:08   shoot k=10 restart 12/20: no closure (max residual 3.8e+02, nfev 18, 1s)
20:19:10   shoot k=10 restart 13/20: no closure (max residual 5.1e+02, nfev 27, 1s)
20:19:12   shoot k=10 restart 14/20: no closure (max residual 3.1e+02, nfev 42, 2s)
20:19:13   shoot k=10 restart 15/20: no closure (max residual 4.1e+02, nfev 20, 1s)
20:19:14   shoot k=10 restart 16/20: no closure (max residual 4.6e+02, nfev 25, 1s)
20:19:15   shoot k=10 restart 17/20: no closure (max residual 5.6e+01, nfev 26, 1s)
20:19:16   shoot k=10 restart 18/20: no closure (max residual 6.6e+02, nfev 22, 1s)
20:19:18   shoot k=10 restart 19/20: no closure (max residual 2.6e+02, nfev 23, 1s)
20:19:18 ge epoch 2 (JD 2467178.4) blend lam=1.0000 conv=True res=2.8e-11 gate=pass worst=0.826 [elapsed 194s]
20:19:18   shoot k=1 restart 0: closes, gate=fail worst=3.238
20:19:18   shoot k=1 restart 1: closes, gate=fail worst=3.238
20:19:18   shoot k=1 restart 2/20: no closure (max residual 6.8e+00, nfev 94, 0s)
20:19:18   shoot k=1 restart 3: closes, gate=fail worst=3.238
20:19:18   shoot k=1 restart 4: closes, gate=fail worst=3.238
20:19:19   shoot k=1 restart 5/20: no closure (max residual 6.3e+00, nfev 97, 0s)
20:19:19   shoot k=1 restart 6: closes, gate=fail worst=3.238
20:19:19   shoot k=1 restart 7: closes, gate=fail worst=3.238
20:19:19   shoot k=1 restart 8: closes, gate=fail worst=3.238
20:19:20   shoot k=1 restart 9: closes, gate=fail worst=3.238
20:19:21   shoot k=1 restart 10: closes, gate=fail worst=5.356
20:19:21   shoot k=1 restart 11: closes, gate=fail worst=3.238
20:19:21   shoot k=1 restart 12: closes, gate=fail worst=3.238
20:19:21   shoot k=1 restart 13/20: no closure (max residual 4.2e+02, nfev 35, 0s)
20:19:21   shoot k=1 restart 14/20: no closure (max residual 4.9e+02, nfev 25, 0s)
20:19:21   shoot k=1 restart 15: closes, gate=fail worst=3.238
20:19:21   shoot k=1 restart 16: closes, gate=fail worst=3.238
20:19:22   shoot k=1 restart 17: closes, gate=fail worst=5.356
20:19:22   shoot k=1 restart 18: closes, gate=fail worst=3.238
20:19:22   shoot k=1 restart 19: closes, gate=fail worst=3.238
20:19:22   shoot k=2 restart 0: closes, gate=fail worst=3.256
20:19:23   shoot k=2 restart 1: closes, gate=fail worst=3.254
20:19:23   shoot k=2 restart 2: closes, gate=fail worst=3.256
20:19:23   shoot k=2 restart 3/20: no closure (max residual 1.7e+02, nfev 38, 0s)
20:19:24   shoot k=2 restart 4: closes, gate=fail worst=3.256
20:19:24   shoot k=2 restart 5: closes, gate=fail worst=3.256
20:19:25   shoot k=2 restart 6: closes, gate=fail worst=3.256
20:19:25   shoot k=2 restart 7/20: no closure (max residual 2.6e+02, nfev 31, 0s)
20:19:25   shoot k=2 restart 8/20: no closure (max residual 2.6e+02, nfev 32, 0s)
20:19:26   shoot k=2 restart 9/20: no closure (max residual 1.6e+01, nfev 55, 0s)
20:19:27   shoot k=2 restart 10/20: no closure (max residual 7.0e+00, nfev 103, 1s)
20:19:27   shoot k=2 restart 11/20: no closure (max residual 9.9e+02, nfev 34, 0s)
20:19:27   shoot k=2 restart 12: closes, gate=fail worst=3.256
20:19:34   shoot k=2 restart 13/20: no closure (max residual 6.9e-02, nfev 720, 7s)
20:19:34   shoot k=2 restart 14: closes, gate=fail worst=3.256
20:19:35   shoot k=2 restart 15: closes, gate=fail worst=3.256
20:19:35   shoot k=2 restart 16/20: no closure (max residual 5.0e+02, nfev 45, 0s)
20:19:35   shoot k=2 restart 17/20: no closure (max residual 1.7e+02, nfev 43, 0s)
20:19:36   shoot k=2 restart 18: closes, gate=fail worst=3.256
20:19:36   shoot k=2 restart 19: closes, gate=fail worst=3.256
20:19:36   shoot k=3 restart 0: closes, gate=fail worst=3.257
20:19:36   shoot k=3 restart 1/20: no closure (max residual 7.8e+01, nfev 35, 0s)
20:19:37   shoot k=3 restart 2/20: no closure (max residual 1.4e+02, nfev 44, 0s)
20:19:37   shoot k=3 restart 3/20: no closure (max residual 2.2e+02, nfev 36, 0s)
20:19:38   shoot k=3 restart 4/20: no closure (max residual 5.2e+02, nfev 38, 0s)
20:19:39   shoot k=3 restart 5: closes, gate=fail worst=3.257
20:19:39   shoot k=3 restart 6/20: no closure (max residual 3.1e+02, nfev 26, 0s)
20:19:40   shoot k=3 restart 7/20: no closure (max residual 1.2e+01, nfev 48, 1s)
20:19:40   shoot k=3 restart 8/20: no closure (max residual 2.0e+02, nfev 36, 0s)
20:19:42   shoot k=3 restart 9: closes, gate=fail worst=3.257
20:19:42   shoot k=3 restart 10/20: no closure (max residual 8.1e+02, nfev 30, 0s)
20:19:42   shoot k=3 restart 11/20: no closure (max residual 5.8e+01, nfev 39, 0s)
20:19:43   shoot k=3 restart 12/20: no closure (max residual 9.2e+00, nfev 78, 1s)
20:19:44   shoot k=3 restart 13/20: no closure (max residual 7.3e+00, nfev 66, 1s)
20:19:45   shoot k=3 restart 14/20: no closure (max residual 2.0e+02, nfev 29, 0s)
20:19:45   shoot k=3 restart 15/20: no closure (max residual 7.1e+02, nfev 36, 0s)
20:19:45   shoot k=3 restart 16/20: no closure (max residual 3.3e+02, nfev 32, 0s)
20:19:46   shoot k=3 restart 17/20: no closure (max residual 7.3e+02, nfev 32, 0s)
20:20:00   shoot k=3 restart 18/20: no closure (max residual 4.1e-01, nfev 1080, 15s)
20:20:01   shoot k=3 restart 19/20: no closure (max residual 7.6e+01, nfev 39, 0s)
20:20:02   shoot k=4 restart 0: closes, gate=fail worst=3.257
20:20:02   shoot k=4 restart 1/20: no closure (max residual 2.0e+02, nfev 28, 0s)
20:20:02   shoot k=4 restart 2/20: no closure (max residual 1.3e+02, nfev 25, 0s)
20:20:03   shoot k=4 restart 3: closes, gate=fail worst=3.257
20:20:03   shoot k=4 restart 4/20: no closure (max residual 1.9e+02, nfev 29, 1s)
20:20:04   shoot k=4 restart 5/20: no closure (max residual 3.8e+02, nfev 24, 0s)
20:20:09   shoot k=4 restart 6/20: no closure (max residual 5.5e+00, nfev 308, 5s)
20:20:10   shoot k=4 restart 7/20: no closure (max residual 1.2e+02, nfev 32, 1s)
20:20:10   shoot k=4 restart 8: closes, gate=fail worst=3.257
20:20:11   shoot k=4 restart 9/20: no closure (max residual 5.3e+00, nfev 77, 1s)
20:20:12   shoot k=4 restart 10/20: no closure (max residual 2.0e+02, nfev 39, 1s)
20:20:12   shoot k=4 restart 11/20: no closure (max residual 2.5e+02, nfev 34, 0s)
20:20:13   shoot k=4 restart 12/20: no closure (max residual 1.1e+01, nfev 40, 1s)
20:20:13   shoot k=4 restart 13/20: no closure (max residual 2.2e+02, nfev 31, 0s)
20:20:14   shoot k=4 restart 14/20: no closure (max residual 4.7e+00, nfev 73, 1s)
20:20:15   shoot k=4 restart 15/20: no closure (max residual 1.5e+01, nfev 33, 0s)
20:20:15   shoot k=4 restart 16/20: no closure (max residual 3.6e+02, nfev 36, 0s)
20:20:16   shoot k=4 restart 17/20: no closure (max residual 8.7e+02, nfev 42, 1s)
20:20:17   shoot k=4 restart 18/20: no closure (max residual 2.8e+00, nfev 140, 2s)
20:20:18   shoot k=4 restart 19/20: no closure (max residual 5.7e+00, nfev 50, 1s)
20:20:18   shoot k=5 restart 0: closes, gate=fail worst=3.257
20:20:19   shoot k=5 restart 1/20: no closure (max residual 5.6e+02, nfev 41, 1s)
20:20:20   shoot k=5 restart 2/20: no closure (max residual 2.1e+02, nfev 38, 1s)
20:20:20   shoot k=5 restart 3/20: no closure (max residual 3.1e+02, nfev 29, 1s)
20:20:21   shoot k=5 restart 4: closes, gate=fail worst=3.257
20:20:21   shoot k=5 restart 5: closes, gate=fail worst=3.257
20:20:23   shoot k=5 restart 6/20: no closure (max residual 7.6e+00, nfev 78, 1s)
20:20:23   shoot k=5 restart 7/20: no closure (max residual 3.0e+02, nfev 29, 1s)
20:20:24   shoot k=5 restart 8: closes, gate=fail worst=3.257
20:20:25   shoot k=5 restart 9/20: no closure (max residual 3.6e+00, nfev 78, 1s)
20:20:26   shoot k=5 restart 10/20: no closure (max residual 3.0e+02, nfev 36, 1s)
20:20:28   shoot k=5 restart 11: closes, gate=fail worst=2.887
20:20:30   shoot k=5 restart 12/20: no closure (max residual 2.9e+00, nfev 107, 2s)
20:20:32   shoot k=5 restart 13/20: no closure (max residual 8.1e-02, nfev 94, 2s)
20:20:32   shoot k=5 restart 14: closes, gate=fail worst=3.257
20:20:32   shoot k=5 restart 15/20: no closure (max residual 2.9e+02, nfev 20, 0s)
20:20:33   shoot k=5 restart 16/20: no closure (max residual 3.7e+02, nfev 33, 1s)
20:20:34   shoot k=5 restart 17/20: no closure (max residual 2.9e+02, nfev 26, 1s)
20:20:34   shoot k=5 restart 18/20: no closure (max residual 6.5e+02, nfev 24, 0s)
20:20:35   shoot k=5 restart 19/20: no closure (max residual 3.4e+02, nfev 24, 1s)
20:20:35   shoot k=6 restart 0: closes, gate=fail worst=2.887
20:20:36   shoot k=6 restart 1/20: no closure (max residual 2.7e+02, nfev 30, 1s)
20:20:37   shoot k=6 restart 2/20: no closure (max residual 5.8e+02, nfev 28, 1s)
20:20:37   shoot k=6 restart 3/20: no closure (max residual 7.9e+02, nfev 25, 1s)
20:20:38   shoot k=6 restart 4/20: no closure (max residual 6.5e+02, nfev 30, 1s)
20:20:39   shoot k=6 restart 5/20: no closure (max residual 1.5e+02, nfev 22, 1s)
20:20:39   shoot k=6 restart 6/20: no closure (max residual 2.7e+02, nfev 37, 1s)
20:20:40   shoot k=6 restart 7/20: no closure (max residual 1.2e+02, nfev 22, 1s)
20:20:41   shoot k=6 restart 8/20: no closure (max residual 5.1e+02, nfev 32, 1s)
20:20:42   shoot k=6 restart 9/20: no closure (max residual 2.4e+02, nfev 35, 1s)
20:20:42   shoot k=6 restart 10/20: no closure (max residual 1.2e+02, nfev 31, 1s)
20:20:43   shoot k=6 restart 11/20: no closure (max residual 4.2e+02, nfev 28, 1s)
20:20:43   shoot k=6 restart 12/20: no closure (max residual 3.1e+02, nfev 15, 0s)
20:20:44   shoot k=6 restart 13/20: no closure (max residual 4.2e+02, nfev 17, 0s)
20:20:45   shoot k=6 restart 14/20: no closure (max residual 4.9e+00, nfev 55, 1s)
20:20:45   shoot k=6 restart 15/20: no closure (max residual 4.4e+02, nfev 23, 1s)
20:20:46   shoot k=6 restart 16/20: no closure (max residual 4.9e+02, nfev 19, 0s)
20:20:47   shoot k=6 restart 17/20: no closure (max residual 1.7e+02, nfev 43, 1s)
20:20:47   shoot k=6 restart 18/20: no closure (max residual 2.0e+02, nfev 20, 0s)
20:20:48   shoot k=6 restart 19/20: no closure (max residual 4.8e+02, nfev 19, 0s)
20:20:48   shoot k=7 restart 0: closes, gate=fail worst=2.887
20:20:49   shoot k=7 restart 1/20: no closure (max residual 3.5e+02, nfev 13, 0s)
20:20:49   shoot k=7 restart 2/20: no closure (max residual 8.7e+02, nfev 21, 1s)
20:20:50   shoot k=7 restart 3/20: no closure (max residual 7.3e+02, nfev 23, 1s)
20:20:51   shoot k=7 restart 4/20: no closure (max residual 9.9e+01, nfev 27, 1s)
20:20:52   shoot k=7 restart 5/20: no closure (max residual 3.9e+02, nfev 34, 1s)
20:20:53   shoot k=7 restart 6/20: no closure (max residual 1.4e+02, nfev 35, 1s)
20:20:53   shoot k=7 restart 7/20: no closure (max residual 1.3e+02, nfev 23, 1s)
20:20:54   shoot k=7 restart 8/20: no closure (max residual 2.4e+01, nfev 16, 0s)
20:20:54   shoot k=7 restart 9/20: no closure (max residual 5.9e+02, nfev 24, 1s)
20:20:55   shoot k=7 restart 10/20: no closure (max residual 2.6e+02, nfev 29, 1s)
20:20:56   shoot k=7 restart 11/20: no closure (max residual 6.9e+02, nfev 22, 1s)
20:20:57   shoot k=7 restart 12/20: no closure (max residual 4.9e+02, nfev 36, 1s)
20:20:57   shoot k=7 restart 13/20: no closure (max residual 4.2e+02, nfev 18, 1s)
20:20:58   shoot k=7 restart 14/20: no closure (max residual 1.7e+02, nfev 17, 1s)
20:20:59   shoot k=7 restart 15/20: no closure (max residual 2.9e+02, nfev 27, 1s)
20:21:00   shoot k=7 restart 16/20: no closure (max residual 7.6e+01, nfev 39, 1s)
20:21:00   shoot k=7 restart 17/20: no closure (max residual 4.5e+02, nfev 15, 0s)
20:21:01   shoot k=7 restart 18/20: no closure (max residual 3.0e+02, nfev 16, 1s)
20:21:02   shoot k=7 restart 19/20: no closure (max residual 2.9e+01, nfev 32, 1s)
20:21:02   shoot k=8 restart 0: closes, gate=fail worst=2.887
20:21:04   shoot k=8 restart 1/20: no closure (max residual 6.7e+02, nfev 34, 1s)
20:21:05   shoot k=8 restart 2/20: no closure (max residual 4.6e+02, nfev 27, 1s)
20:21:05   shoot k=8 restart 3/20: no closure (max residual 5.1e+02, nfev 14, 1s)
20:21:06   shoot k=8 restart 4/20: no closure (max residual 8.9e+02, nfev 24, 1s)
20:21:07   shoot k=8 restart 5/20: no closure (max residual 2.4e+02, nfev 31, 1s)
20:21:09   shoot k=8 restart 6/20: no closure (max residual 3.7e+02, nfev 48, 2s)
20:21:10   shoot k=8 restart 7/20: no closure (max residual 2.6e+02, nfev 32, 1s)
20:21:11   shoot k=8 restart 8/20: no closure (max residual 3.1e+02, nfev 32, 1s)
20:21:12   shoot k=8 restart 9/20: no closure (max residual 3.4e+02, nfev 21, 1s)
20:21:13   shoot k=8 restart 10/20: no closure (max residual 9.3e+02, nfev 22, 1s)
20:21:15   shoot k=8 restart 11/20: no closure (max residual 3.7e+02, nfev 45, 2s)
20:21:16   shoot k=8 restart 12/20: no closure (max residual 6.5e+02, nfev 36, 2s)
20:21:18   shoot k=8 restart 13/20: no closure (max residual 4.6e+02, nfev 36, 2s)
20:21:19   shoot k=8 restart 14/20: no closure (max residual 2.8e+02, nfev 18, 1s)
20:21:20   shoot k=8 restart 15/20: no closure (max residual 3.2e+02, nfev 23, 1s)
20:21:21   shoot k=8 restart 16/20: no closure (max residual 6.4e+02, nfev 32, 1s)
20:21:22   shoot k=8 restart 17/20: no closure (max residual 2.4e+02, nfev 19, 1s)
20:21:23   shoot k=8 restart 18/20: no closure (max residual 2.2e+02, nfev 30, 1s)
20:21:24   shoot k=8 restart 19/20: no closure (max residual 7.7e+02, nfev 22, 1s)
20:21:25   shoot k=9 restart 0: closes, gate=fail worst=2.887
20:21:26   shoot k=9 restart 1/20: no closure (max residual 1.1e+02, nfev 27, 1s)
20:21:27   shoot k=9 restart 2/20: no closure (max residual 4.0e+02, nfev 38, 1s)
20:21:28   shoot k=9 restart 3/20: no closure (max residual 2.0e+02, nfev 35, 1s)
20:21:30   shoot k=9 restart 4/20: no closure (max residual 3.6e+02, nfev 42, 2s)
20:21:31   shoot k=9 restart 5/20: no closure (max residual 3.9e+02, nfev 24, 1s)
20:21:32   shoot k=9 restart 6/20: no closure (max residual 2.5e+02, nfev 28, 1s)
20:21:33   shoot k=9 restart 7/20: no closure (max residual 3.2e+02, nfev 27, 1s)
20:21:34   shoot k=9 restart 8/20: no closure (max residual 5.0e+02, nfev 27, 1s)
20:21:35   shoot k=9 restart 9/20: no closure (max residual 7.4e+02, nfev 14, 1s)
20:21:36   shoot k=9 restart 10/20: no closure (max residual 2.4e+02, nfev 15, 1s)
20:21:37   shoot k=9 restart 11/20: no closure (max residual 5.8e+02, nfev 18, 1s)
20:21:38   shoot k=9 restart 12/20: no closure (max residual 3.1e+02, nfev 31, 1s)
20:21:39   shoot k=9 restart 13/20: no closure (max residual 4.2e+02, nfev 37, 1s)
20:21:40   shoot k=9 restart 14/20: no closure (max residual 2.4e+02, nfev 25, 1s)
20:21:41   shoot k=9 restart 15/20: no closure (max residual 6.1e+02, nfev 18, 1s)
20:21:42   shoot k=9 restart 16/20: no closure (max residual 1.8e+02, nfev 27, 1s)
20:21:43   shoot k=9 restart 17/20: no closure (max residual 4.3e+02, nfev 18, 1s)
20:21:44   shoot k=9 restart 18/20: no closure (max residual 5.9e+02, nfev 24, 1s)
20:21:45   shoot k=9 restart 19/20: no closure (max residual 1.8e+02, nfev 38, 2s)
20:21:46   shoot k=10 restart 0: closes, gate=fail worst=2.887
20:21:48   shoot k=10 restart 1/20: no closure (max residual 2.5e+02, nfev 26, 1s)
20:21:49   shoot k=10 restart 2/20: no closure (max residual 1.7e+02, nfev 18, 1s)
20:21:50   shoot k=10 restart 3/20: no closure (max residual 6.3e+02, nfev 24, 1s)
20:21:51   shoot k=10 restart 4/20: no closure (max residual 4.9e+02, nfev 27, 1s)
20:21:53   shoot k=10 restart 5/20: no closure (max residual 2.5e+02, nfev 27, 1s)
20:21:54   shoot k=10 restart 6/20: no closure (max residual 5.5e+02, nfev 23, 1s)
20:21:55   shoot k=10 restart 7/20: no closure (max residual 3.5e+02, nfev 38, 2s)
20:21:56   shoot k=10 restart 8/20: no closure (max residual 6.9e+02, nfev 15, 1s)
20:21:58   shoot k=10 restart 9/20: no closure (max residual 2.8e+02, nfev 29, 1s)
20:21:59   shoot k=10 restart 10/20: no closure (max residual 4.4e+02, nfev 24, 1s)
20:22:01   shoot k=10 restart 11/20: no closure (max residual 2.5e+02, nfev 36, 2s)
20:22:02   shoot k=10 restart 12/20: no closure (max residual 3.1e+02, nfev 29, 2s)
20:22:04   shoot k=10 restart 13/20: no closure (max residual 2.0e+02, nfev 25, 1s)
20:22:05   shoot k=10 restart 14/20: no closure (max residual 4.8e+02, nfev 22, 1s)
20:22:06   shoot k=10 restart 15/20: no closure (max residual 2.7e+02, nfev 22, 1s)
20:22:07   shoot k=10 restart 16/20: no closure (max residual 5.2e+02, nfev 17, 1s)
20:22:09   shoot k=10 restart 17/20: no closure (max residual 5.3e+02, nfev 31, 2s)
20:22:10   shoot k=10 restart 18/20: no closure (max residual 9.9e+01, nfev 27, 1s)
20:22:11   shoot k=10 restart 19/20: no closure (max residual 6.1e+02, nfev 28, 1s)
20:22:11 ge epoch 3 (JD 2469519.3) blend lam=1.0000 conv=True res=1.9e-11 gate=pass worst=0.841 [elapsed 368s]
20:22:12   shoot k=1 restart 0: closes, gate=fail worst=1.806
20:22:12   shoot k=1 restart 1: closes, gate=fail worst=1.806
20:22:12   shoot k=1 restart 2: closes, gate=fail worst=1.806
20:22:12   shoot k=1 restart 3/20: no closure (max residual 5.5e+02, nfev 39, 0s)
20:22:12   shoot k=1 restart 4: closes, gate=fail worst=1.806
20:22:12   shoot k=1 restart 5/20: no closure (max residual 2.3e+02, nfev 31, 0s)
20:22:12   shoot k=1 restart 6: closes, gate=fail worst=1.806
20:22:12   shoot k=1 restart 7: closes, gate=fail worst=1.806
20:22:12   shoot k=1 restart 8: closes, gate=fail worst=1.806
20:22:12   shoot k=1 restart 9: closes, gate=fail worst=1.806
20:22:12   shoot k=1 restart 10: closes, gate=fail worst=1.806
20:22:13   shoot k=1 restart 11: closes, gate=fail worst=1.806
20:22:13   shoot k=1 restart 12: closes, gate=fail worst=1.806
20:22:13   shoot k=1 restart 13/20: no closure (max residual 2.1e+02, nfev 37, 0s)
20:22:13   shoot k=1 restart 14: closes, gate=fail worst=1.806
20:22:13   shoot k=1 restart 15: closes, gate=fail worst=1.806
20:22:14   shoot k=1 restart 16/20: no closure (max residual 6.0e+00, nfev 98, 0s)
20:22:14   shoot k=1 restart 17: closes, gate=fail worst=1.806
20:22:14   shoot k=1 restart 18: closes, gate=fail worst=1.806
20:22:14   shoot k=1 restart 19/20: no closure (max residual 2.9e+02, nfev 37, 0s)
20:22:14   shoot k=2 restart 0: closes, gate=fail worst=1.808
20:22:14   shoot k=2 restart 1: closes, gate=fail worst=1.808
20:22:14   shoot k=2 restart 2: closes, gate=fail worst=1.808
20:22:15   shoot k=2 restart 3: closes, gate=fail worst=1.808
20:22:15   shoot k=2 restart 4/20: no closure (max residual 6.8e+01, nfev 37, 0s)
20:22:16   shoot k=2 restart 5: closes, gate=fail worst=1.807
20:22:17   shoot k=2 restart 6/20: no closure (max residual 2.3e+01, nfev 49, 0s)
20:22:17   shoot k=2 restart 7: closes, gate=fail worst=1.808
20:22:17   shoot k=2 restart 8: closes, gate=fail worst=1.808
20:22:18   shoot k=2 restart 9: closes, gate=fail worst=1.807
20:22:19   shoot k=2 restart 10: closes, gate=fail worst=1.808
20:22:26   shoot k=2 restart 11/20: no closure (max residual 1.1e-04, nfev 720, 7s)
20:22:33   shoot k=2 restart 12/20: no closure (max residual 1.3e-01, nfev 720, 7s)
20:22:40   shoot k=2 restart 13/20: no closure (max residual 3.3e-04, nfev 720, 7s)
20:22:41   shoot k=2 restart 14: closes, gate=fail worst=1.808
20:22:41   shoot k=2 restart 15: closes, gate=fail worst=1.678
20:22:41   shoot k=2 restart 16/20: no closure (max residual 3.0e+02, nfev 37, 0s)
20:22:48   shoot k=2 restart 17/20: no closure (max residual 3.2e-04, nfev 720, 7s)
20:22:49   shoot k=2 restart 18/20: no closure (max residual 3.6e+00, nfev 126, 1s)
20:22:57   shoot k=2 restart 19/20: no closure (max residual 9.0e-01, nfev 720, 7s)
20:22:57   shoot k=3 restart 0/20: no closure (max residual inf, nfev 1, 0s)
20:22:57   shoot k=3 restart 1/20: no closure (max residual inf, nfev 1, 0s)
20:22:57   shoot k=3 restart 2/20: no closure (max residual inf, nfev 1, 0s)
20:22:57   shoot k=3 restart 3/20: no closure (max residual inf, nfev 1, 0s)
20:22:57   shoot k=3 restart 4/20: no closure (max residual inf, nfev 1, 0s)
20:22:57   shoot k=3 restart 5/20: no closure (max residual inf, nfev 1, 0s)
20:22:57   shoot k=3 restart 6/20: no closure (max residual inf, nfev 1, 0s)
20:22:57   shoot k=3 restart 7/20: no closure (max residual inf, nfev 1, 0s)
20:22:57   shoot k=3 restart 8/20: no closure (max residual inf, nfev 1, 0s)
20:22:57   shoot k=3 restart 9/20: no closure (max residual inf, nfev 1, 0s)
20:22:57   shoot k=3 restart 10/20: no closure (max residual inf, nfev 1, 0s)
20:22:57   shoot k=3 restart 11/20: no closure (max residual inf, nfev 1, 0s)
20:22:57   shoot k=3 restart 12/20: no closure (max residual inf, nfev 1, 0s)
20:22:57   shoot k=3 restart 13/20: no closure (max residual inf, nfev 1, 0s)
20:22:57   shoot k=3 restart 14/20: no closure (max residual inf, nfev 1, 0s)
20:22:57   shoot k=3 restart 15/20: no closure (max residual inf, nfev 1, 0s)
20:22:57   shoot k=3 restart 16/20: no closure (max residual inf, nfev 1, 0s)
20:22:57   shoot k=3 restart 17/20: no closure (max residual inf, nfev 1, 0s)
20:22:57   shoot k=3 restart 18/20: no closure (max residual inf, nfev 1, 0s)
20:22:58   shoot k=3 restart 19/20: no closure (max residual inf, nfev 1, 0s)
  grow: no closure at 3 cycles; stop
20:22:58 ge epoch 4 (JD 2471853.2) blend lam=1.0000 conv=True res=1.3e-11 gate=pass worst=0.857 [elapsed 414s]
20:22:58   shoot k=1 restart 0: closes, gate=pass worst=0.850
20:22:58   shoot k=1 restart 1: closes, gate=pass worst=0.850
20:22:58   shoot k=1 restart 2/20: no closure (max residual 3.3e+02, nfev 32, 0s)
20:22:58   shoot k=1 restart 3: closes, gate=pass worst=0.850
20:22:58   shoot k=1 restart 4: closes, gate=pass worst=0.850
20:22:58   shoot k=1 restart 5/20: no closure (max residual 6.2e+00, nfev 81, 0s)
20:22:58   shoot k=1 restart 6/20: no closure (max residual 3.3e+02, nfev 27, 0s)
20:22:58   shoot k=1 restart 7: closes, gate=pass worst=0.850
20:22:59   shoot k=1 restart 8: closes, gate=pass worst=0.850
20:22:59   shoot k=1 restart 9: closes, gate=pass worst=0.850
20:22:59   shoot k=1 restart 10: closes, gate=pass worst=0.850
20:22:59   shoot k=1 restart 11: closes, gate=pass worst=0.850
20:22:59   shoot k=1 restart 12: closes, gate=pass worst=0.850
20:22:59   shoot k=1 restart 13: closes, gate=pass worst=0.850
20:22:59   shoot k=1 restart 14/20: no closure (max residual 3.0e+02, nfev 41, 0s)
20:23:00   shoot k=1 restart 15: closes, gate=pass worst=0.850
20:23:01   shoot k=1 restart 16/20: no closure (max residual 7.5e-01, nfev 360, 2s)
20:23:01   shoot k=1 restart 17: closes, gate=pass worst=0.850
20:23:01   shoot k=1 restart 18: closes, gate=pass worst=0.850
20:23:02   shoot k=1 restart 19: closes, gate=pass worst=0.850
20:23:02   shoot k=2 restart 0: closes, gate=fail worst=1.198
20:23:02   shoot k=2 restart 1: closes, gate=fail worst=1.198
20:23:09   shoot k=2 restart 2/20: no closure (max residual 6.4e-01, nfev 720, 8s)
20:23:10   shoot k=2 restart 3: closes, gate=fail worst=1.198
20:23:10   shoot k=2 restart 4/20: no closure (max residual 3.0e+02, nfev 37, 0s)
20:23:11   shoot k=2 restart 5/20: no closure (max residual 4.0e+00, nfev 115, 1s)
20:23:11   shoot k=2 restart 6: closes, gate=fail worst=1.198
20:23:11   shoot k=2 restart 7: closes, gate=fail worst=1.198
20:23:12   shoot k=2 restart 8/20: no closure (max residual 2.2e+01, nfev 28, 0s)
20:23:12   shoot k=2 restart 9/20: no closure (max residual 3.5e+02, nfev 37, 0s)
20:23:12   shoot k=2 restart 10/20: no closure (max residual 2.6e+02, nfev 41, 0s)
20:23:13   shoot k=2 restart 11/20: no closure (max residual 7.8e+00, nfev 74, 1s)
20:23:13   shoot k=2 restart 12: closes, gate=fail worst=1.198
20:23:13   shoot k=2 restart 13/20: no closure (max residual 7.5e+00, nfev 63, 1s)
20:23:14   shoot k=2 restart 14: closes, gate=fail worst=1.198
20:23:14   shoot k=2 restart 15: closes, gate=fail worst=1.198
20:23:14   shoot k=2 restart 16: closes, gate=fail worst=1.198
20:23:14   shoot k=2 restart 17: closes, gate=fail worst=1.198
20:23:15   shoot k=2 restart 18/20: no closure (max residual 8.8e+02, nfev 44, 0s)
20:23:15   shoot k=2 restart 19: closes, gate=fail worst=1.198
20:23:15   shoot k=3 restart 0: closes, gate=fail worst=1.471
20:23:16   shoot k=3 restart 1/20: no closure (max residual 2.2e+02, nfev 41, 0s)
20:23:18   shoot k=3 restart 2: closes, gate=fail worst=2.820
20:23:21   shoot k=3 restart 3/20: no closure (max residual 7.5e+00, nfev 296, 4s)
20:23:21   shoot k=3 restart 4: closes, gate=fail worst=1.471
20:23:22   shoot k=3 restart 5: closes, gate=fail worst=1.471
20:23:23   shoot k=3 restart 6/20: no closure (max residual 4.9e+00, nfev 130, 1s)
20:23:23   shoot k=3 restart 7/20: no closure (max residual 3.4e+02, nfev 31, 0s)
20:23:24   shoot k=3 restart 8: closes, gate=fail worst=1.471
20:23:24   shoot k=3 restart 9/20: no closure (max residual 2.9e+02, nfev 29, 0s)
20:23:24   shoot k=3 restart 10: closes, gate=fail worst=1.471
20:23:24   shoot k=3 restart 11: closes, gate=fail worst=47.862
20:23:26   shoot k=3 restart 12/20: no closure (max residual 6.2e+00, nfev 130, 1s)
20:23:26   shoot k=3 restart 13/20: no closure (max residual 8.0e+02, nfev 27, 0s)
20:23:27   shoot k=3 restart 14/20: no closure (max residual 9.2e-02, nfev 114, 1s)
20:23:28   shoot k=3 restart 15/20: no closure (max residual 7.0e+02, nfev 22, 0s)
20:23:28   shoot k=3 restart 16: closes, gate=fail worst=1.471
20:23:28   shoot k=3 restart 17/20: no closure (max residual 6.7e+02, nfev 35, 0s)
20:23:29   shoot k=3 restart 18: closes, gate=fail worst=1.471
20:23:29   shoot k=3 restart 19/20: no closure (max residual 6.8e+02, nfev 34, 0s)
20:23:29   shoot k=4 restart 0: closes, gate=fail worst=2.366
20:23:30   shoot k=4 restart 1: closes, gate=fail worst=2.366
20:23:31   shoot k=4 restart 2: closes, gate=fail worst=2.366
20:23:32   shoot k=4 restart 3/20: no closure (max residual 3.1e+02, nfev 36, 1s)
20:23:33   shoot k=4 restart 4/20: no closure (max residual 4.8e+00, nfev 112, 2s)
20:23:34   shoot k=4 restart 5: closes, gate=fail worst=2.366
20:23:34   shoot k=4 restart 6/20: no closure (max residual 5.6e+02, nfev 36, 0s)
20:23:35   shoot k=4 restart 7/20: no closure (max residual 4.1e+00, nfev 65, 1s)
20:23:36   shoot k=4 restart 8: closes, gate=fail worst=2.366
20:23:37   shoot k=4 restart 9/20: no closure (max residual 5.4e+02, nfev 34, 1s)
20:23:40   shoot k=4 restart 10: closes, gate=fail worst=1.947
20:23:40   shoot k=4 restart 11/20: no closure (max residual 2.4e+02, nfev 26, 0s)
20:23:41   shoot k=4 restart 12/20: no closure (max residual 2.6e+02, nfev 32, 0s)
20:23:42   shoot k=4 restart 13/20: no closure (max residual 4.5e+00, nfev 83, 1s)
20:23:42   shoot k=4 restart 14: closes, gate=fail worst=2.366
20:23:43   shoot k=4 restart 15/20: no closure (max residual 7.7e+01, nfev 29, 0s)
20:23:43   shoot k=4 restart 16/20: no closure (max residual 2.6e+02, nfev 28, 0s)
20:23:44   shoot k=4 restart 17/20: no closure (max residual 2.9e+02, nfev 32, 0s)
20:23:44   shoot k=4 restart 18/20: no closure (max residual 3.2e+02, nfev 33, 0s)
20:23:45   shoot k=4 restart 19: closes, gate=fail worst=2.366
20:23:46   shoot k=5 restart 0: closes, gate=fail worst=3.210
20:23:46   shoot k=5 restart 1/20: no closure (max residual 1.8e+02, nfev 39, 1s)
20:23:47   shoot k=5 restart 2/20: no closure (max residual 3.9e+02, nfev 28, 1s)
20:23:47   shoot k=5 restart 3/20: no closure (max residual 3.4e+02, nfev 16, 0s)
20:23:48   shoot k=5 restart 4/20: no closure (max residual 6.5e+02, nfev 45, 1s)
20:23:48   shoot k=5 restart 5/20: no closure (max residual 4.6e+02, nfev 19, 0s)
20:23:49   shoot k=5 restart 6/20: no closure (max residual 3.1e+02, nfev 24, 0s)
20:23:49   shoot k=5 restart 7/20: no closure (max residual 2.9e+02, nfev 29, 1s)
20:23:50   shoot k=5 restart 8/20: no closure (max residual 2.0e+02, nfev 40, 1s)
20:23:51   shoot k=5 restart 9/20: no closure (max residual 7.7e+02, nfev 24, 0s)
20:23:51   shoot k=5 restart 10/20: no closure (max residual 4.5e+02, nfev 19, 0s)
20:23:51   shoot k=5 restart 11/20: no closure (max residual 5.6e+02, nfev 24, 0s)
20:23:52   shoot k=5 restart 12/20: no closure (max residual 4.5e+02, nfev 22, 0s)
20:23:52   shoot k=5 restart 13/20: no closure (max residual 5.8e+02, nfev 27, 1s)
20:23:53   shoot k=5 restart 14/20: no closure (max residual 1.5e+02, nfev 44, 1s)
20:23:54   shoot k=5 restart 15/20: no closure (max residual 3.6e+02, nfev 29, 1s)
20:23:54   shoot k=5 restart 16/20: no closure (max residual 5.6e+02, nfev 17, 0s)
20:23:55   shoot k=5 restart 17/20: no closure (max residual 4.1e+02, nfev 24, 0s)
20:23:55   shoot k=5 restart 18/20: no closure (max residual 8.1e+02, nfev 20, 0s)
20:23:56   shoot k=5 restart 19/20: no closure (max residual 1.1e+02, nfev 29, 1s)
20:23:56   shoot k=6 restart 0: closes, gate=fail worst=3.251
20:23:57   shoot k=6 restart 1/20: no closure (max residual 2.5e+02, nfev 25, 1s)
20:23:57   shoot k=6 restart 2/20: no closure (max residual 3.5e+02, nfev 32, 1s)
20:23:58   shoot k=6 restart 3/20: no closure (max residual 2.5e+02, nfev 15, 0s)
20:23:59   shoot k=6 restart 4/20: no closure (max residual 6.2e+02, nfev 26, 1s)
20:23:59   shoot k=6 restart 5/20: no closure (max residual 2.1e+02, nfev 25, 1s)
20:24:00   shoot k=6 restart 6/20: no closure (max residual 2.8e+02, nfev 26, 1s)
20:24:01   shoot k=6 restart 7/20: no closure (max residual 3.4e+02, nfev 37, 1s)
20:24:02   shoot k=6 restart 8/20: no closure (max residual 2.3e+02, nfev 17, 1s)
20:24:02   shoot k=6 restart 9/20: no closure (max residual 1.4e+02, nfev 23, 1s)
20:24:03   shoot k=6 restart 10/20: no closure (max residual 2.6e+02, nfev 29, 1s)
20:24:04   shoot k=6 restart 11/20: no closure (max residual 4.3e+02, nfev 20, 1s)
20:24:04   shoot k=6 restart 12/20: no closure (max residual 2.1e+02, nfev 30, 1s)
20:24:05   shoot k=6 restart 13/20: no closure (max residual 3.3e+02, nfev 21, 1s)
20:24:06   shoot k=6 restart 14: closes, gate=fail worst=3.251
20:24:07   shoot k=6 restart 15/20: no closure (max residual 2.6e+02, nfev 19, 0s)
20:24:07   shoot k=6 restart 16/20: no closure (max residual 1.1e+02, nfev 18, 0s)
20:24:08   shoot k=6 restart 17/20: no closure (max residual 2.6e+02, nfev 29, 1s)
20:24:09   shoot k=6 restart 18/20: no closure (max residual 9.2e+02, nfev 35, 1s)
20:24:09   shoot k=6 restart 19/20: no closure (max residual 3.2e+02, nfev 35, 1s)
20:24:10   shoot k=7 restart 0: closes, gate=fail worst=3.338
20:24:11   shoot k=7 restart 1/20: no closure (max residual 5.9e+02, nfev 22, 1s)
20:24:12   shoot k=7 restart 2/20: no closure (max residual 1.8e+02, nfev 35, 1s)
20:24:13   shoot k=7 restart 3/20: no closure (max residual 1.5e+01, nfev 48, 1s)
20:24:14   shoot k=7 restart 4/20: no closure (max residual 2.4e+02, nfev 31, 1s)
20:24:15   shoot k=7 restart 5/20: no closure (max residual 3.8e+02, nfev 25, 1s)
20:24:15   shoot k=7 restart 6/20: no closure (max residual 4.0e+02, nfev 24, 1s)
20:24:16   shoot k=7 restart 7/20: no closure (max residual 3.6e+02, nfev 24, 1s)
20:24:17   shoot k=7 restart 8/20: no closure (max residual 2.3e+02, nfev 27, 1s)
20:24:18   shoot k=7 restart 9/20: no closure (max residual 2.7e+02, nfev 29, 1s)
20:24:19   shoot k=7 restart 10/20: no closure (max residual 2.9e+02, nfev 28, 1s)
20:24:20   shoot k=7 restart 11/20: no closure (max residual 1.9e+02, nfev 35, 1s)
20:24:20   shoot k=7 restart 12/20: no closure (max residual 7.5e+02, nfev 22, 1s)
20:24:21   shoot k=7 restart 13/20: no closure (max residual 2.1e+02, nfev 40, 1s)
20:24:22   shoot k=7 restart 14/20: no closure (max residual 3.4e+02, nfev 22, 1s)
20:24:26   shoot k=7 restart 15: closes, gate=fail worst=3.338
20:24:28   shoot k=7 restart 16/20: no closure (max residual 3.8e+02, nfev 38, 1s)
20:24:28   shoot k=7 restart 17/20: no closure (max residual 2.3e+02, nfev 33, 1s)
20:24:29   shoot k=7 restart 18/20: no closure (max residual 2.6e+02, nfev 21, 1s)
20:24:30   shoot k=7 restart 19/20: no closure (max residual 2.5e+02, nfev 22, 1s)
20:24:30   shoot k=8 restart 0: closes, gate=fail worst=3.402
20:24:32   shoot k=8 restart 1/20: no closure (max residual 3.3e+02, nfev 28, 1s)
20:24:32   shoot k=8 restart 2/20: no closure (max residual 3.7e+02, nfev 16, 1s)
20:24:33   shoot k=8 restart 3/20: no closure (max residual 8.2e+02, nfev 30, 1s)
20:24:35   shoot k=8 restart 4/20: no closure (max residual 2.7e+02, nfev 34, 1s)
20:24:35   shoot k=8 restart 5/20: no closure (max residual 2.9e+02, nfev 19, 1s)
20:24:36   shoot k=8 restart 6/20: no closure (max residual 3.4e+02, nfev 24, 1s)
20:24:38   shoot k=8 restart 7/20: no closure (max residual 4.8e+02, nfev 39, 1s)
20:24:39   shoot k=8 restart 8/20: no closure (max residual 3.9e+02, nfev 33, 1s)
20:24:40   shoot k=8 restart 9/20: no closure (max residual 3.2e+02, nfev 21, 1s)
20:24:41   shoot k=8 restart 10/20: no closure (max residual 6.4e+02, nfev 23, 1s)
20:24:42   shoot k=8 restart 11/20: no closure (max residual 2.6e+02, nfev 36, 1s)
20:24:43   shoot k=8 restart 12/20: no closure (max residual 7.9e+02, nfev 35, 1s)
20:24:44   shoot k=8 restart 13/20: no closure (max residual 3.3e+02, nfev 31, 1s)
20:24:46   shoot k=8 restart 14/20: no closure (max residual 3.3e+02, nfev 29, 1s)
20:24:47   shoot k=8 restart 15/20: no closure (max residual 3.9e+02, nfev 32, 1s)
20:24:48   shoot k=8 restart 16/20: no closure (max residual 3.8e+02, nfev 29, 1s)
20:24:49   shoot k=8 restart 17/20: no closure (max residual 2.5e+02, nfev 39, 1s)
20:24:50   shoot k=8 restart 18/20: no closure (max residual 5.2e+02, nfev 26, 1s)
20:24:51   shoot k=8 restart 19/20: no closure (max residual 2.7e+02, nfev 25, 1s)
20:24:52   shoot k=9 restart 0: closes, gate=fail worst=3.404
20:24:53   shoot k=9 restart 1/20: no closure (max residual 4.1e+02, nfev 20, 1s)
20:24:54   shoot k=9 restart 2/20: no closure (max residual 3.7e+02, nfev 25, 1s)
20:24:55   shoot k=9 restart 3/20: no closure (max residual 5.1e+02, nfev 24, 1s)
20:24:56   shoot k=9 restart 4/20: no closure (max residual 2.5e+02, nfev 25, 1s)
20:24:58   shoot k=9 restart 5/20: no closure (max residual 8.2e+02, nfev 29, 1s)
20:24:59   shoot k=9 restart 6/20: no closure (max residual 4.0e+02, nfev 33, 1s)
20:25:00   shoot k=9 restart 7/20: no closure (max residual 3.1e+02, nfev 25, 1s)
20:25:01   shoot k=9 restart 8/20: no closure (max residual 3.0e+02, nfev 20, 1s)
20:25:02   shoot k=9 restart 9/20: no closure (max residual 2.9e+02, nfev 32, 1s)
20:25:04   shoot k=9 restart 10/20: no closure (max residual 3.2e+02, nfev 34, 1s)
20:25:05   shoot k=9 restart 11/20: no closure (max residual 3.3e+02, nfev 25, 1s)
20:25:06   shoot k=9 restart 12/20: no closure (max residual 3.1e+02, nfev 30, 1s)
20:25:07   shoot k=9 restart 13/20: no closure (max residual 3.1e+02, nfev 21, 1s)
20:25:08   shoot k=9 restart 14/20: no closure (max residual 3.1e+02, nfev 25, 1s)
20:25:10   shoot k=9 restart 15/20: no closure (max residual 7.5e+02, nfev 33, 1s)
20:25:11   shoot k=9 restart 16/20: no closure (max residual 2.1e+02, nfev 28, 1s)
20:25:12   shoot k=9 restart 17/20: no closure (max residual 4.6e+02, nfev 32, 1s)
20:25:13   shoot k=9 restart 18/20: no closure (max residual 5.7e+02, nfev 23, 1s)
20:25:15   shoot k=9 restart 19/20: no closure (max residual 5.5e+02, nfev 36, 2s)
20:25:17   shoot k=10 restart 0/20: no closure (max residual 2.8e-03, nfev 42, 2s)
20:25:18   shoot k=10 restart 1/20: no closure (max residual 7.8e+02, nfev 28, 1s)
20:25:20   shoot k=10 restart 2/20: no closure (max residual 4.7e+02, nfev 24, 1s)
20:25:21   shoot k=10 restart 3/20: no closure (max residual 2.1e+02, nfev 38, 2s)
20:25:23   shoot k=10 restart 4/20: no closure (max residual 7.9e+02, nfev 26, 1s)
20:25:24   shoot k=10 restart 5/20: no closure (max residual 3.5e+02, nfev 33, 2s)
20:25:26   shoot k=10 restart 6/20: no closure (max residual 3.0e+02, nfev 22, 1s)
20:25:27   shoot k=10 restart 7/20: no closure (max residual 6.2e+02, nfev 19, 1s)
20:25:28   shoot k=10 restart 8/20: no closure (max residual 2.5e+02, nfev 34, 2s)
20:25:30   shoot k=10 restart 9/20: no closure (max residual 7.1e+02, nfev 21, 1s)
20:25:31   shoot k=10 restart 10/20: no closure (max residual 6.6e+02, nfev 24, 1s)
20:25:33   shoot k=10 restart 11/20: no closure (max residual 4.6e+02, nfev 35, 2s)
20:25:34   shoot k=10 restart 12/20: no closure (max residual 2.4e+02, nfev 25, 1s)
20:25:35   shoot k=10 restart 13/20: no closure (max residual 2.8e+02, nfev 17, 1s)
20:25:37   shoot k=10 restart 14/20: no closure (max residual 2.5e+02, nfev 29, 2s)
20:25:38   shoot k=10 restart 15/20: no closure (max residual 3.6e+02, nfev 32, 2s)
20:25:40   shoot k=10 restart 16/20: no closure (max residual 4.2e+02, nfev 17, 1s)
20:25:41   shoot k=10 restart 17/20: no closure (max residual 2.7e+02, nfev 34, 2s)
20:25:42   shoot k=10 restart 18/20: no closure (max residual 6.2e+02, nfev 19, 1s)
20:25:44   shoot k=10 restart 19/20: no closure (max residual 9.8e+02, nfev 27, 1s)
  grow: no closure at 10 cycles; stop
DONE
