16:53:46 gc epoch 0 (JD 2456562.9) blend lam=1.0000 conv=True res=1.7e-11 gate=pass worst=0.966 [elapsed 1s]
16:53:47   shoot k=1 restart 0: closes, gate=fail worst=4.666
16:53:47   shoot k=1 restart 1/20: no closure (max residual 2.1e-02, nfev 145, 0s)
16:53:47   shoot k=1 restart 2: closes, gate=pass worst=0.964
16:53:47   shoot k=1 restart 3/20: no closure (max residual 2.1e-02, nfev 174, 0s)
16:53:48   shoot k=1 restart 4/20: no closure (max residual 2.1e-02, nfev 188, 0s)
16:53:48   shoot k=1 restart 5: closes, gate=pass worst=0.964
16:53:49   shoot k=1 restart 6: closes, gate=pass worst=0.964
16:53:50   shoot k=1 restart 7/20: no closure (max residual 2.1e-02, nfev 260, 1s)
16:53:51   shoot k=1 restart 8: closes, gate=indeterminate worst=0.971
16:53:51   shoot k=1 restart 9: closes, gate=fail worst=1.134
16:53:51   shoot k=1 restart 10: closes, gate=pass worst=0.964
16:53:51   shoot k=1 restart 11: closes, gate=pass worst=0.964
16:53:51   shoot k=1 restart 12/20: no closure (max residual 2.1e-02, nfev 210, 1s)
16:53:51   shoot k=1 restart 13: closes, gate=pass worst=0.964
16:53:51   shoot k=1 restart 14: closes, gate=pass worst=0.964
16:53:52   shoot k=1 restart 15: closes, gate=pass worst=0.964
16:53:53   shoot k=1 restart 16: closes, gate=pass worst=0.964
16:53:54   shoot k=1 restart 17/20: no closure (max residual 2.1e-02, nfev 182, 1s)
16:53:54   shoot k=1 restart 18: closes, gate=pass worst=0.964
16:53:54   shoot k=1 restart 19: closes, gate=fail worst=1.134
16:53:54   shoot k=2 restart 0: closes, gate=indeterminate worst=0.973
16:53:59   shoot k=2 restart 1/20: no closure (max residual 5.5e+00, nfev 720, 5s)
16:53:59   shoot k=2 restart 2: closes, gate=indeterminate worst=0.973
16:54:03   shoot k=2 restart 3/20: no closure (max residual 1.8e-02, nfev 720, 4s)
16:54:04   shoot k=2 restart 4: closes, gate=fail worst=1.344
16:54:08   shoot k=2 restart 5/20: no closure (max residual 5.2e-02, nfev 720, 4s)
16:54:08   shoot k=2 restart 6: closes, gate=indeterminate worst=0.973
16:54:09   shoot k=2 restart 7: closes, gate=indeterminate worst=0.973
16:54:09   shoot k=2 restart 8: closes, gate=indeterminate worst=0.973
16:54:13   shoot k=2 restart 9/20: no closure (max residual 2.4e-02, nfev 720, 5s)
16:54:19   shoot k=2 restart 10/20: no closure (max residual 3.9e-01, nfev 720, 5s)
16:54:23   shoot k=2 restart 11/20: no closure (max residual 7.9e+00, nfev 720, 5s)
16:54:24   shoot k=2 restart 12: closes, gate=indeterminate worst=0.973
16:54:26   shoot k=2 restart 13/20: no closure (max residual 4.4e-03, nfev 354, 2s)
16:54:31   shoot k=2 restart 14/20: no closure (max residual 4.9e-01, nfev 720, 5s)
16:54:35   shoot k=2 restart 15/20: no closure (max residual 3.5e-01, nfev 720, 5s)
16:54:39   shoot k=2 restart 16/20: no closure (max residual 2.4e-02, nfev 720, 4s)
16:54:44   shoot k=2 restart 17/20: no closure (max residual 3.3e-02, nfev 720, 5s)
16:54:44   shoot k=2 restart 18: closes, gate=indeterminate worst=0.973
16:54:49   shoot k=2 restart 19/20: no closure (max residual 4.4e-02, nfev 720, 5s)
16:54:49   shoot k=3 restart 0: closes, gate=indeterminate worst=0.974
16:55:07   shoot k=3 restart 1/20: no closure (max residual 1.7e-01, nfev 1080, 18s)
16:55:10   shoot k=3 restart 2/20: no closure (max residual 2.0e-02, nfev 373, 3s)
16:55:11   shoot k=3 restart 3: closes, gate=fail worst=4.574
16:55:13   shoot k=3 restart 4/20: no closure (max residual 2.0e-02, nfev 240, 2s)
16:55:13   shoot k=3 restart 5/20: no closure (max residual 1.0e+00, nfev 46, 1s)
16:55:24   shoot k=3 restart 6/20: no closure (max residual 1.7e-01, nfev 1080, 10s)
16:55:34   shoot k=3 restart 7/20: no closure (max residual 6.9e-01, nfev 1080, 11s)
16:55:34   shoot k=3 restart 8: closes, gate=indeterminate worst=0.974
16:55:35   shoot k=3 restart 9: closes, gate=indeterminate worst=0.974
16:55:37   shoot k=3 restart 10/20: no closure (max residual 4.2e-01, nfev 266, 2s)
16:55:39   shoot k=3 restart 11: closes, gate=fail worst=2.848
16:55:39   shoot k=3 restart 12: closes, gate=indeterminate worst=0.974
16:55:39   shoot k=3 restart 13: closes, gate=indeterminate worst=0.974
16:55:43   shoot k=3 restart 14: closes, gate=fail worst=1.351
16:55:54   shoot k=3 restart 15/20: no closure (max residual 3.5e-01, nfev 1080, 11s)
16:56:04   shoot k=3 restart 16/20: no closure (max residual 2.9e-01, nfev 1080, 10s)
16:56:14   shoot k=3 restart 17/20: no closure (max residual 9.1e-02, nfev 1080, 10s)
16:56:26   shoot k=3 restart 18/20: no closure (max residual 1.4e+00, nfev 1080, 11s)
16:56:31   shoot k=3 restart 19/20: no closure (max residual 2.0e-02, nfev 366, 6s)
16:56:32   shoot k=4 restart 0: closes, gate=indeterminate worst=0.974
16:57:10   shoot k=4 restart 1/20: no closure (max residual 4.3e-01, nfev 1440, 38s)
16:57:28   shoot k=4 restart 2/20: no closure (max residual 5.5e-01, nfev 1440, 18s)
16:57:29   shoot k=4 restart 3: closes, gate=indeterminate worst=0.974
16:57:38   shoot k=4 restart 4/20: no closure (max residual 2.0e-02, nfev 338, 9s)
16:57:38   shoot k=4 restart 5: closes, gate=indeterminate worst=0.974
16:57:42   shoot k=4 restart 6: closes, gate=indeterminate worst=0.974
16:57:59   shoot k=4 restart 7/20: no closure (max residual 6.9e-01, nfev 1440, 17s)
16:58:16   shoot k=4 restart 8/20: no closure (max residual 2.9e-01, nfev 1440, 17s)
16:58:16   shoot k=4 restart 9: closes, gate=indeterminate worst=0.974
16:58:16   shoot k=4 restart 10: closes, gate=indeterminate worst=0.974
16:58:34   shoot k=4 restart 11/20: no closure (max residual 4.9e-02, nfev 1440, 17s)
16:58:50   shoot k=4 restart 12/20: no closure (max residual 4.8e+01, nfev 1440, 16s)
16:58:54   shoot k=4 restart 13/20: no closure (max residual 2.0e-02, nfev 417, 4s)
16:59:11   shoot k=4 restart 14/20: no closure (max residual 1.2e-01, nfev 1440, 17s)
16:59:27   shoot k=4 restart 15/20: no closure (max residual 4.9e-01, nfev 1440, 17s)
16:59:51   shoot k=4 restart 16/20: no closure (max residual 3.3e-01, nfev 1440, 24s)
16:59:51   shoot k=4 restart 17: closes, gate=indeterminate worst=0.974
16:59:52   shoot k=4 restart 18: closes, gate=indeterminate worst=0.974
16:59:52   shoot k=4 restart 19: closes, gate=indeterminate worst=0.974
16:59:53   shoot k=5 restart 0: closes, gate=indeterminate worst=0.991
17:00:22   shoot k=5 restart 1/20: no closure (max residual 4.8e-01, nfev 1800, 29s)
17:00:47   shoot k=5 restart 2/20: no closure (max residual 4.5e-01, nfev 1800, 26s)
17:01:13   shoot k=5 restart 3/20: no closure (max residual 4.2e-01, nfev 1800, 26s)
17:01:16   shoot k=5 restart 4: closes, gate=fail worst=1.413
17:01:42   shoot k=5 restart 5/20: no closure (max residual 3.5e-01, nfev 1800, 26s)
17:01:44   shoot k=5 restart 6: closes, gate=indeterminate worst=0.991
17:01:44   shoot k=5 restart 7: closes, gate=indeterminate worst=0.991
17:01:44   shoot k=5 restart 8: closes, gate=fail worst=2.861
17:01:45   shoot k=5 restart 9: closes, gate=indeterminate worst=0.991
17:02:10   shoot k=5 restart 10/20: no closure (max residual 5.3e-01, nfev 1800, 25s)
17:02:35   shoot k=5 restart 11/20: no closure (max residual 1.0e+00, nfev 1800, 25s)
17:02:37   shoot k=5 restart 12: closes, gate=indeterminate worst=0.991
17:02:37   shoot k=5 restart 13: closes, gate=indeterminate worst=0.991
17:03:00   shoot k=5 restart 14/20: no closure (max residual 1.8e+00, nfev 1800, 22s)
17:03:22   shoot k=5 restart 15/20: no closure (max residual 8.1e-01, nfev 1800, 23s)
17:03:46   shoot k=5 restart 16/20: no closure (max residual 2.0e-01, nfev 1800, 24s)
17:04:11   shoot k=5 restart 17/20: no closure (max residual 2.2e-01, nfev 1800, 24s)
17:04:11   shoot k=5 restart 18: closes, gate=indeterminate worst=0.991
17:04:39   shoot k=5 restart 19/20: no closure (max residual 6.9e-01, nfev 1800, 28s)
17:04:39   shoot k=6 restart 0: closes, gate=indeterminate worst=0.992
17:04:40   shoot k=6 restart 1/20: no closure (max residual 2.8e+02, nfev 37, 1s)
17:04:51   shoot k=6 restart 2/20: no closure (max residual 8.2e-01, nfev 582, 11s)
17:05:26   shoot k=6 restart 3/20: no closure (max residual 6.8e-02, nfev 2160, 35s)
17:06:08   shoot k=6 restart 4/20: no closure (max residual 2.6e-01, nfev 2160, 43s)
17:06:14   shoot k=6 restart 5/20: no closure (max residual 2.0e-02, nfev 343, 6s)
17:06:57   shoot k=6 restart 6/20: no closure (max residual 3.0e-01, nfev 2160, 42s)
17:07:38   shoot k=6 restart 7/20: no closure (max residual 4.4e-01, nfev 2160, 41s)
17:08:18   shoot k=6 restart 8/20: no closure (max residual 1.1e-01, nfev 2160, 40s)
17:08:58   shoot k=6 restart 9/20: no closure (max residual 3.0e-01, nfev 2160, 40s)
17:09:42   shoot k=6 restart 10/20: no closure (max residual 5.6e-01, nfev 2160, 44s)
17:10:39   shoot k=6 restart 11/20: no closure (max residual 1.9e+00, nfev 2160, 57s)
17:10:43   shoot k=6 restart 12/20: no closure (max residual 2.8e+01, nfev 182, 4s)
17:11:34   shoot k=6 restart 13/20: no closure (max residual 1.6e+01, nfev 2160, 51s)
17:11:35   shoot k=6 restart 14: closes, gate=indeterminate worst=0.992
17:12:05   shoot k=6 restart 15/20: no closure (max residual 2.0e-01, nfev 2160, 31s)
17:12:34   shoot k=6 restart 16/20: no closure (max residual 2.6e-01, nfev 2160, 28s)
17:13:02   shoot k=6 restart 17/20: no closure (max residual 1.1e+00, nfev 2160, 28s)
17:13:02   shoot k=6 restart 18: closes, gate=indeterminate worst=0.992
17:13:30   shoot k=6 restart 19/20: no closure (max residual 1.8e-01, nfev 2160, 28s)
17:13:30   shoot k=7 restart 0: closes, gate=indeterminate worst=0.992
17:14:08   shoot k=7 restart 1/20: no closure (max residual 1.6e+00, nfev 2520, 38s)
17:14:08   shoot k=7 restart 2: closes, gate=indeterminate worst=0.992
17:14:09   shoot k=7 restart 3: closes, gate=indeterminate worst=0.992
17:14:47   shoot k=7 restart 4/20: no closure (max residual 3.5e-01, nfev 2520, 38s)
17:15:26   shoot k=7 restart 5/20: no closure (max residual 2.1e-01, nfev 2520, 39s)
17:15:26   shoot k=7 restart 6: closes, gate=indeterminate worst=0.992
17:15:27   shoot k=7 restart 7: closes, gate=indeterminate worst=0.992
17:15:28   shoot k=7 restart 8: closes, gate=indeterminate worst=0.992
17:16:06   shoot k=7 restart 9/20: no closure (max residual 1.1e+00, nfev 2520, 39s)
17:16:06   shoot k=7 restart 10: closes, gate=indeterminate worst=0.992
17:16:12   shoot k=7 restart 11/20: no closure (max residual 2.0e-02, nfev 469, 6s)
17:16:50   shoot k=7 restart 12/20: no closure (max residual 7.2e-01, nfev 2520, 38s)
17:17:23   shoot k=7 restart 13/20: no closure (max residual 8.7e-01, nfev 2520, 33s)
17:17:23   shoot k=7 restart 14: closes, gate=indeterminate worst=0.992
17:17:53   shoot k=7 restart 15/20: no closure (max residual 7.6e-01, nfev 2520, 30s)
17:17:54   shoot k=7 restart 16: closes, gate=indeterminate worst=0.992
17:18:22   shoot k=7 restart 17/20: no closure (max residual 1.5e-01, nfev 2520, 28s)
17:18:22   shoot k=7 restart 18: closes, gate=fail worst=5.074
17:18:52   shoot k=7 restart 19/20: no closure (max residual 1.5e+00, nfev 2520, 30s)
17:18:53   shoot k=8 restart 0: closes, gate=indeterminate worst=0.992
17:19:29   shoot k=8 restart 1/20: no closure (max residual 4.1e-01, nfev 2880, 37s)
17:19:30   shoot k=8 restart 2: closes, gate=indeterminate worst=0.992
17:20:07   shoot k=8 restart 3/20: no closure (max residual 4.6e-02, nfev 2880, 37s)
17:20:07   shoot k=8 restart 4: closes, gate=indeterminate worst=0.992
17:20:11   shoot k=8 restart 5/20: no closure (max residual 2.0e-02, nfev 364, 4s)
17:21:11   shoot k=8 restart 6: 25050 evals, best max|res| so far 2.77e-01 [60s]
17:21:14   shoot k=8 restart 6/20: no closure (max residual 2.8e-01, nfev 2880, 63s)
17:21:14   shoot k=8 restart 7: closes, gate=indeterminate worst=0.992
17:22:09   shoot k=8 restart 8/20: no closure (max residual 4.4e-01, nfev 2880, 55s)
17:23:09   shoot k=8 restart 9: 8052 evals, best max|res| so far 1.61e-01 [60s]
17:24:09   shoot k=8 restart 9: 17504 evals, best max|res| so far 1.61e-01 [120s]
17:24:29   shoot k=8 restart 9/20: no closure (max residual 2.0e-01, nfev 2880, 140s)
17:25:29   shoot k=8 restart 10: 14284 evals, best max|res| so far 6.50e-01 [60s]
17:26:13   shoot k=8 restart 10/20: no closure (max residual 6.5e-01, nfev 2880, 104s)
17:27:13   shoot k=8 restart 11: 13880 evals, best max|res| so far 1.04e+00 [60s]
17:28:00   shoot k=8 restart 11/20: no closure (max residual 1.0e+00, nfev 2880, 106s)
17:28:21   shoot k=8 restart 12/20: no closure (max residual 2.9e+00, nfev 718, 21s)
17:29:21   shoot k=8 restart 13: 24099 evals, best max|res| so far 3.88e-01 [60s]
17:29:24   shoot k=8 restart 13/20: no closure (max residual 3.9e-01, nfev 2880, 64s)
17:29:25   shoot k=8 restart 14: closes, gate=indeterminate worst=0.992
17:29:25   shoot k=8 restart 15: closes, gate=indeterminate worst=0.992
17:30:16   shoot k=8 restart 16/20: no closure (max residual 2.3e-01, nfev 2880, 50s)
17:31:07   shoot k=8 restart 17/20: no closure (max residual 2.3e-02, nfev 2880, 51s)
17:32:03   shoot k=8 restart 18/20: no closure (max residual 2.7e-02, nfev 2880, 56s)
17:32:53   shoot k=8 restart 19/20: no closure (max residual 6.1e-01, nfev 2880, 51s)
17:32:54   shoot k=9 restart 0: closes, gate=indeterminate worst=0.992
17:33:46   shoot k=9 restart 1/20: no closure (max residual 5.6e-01, nfev 3240, 52s)
17:34:39   shoot k=9 restart 2/20: no closure (max residual 6.9e-02, nfev 3240, 53s)
17:35:39   shoot k=9 restart 3: 19897 evals, best max|res| so far 5.57e-01 [60s]
17:36:25   shoot k=9 restart 3/20: no closure (max residual 5.6e-01, nfev 3240, 106s)
17:36:26   shoot k=9 restart 4: closes, gate=fail worst=4.810
17:37:26   shoot k=9 restart 5: 17113 evals, best max|res| so far 1.97e-01 [60s]
17:38:04   shoot k=9 restart 5/20: no closure (max residual 2.0e-01, nfev 3240, 98s)
17:39:04   shoot k=9 restart 6: 12435 evals, best max|res| so far 4.90e-01 [60s]
17:40:04   shoot k=9 restart 6: 29102 evals, best max|res| so far 4.77e-01 [120s]
17:40:04   shoot k=9 restart 6/20: no closure (max residual 4.8e-01, nfev 3240, 120s)
17:41:04   shoot k=9 restart 7: 18208 evals, best max|res| so far 6.52e-01 [60s]
17:41:48   shoot k=9 restart 7/20: no closure (max residual 6.5e-01, nfev 3240, 105s)
17:42:48   shoot k=9 restart 8: 11774 evals, best max|res| so far 4.99e-02 [60s]
17:43:48   shoot k=9 restart 8: 22615 evals, best max|res| so far 4.59e-02 [120s]
17:44:23   shoot k=9 restart 8/20: no closure (max residual 4.4e-02, nfev 3240, 155s)
17:45:23   shoot k=9 restart 9: 12001 evals, best max|res| so far 4.48e-01 [60s]
17:46:14   shoot k=9 restart 9/20: no closure (max residual 4.5e-01, nfev 3240, 110s)
17:46:15   shoot k=9 restart 10: closes, gate=fail worst=4.810
17:46:15   shoot k=9 restart 11: closes, gate=indeterminate worst=0.992
17:47:15   shoot k=9 restart 12: 17402 evals, best max|res| so far 1.88e-02 [60s]
17:48:16   shoot k=9 restart 12: 28439 evals, best max|res| so far 1.88e-02 [120s]
17:48:24   shoot k=9 restart 12/20: no closure (max residual 2.0e-02, nfev 3240, 129s)
17:48:32   shoot k=9 restart 13: closes, gate=indeterminate worst=0.992
17:48:33   shoot k=9 restart 14: closes, gate=indeterminate worst=0.992
17:48:34   shoot k=9 restart 15: closes, gate=fail worst=4.810
17:49:34   shoot k=9 restart 16: 11614 evals, best max|res| so far 5.35e-01 [60s]
17:50:34   shoot k=9 restart 16: 25540 evals, best max|res| so far 5.13e-01 [120s]
17:50:50   shoot k=9 restart 16/20: no closure (max residual 5.1e-01, nfev 3240, 135s)
17:50:52   shoot k=9 restart 17: closes, gate=fail worst=1.358
17:50:55   shoot k=9 restart 18: closes, gate=indeterminate worst=0.992
17:50:57   shoot k=9 restart 19/20: no closure (max residual 2.7e+02, nfev 45, 2s)
17:51:01   shoot k=10 restart 0: closes, gate=indeterminate worst=0.992
17:51:02   shoot k=10 restart 1: closes, gate=indeterminate worst=0.992
17:52:02   shoot k=10 restart 2: 8837 evals, best max|res| so far 1.34e+00 [60s]
17:53:02   shoot k=10 restart 2: 18613 evals, best max|res| so far 1.33e+00 [120s]
17:54:02   shoot k=10 restart 2: 31502 evals, best max|res| so far 1.33e+00 [180s]
17:54:06   shoot k=10 restart 2/20: no closure (max residual 1.3e+00, nfev 3600, 183s)
17:55:06   shoot k=10 restart 3: 16157 evals, best max|res| so far 4.57e+00 [60s]
17:56:05   shoot k=10 restart 3/20: no closure (max residual 4.7e+00, nfev 3600, 119s)
17:57:05   shoot k=10 restart 4: 18265 evals, best max|res| so far 9.39e-02 [60s]
17:57:37   shoot k=10 restart 4/20: no closure (max residual 9.3e-02, nfev 3600, 92s)
17:57:38   shoot k=10 restart 5: closes, gate=indeterminate worst=0.992
17:57:39   shoot k=10 restart 6: closes, gate=indeterminate worst=0.992
17:58:39   shoot k=10 restart 7: 17854 evals, best max|res| so far 6.77e-01 [60s]
17:59:39   shoot k=10 restart 7: 27661 evals, best max|res| so far 6.72e-01 [120s]
18:00:11   shoot k=10 restart 7/20: no closure (max residual 6.7e-01, nfev 3600, 153s)
18:01:11   shoot k=10 restart 8: 9449 evals, best max|res| so far 4.13e-01 [60s]
18:02:11   shoot k=10 restart 8: 14113 evals, best max|res| so far 3.99e-01 [120s]
18:03:11   shoot k=10 restart 8: 18860 evals, best max|res| so far 3.84e-01 [180s]
18:04:12   shoot k=10 restart 8: 22796 evals, best max|res| so far 3.76e-01 [240s]
18:05:12   shoot k=10 restart 8: 28617 evals, best max|res| so far 3.69e-01 [300s]
18:05:59   shoot k=10 restart 8/20: no closure (max residual 3.7e-01, nfev 3600, 347s)
18:06:59   shoot k=10 restart 9: 9860 evals, best max|res| so far 1.39e-01 [60s]
18:07:59   shoot k=10 restart 9: 17805 evals, best max|res| so far 1.30e-01 [120s]
18:08:59   shoot k=10 restart 9: 28666 evals, best max|res| so far 1.18e-01 [180s]
18:09:20   shoot k=10 restart 9/20: no closure (max residual 1.1e-01, nfev 3600, 201s)
18:09:21   shoot k=10 restart 10: closes, gate=indeterminate worst=0.992
18:10:21   shoot k=10 restart 11: 9769 evals, best max|res| so far 1.10e+00 [60s]
18:11:21   shoot k=10 restart 11: 18958 evals, best max|res| so far 1.10e+00 [120s]
18:12:21   shoot k=10 restart 11: 29061 evals, best max|res| so far 1.10e+00 [180s]
18:12:41   shoot k=10 restart 11/20: no closure (max residual 1.1e+00, nfev 3600, 200s)
18:13:41   shoot k=10 restart 12: 9849 evals, best max|res| so far 5.69e-01 [60s]
18:14:41   shoot k=10 restart 12: 18954 evals, best max|res| so far 5.63e-01 [120s]
18:15:41   shoot k=10 restart 12: 23281 evals, best max|res| so far 5.62e-01 [180s]
18:16:41   shoot k=10 restart 12: 27911 evals, best max|res| so far 5.60e-01 [240s]
18:17:41   shoot k=10 restart 12: 30483 evals, best max|res| so far 5.60e-01 [300s]
18:18:34   shoot k=10 restart 12/20: no closure (max residual 5.6e-01, nfev 3600, 353s)
18:19:34   shoot k=10 restart 13: 5002 evals, best max|res| so far 2.19e+00 [60s]
18:20:34   shoot k=10 restart 13: 6852 evals, best max|res| so far 2.07e+00 [120s]
18:21:34   shoot k=10 restart 13: 14244 evals, best max|res| so far 1.99e+00 [180s]
18:22:34   shoot k=10 restart 13: 16237 evals, best max|res| so far 1.99e+00 [240s]
18:23:34   shoot k=10 restart 13: 21837 evals, best max|res| so far 1.99e+00 [300s]
18:24:34   shoot k=10 restart 13: 26140 evals, best max|res| so far 1.99e+00 [360s]
18:25:34   shoot k=10 restart 13: 28977 evals, best max|res| so far 1.99e+00 [420s]
18:26:34   shoot k=10 restart 13: 31677 evals, best max|res| so far 1.99e+00 [480s]
18:26:38   shoot k=10 restart 13/20: no closure (max residual 2.0e+00, nfev 3600, 484s)
18:27:38   shoot k=10 restart 14: 4147 evals, best max|res| so far 1.11e-01 [60s]
18:28:38   shoot k=10 restart 14: 10134 evals, best max|res| so far 1.04e-01 [120s]
18:29:38   shoot k=10 restart 14: 17956 evals, best max|res| so far 1.01e-01 [180s]
18:30:38   shoot k=10 restart 14: 21305 evals, best max|res| so far 1.00e-01 [240s]
18:31:33   shoot k=10 restart 14/20: no closure (max residual 9.9e-02, nfev 3600, 295s)
18:31:34   shoot k=10 restart 15: closes, gate=indeterminate worst=0.992
18:32:34   shoot k=10 restart 16: 11135 evals, best max|res| so far 7.42e-01 [60s]
18:33:34   shoot k=10 restart 16: 21242 evals, best max|res| so far 5.87e-01 [120s]
18:34:34   shoot k=10 restart 16: 32118 evals, best max|res| so far 5.86e-01 [180s]
18:34:34   shoot k=10 restart 16/20: no closure (max residual 5.9e-01, nfev 3600, 181s)
18:35:34   shoot k=10 restart 17: 10181 evals, best max|res| so far 3.92e-01 [60s]
18:36:34   shoot k=10 restart 17: 20029 evals, best max|res| so far 3.89e-01 [120s]
18:37:34   shoot k=10 restart 17: 29770 evals, best max|res| so far 3.87e-01 [180s]
18:37:55   shoot k=10 restart 17/20: no closure (max residual 3.9e-01, nfev 3600, 200s)
18:37:58   shoot k=10 restart 18: closes, gate=fail worst=1.358
18:38:58   shoot k=10 restart 19: 8885 evals, best max|res| so far 4.64e-01 [60s]
18:39:58   shoot k=10 restart 19: 15930 evals, best max|res| so far 4.47e-01 [120s]
18:40:58   shoot k=10 restart 19: 17518 evals, best max|res| so far 4.45e-01 [180s]
18:41:58   shoot k=10 restart 19: 22688 evals, best max|res| so far 4.36e-01 [240s]
18:42:58   shoot k=10 restart 19: 31779 evals, best max|res| so far 4.21e-01 [300s]
18:43:02   shoot k=10 restart 19/20: no closure (max residual 4.2e-01, nfev 3600, 304s)
DONE
