20:16:04 gc epoch 0 (JD 2456562.9) blend lam=1.0000 conv=True res=8.5e-12 gate=pass worst=0.961 [elapsed 0s]
20:16:04   shoot k=1 restart 0: closes, gate=fail worst=4.666
20:16:04   shoot k=1 restart 1/20: no closure (max residual 2.1e-02, nfev 164, 0s)
20:16:04   shoot k=1 restart 2: closes, gate=pass worst=0.964
20:16:04   shoot k=1 restart 3/20: no closure (max residual 2.1e-02, nfev 144, 0s)
20:16:04   shoot k=1 restart 4/20: no closure (max residual 2.1e-02, nfev 180, 0s)
20:16:04   shoot k=1 restart 5: closes, gate=pass worst=0.964
20:16:05   shoot k=1 restart 6: closes, gate=pass worst=0.964
20:16:05   shoot k=1 restart 7/20: no closure (max residual 2.1e-02, nfev 259, 0s)
20:16:05   shoot k=1 restart 8: closes, gate=fail worst=1.144
20:16:05   shoot k=1 restart 9: closes, gate=fail worst=1.134
20:16:06   shoot k=1 restart 10: closes, gate=pass worst=0.964
20:16:06   shoot k=1 restart 11: closes, gate=pass worst=0.964
20:16:06   shoot k=1 restart 12/20: no closure (max residual 2.1e-02, nfev 175, 0s)
20:16:06   shoot k=1 restart 13: closes, gate=pass worst=0.964
20:16:06   shoot k=1 restart 14: closes, gate=pass worst=0.964
20:16:06   shoot k=1 restart 15: closes, gate=pass worst=0.964
20:16:07   shoot k=1 restart 16: closes, gate=pass worst=0.964
20:16:07   shoot k=1 restart 17/20: no closure (max residual 2.1e-02, nfev 186, 0s)
20:16:07   shoot k=1 restart 18: closes, gate=pass worst=0.964
20:16:07   shoot k=1 restart 19: closes, gate=fail worst=1.134
20:16:07   shoot k=2 restart 0: closes, gate=indeterminate worst=0.973
20:16:09   shoot k=2 restart 1/20: no closure (max residual 5.3e+00, nfev 720, 2s)
20:16:09   shoot k=2 restart 2: closes, gate=indeterminate worst=0.973
20:16:12   shoot k=2 restart 3/20: no closure (max residual 1.8e-02, nfev 720, 2s)
20:16:12   shoot k=2 restart 4: closes, gate=fail worst=1.344
20:16:15   shoot k=2 restart 5/20: no closure (max residual 5.2e-02, nfev 720, 3s)
20:16:15   shoot k=2 restart 6: closes, gate=indeterminate worst=0.973
20:16:15   shoot k=2 restart 7: closes, gate=indeterminate worst=0.973
20:16:15   shoot k=2 restart 8: closes, gate=indeterminate worst=0.973
20:16:17   shoot k=2 restart 9/20: no closure (max residual 2.4e-02, nfev 720, 2s)
20:16:20   shoot k=2 restart 10/20: no closure (max residual 4.0e-01, nfev 720, 2s)
20:16:22   shoot k=2 restart 11/20: no closure (max residual 7.9e+00, nfev 720, 2s)
20:16:22   shoot k=2 restart 12: closes, gate=indeterminate worst=0.973
20:16:23   shoot k=2 restart 13/20: no closure (max residual 4.4e-03, nfev 336, 1s)
20:16:26   shoot k=2 restart 14/20: no closure (max residual 4.7e-01, nfev 720, 2s)
20:16:28   shoot k=2 restart 15/20: no closure (max residual 3.5e-01, nfev 720, 2s)
20:16:30   shoot k=2 restart 16/20: no closure (max residual 2.4e-02, nfev 720, 2s)
20:16:33   shoot k=2 restart 17/20: no closure (max residual 3.2e-02, nfev 720, 2s)
20:16:33   shoot k=2 restart 18: closes, gate=indeterminate worst=0.973
20:16:36   shoot k=2 restart 19/20: no closure (max residual 4.4e-02, nfev 720, 3s)
20:16:36   shoot k=3 restart 0: closes, gate=indeterminate worst=0.974
20:16:43   shoot k=3 restart 1/20: no closure (max residual 1.7e-01, nfev 1080, 7s)
20:16:45   shoot k=3 restart 2/20: no closure (max residual 2.0e-02, nfev 378, 2s)
20:16:45   shoot k=3 restart 3: closes, gate=fail worst=4.574
20:16:47   shoot k=3 restart 4/20: no closure (max residual 2.0e-02, nfev 276, 2s)
20:16:48   shoot k=3 restart 5/20: no closure (max residual 1.0e+00, nfev 46, 0s)
20:16:54   shoot k=3 restart 6/20: no closure (max residual 1.7e-01, nfev 1080, 6s)
20:17:01   shoot k=3 restart 7/20: no closure (max residual 7.0e-01, nfev 1080, 7s)
20:17:01   shoot k=3 restart 8: closes, gate=indeterminate worst=0.974
20:17:01   shoot k=3 restart 9: closes, gate=indeterminate worst=0.974
20:17:03   shoot k=3 restart 10/20: no closure (max residual 4.2e-01, nfev 270, 2s)
20:17:04   shoot k=3 restart 11: closes, gate=fail worst=2.848
20:17:04   shoot k=3 restart 12: closes, gate=indeterminate worst=0.974
20:17:04   shoot k=3 restart 13: closes, gate=indeterminate worst=0.974
20:17:06   shoot k=3 restart 14: closes, gate=fail worst=1.351
20:17:14   shoot k=3 restart 15/20: no closure (max residual 3.6e-01, nfev 1080, 8s)
20:17:22   shoot k=3 restart 16/20: no closure (max residual 2.9e-01, nfev 1080, 8s)
20:17:29   shoot k=3 restart 17/20: no closure (max residual 9.1e-02, nfev 1080, 8s)
20:17:37   shoot k=3 restart 18/20: no closure (max residual 1.2e+00, nfev 1080, 8s)
20:17:39   shoot k=3 restart 19/20: no closure (max residual 2.0e-02, nfev 375, 2s)
20:17:40   shoot k=4 restart 0: closes, gate=indeterminate worst=0.974
20:17:53   shoot k=4 restart 1/20: no closure (max residual 8.2e-01, nfev 1440, 13s)
20:18:07   shoot k=4 restart 2/20: no closure (max residual 5.5e-01, nfev 1440, 14s)
20:18:08   shoot k=4 restart 3: closes, gate=indeterminate worst=0.974
20:18:10   shoot k=4 restart 4/20: no closure (max residual 2.0e-02, nfev 347, 3s)
20:18:11   shoot k=4 restart 5: closes, gate=indeterminate worst=0.974
20:18:13   shoot k=4 restart 6: closes, gate=indeterminate worst=0.974
20:18:28   shoot k=4 restart 7/20: no closure (max residual 6.9e-01, nfev 1440, 15s)
20:18:46   shoot k=4 restart 8/20: no closure (max residual 2.9e-01, nfev 1440, 18s)
20:18:47   shoot k=4 restart 9: closes, gate=indeterminate worst=0.974
20:18:47   shoot k=4 restart 10: closes, gate=indeterminate worst=0.974
20:19:05   shoot k=4 restart 11/20: no closure (max residual 4.9e-02, nfev 1440, 18s)
20:19:22   shoot k=4 restart 12/20: no closure (max residual 9.7e-01, nfev 1440, 17s)
20:19:26   shoot k=4 restart 13/20: no closure (max residual 2.0e-02, nfev 365, 4s)
20:19:44   shoot k=4 restart 14/20: no closure (max residual 1.2e-01, nfev 1440, 17s)
20:20:02   shoot k=4 restart 15/20: no closure (max residual 4.9e-01, nfev 1440, 19s)
20:20:20   shoot k=4 restart 16/20: no closure (max residual 3.3e-01, nfev 1440, 17s)
20:20:20   shoot k=4 restart 17: closes, gate=indeterminate worst=0.974
20:20:21   shoot k=4 restart 18: closes, gate=indeterminate worst=0.974
20:20:21   shoot k=4 restart 19: closes, gate=indeterminate worst=0.974
20:20:22   shoot k=5 restart 0: closes, gate=indeterminate worst=0.991
20:20:49   shoot k=5 restart 1/20: no closure (max residual 4.8e-01, nfev 1800, 28s)
20:21:16   shoot k=5 restart 2/20: no closure (max residual 4.5e-01, nfev 1800, 27s)
20:21:43   shoot k=5 restart 3/20: no closure (max residual 2.4e-01, nfev 1800, 27s)
20:21:47   shoot k=5 restart 4: closes, gate=fail worst=1.413
20:22:14   shoot k=5 restart 5/20: no closure (max residual 3.4e-01, nfev 1800, 27s)
20:22:15   shoot k=5 restart 6: closes, gate=indeterminate worst=0.991
20:22:16   shoot k=5 restart 7: closes, gate=indeterminate worst=0.991
20:22:16   shoot k=5 restart 8: closes, gate=fail worst=2.861
20:22:16   shoot k=5 restart 9: closes, gate=indeterminate worst=0.991
20:22:43   shoot k=5 restart 10/20: no closure (max residual 5.3e-01, nfev 1800, 27s)
20:23:10   shoot k=5 restart 11/20: no closure (max residual 1.0e+00, nfev 1800, 28s)
20:23:12   shoot k=5 restart 12: closes, gate=indeterminate worst=0.991
20:23:13   shoot k=5 restart 13: closes, gate=indeterminate worst=0.991
20:23:41   shoot k=5 restart 14/20: no closure (max residual 1.5e+00, nfev 1800, 28s)
20:24:09   shoot k=5 restart 15/20: no closure (max residual 1.2e+00, nfev 1800, 28s)
20:24:36   shoot k=5 restart 16/20: no closure (max residual 2.0e-01, nfev 1800, 27s)
20:25:04   shoot k=5 restart 17/20: no closure (max residual 2.2e-01, nfev 1800, 28s)
20:25:05   shoot k=5 restart 18: closes, gate=indeterminate worst=0.991
20:25:33   shoot k=5 restart 19/20: no closure (max residual 1.2e+00, nfev 1800, 28s)
20:25:33   shoot k=6 restart 0: closes, gate=indeterminate worst=0.992
20:25:34   shoot k=6 restart 1/20: no closure (max residual 2.8e+02, nfev 37, 1s)
20:25:50   shoot k=6 restart 2/20: no closure (max residual 7.8e-01, nfev 786, 16s)
20:26:32   shoot k=6 restart 3/20: no closure (max residual 1.4e-01, nfev 2160, 42s)
20:27:14   shoot k=6 restart 4/20: no closure (max residual 2.6e-01, nfev 2160, 43s)
20:27:16   shoot k=6 restart 5/20: no closure (max residual 2.0e-02, nfev 85, 1s)
20:27:57   shoot k=6 restart 6/20: no closure (max residual 3.0e-01, nfev 2160, 42s)
20:28:38   shoot k=6 restart 7/20: no closure (max residual 4.4e-01, nfev 2160, 41s)
20:29:21   shoot k=6 restart 8/20: no closure (max residual 1.1e-01, nfev 2160, 42s)
20:30:02   shoot k=6 restart 9/20: no closure (max residual 3.0e-01, nfev 2160, 42s)
20:30:39   shoot k=6 restart 10/20: no closure (max residual 1.5e+00, nfev 2160, 37s)
20:31:13   shoot k=6 restart 11/20: no closure (max residual 1.9e+00, nfev 2160, 34s)
20:31:16   shoot k=6 restart 12/20: no closure (max residual 2.8e+01, nfev 220, 3s)
20:31:51   shoot k=6 restart 13/20: no closure (max residual 8.2e+00, nfev 2160, 35s)
20:31:52   shoot k=6 restart 14: closes, gate=indeterminate worst=0.992
20:32:22   shoot k=6 restart 15/20: no closure (max residual 2.0e-01, nfev 2160, 31s)
20:32:52   shoot k=6 restart 16/20: no closure (max residual 2.6e-01, nfev 2160, 30s)
20:33:21   shoot k=6 restart 17/20: no closure (max residual 1.1e+00, nfev 2160, 29s)
20:33:22   shoot k=6 restart 18: closes, gate=indeterminate worst=0.992
20:33:49   shoot k=6 restart 19/20: no closure (max residual 1.8e-01, nfev 2160, 27s)
20:33:49   shoot k=7 restart 0: closes, gate=indeterminate worst=0.992
20:34:23   shoot k=7 restart 1/20: no closure (max residual 2.8e-01, nfev 2520, 34s)
20:34:23   shoot k=7 restart 2: closes, gate=indeterminate worst=0.992
20:34:23   shoot k=7 restart 3: closes, gate=indeterminate worst=0.992
20:34:54   shoot k=7 restart 4/20: no closure (max residual 3.6e-01, nfev 2520, 31s)
20:35:26   shoot k=7 restart 5/20: no closure (max residual 2.1e-01, nfev 2520, 32s)
20:35:27   shoot k=7 restart 6: closes, gate=indeterminate worst=0.992
20:35:27   shoot k=7 restart 7: closes, gate=indeterminate worst=0.992
20:35:28   shoot k=7 restart 8: closes, gate=indeterminate worst=0.992
20:36:00   shoot k=7 restart 9/20: no closure (max residual 9.5e-01, nfev 2520, 32s)
20:36:00   shoot k=7 restart 10: closes, gate=indeterminate worst=0.992
20:36:05   shoot k=7 restart 11/20: no closure (max residual 2.0e-02, nfev 521, 5s)
20:36:38   shoot k=7 restart 12/20: no closure (max residual 7.2e-01, nfev 2520, 33s)
20:37:07   shoot k=7 restart 13/20: no closure (max residual 8.7e-01, nfev 2520, 29s)
20:37:08   shoot k=7 restart 14: closes, gate=indeterminate worst=0.992
20:37:34   shoot k=7 restart 15/20: no closure (max residual 7.6e-01, nfev 2520, 27s)
20:37:35   shoot k=7 restart 16: closes, gate=indeterminate worst=0.992
20:38:02   shoot k=7 restart 17/20: no closure (max residual 1.5e-01, nfev 2520, 26s)
20:38:02   shoot k=7 restart 18: closes, gate=fail worst=5.074
20:38:33   shoot k=7 restart 19/20: no closure (max residual 1.5e+00, nfev 2520, 32s)
20:38:35   shoot k=8 restart 0: closes, gate=indeterminate worst=0.992
20:39:15   shoot k=8 restart 1/20: no closure (max residual 4.1e-01, nfev 2880, 41s)
20:39:15   shoot k=8 restart 2: closes, gate=indeterminate worst=0.992
20:40:15   shoot k=8 restart 3: 22636 evals, best max|res| so far 4.69e-02 [60s]
20:40:37   shoot k=8 restart 3/20: no closure (max residual 4.6e-02, nfev 2880, 82s)
20:40:38   shoot k=8 restart 4: closes, gate=indeterminate worst=0.992
20:41:01   shoot k=8 restart 5/20: no closure (max residual 2.0e-02, nfev 378, 22s)
20:42:01   shoot k=8 restart 6: 6642 evals, best max|res| so far 3.05e-01 [60s]
20:43:01   shoot k=8 restart 6: 9406 evals, best max|res| so far 3.01e-01 [120s]
20:44:01   shoot k=8 restart 6: 11553 evals, best max|res| so far 2.97e-01 [180s]
20:45:01   shoot k=8 restart 6: 18083 evals, best max|res| so far 2.84e-01 [240s]
20:46:01   shoot k=8 restart 6: 24603 evals, best max|res| so far 2.77e-01 [300s]
20:46:12   shoot k=8 restart 6/20: no closure (max residual 2.8e-01, nfev 2880, 311s)
20:46:13   shoot k=8 restart 7: closes, gate=indeterminate worst=0.992
20:47:13   shoot k=8 restart 8: 6364 evals, best max|res| so far 5.40e-01 [60s]
20:48:13   shoot k=8 restart 8: 13596 evals, best max|res| so far 5.02e-01 [120s]
20:49:14   shoot k=8 restart 8: 20232 evals, best max|res| so far 4.79e-01 [180s]
20:49:58   shoot k=8 restart 8/20: no closure (max residual 4.6e-01, nfev 2880, 224s)
20:50:58   shoot k=8 restart 9: 7170 evals, best max|res| so far 1.61e-01 [60s]
20:51:58   shoot k=8 restart 9: 14534 evals, best max|res| so far 1.61e-01 [120s]
20:52:58   shoot k=8 restart 9: 21469 evals, best max|res| so far 1.61e-01 [180s]
20:53:09   shoot k=8 restart 9/20: no closure (max residual 2.0e-01, nfev 2880, 192s)
20:54:09   shoot k=8 restart 10: 7456 evals, best max|res| so far 6.55e-01 [60s]
20:55:09   shoot k=8 restart 10: 15148 evals, best max|res| so far 6.55e-01 [120s]
20:56:09   shoot k=8 restart 10: 22240 evals, best max|res| so far 6.54e-01 [180s]
20:56:39   shoot k=8 restart 10/20: no closure (max residual 6.5e-01, nfev 2880, 209s)
20:57:39   shoot k=8 restart 11: 6468 evals, best max|res| so far 1.15e+00 [60s]
20:58:39   shoot k=8 restart 11: 13463 evals, best max|res| so far 1.13e+00 [120s]
20:59:39   shoot k=8 restart 11: 20489 evals, best max|res| so far 1.12e+00 [180s]
21:00:21   shoot k=8 restart 11/20: no closure (max residual 1.1e+00, nfev 2880, 222s)
21:01:12   shoot k=8 restart 12/20: no closure (max residual 2.9e+00, nfev 635, 51s)
21:02:12   shoot k=8 restart 13: 6438 evals, best max|res| so far 4.13e-01 [60s]
21:03:12   shoot k=8 restart 13: 13001 evals, best max|res| so far 4.01e-01 [120s]
21:04:12   shoot k=8 restart 13: 19338 evals, best max|res| so far 3.94e-01 [180s]
21:05:12   shoot k=8 restart 13: 24902 evals, best max|res| so far 3.88e-01 [240s]
21:05:22   shoot k=8 restart 13/20: no closure (max residual 3.9e-01, nfev 2880, 250s)
21:05:27   shoot k=8 restart 14: closes, gate=indeterminate worst=0.992
21:05:29   shoot k=8 restart 15: closes, gate=indeterminate worst=0.992
21:06:29   shoot k=8 restart 16: 5121 evals, best max|res| so far 2.30e-01 [60s]
21:07:29   shoot k=8 restart 16: 10310 evals, best max|res| so far 2.30e-01 [120s]
21:08:29   shoot k=8 restart 16: 18069 evals, best max|res| so far 2.30e-01 [180s]
21:09:29   shoot k=8 restart 16: 23941 evals, best max|res| so far 2.30e-01 [240s]
21:09:38   shoot k=8 restart 16/20: no closure (max residual 2.3e-01, nfev 2880, 249s)
21:10:38   shoot k=8 restart 17: 6200 evals, best max|res| so far 1.22e-01 [60s]
21:11:38   shoot k=8 restart 17: 12425 evals, best max|res| so far 5.70e-02 [120s]
21:12:38   shoot k=8 restart 17: 18549 evals, best max|res| so far 2.68e-02 [180s]
21:13:00   shoot k=8 restart 17/20: no closure (max residual 2.2e-02, nfev 2880, 202s)
21:14:00   shoot k=8 restart 18: 6757 evals, best max|res| so far 2.86e-02 [60s]
21:15:00   shoot k=8 restart 18: 12753 evals, best max|res| so far 2.77e-02 [120s]
21:16:00   shoot k=8 restart 18: 18700 evals, best max|res| so far 2.74e-02 [180s]
21:17:00   shoot k=8 restart 18: 25063 evals, best max|res| so far 2.73e-02 [240s]
21:17:06   shoot k=8 restart 18/20: no closure (max residual 2.7e-02, nfev 2880, 246s)
21:18:06   shoot k=8 restart 19: 7535 evals, best max|res| so far 6.13e-01 [60s]
21:19:06   shoot k=8 restart 19: 14487 evals, best max|res| so far 6.12e-01 [120s]
21:20:06   shoot k=8 restart 19: 20872 evals, best max|res| so far 6.12e-01 [180s]
21:20:49   shoot k=8 restart 19/20: no closure (max residual 6.1e-01, nfev 2880, 223s)
21:20:55   shoot k=9 restart 0: closes, gate=indeterminate worst=0.992
21:21:55   shoot k=9 restart 1: 5774 evals, best max|res| so far 5.61e-01 [60s]
21:22:55   shoot k=9 restart 1: 11956 evals, best max|res| so far 5.60e-01 [120s]
21:23:55   shoot k=9 restart 1: 17669 evals, best max|res| so far 5.59e-01 [180s]
21:24:55   shoot k=9 restart 1: 23224 evals, best max|res| so far 5.58e-01 [240s]
21:25:37   shoot k=9 restart 1/20: no closure (max residual 5.6e-01, nfev 3240, 282s)
21:26:37   shoot k=9 restart 2: 9463 evals, best max|res| so far 6.99e-02 [60s]
21:27:37   shoot k=9 restart 2: 20705 evals, best max|res| so far 6.91e-02 [120s]
21:28:14   shoot k=9 restart 2/20: no closure (max residual 6.9e-02, nfev 3240, 157s)
21:29:14   shoot k=9 restart 3: 13335 evals, best max|res| so far 6.53e+00 [60s]
21:30:14   shoot k=9 restart 3: 27534 evals, best max|res| so far 4.81e+00 [120s]
21:30:17   shoot k=9 restart 3/20: no closure (max residual 4.9e+00, nfev 3240, 123s)
21:30:18   shoot k=9 restart 4: closes, gate=fail worst=4.810
21:31:18   shoot k=9 restart 5: 13600 evals, best max|res| so far 1.98e-01 [60s]
21:32:18   shoot k=9 restart 5: 27028 evals, best max|res| so far 1.98e-01 [120s]
21:32:25   shoot k=9 restart 5/20: no closure (max residual 2.0e-01, nfev 3240, 127s)
21:33:25   shoot k=9 restart 6: 13937 evals, best max|res| so far 4.98e-01 [60s]
21:34:23   shoot k=9 restart 6/20: no closure (max residual 4.9e-01, nfev 3240, 119s)
21:35:23   shoot k=9 restart 7: 14995 evals, best max|res| so far 6.52e-01 [60s]
21:36:14   shoot k=9 restart 7/20: no closure (max residual 6.5e-01, nfev 3240, 111s)
21:37:14   shoot k=9 restart 8: 17069 evals, best max|res| so far 4.76e-02 [60s]
21:38:03   shoot k=9 restart 8/20: no closure (max residual 4.5e-02, nfev 3240, 109s)
21:39:03   shoot k=9 restart 9: 15500 evals, best max|res| so far 4.43e-01 [60s]
21:39:52   shoot k=9 restart 9/20: no closure (max residual 4.4e-01, nfev 3240, 109s)
21:39:53   shoot k=9 restart 10: closes, gate=indeterminate worst=0.992
21:39:54   shoot k=9 restart 11: closes, gate=indeterminate worst=0.992
21:40:54   shoot k=9 restart 12: 19264 evals, best max|res| so far 1.88e-02 [60s]
21:41:23   shoot k=9 restart 12/20: no closure (max residual 2.0e-02, nfev 3240, 89s)
21:41:27   shoot k=9 restart 13: closes, gate=indeterminate worst=0.992
21:41:28   shoot k=9 restart 14: closes, gate=indeterminate worst=0.992
21:41:29   shoot k=9 restart 15: closes, gate=fail worst=4.810
21:42:29   shoot k=9 restart 16: 20052 evals, best max|res| so far 3.82e-01 [60s]
21:42:52   shoot k=9 restart 16/20: no closure (max residual 3.8e-01, nfev 3240, 83s)
21:42:54   shoot k=9 restart 17: closes, gate=fail worst=1.358
21:42:56   shoot k=9 restart 18: closes, gate=indeterminate worst=0.992
21:42:57   shoot k=9 restart 19/20: no closure (max residual 2.7e+02, nfev 42, 1s)
21:42:59   shoot k=10 restart 0: closes, gate=indeterminate worst=0.992
21:43:00   shoot k=10 restart 1: closes, gate=indeterminate worst=0.992
21:44:00   shoot k=10 restart 2: 21094 evals, best max|res| so far 1.33e+00 [60s]
21:44:31   shoot k=10 restart 2/20: no closure (max residual 1.3e+00, nfev 3600, 91s)
21:45:31   shoot k=10 restart 3: 19882 evals, best max|res| so far 4.58e+00 [60s]
21:46:11   shoot k=10 restart 3/20: no closure (max residual 4.7e+00, nfev 3441, 99s)
21:47:11   shoot k=10 restart 4: 20912 evals, best max|res| so far 9.38e-02 [60s]
21:47:44   shoot k=10 restart 4/20: no closure (max residual 9.3e-02, nfev 3600, 94s)
21:47:45   shoot k=10 restart 5: closes, gate=indeterminate worst=0.992
21:47:46   shoot k=10 restart 6: closes, gate=indeterminate worst=0.992
21:48:46   shoot k=10 restart 7: 24501 evals, best max|res| so far 6.74e-01 [60s]
21:49:05   shoot k=10 restart 7/20: no closure (max residual 6.7e-01, nfev 3600, 78s)
21:50:05   shoot k=10 restart 8: 26154 evals, best max|res| so far 3.71e-01 [60s]
21:50:19   shoot k=10 restart 8/20: no closure (max residual 3.6e-01, nfev 3600, 74s)
21:51:19   shoot k=10 restart 9: 21434 evals, best max|res| so far 1.26e-01 [60s]
21:52:01   shoot k=10 restart 9/20: no closure (max residual 1.1e-01, nfev 3600, 102s)
21:52:01   shoot k=10 restart 10: closes, gate=indeterminate worst=0.992
21:53:01   shoot k=10 restart 11: 26033 evals, best max|res| so far 1.10e+00 [60s]
21:53:16   shoot k=10 restart 11/20: no closure (max residual 1.1e+00, nfev 3600, 74s)
21:54:16   shoot k=10 restart 12: 26985 evals, best max|res| so far 5.60e-01 [60s]
21:54:28   shoot k=10 restart 12/20: no closure (max residual 5.6e-01, nfev 3600, 72s)
21:55:28   shoot k=10 restart 13: 24254 evals, best max|res| so far 1.98e+00 [60s]
21:56:06   shoot k=10 restart 13/20: no closure (max residual 2.0e+00, nfev 3600, 98s)
21:57:06   shoot k=10 restart 14: 12836 evals, best max|res| so far 1.03e-01 [60s]
21:58:06   shoot k=10 restart 14: 25372 evals, best max|res| so far 9.99e-02 [120s]
21:58:40   shoot k=10 restart 14/20: no closure (max residual 9.9e-02, nfev 3600, 155s)
21:58:42   shoot k=10 restart 15/20: no closure (max residual 1.8e+00, nfev 42, 2s)
21:59:42   shoot k=10 restart 16: 12821 evals, best max|res| so far 4.42e-02 [60s]
22:00:42   shoot k=10 restart 16: 25395 evals, best max|res| so far 4.22e-02 [120s]
22:01:15   shoot k=10 restart 16/20: no closure (max residual 4.2e-02, nfev 3600, 153s)
22:02:15   shoot k=10 restart 17: 12583 evals, best max|res| so far 3.91e-01 [60s]
22:03:15   shoot k=10 restart 17: 25062 evals, best max|res| so far 3.88e-01 [120s]
22:03:49   shoot k=10 restart 17/20: no closure (max residual 3.9e-01, nfev 3600, 155s)
22:03:52   shoot k=10 restart 18: closes, gate=fail worst=1.358
22:04:52   shoot k=10 restart 19: 13005 evals, best max|res| so far 4.53e-01 [60s]
22:05:52   shoot k=10 restart 19: 25769 evals, best max|res| so far 4.30e-01 [120s]
22:06:24   shoot k=10 restart 19/20: no closure (max residual 4.2e-01, nfev 3600, 153s)
DONE
