15:56:44 gc epoch 0 (JD 2456550.4) blend lam=1.0000 conv=True res=6.4e-12 gate=pass worst=0.961 [elapsed 0s]
15:56:44   shoot restart 0/20: no closure (max residual 2.1e-03, nfev 30, 0s)
15:56:47   shoot restart 1/20: no closure (max residual 2.8e+00, nfev 360, 3s)
15:56:48   shoot restart 2/20: no closure (max residual 1.8e+00, nfev 55, 0s)
15:56:49   shoot restart 3/20: no closure (max residual 5.3e+00, nfev 360, 2s)
15:56:51   shoot restart 4/20: no closure (max residual 3.9e+00, nfev 360, 2s)
15:56:51   shoot restart 5/20: no closure (max residual 2.2e-01, nfev 88, 0s)
15:56:52   shoot restart 6/20: no closure (max residual inf, nfev 2, 0s)
15:56:52   shoot restart 7/20: no closure (max residual inf, nfev 2, 0s)
15:56:53   shoot restart 8/20: no closure (max residual 7.4e+00, nfev 360, 2s)
15:56:53   shoot restart 9/20: no closure (max residual inf, nfev 2, 0s)
15:56:55   shoot restart 10/20: no closure (max residual 8.9e-03, nfev 360, 2s)
15:56:55   shoot restart 11/20: no closure (max residual 5.0e-03, nfev 44, 0s)
15:56:57   shoot restart 12/20: no closure (max residual 7.1e+00, nfev 360, 2s)
15:56:57   shoot restart 13/20: no closure (max residual 3.1e-02, nfev 38, 0s)
15:56:59   shoot restart 14/20: no closure (max residual 8.8e+00, nfev 360, 2s)
15:56:59   shoot restart 15/20: no closure (max residual inf, nfev 2, 0s)
15:56:59   shoot restart 16/20: no closure (max residual inf, nfev 2, 0s)
15:57:00   shoot restart 17/20: no closure (max residual 4.7e+00, nfev 360, 2s)
15:57:01   shoot restart 18/20: no closure (max residual 5.4e+00, nfev 89, 1s)
15:57:02   shoot restart 19/20: no closure (max residual 3.2e+00, nfev 360, 2s)
15:57:03 gc epoch 1 (JD 2456550.4) blend lam=1.0000 conv=True res=6.8e-12 gate=pass worst=0.961 [elapsed 19s]
15:57:03   shoot restart 0/20: no closure (max residual 6.7e-04, nfev 29, 0s)
15:57:05   shoot restart 1/20: no closure (max residual 1.6e+00, nfev 360, 2s)
15:57:06   shoot restart 2/20: no closure (max residual 1.5e+00, nfev 360, 2s)
15:57:06   shoot restart 3/20: no closure (max residual inf, nfev 2, 0s)
15:57:08   shoot restart 4/20: no closure (max residual 7.5e+00, nfev 360, 2s)
15:57:08   shoot restart 5/20: no closure (max residual inf, nfev 2, 0s)
15:57:08   shoot restart 6/20: no closure (max residual inf, nfev 2, 0s)
15:57:10   shoot restart 7/20: no closure (max residual 1.4e+00, nfev 360, 2s)
15:57:11   shoot restart 8/20: no closure (max residual 9.9e+00, nfev 360, 2s)
15:57:12   shoot restart 9/20: no closure (max residual 1.9e-03, nfev 32, 0s)
15:57:13   shoot restart 10/20: no closure (max residual 2.8e+00, nfev 360, 2s)
15:57:13   shoot restart 11/20: no closure (max residual 2.2e-01, nfev 74, 0s)
15:57:14   shoot restart 12: closes, gate=fail worst=1.438
15:57:15   shoot restart 13/20: no closure (max residual 4.0e+00, nfev 360, 2s)
15:57:17   shoot restart 14/20: no closure (max residual 3.8e+00, nfev 360, 2s)
15:57:17   shoot restart 15/20: no closure (max residual inf, nfev 2, 0s)
15:57:17   shoot restart 16/20: no closure (max residual 5.7e-03, nfev 56, 0s)
15:57:17   shoot restart 17/20: no closure (max residual inf, nfev 2, 0s)
15:57:17   shoot restart 18/20: no closure (max residual 2.0e-02, nfev 43, 0s)
15:57:17   shoot restart 19/20: no closure (max residual inf, nfev 2, 0s)
15:57:18 gc epoch 2 (JD 2456562.9) blend lam=1.0000 conv=True res=7.5e-12 gate=pass worst=0.961 [elapsed 34s]
15:57:18   shoot restart 0: closes, gate=pass worst=0.964
15:57:18   shoot restart 1/20: no closure (max residual 5.0e+00, nfev 69, 0s)
15:57:18   shoot restart 2/20: no closure (max residual inf, nfev 2, 0s)
15:57:20   shoot restart 3/20: no closure (max residual 1.1e+01, nfev 360, 2s)
15:57:21   shoot restart 4/20: no closure (max residual 4.3e+00, nfev 360, 2s)
15:57:22   shoot restart 5/20: no closure (max residual inf, nfev 2, 0s)
15:57:22   shoot restart 6/20: no closure (max residual inf, nfev 2, 0s)
15:57:23   shoot restart 7/20: no closure (max residual 3.3e+00, nfev 360, 2s)
15:57:23   shoot restart 8: closes, gate=fail worst=4.244
15:57:25   shoot restart 9/20: no closure (max residual 7.8e+00, nfev 360, 2s)
15:57:25   shoot restart 10/20: no closure (max residual inf, nfev 2, 0s)
15:57:25   shoot restart 11: closes, gate=pass worst=0.964
15:57:25   shoot restart 12/20: no closure (max residual inf, nfev 2, 0s)
15:57:25   shoot restart 13/20: no closure (max residual inf, nfev 2, 0s)
15:57:25   shoot restart 14/20: no closure (max residual inf, nfev 2, 0s)
15:57:27   shoot restart 15/20: no closure (max residual 1.6e+00, nfev 360, 2s)
15:57:29   shoot restart 16/20: no closure (max residual 1.5e+00, nfev 360, 2s)
15:57:29   shoot restart 17/20: no closure (max residual inf, nfev 2, 0s)
15:57:31   shoot restart 18/20: no closure (max residual 2.5e-02, nfev 360, 2s)
15:57:33   shoot restart 19/20: no closure (max residual 5.7e+00, nfev 360, 2s)
15:57:33 gc epoch 3 (JD 2456562.9) blend lam=1.0000 conv=True res=4.5e-12 gate=pass worst=0.961 [elapsed 49s]
15:57:35   shoot restart 0/20: no closure (max residual 4.9e-02, nfev 360, 2s)
15:57:35   shoot restart 1/20: no closure (max residual 1.1e-01, nfev 78, 0s)
15:57:37   shoot restart 2/20: no closure (max residual 4.5e+00, nfev 360, 2s)
15:57:37   shoot restart 3/20: no closure (max residual inf, nfev 2, 0s)
15:57:38   shoot restart 4/20: no closure (max residual 2.2e-01, nfev 130, 1s)
15:57:38   shoot restart 5/20: no closure (max residual inf, nfev 2, 0s)
15:57:39   shoot restart 6/20: no closure (max residual 2.2e+00, nfev 360, 2s)
15:57:41   shoot restart 7/20: no closure (max residual 1.9e+00, nfev 360, 2s)
15:57:43   shoot restart 8/20: no closure (max residual 1.5e+00, nfev 360, 2s)
15:57:43   shoot restart 9/20: no closure (max residual inf, nfev 2, 0s)
15:57:43   shoot restart 10/20: no closure (max residual inf, nfev 2, 0s)
15:57:45   shoot restart 11/20: no closure (max residual 8.6e+00, nfev 360, 2s)
15:57:47   shoot restart 12/20: no closure (max residual 1.0e+01, nfev 360, 2s)
15:57:47   shoot restart 13/20: no closure (max residual inf, nfev 2, 0s)
15:57:49   shoot restart 14/20: no closure (max residual 1.6e+00, nfev 360, 2s)
15:57:49   shoot restart 15/20: no closure (max residual inf, nfev 2, 0s)
15:57:49   shoot restart 16/20: no closure (max residual inf, nfev 2, 0s)
15:57:51   shoot restart 17/20: no closure (max residual 6.6e+00, nfev 360, 2s)
15:57:51   shoot restart 18/20: no closure (max residual inf, nfev 2, 0s)
15:57:51   shoot restart 19/20: no closure (max residual inf, nfev 2, 0s)
15:57:51 gc epoch 4 (JD 2456562.9) blend lam=1.0000 conv=True res=6.9e-12 gate=pass worst=0.961 [elapsed 67s]
15:57:51   shoot restart 0: closes, gate=fail worst=4.666
15:57:53   shoot restart 1/20: no closure (max residual 2.6e+00, nfev 360, 2s)
15:57:53   shoot restart 2/20: no closure (max residual inf, nfev 2, 0s)
15:57:53   shoot restart 3: closes, gate=fail worst=4.666
15:57:55   shoot restart 4/20: no closure (max residual 8.2e+00, nfev 360, 2s)
15:57:55   shoot restart 5: closes, gate=fail worst=35.792
15:57:55   shoot restart 6/20: no closure (max residual inf, nfev 2, 0s)
15:57:56   shoot restart 7/20: no closure (max residual 1.4e-03, nfev 360, 2s)
15:57:58   shoot restart 8/20: no closure (max residual 2.5e+00, nfev 360, 2s)
15:57:58   shoot restart 9/20: no closure (max residual inf, nfev 2, 0s)
15:57:59   shoot restart 10/20: no closure (max residual 1.8e-01, nfev 57, 0s)
15:58:00   shoot restart 11/20: no closure (max residual 1.1e+01, nfev 360, 2s)
15:58:02   shoot restart 12/20: no closure (max residual 3.3e+00, nfev 360, 2s)
15:58:04   shoot restart 13/20: no closure (max residual 6.5e+00, nfev 360, 2s)
15:58:04   shoot restart 14/20: no closure (max residual inf, nfev 2, 0s)
15:58:06   shoot restart 15/20: no closure (max residual 9.8e-02, nfev 360, 2s)
15:58:07   shoot restart 16/20: no closure (max residual 5.6e+00, nfev 360, 2s)
15:58:09   shoot restart 17/20: no closure (max residual 8.8e+00, nfev 360, 2s)
15:58:11   shoot restart 18/20: no closure (max residual 2.5e+00, nfev 360, 2s)
15:58:12   shoot restart 19/20: no closure (max residual 7.8e+00, nfev 360, 2s)
15:58:13 gc epoch 5 (JD 2456575.4) blend lam=1.0000 conv=False res=7.6e-02 gate=unconverged worst=nan [elapsed 89s]
15:58:13 gc epoch 6 (JD 2456575.4) blend lam=1.0000 conv=False res=7.6e-02 gate=unconverged worst=nan [elapsed 89s]
15:58:13 gc epoch 7 (JD 2456588.0) blend lam=1.0000 conv=False res=3.0e-03 gate=unconverged worst=nan [elapsed 89s]
DONE
