20:40:10 gc epoch 0 (JD 2456562.9) blend lam=1.0000 conv=True res=8.5e-12 gate=pass worst=0.961 [elapsed 1s]
20:40:11   shoot k=1 restart 0: closes, gate=pass worst=0.964
20:40:12   shoot k=1 restart 1: closes, gate=pass worst=0.964
20:40:13   shoot k=1 restart 2: closes, gate=pass worst=0.964
20:40:15   shoot k=1 restart 3: closes, gate=fail worst=4.666
20:40:17   shoot k=1 restart 4: closes, gate=fail worst=4.666
20:40:18   shoot k=1 restart 5: closes, gate=pass worst=0.964
20:40:21   shoot k=1 restart 6: closes, gate=pass worst=0.964
20:40:23   shoot k=1 restart 7: closes, gate=pass worst=0.964
20:40:26   shoot k=1 restart 8: closes, gate=pass worst=0.964
20:40:28   shoot k=1 restart 9: closes, gate=pass worst=0.964
20:40:29   shoot k=1 restart 10: closes, gate=pass worst=0.964
20:40:29   shoot k=1 restart 11: closes, gate=pass worst=0.964
20:40:40   shoot k=1 restart 12: closes, gate=fail worst=4.666
20:40:40   shoot k=1 restart 13: closes, gate=pass worst=0.964
20:40:41   shoot k=1 restart 14: closes, gate=pass worst=0.964
  homotopy k=1 restart 15: stopped at mu = 0.5891
20:40:51   shoot k=1 restart 15/20: no closure (max residual 2.0e+02, nfev 1364, 10s)
20:40:52   shoot k=1 restart 16: closes, gate=pass worst=0.964
  homotopy k=1 restart 17: stopped at mu = 0.9359
20:41:14   shoot k=1 restart 17/20: no closure (max residual 1.6e+01, nfev 2489, 22s)
20:41:15   shoot k=1 restart 18: closes, gate=pass worst=0.964
20:41:18   shoot k=1 restart 19: closes, gate=pass worst=0.964
20:41:18   shoot k=2 restart 0: closes, gate=indeterminate worst=0.973
20:41:33   shoot k=2 restart 1/20: no closure (max residual 5.4e+00, nfev 720, 14s)
20:41:33   shoot k=2 restart 2: closes, gate=indeterminate worst=0.973
20:41:48   shoot k=2 restart 3/20: no closure (max residual 1.7e-02, nfev 720, 15s)
20:41:53   shoot k=2 restart 4: closes, gate=fail worst=1.344
20:42:12   shoot k=2 restart 5/20: no closure (max residual 5.2e-02, nfev 720, 19s)
20:42:12   shoot k=2 restart 6: closes, gate=indeterminate worst=0.973
20:42:13   shoot k=2 restart 7: closes, gate=indeterminate worst=0.973
20:42:14   shoot k=2 restart 8: closes, gate=indeterminate worst=0.973
20:43:01   shoot k=2 restart 9/20: no closure (max residual 2.4e-02, nfev 720, 47s)
20:43:46   shoot k=2 restart 10/20: no closure (max residual 4.0e-01, nfev 720, 44s)
20:44:15   shoot k=2 restart 11/20: no closure (max residual 7.9e+00, nfev 720, 29s)
20:44:15   shoot k=2 restart 12: closes, gate=indeterminate worst=0.973
20:44:19   shoot k=2 restart 13/20: no closure (max residual 4.4e-03, nfev 354, 4s)
20:44:31   shoot k=2 restart 14/20: no closure (max residual 4.7e-01, nfev 720, 12s)
20:44:48   shoot k=2 restart 15/20: no closure (max residual 3.5e-01, nfev 720, 17s)
20:45:02   shoot k=2 restart 16/20: no closure (max residual 2.4e-02, nfev 720, 14s)
20:45:16   shoot k=2 restart 17/20: no closure (max residual 3.4e-02, nfev 720, 15s)
20:45:16   shoot k=2 restart 18: closes, gate=indeterminate worst=0.973
20:45:32   shoot k=2 restart 19/20: no closure (max residual 4.4e-02, nfev 720, 15s)
20:45:32   shoot k=3 restart 0: closes, gate=indeterminate worst=0.974
20:46:04   shoot k=3 restart 1/20: no closure (max residual 1.7e-01, nfev 1080, 31s)
20:46:13   shoot k=3 restart 2/20: no closure (max residual 2.0e-02, nfev 359, 9s)
20:46:15   shoot k=3 restart 3: closes, gate=fail worst=4.574
20:46:21   shoot k=3 restart 4/20: no closure (max residual 2.0e-02, nfev 259, 6s)
20:46:22   shoot k=3 restart 5/20: no closure (max residual 1.0e+00, nfev 46, 1s)
20:46:54   shoot k=3 restart 6/20: no closure (max residual 1.7e-01, nfev 1080, 31s)
20:47:28   shoot k=3 restart 7/20: no closure (max residual 7.0e-01, nfev 1080, 34s)
20:47:28   shoot k=3 restart 8: closes, gate=indeterminate worst=0.974
20:47:29   shoot k=3 restart 9: closes, gate=indeterminate worst=0.974
20:47:36   shoot k=3 restart 10/20: no closure (max residual 4.2e-01, nfev 266, 7s)
20:47:41   shoot k=3 restart 11: closes, gate=fail worst=2.848
20:47:42   shoot k=3 restart 12: closes, gate=indeterminate worst=0.974
20:47:42   shoot k=3 restart 13: closes, gate=indeterminate worst=0.974
20:47:52   shoot k=3 restart 14: closes, gate=fail worst=1.351
20:48:17   shoot k=3 restart 15/20: no closure (max residual 3.5e-01, nfev 1080, 25s)
20:48:47   shoot k=3 restart 16/20: no closure (max residual 2.9e-01, nfev 1080, 30s)
20:49:20   shoot k=3 restart 17/20: no closure (max residual 9.1e-02, nfev 1080, 33s)
20:49:46   shoot k=3 restart 18/20: no closure (max residual 1.4e+00, nfev 1080, 26s)
20:49:55   shoot k=3 restart 19/20: no closure (max residual 2.0e-02, nfev 405, 9s)
20:49:58   shoot k=4 restart 0: closes, gate=indeterminate worst=0.974
20:50:47   shoot k=4 restart 1/20: no closure (max residual 8.2e-01, nfev 1440, 49s)
20:51:36   shoot k=4 restart 2/20: no closure (max residual 5.5e-01, nfev 1440, 49s)
20:51:38   shoot k=4 restart 3: closes, gate=indeterminate worst=0.974
20:51:49   shoot k=4 restart 4/20: no closure (max residual 2.0e-02, nfev 356, 11s)
20:51:49   shoot k=4 restart 5: closes, gate=indeterminate worst=0.974
20:51:58   shoot k=4 restart 6: closes, gate=indeterminate worst=0.974
20:52:50   shoot k=4 restart 7/20: no closure (max residual 6.9e-01, nfev 1440, 52s)
20:53:35   shoot k=4 restart 8/20: no closure (max residual 2.9e-01, nfev 1247, 45s)
20:53:36   shoot k=4 restart 9: closes, gate=indeterminate worst=0.974
20:53:36   shoot k=4 restart 10: closes, gate=indeterminate worst=0.974
20:54:24   shoot k=4 restart 11/20: no closure (max residual 4.9e-02, nfev 1440, 48s)
20:55:10   shoot k=4 restart 12/20: no closure (max residual 4.9e+01, nfev 1440, 46s)
20:55:20   shoot k=4 restart 13/20: no closure (max residual 2.0e-02, nfev 356, 10s)
20:56:11   shoot k=4 restart 14/20: no closure (max residual 1.2e-01, nfev 1440, 51s)
20:57:06   shoot k=4 restart 15/20: no closure (max residual 5.1e-01, nfev 1440, 55s)
20:57:58   shoot k=4 restart 16/20: no closure (max residual 3.3e-01, nfev 1440, 52s)
20:57:59   shoot k=4 restart 17: closes, gate=indeterminate worst=0.974
20:58:01   shoot k=4 restart 18: closes, gate=indeterminate worst=0.974
20:58:01   shoot k=4 restart 19: closes, gate=indeterminate worst=0.974
20:58:04   shoot k=5 restart 0: closes, gate=indeterminate worst=0.991
20:59:04   shoot k=5 restart 1: 11045 evals, best max|res| so far 4.92e-01 [60s]
20:59:23   shoot k=5 restart 1/20: no closure (max residual 4.8e-01, nfev 1800, 79s)
21:00:23   shoot k=5 restart 2: 11111 evals, best max|res| so far 4.51e-01 [60s]
21:00:39   shoot k=5 restart 2/20: no closure (max residual 4.5e-01, nfev 1800, 76s)
21:01:39   shoot k=5 restart 3: 9742 evals, best max|res| so far 2.45e-01 [60s]
21:02:05   shoot k=5 restart 3/20: no closure (max residual 2.4e-01, nfev 1800, 86s)
21:02:17   shoot k=5 restart 4: closes, gate=fail worst=1.413
21:03:17   shoot k=5 restart 5: 10180 evals, best max|res| so far 3.81e-01 [60s]
21:03:41   shoot k=5 restart 5/20: no closure (max residual 3.5e-01, nfev 1800, 84s)
21:03:46   shoot k=5 restart 6: closes, gate=indeterminate worst=0.991
21:03:46   shoot k=5 restart 7: closes, gate=indeterminate worst=0.991
21:03:48   shoot k=5 restart 8: closes, gate=fail worst=2.861
21:03:49   shoot k=5 restart 9: closes, gate=indeterminate worst=0.991
21:04:49   shoot k=5 restart 10: 8882 evals, best max|res| so far 5.39e-01 [60s]
21:05:26   shoot k=5 restart 10/20: no closure (max residual 5.4e-01, nfev 1800, 97s)
21:06:26   shoot k=5 restart 11: 8044 evals, best max|res| so far 9.97e-01 [60s]
21:07:17   shoot k=5 restart 11/20: no closure (max residual 1.0e+00, nfev 1800, 111s)
21:07:25   shoot k=5 restart 12: closes, gate=indeterminate worst=0.991
21:07:26   shoot k=5 restart 13: closes, gate=indeterminate worst=0.991
21:08:26   shoot k=5 restart 14: 11843 evals, best max|res| so far 1.30e+00 [60s]
21:08:39   shoot k=5 restart 14/20: no closure (max residual 1.4e+00, nfev 1800, 73s)
21:09:39   shoot k=5 restart 15: 8457 evals, best max|res| so far 1.12e+00 [60s]
21:10:14   shoot k=5 restart 15/20: no closure (max residual 1.0e+00, nfev 1800, 95s)
21:11:14   shoot k=5 restart 16: 9138 evals, best max|res| so far 2.02e-01 [60s]
21:11:47   shoot k=5 restart 16/20: no closure (max residual 2.0e-01, nfev 1800, 93s)
21:12:47   shoot k=5 restart 17: 9665 evals, best max|res| so far 2.19e-01 [60s]
21:13:14   shoot k=5 restart 17/20: no closure (max residual 2.2e-01, nfev 1800, 87s)
21:13:15   shoot k=5 restart 18: closes, gate=indeterminate worst=0.991
21:14:15   shoot k=5 restart 19: 10551 evals, best max|res| so far 6.84e-01 [60s]
21:14:39   shoot k=5 restart 19/20: no closure (max residual 6.8e-01, nfev 1800, 85s)
21:14:40   shoot k=6 restart 0: closes, gate=indeterminate worst=0.992
21:14:42   shoot k=6 restart 1/20: no closure (max residual 2.8e+02, nfev 31, 2s)
21:15:25   shoot k=6 restart 2/20: no closure (max residual 8.8e-01, nfev 582, 43s)
21:16:25   shoot k=6 restart 3: 8071 evals, best max|res| so far 7.99e-02 [60s]
21:17:25   shoot k=6 restart 3/20: no closure (max residual 6.7e-02, nfev 2160, 120s)
21:18:25   shoot k=6 restart 4: 9571 evals, best max|res| so far 2.66e-01 [60s]
21:19:25   shoot k=6 restart 4: 18475 evals, best max|res| so far 2.63e-01 [120s]
21:19:33   shoot k=6 restart 4/20: no closure (max residual 2.6e-01, nfev 2160, 128s)
21:19:40   shoot k=6 restart 5/20: no closure (max residual 2.0e-02, nfev 132, 6s)
21:20:40   shoot k=6 restart 6: 9547 evals, best max|res| so far 3.11e-01 [60s]
21:21:40   shoot k=6 restart 6: 18289 evals, best max|res| so far 3.03e-01 [120s]
21:21:49   shoot k=6 restart 6/20: no closure (max residual 3.0e-01, nfev 2160, 129s)
21:22:49   shoot k=6 restart 7: 8868 evals, best max|res| so far 4.45e-01 [60s]
21:23:49   shoot k=6 restart 7: 17586 evals, best max|res| so far 4.45e-01 [120s]
21:24:02   shoot k=6 restart 7/20: no closure (max residual 4.4e-01, nfev 2160, 133s)
21:25:02   shoot k=6 restart 8: 8569 evals, best max|res| so far 1.14e-01 [60s]
21:25:52   shoot k=6 restart 8/20: no closure (max residual 1.1e-01, nfev 2160, 110s)
21:26:52   shoot k=6 restart 9: 13782 evals, best max|res| so far 3.01e-01 [60s]
21:27:14   shoot k=6 restart 9/20: no closure (max residual 3.0e-01, nfev 2160, 83s)
21:28:14   shoot k=6 restart 10/20: no closure (max residual 1.5e+00, nfev 2160, 59s)
21:28:37   shoot k=6 restart 11/20: no closure (max residual 1.8e+00, nfev 861, 23s)
21:28:42   shoot k=6 restart 12/20: no closure (max residual 2.8e+01, nfev 194, 5s)
21:29:38   shoot k=6 restart 13/20: no closure (max residual 8.2e+00, nfev 2160, 57s)
21:29:39   shoot k=6 restart 14: closes, gate=indeterminate worst=0.992
21:30:36   shoot k=6 restart 15/20: no closure (max residual 2.0e-01, nfev 2160, 57s)
21:31:34   shoot k=6 restart 16/20: no closure (max residual 2.6e-01, nfev 2160, 58s)
21:32:31   shoot k=6 restart 17/20: no closure (max residual 9.5e-01, nfev 2160, 57s)
21:32:33   shoot k=6 restart 18: closes, gate=indeterminate worst=0.992
21:33:28   shoot k=6 restart 19/20: no closure (max residual 1.8e-01, nfev 2160, 55s)
21:33:29   shoot k=7 restart 0: closes, gate=indeterminate worst=0.992
21:34:29   shoot k=7 restart 1: 19546 evals, best max|res| so far 1.45e+00 [60s]
21:34:39   shoot k=7 restart 1/20: no closure (max residual 1.6e+00, nfev 2520, 70s)
21:34:39   shoot k=7 restart 2: closes, gate=indeterminate worst=0.992
21:34:40   shoot k=7 restart 3: closes, gate=indeterminate worst=0.992
21:35:40   shoot k=7 restart 4: 18948 evals, best max|res| so far 3.55e-01 [60s]
21:35:49   shoot k=7 restart 4/20: no closure (max residual 3.5e-01, nfev 2520, 69s)
21:36:49   shoot k=7 restart 5: 21461 evals, best max|res| so far 2.10e-01 [60s]
21:36:51   shoot k=7 restart 5/20: no closure (max residual 2.1e-01, nfev 2520, 62s)
21:36:52   shoot k=7 restart 6: closes, gate=indeterminate worst=0.992
21:36:53   shoot k=7 restart 7: closes, gate=indeterminate worst=0.992
21:36:54   shoot k=7 restart 8: closes, gate=indeterminate worst=0.992
21:37:54   shoot k=7 restart 9: 18882 evals, best max|res| so far 1.04e+00 [60s]
21:38:05   shoot k=7 restart 9/20: no closure (max residual 1.0e+00, nfev 2520, 71s)
21:38:06   shoot k=7 restart 10: closes, gate=indeterminate worst=0.992
21:38:15   shoot k=7 restart 11/20: no closure (max residual 2.0e-02, nfev 442, 10s)
21:39:15   shoot k=7 restart 12: 19468 evals, best max|res| so far 7.23e-01 [60s]
21:39:25   shoot k=7 restart 12/20: no closure (max residual 7.2e-01, nfev 2520, 69s)
21:40:25   shoot k=7 restart 13: 21953 evals, best max|res| so far 9.78e-01 [60s]
21:40:26   shoot k=7 restart 13/20: no closure (max residual 9.8e-01, nfev 2520, 62s)
21:40:27   shoot k=7 restart 14: closes, gate=indeterminate worst=0.992
21:41:21   shoot k=7 restart 15/20: no closure (max residual 7.6e-01, nfev 2520, 54s)
21:41:23   shoot k=7 restart 16: closes, gate=indeterminate worst=0.992
21:42:17   shoot k=7 restart 17/20: no closure (max residual 1.5e-01, nfev 2520, 54s)
21:42:17   shoot k=7 restart 18: closes, gate=fail worst=5.074
21:43:06   shoot k=7 restart 19/20: no closure (max residual 1.5e+00, nfev 2520, 48s)
21:43:07   shoot k=8 restart 0: closes, gate=indeterminate worst=0.992
21:44:07   shoot k=8 restart 1: 25837 evals, best max|res| so far 4.15e-01 [60s]
21:44:07   shoot k=8 restart 1/20: no closure (max residual 4.2e-01, nfev 2880, 60s)
21:44:08   shoot k=8 restart 2: closes, gate=indeterminate worst=0.992
21:45:07   shoot k=8 restart 3/20: no closure (max residual 4.7e-02, nfev 2880, 59s)
21:45:07   shoot k=8 restart 4: closes, gate=indeterminate worst=0.992
21:45:16   shoot k=8 restart 5/20: no closure (max residual 2.0e-02, nfev 386, 8s)
21:46:16   shoot k=8 restart 6: 21267 evals, best max|res| so far 2.82e-01 [60s]
21:46:27   shoot k=8 restart 6/20: no closure (max residual 2.7e-01, nfev 2880, 72s)
21:46:28   shoot k=8 restart 7: closes, gate=indeterminate worst=0.992
21:47:27   shoot k=8 restart 8/20: no closure (max residual 4.4e-01, nfev 2880, 59s)
21:48:18   shoot k=8 restart 9/20: no closure (max residual 2.0e-01, nfev 2880, 51s)
21:49:08   shoot k=8 restart 10/20: no closure (max residual 6.7e-01, nfev 2880, 50s)
21:49:56   shoot k=8 restart 11/20: no closure (max residual 1.1e+00, nfev 2880, 48s)
21:50:08   shoot k=8 restart 12/20: no closure (max residual 2.9e+00, nfev 736, 12s)
21:50:58   shoot k=8 restart 13/20: no closure (max residual 3.9e-01, nfev 2880, 50s)
21:50:59   shoot k=8 restart 14: closes, gate=indeterminate worst=0.992
21:50:59   shoot k=8 restart 15: closes, gate=indeterminate worst=0.992
21:51:59   shoot k=8 restart 16: 18383 evals, best max|res| so far 2.31e-01 [60s]
21:52:13   shoot k=8 restart 16/20: no closure (max residual 2.3e-01, nfev 2880, 74s)
21:52:52   shoot k=8 restart 17/20: no closure (max residual 2.2e-02, nfev 2880, 39s)
21:53:40   shoot k=8 restart 18/20: no closure (max residual 5.7e-01, nfev 2880, 48s)
21:54:27   shoot k=8 restart 19/20: no closure (max residual 6.1e-01, nfev 2880, 47s)
21:54:28   shoot k=9 restart 0: closes, gate=indeterminate worst=0.992
21:55:28   shoot k=9 restart 1: 26647 evals, best max|res| so far 5.59e-01 [60s]
21:55:38   shoot k=9 restart 1/20: no closure (max residual 5.6e-01, nfev 3240, 69s)
21:56:38   shoot k=9 restart 2: 14077 evals, best max|res| so far 6.96e-02 [60s]
21:57:38   shoot k=9 restart 2: 27857 evals, best max|res| so far 6.90e-02 [120s]
21:57:43   shoot k=9 restart 2/20: no closure (max residual 6.9e-02, nfev 3240, 125s)
21:58:43   shoot k=9 restart 3: 13605 evals, best max|res| so far 9.72e-01 [60s]
21:59:43   shoot k=9 restart 3: 27737 evals, best max|res| so far 9.72e-01 [120s]
21:59:46   shoot k=9 restart 3/20: no closure (max residual 9.9e-01, nfev 3240, 123s)
21:59:47   shoot k=9 restart 4: closes, gate=fail worst=4.810
22:00:47   shoot k=9 restart 5: 13899 evals, best max|res| so far 1.97e-01 [60s]
22:01:47   shoot k=9 restart 5: 27926 evals, best max|res| so far 1.97e-01 [120s]
22:01:49   shoot k=9 restart 5/20: no closure (max residual 2.0e-01, nfev 3240, 121s)
22:02:49   shoot k=9 restart 6: 13829 evals, best max|res| so far 4.90e-01 [60s]
22:03:49   shoot k=9 restart 6: 27949 evals, best max|res| so far 4.80e-01 [120s]
22:03:54   shoot k=9 restart 6/20: no closure (max residual 4.8e-01, nfev 3240, 125s)
22:04:54   shoot k=9 restart 7: 14322 evals, best max|res| so far 6.57e-01 [60s]
22:05:54   shoot k=9 restart 7: 28336 evals, best max|res| so far 6.52e-01 [120s]
22:05:57   shoot k=9 restart 7/20: no closure (max residual 6.5e-01, nfev 3240, 123s)
22:06:57   shoot k=9 restart 8: 14091 evals, best max|res| so far 4.84e-02 [60s]
22:07:57   shoot k=9 restart 8: 27946 evals, best max|res| so far 4.47e-02 [120s]
22:08:02   shoot k=9 restart 8/20: no closure (max residual 4.5e-02, nfev 3240, 125s)
22:09:02   shoot k=9 restart 9: 13568 evals, best max|res| so far 4.43e-01 [60s]
22:10:02   shoot k=9 restart 9: 27866 evals, best max|res| so far 4.41e-01 [120s]
22:10:05   shoot k=9 restart 9/20: no closure (max residual 4.4e-01, nfev 3240, 122s)
22:10:06   shoot k=9 restart 10: closes, gate=fail worst=4.810
22:10:07   shoot k=9 restart 11: closes, gate=indeterminate worst=0.992
22:11:07   shoot k=9 restart 12: 14418 evals, best max|res| so far 1.88e-02 [60s]
22:12:07   shoot k=9 restart 12/20: no closure (max residual 2.0e-02, nfev 3240, 120s)
22:12:11   shoot k=9 restart 13: closes, gate=indeterminate worst=0.992
22:12:12   shoot k=9 restart 14: closes, gate=indeterminate worst=0.992
22:12:14   shoot k=9 restart 15: closes, gate=fail worst=4.810
22:13:14   shoot k=9 restart 16: 14625 evals, best max|res| so far 4.36e-01 [60s]
22:14:12   shoot k=9 restart 16/20: no closure (max residual 4.4e-01, nfev 3240, 118s)
22:14:14   shoot k=9 restart 17: closes, gate=fail worst=1.358
22:14:18   shoot k=9 restart 18: closes, gate=indeterminate worst=0.992
22:14:19   shoot k=9 restart 19/20: no closure (max residual 2.7e+02, nfev 43, 1s)
22:14:23   shoot k=10 restart 0: closes, gate=fail worst=4.906
22:14:24   shoot k=10 restart 1: closes, gate=indeterminate worst=0.992
22:15:24   shoot k=10 restart 2: 13137 evals, best max|res| so far 1.33e+00 [60s]
22:16:24   shoot k=10 restart 2: 26174 evals, best max|res| so far 1.33e+00 [120s]
22:16:51   shoot k=10 restart 2/20: no closure (max residual 1.3e+00, nfev 3600, 148s)
22:17:51   shoot k=10 restart 3: 13191 evals, best max|res| so far 4.61e+00 [60s]
22:18:51   shoot k=10 restart 3: 25966 evals, best max|res| so far 4.61e+00 [120s]
22:19:22   shoot k=10 restart 3/20: no closure (max residual 4.7e+00, nfev 3600, 150s)
22:20:22   shoot k=10 restart 4: 13081 evals, best max|res| so far 9.43e-02 [60s]
22:21:22   shoot k=10 restart 4: 26093 evals, best max|res| so far 9.36e-02 [120s]
22:21:51   shoot k=10 restart 4/20: no closure (max residual 9.3e-02, nfev 3600, 149s)
22:21:53   shoot k=10 restart 5: closes, gate=indeterminate worst=0.992
22:21:55   shoot k=10 restart 6: closes, gate=indeterminate worst=0.992
22:22:55   shoot k=10 restart 7: 12779 evals, best max|res| so far 6.80e-01 [60s]
22:23:55   shoot k=10 restart 7: 25542 evals, best max|res| so far 6.74e-01 [120s]
22:24:30   shoot k=10 restart 7/20: no closure (max residual 6.7e-01, nfev 3600, 155s)
22:25:30   shoot k=10 restart 8: 8341 evals, best max|res| so far 4.16e-01 [60s]
22:26:30   shoot k=10 restart 8: 18975 evals, best max|res| so far 3.85e-01 [120s]
22:27:30   shoot k=10 restart 8: 31273 evals, best max|res| so far 3.65e-01 [180s]
22:27:36   shoot k=10 restart 8/20: no closure (max residual 3.6e-01, nfev 3600, 186s)
22:28:36   shoot k=10 restart 9: 11726 evals, best max|res| so far 1.37e-01 [60s]
22:29:36   shoot k=10 restart 9: 22841 evals, best max|res| so far 1.25e-01 [120s]
22:30:28   shoot k=10 restart 9/20: no closure (max residual 1.1e-01, nfev 3600, 172s)
22:30:29   shoot k=10 restart 10: closes, gate=indeterminate worst=0.992
22:31:29   shoot k=10 restart 11: 12214 evals, best max|res| so far 1.10e+00 [60s]
22:32:29   shoot k=10 restart 11: 24529 evals, best max|res| so far 1.10e+00 [120s]
22:33:10   shoot k=10 restart 11/20: no closure (max residual 1.1e+00, nfev 3600, 160s)
22:34:10   shoot k=10 restart 12: 11621 evals, best max|res| so far 5.67e-01 [60s]
22:35:10   shoot k=10 restart 12: 23340 evals, best max|res| so far 5.61e-01 [120s]
22:35:52   shoot k=10 restart 12/20: no closure (max residual 5.6e-01, nfev 3600, 163s)
22:36:52   shoot k=10 restart 13: 14845 evals, best max|res| so far 2.00e+00 [60s]
22:37:49   shoot k=10 restart 13/20: no closure (max residual 2.0e+00, nfev 3600, 116s)
22:38:49   shoot k=10 restart 14: 18799 evals, best max|res| so far 1.01e-01 [60s]
22:39:31   shoot k=10 restart 14/20: no closure (max residual 9.9e-02, nfev 3600, 102s)
22:40:31   shoot k=10 restart 15: 22247 evals, best max|res| so far 7.74e-01 [60s]
22:40:54   shoot k=10 restart 15/20: no closure (max residual 7.7e-01, nfev 3600, 84s)
22:41:55   shoot k=10 restart 16: 24462 evals, best max|res| so far 4.15e-02 [60s]
22:42:13   shoot k=10 restart 16/20: no closure (max residual 4.1e-02, nfev 3600, 79s)
22:43:13   shoot k=10 restart 17: 31337 evals, best max|res| so far 3.87e-01 [60s]
22:43:15   shoot k=10 restart 17/20: no closure (max residual 3.9e-01, nfev 3600, 62s)
22:43:16   shoot k=10 restart 18: closes, gate=fail worst=1.358
22:44:16   shoot k=10 restart 19: 32308 evals, best max|res| so far 4.19e-01 [60s]
22:44:17   shoot k=10 restart 19/20: no closure (max residual 4.2e-01, nfev 3600, 60s)
DONE
