20:40:09 ge epoch 0 (JD 2462508.1) blend lam=1.0000 conv=True res=8.1e-12 gate=pass worst=0.314 [elapsed 1s]
20:40:10   shoot k=1 restart 0: closes, gate=fail worst=4.416
20:40:11   shoot k=1 restart 1: closes, gate=fail worst=4.416
20:40:12   shoot k=1 restart 2: closes, gate=fail worst=4.416
20:40:12   shoot k=1 restart 3: closes, gate=fail worst=4.416
20:40:13   shoot k=1 restart 4: closes, gate=fail worst=4.416
20:40:13   shoot k=1 restart 5: closes, gate=fail worst=4.416
20:40:14   shoot k=1 restart 6: closes, gate=fail worst=4.416
20:40:15   shoot k=1 restart 7: closes, gate=fail worst=4.416
20:40:16   shoot k=1 restart 8: closes, gate=fail worst=4.416
20:40:16   shoot k=1 restart 9: closes, gate=fail worst=4.416
20:40:17   shoot k=1 restart 10: closes, gate=fail worst=4.416
20:40:17   shoot k=1 restart 11: closes, gate=fail worst=4.416
20:40:18   shoot k=1 restart 12: closes, gate=fail worst=4.416
20:40:19   shoot k=1 restart 13: closes, gate=fail worst=4.416
20:40:19   shoot k=1 restart 14: closes, gate=fail worst=4.416
20:40:20   shoot k=1 restart 15: closes, gate=fail worst=4.416
20:40:20   shoot k=1 restart 16: closes, gate=fail worst=4.416
20:40:21   shoot k=1 restart 17: closes, gate=fail worst=4.416
20:40:22   shoot k=1 restart 18: closes, gate=fail worst=4.416
20:40:22   shoot k=1 restart 19: closes, gate=fail worst=4.416
20:40:22   shoot k=2 restart 0: closes, gate=fail worst=6.672
20:40:22   shoot k=2 restart 1: closes, gate=fail worst=6.672
20:40:23   shoot k=2 restart 2: closes, gate=fail worst=6.672
20:40:23   shoot k=2 restart 3: closes, gate=fail worst=6.672
20:40:23   shoot k=2 restart 4: closes, gate=fail worst=6.672
20:40:23   shoot k=2 restart 5: closes, gate=fail worst=6.672
20:40:24   shoot k=2 restart 6: closes, gate=fail worst=6.672
20:40:24   shoot k=2 restart 7: closes, gate=fail worst=6.672
20:40:24   shoot k=2 restart 8: closes, gate=fail worst=6.672
20:40:24   shoot k=2 restart 9: closes, gate=fail worst=6.672
20:40:24   shoot k=2 restart 10: closes, gate=fail worst=6.672
20:40:30   shoot k=2 restart 11/20: no closure (max residual 1.8e+00, nfev 600, 6s)
20:40:31   shoot k=2 restart 12: closes, gate=fail worst=9.166
20:40:31   shoot k=2 restart 13: closes, gate=fail worst=6.672
20:40:31   shoot k=2 restart 14: closes, gate=fail worst=6.672
20:40:31   shoot k=2 restart 15: closes, gate=fail worst=6.672
20:40:36   shoot k=2 restart 16/20: no closure (max residual 1.8e+00, nfev 600, 5s)
20:40:36   shoot k=2 restart 17: closes, gate=fail worst=6.672
20:40:37   shoot k=2 restart 18: closes, gate=fail worst=6.672
20:40:37   shoot k=2 restart 19: closes, gate=fail worst=6.672
20:40:37   shoot k=3 restart 0: closes, gate=fail worst=7.046
20:40:37   shoot k=3 restart 1/20: no closure (max residual 3.2e-03, nfev 54, 0s)
20:40:37   shoot k=3 restart 2: closes, gate=fail worst=7.046
20:40:38   shoot k=3 restart 3: closes, gate=fail worst=42.765
20:40:38   shoot k=3 restart 4: closes, gate=fail worst=7.046
20:40:38   shoot k=3 restart 5: closes, gate=fail worst=17.272
20:40:39   shoot k=3 restart 6: closes, gate=fail worst=7.046
20:40:39   shoot k=3 restart 7: closes, gate=fail worst=7.046
20:40:39   shoot k=3 restart 8: closes, gate=fail worst=7.976
20:40:40   shoot k=3 restart 9: closes, gate=fail worst=7.046
20:40:41   shoot k=3 restart 10/20: no closure (max residual 1.3e+00, nfev 94, 1s)
20:40:41   shoot k=3 restart 11: closes, gate=fail worst=17.272
20:40:41   shoot k=3 restart 12: closes, gate=fail worst=7.976
20:40:42   shoot k=3 restart 13/20: no closure (max residual 3.2e-03, nfev 53, 0s)
20:40:42   shoot k=3 restart 14: closes, gate=fail worst=7.046
20:40:57   shoot k=3 restart 15/20: no closure (max residual 3.3e-01, nfev 900, 15s)
20:40:58   shoot k=3 restart 16: closes, gate=fail worst=7.046
20:40:58   shoot k=3 restart 17: closes, gate=fail worst=7.976
20:40:58   shoot k=3 restart 18: closes, gate=fail worst=7.976
20:40:59   shoot k=3 restart 19: closes, gate=fail worst=17.272
20:41:00   shoot k=4 restart 0/20: no closure (max residual 1.1e-03, nfev 58, 1s)
20:41:00   shoot k=4 restart 1/20: no closure (max residual 3.3e-03, nfev 48, 1s)
20:41:01   shoot k=4 restart 2: closes, gate=fail worst=11.805
20:41:02   shoot k=4 restart 3/20: no closure (max residual 1.1e-03, nfev 84, 1s)
20:41:03   shoot k=4 restart 4/20: no closure (max residual 2.3e-03, nfev 59, 1s)
20:41:05   shoot k=4 restart 5/20: no closure (max residual 1.1e-03, nfev 72, 1s)
20:41:06   shoot k=4 restart 6: closes, gate=fail worst=42.200
20:41:07   shoot k=4 restart 7/20: no closure (max residual 1.1e-03, nfev 66, 1s)
20:41:08   shoot k=4 restart 8/20: no closure (max residual 1.1e-03, nfev 55, 1s)
20:41:09   shoot k=4 restart 9/20: no closure (max residual 3.3e-03, nfev 55, 1s)
20:41:10   shoot k=4 restart 10/20: no closure (max residual 1.2e-03, nfev 59, 1s)
20:41:11   shoot k=4 restart 11/20: no closure (max residual 1.1e-03, nfev 62, 1s)
20:41:12   shoot k=4 restart 12/20: no closure (max residual 2.0e-03, nfev 48, 1s)
20:41:13   shoot k=4 restart 13/20: no closure (max residual 1.1e-03, nfev 50, 1s)
20:41:14   shoot k=4 restart 14/20: no closure (max residual 1.1e-03, nfev 42, 1s)
20:41:14   shoot k=4 restart 15: closes, gate=fail worst=11.805
20:41:15   shoot k=4 restart 16/20: no closure (max residual 3.3e-03, nfev 67, 1s)
20:41:16   shoot k=4 restart 17: closes, gate=fail worst=45.561
20:41:17   shoot k=4 restart 18/20: no closure (max residual 1.1e-03, nfev 50, 1s)
20:41:18   shoot k=4 restart 19/20: no closure (max residual 1.1e-03, nfev 49, 1s)
20:41:18   shoot k=5 restart 0: closes, gate=fail worst=11.805
20:41:18   shoot k=5 restart 1: closes, gate=fail worst=11.805
20:41:20   shoot k=5 restart 2: closes, gate=fail worst=7.909
20:41:23   shoot k=5 restart 3: closes, gate=fail worst=5.398
20:41:25   shoot k=5 restart 4: closes, gate=fail worst=42.109
20:41:26   shoot k=5 restart 5: closes, gate=fail worst=11.805
20:41:29   shoot k=5 restart 6/20: no closure (max residual 1.6e-02, nfev 100, 3s)
20:41:31   shoot k=5 restart 7/20: no closure (max residual 1.6e-02, nfev 94, 2s)
20:41:33   shoot k=5 restart 8/20: no closure (max residual 8.3e-03, nfev 60, 1s)
20:41:35   shoot k=5 restart 9/20: no closure (max residual 1.6e-02, nfev 73, 2s)
20:41:37   shoot k=5 restart 10: closes, gate=fail worst=7.985
20:41:37   shoot k=5 restart 11: closes, gate=fail worst=7.909
20:41:38   shoot k=5 restart 12: closes, gate=fail worst=7.909
20:41:41   shoot k=5 restart 13/20: no closure (max residual 6.8e-01, nfev 73, 2s)
20:41:43   shoot k=5 restart 14: closes, gate=fail worst=7.909
20:41:46   shoot k=5 restart 15: closes, gate=fail worst=5.398
20:41:49   shoot k=5 restart 16: closes, gate=fail worst=7.909
20:41:52   shoot k=5 restart 17: closes, gate=fail worst=5.398
20:41:54   shoot k=5 restart 18: closes, gate=fail worst=11.805
20:41:56   shoot k=5 restart 19: closes, gate=fail worst=5.398
20:41:57   shoot k=6 restart 0: closes, gate=fail worst=6.733
20:41:58   shoot k=6 restart 1: closes, gate=fail worst=8.393
20:42:00   shoot k=6 restart 2: closes, gate=fail worst=14.224
20:42:01   shoot k=6 restart 3: closes, gate=fail worst=6.733
20:42:04   shoot k=6 restart 4/20: no closure (max residual 1.2e-02, nfev 115, 3s)
20:42:06   shoot k=6 restart 5: closes, gate=fail worst=6.733
20:42:07   shoot k=6 restart 6: closes, gate=fail worst=6.733
20:42:10   shoot k=6 restart 7: closes, gate=fail worst=6.733
20:42:14   shoot k=6 restart 8: closes, gate=fail worst=6.733
20:42:16   shoot k=6 restart 9: closes, gate=fail worst=44.901
20:42:18   shoot k=6 restart 10: closes, gate=fail worst=44.901
20:42:26   shoot k=6 restart 11: closes, gate=fail worst=23.242
20:42:32   shoot k=6 restart 12: closes, gate=fail worst=47.369
20:43:32   shoot k=6 restart 13: 4098 evals, best max|res| so far 6.60e-01 [60s]
20:44:14   shoot k=6 restart 13: closes, gate=fail worst=22.477
20:44:16   shoot k=6 restart 14/20: no closure (max residual 7.4e-03, nfev 75, 2s)
20:44:17   shoot k=6 restart 15: closes, gate=fail worst=6.733
20:44:18   shoot k=6 restart 16: closes, gate=fail worst=6.733
20:44:18   shoot k=6 restart 17: closes, gate=fail worst=44.901
20:44:19   shoot k=6 restart 18: closes, gate=fail worst=6.733
20:44:29   shoot k=6 restart 19/20: no closure (max residual 9.9e-01, nfev 443, 10s)
20:44:30   shoot k=7 restart 0: closes, gate=fail worst=6.791
20:45:30   shoot k=7 restart 1: 10680 evals, best max|res| so far 8.87e-01 [60s]
20:46:09   shoot k=7 restart 1/20: no closure (max residual 9.0e-01, nfev 2100, 100s)
20:46:11   shoot k=7 restart 2: closes, gate=fail worst=6.791
20:46:13   shoot k=7 restart 3: closes, gate=fail worst=6.791
20:46:17   shoot k=7 restart 4: closes, gate=fail worst=23.254
20:46:23   shoot k=7 restart 5/20: no closure (max residual 1.5e-02, nfev 147, 6s)
20:46:24   shoot k=7 restart 6: closes, gate=fail worst=36.656
20:46:26   shoot k=7 restart 7: closes, gate=fail worst=44.888
20:46:29   shoot k=7 restart 8: closes, gate=fail worst=11.884
20:46:31   shoot k=7 restart 9/20: no closure (max residual 1.5e-02, nfev 75, 3s)
20:46:34   shoot k=7 restart 10: closes, gate=fail worst=6.791
20:46:36   shoot k=7 restart 11: closes, gate=fail worst=6.791
20:46:38   shoot k=7 restart 12: closes, gate=fail worst=6.791
20:46:39   shoot k=7 restart 13: closes, gate=fail worst=44.701
20:46:45   shoot k=7 restart 14/20: no closure (max residual 1.5e-02, nfev 147, 6s)
20:46:47   shoot k=7 restart 15/20: no closure (max residual 1.4e-03, nfev 59, 2s)
20:46:48   shoot k=7 restart 16: closes, gate=fail worst=6.791
20:46:51   shoot k=7 restart 17: closes, gate=fail worst=11.884
20:46:52   shoot k=7 restart 18: closes, gate=fail worst=6.791
20:47:52   shoot k=7 restart 19: 11049 evals, best max|res| so far 2.01e-01 [60s]
20:48:24   shoot k=7 restart 19/20: no closure (max residual 1.4e-01, nfev 2100, 91s)
20:48:24   shoot k=8 restart 0: closes, gate=fail worst=6.995
20:49:24   shoot k=8 restart 1: 10197 evals, best max|res| so far 3.90e-01 [60s]
20:50:11   shoot k=8 restart 1/20: no closure (max residual 3.8e-01, nfev 2400, 106s)
20:51:11   shoot k=8 restart 2: 11359 evals, best max|res| so far 4.62e-01 [60s]
20:51:53   shoot k=8 restart 2/20: no closure (max residual 4.2e-01, nfev 2400, 102s)
20:51:57   shoot k=8 restart 3/20: no closure (max residual 6.5e-04, nfev 96, 4s)
20:52:02   shoot k=8 restart 4/20: no closure (max residual 1.3e-03, nfev 128, 5s)
20:52:03   shoot k=8 restart 5: closes, gate=fail worst=6.995
20:52:06   shoot k=8 restart 6: closes, gate=fail worst=6.995
20:52:09   shoot k=8 restart 7/20: no closure (max residual 6.5e-04, nfev 62, 3s)
20:52:10   shoot k=8 restart 8: closes, gate=fail worst=6.995
20:52:12   shoot k=8 restart 9: closes, gate=fail worst=6.995
20:52:14   shoot k=8 restart 10: closes, gate=fail worst=7.903
20:52:15   shoot k=8 restart 11: closes, gate=fail worst=6.995
20:52:16   shoot k=8 restart 12: closes, gate=fail worst=7.903
20:52:18   shoot k=8 restart 13: closes, gate=fail worst=6.995
20:52:19   shoot k=8 restart 14: closes, gate=fail worst=6.995
20:52:22   shoot k=8 restart 15/20: no closure (max residual 1.5e-03, nfev 76, 3s)
20:52:23   shoot k=8 restart 16: closes, gate=fail worst=7.903
20:52:25   shoot k=8 restart 17/20: no closure (max residual 1.5e-03, nfev 50, 2s)
20:52:30   shoot k=8 restart 18/20: no closure (max residual 6.5e-04, nfev 115, 4s)
20:52:34   shoot k=8 restart 19/20: no closure (max residual 1.3e-03, nfev 124, 5s)
20:52:36   shoot k=9 restart 0/20: no closure (max residual 5.7e-04, nfev 42, 2s)
20:52:40   shoot k=9 restart 1: closes, gate=fail worst=108.209
20:52:43   shoot k=9 restart 2/20: no closure (max residual 5.7e-04, nfev 63, 3s)
20:52:47   shoot k=9 restart 3/20: no closure (max residual 4.6e-03, nfev 95, 4s)
20:52:51   shoot k=9 restart 4/20: no closure (max residual 5.7e-04, nfev 100, 4s)
20:52:56   shoot k=9 restart 5/20: no closure (max residual 5.7e-04, nfev 96, 4s)
20:52:58   shoot k=9 restart 6/20: no closure (max residual 5.7e-04, nfev 53, 2s)
20:53:02   shoot k=9 restart 7: closes, gate=fail worst=8.724
20:53:05   shoot k=9 restart 8: closes, gate=fail worst=45.248
20:53:07   shoot k=9 restart 9/20: no closure (max residual 1.1e-03, nfev 49, 2s)
20:53:10   shoot k=9 restart 10: closes, gate=fail worst=11.452
20:53:14   shoot k=9 restart 11/20: no closure (max residual 5.7e-04, nfev 74, 4s)
20:53:17   shoot k=9 restart 12: closes, gate=fail worst=37.331
20:53:19   shoot k=9 restart 13: closes, gate=fail worst=11.452
20:53:21   shoot k=9 restart 14: closes, gate=fail worst=44.972
20:53:26   shoot k=9 restart 15/20: no closure (max residual 6.5e-04, nfev 115, 5s)
20:53:29   shoot k=9 restart 16/20: no closure (max residual 5.7e-04, nfev 71, 3s)
20:53:32   shoot k=9 restart 17: closes, gate=fail worst=11.452
20:53:34   shoot k=9 restart 18: closes, gate=fail worst=12.310
20:53:36   shoot k=9 restart 19/20: no closure (max residual 5.7e-04, nfev 57, 2s)
20:53:41   shoot k=10 restart 0: closes, gate=fail worst=8.803
20:53:44   shoot k=10 restart 1/20: no closure (max residual 1.4e-03, nfev 67, 3s)
20:53:51   shoot k=10 restart 2/20: no closure (max residual 9.1e-03, nfev 147, 7s)
20:53:54   shoot k=10 restart 3/20: no closure (max residual 1.4e-03, nfev 55, 3s)
20:54:01   shoot k=10 restart 4: closes, gate=fail worst=44.754
20:54:05   shoot k=10 restart 5/20: no closure (max residual 1.4e-03, nfev 111, 5s)
20:54:08   shoot k=10 restart 6/20: no closure (max residual 1.0e-03, nfev 41, 2s)
20:54:12   shoot k=10 restart 7: closes, gate=fail worst=57.603
20:54:16   shoot k=10 restart 8/20: no closure (max residual 4.7e-03, nfev 119, 4s)
20:54:20   shoot k=10 restart 9: closes, gate=fail worst=5.801
20:54:21   shoot k=10 restart 10/20: no closure (max residual 1.0e-03, nfev 41, 2s)
20:54:26   shoot k=10 restart 11/20: no closure (max residual 3.9e-04, nfev 106, 4s)
20:54:27   shoot k=10 restart 12: closes, gate=fail worst=8.803
20:54:29   shoot k=10 restart 13: closes, gate=fail worst=8.803
20:54:32   shoot k=10 restart 14: closes, gate=fail worst=51.178
20:54:35   shoot k=10 restart 15/20: no closure (max residual 3.9e-04, nfev 70, 3s)
20:54:36   shoot k=10 restart 16: closes, gate=fail worst=8.803
20:54:41   shoot k=10 restart 17: closes, gate=fail worst=46.096
20:54:44   shoot k=10 restart 18/20: no closure (max residual 2.6e-03, nfev 73, 3s)
20:55:32   shoot k=10 restart 19/20: no closure (max residual 8.5e-01, nfev 1007, 47s)
20:55:32 ge epoch 1 (JD 2464841.9) blend lam=1.0000 conv=True res=1.1e-11 gate=pass worst=0.329 [elapsed 923s]
20:55:33   shoot k=1 restart 0: closes, gate=fail worst=4.608
20:55:33   shoot k=1 restart 1: closes, gate=fail worst=4.608
20:55:34   shoot k=1 restart 2: closes, gate=fail worst=4.608
20:55:35   shoot k=1 restart 3: closes, gate=fail worst=4.608
20:55:35   shoot k=1 restart 4: closes, gate=fail worst=4.608
20:55:36   shoot k=1 restart 5: closes, gate=fail worst=4.608
20:55:36   shoot k=1 restart 6: closes, gate=fail worst=4.608
20:55:37   shoot k=1 restart 7: closes, gate=fail worst=4.608
20:55:38   shoot k=1 restart 8: closes, gate=fail worst=4.608
20:55:39   shoot k=1 restart 9: closes, gate=fail worst=4.608
20:55:39   shoot k=1 restart 10: closes, gate=fail worst=4.608
20:55:40   shoot k=1 restart 11: closes, gate=fail worst=4.608
20:55:41   shoot k=1 restart 12: closes, gate=fail worst=4.608
20:55:42   shoot k=1 restart 13: closes, gate=fail worst=4.608
20:55:42   shoot k=1 restart 14: closes, gate=fail worst=4.608
20:55:43   shoot k=1 restart 15: closes, gate=fail worst=4.608
20:55:43   shoot k=1 restart 16: closes, gate=fail worst=4.608
20:55:44   shoot k=1 restart 17: closes, gate=fail worst=4.608
20:55:45   shoot k=1 restart 18: closes, gate=fail worst=4.608
20:55:45   shoot k=1 restart 19: closes, gate=fail worst=4.608
20:55:45   shoot k=2 restart 0: closes, gate=fail worst=4.565
20:55:46   shoot k=2 restart 1: closes, gate=fail worst=4.565
20:55:46   shoot k=2 restart 2: closes, gate=fail worst=4.565
20:55:46   shoot k=2 restart 3: closes, gate=fail worst=4.565
20:55:46   shoot k=2 restart 4: closes, gate=fail worst=4.565
20:55:47   shoot k=2 restart 5: closes, gate=fail worst=4.565
20:55:48   shoot k=2 restart 6: closes, gate=fail worst=4.565
20:55:48   shoot k=2 restart 7: closes, gate=fail worst=4.565
20:55:48   shoot k=2 restart 8: closes, gate=fail worst=4.565
20:55:48   shoot k=2 restart 9: closes, gate=fail worst=4.565
20:55:48   shoot k=2 restart 10: closes, gate=fail worst=44.828
20:55:49   shoot k=2 restart 11: closes, gate=fail worst=4.565
20:55:49   shoot k=2 restart 12: closes, gate=fail worst=4.565
20:55:49   shoot k=2 restart 13: closes, gate=fail worst=4.565
20:55:49   shoot k=2 restart 14: closes, gate=fail worst=4.565
20:55:50   shoot k=2 restart 15: closes, gate=fail worst=4.565
20:55:50   shoot k=2 restart 16: closes, gate=fail worst=4.565
20:55:50   shoot k=2 restart 17: closes, gate=fail worst=4.565
20:55:50   shoot k=2 restart 18: closes, gate=fail worst=4.565
20:55:50   shoot k=2 restart 19: closes, gate=fail worst=4.565
20:55:51   shoot k=3 restart 0: closes, gate=fail worst=6.601
20:55:51   shoot k=3 restart 1: closes, gate=fail worst=44.995
20:55:51   shoot k=3 restart 2: closes, gate=fail worst=6.601
20:55:52   shoot k=3 restart 3: closes, gate=fail worst=22.229
20:55:53   shoot k=3 restart 4: closes, gate=fail worst=5.915
20:55:53   shoot k=3 restart 5: closes, gate=fail worst=30.268
20:55:54   shoot k=3 restart 6: closes, gate=fail worst=22.229
20:55:54   shoot k=3 restart 7: closes, gate=fail worst=6.601
20:55:55   shoot k=3 restart 8: closes, gate=fail worst=6.601
20:55:56   shoot k=3 restart 9: closes, gate=fail worst=5.915
20:55:56   shoot k=3 restart 10: closes, gate=fail worst=5.915
20:55:57   shoot k=3 restart 11: closes, gate=fail worst=5.915
20:55:57   shoot k=3 restart 12: closes, gate=fail worst=5.915
20:55:58   shoot k=3 restart 13: closes, gate=fail worst=5.915
20:55:58   shoot k=3 restart 14: closes, gate=fail worst=5.915
20:55:58   shoot k=3 restart 15: closes, gate=fail worst=6.601
20:55:58   shoot k=3 restart 16: closes, gate=fail worst=6.601
20:55:59   shoot k=3 restart 17: closes, gate=fail worst=5.915
20:55:59   shoot k=3 restart 18: closes, gate=fail worst=5.915
20:56:00   shoot k=3 restart 19: closes, gate=fail worst=5.915
20:56:01   shoot k=4 restart 0/20: no closure (max residual 1.4e-03, nfev 49, 1s)
20:56:02   shoot k=4 restart 1/20: no closure (max residual 1.4e-03, nfev 37, 1s)
20:56:03   shoot k=4 restart 2/20: no closure (max residual 1.1e-03, nfev 54, 1s)
20:56:31   shoot k=4 restart 3/20: no closure (max residual 3.2e-01, nfev 1200, 28s)
20:56:31   shoot k=4 restart 4: closes, gate=fail worst=46.847
20:56:32   shoot k=4 restart 5/20: no closure (max residual 8.8e-04, nfev 42, 1s)
20:56:33   shoot k=4 restart 6/20: no closure (max residual 1.4e-03, nfev 73, 2s)
20:56:34   shoot k=4 restart 7: closes, gate=fail worst=29.419
20:56:34   shoot k=4 restart 8/20: no closure (max residual 1.4e-03, nfev 40, 1s)
20:56:35   shoot k=4 restart 9/20: no closure (max residual 1.1e-03, nfev 49, 1s)
20:56:37   shoot k=4 restart 10/20: no closure (max residual 2.3e-03, nfev 100, 2s)
20:56:38   shoot k=4 restart 11/20: no closure (max residual 1.4e-03, nfev 40, 1s)
20:56:40   shoot k=4 restart 12/20: no closure (max residual 1.9e-01, nfev 109, 3s)
20:56:41   shoot k=4 restart 13/20: no closure (max residual 1.4e-03, nfev 50, 1s)
20:57:11   shoot k=4 restart 14/20: no closure (max residual 7.0e-01, nfev 1200, 30s)
20:57:12   shoot k=4 restart 15/20: no closure (max residual 1.4e-03, nfev 49, 1s)
20:57:14   shoot k=4 restart 16/20: no closure (max residual 1.4e-03, nfev 73, 1s)
20:57:15   shoot k=4 restart 17: closes, gate=fail worst=29.419
20:57:15   shoot k=4 restart 18/20: no closure (max residual 1.4e-03, nfev 53, 1s)
20:57:46   shoot k=4 restart 19/20: no closure (max residual 4.9e-01, nfev 1200, 30s)
20:57:46   shoot k=5 restart 0: closes, gate=fail worst=29.419
20:57:49   shoot k=5 restart 1/20: no closure (max residual 3.4e-04, nfev 104, 3s)
20:57:50   shoot k=5 restart 2/20: no closure (max residual 1.4e-02, nfev 52, 1s)
20:57:52   shoot k=5 restart 3: closes, gate=fail worst=45.176
20:57:54   shoot k=5 restart 4/20: no closure (max residual 4.1e-04, nfev 64, 2s)
20:57:57   shoot k=5 restart 5/20: no closure (max residual 3.4e-04, nfev 104, 3s)
20:57:59   shoot k=5 restart 6/20: no closure (max residual 3.4e-04, nfev 86, 2s)
20:58:01   shoot k=5 restart 7: closes, gate=fail worst=45.176
20:58:02   shoot k=5 restart 8/20: no closure (max residual 1.4e-02, nfev 48, 1s)
20:58:04   shoot k=5 restart 9: closes, gate=fail worst=6.747
20:58:06   shoot k=5 restart 10/20: no closure (max residual 3.4e-04, nfev 83, 2s)
20:58:08   shoot k=5 restart 11/20: no closure (max residual 1.4e-02, nfev 85, 2s)
20:58:10   shoot k=5 restart 12: closes, gate=fail worst=45.176
20:58:11   shoot k=5 restart 13: closes, gate=fail worst=45.176
20:58:13   shoot k=5 restart 14: closes, gate=fail worst=45.176
20:58:13   shoot k=5 restart 15: closes, gate=fail worst=45.176
20:58:15   shoot k=5 restart 16: closes, gate=fail worst=45.176
20:58:16   shoot k=5 restart 17/20: no closure (max residual 1.4e-02, nfev 55, 1s)
20:58:17   shoot k=5 restart 18: closes, gate=fail worst=45.176
20:58:20   shoot k=5 restart 19: closes, gate=fail worst=45.176
20:58:21   shoot k=6 restart 0: closes, gate=fail worst=6.453
20:58:22   shoot k=6 restart 1: closes, gate=fail worst=6.453
20:58:23   shoot k=6 restart 2: closes, gate=fail worst=21.053
20:58:24   shoot k=6 restart 3: closes, gate=fail worst=6.453
20:58:25   shoot k=6 restart 4: closes, gate=fail worst=45.064
20:58:28   shoot k=6 restart 5/20: no closure (max residual 4.6e-01, nfev 109, 3s)
20:58:29   shoot k=6 restart 6: closes, gate=fail worst=6.453
20:58:30   shoot k=6 restart 7: closes, gate=fail worst=6.417
20:58:33   shoot k=6 restart 8: closes, gate=fail worst=21.297
20:58:35   shoot k=6 restart 9: closes, gate=fail worst=6.453
20:58:35   shoot k=6 restart 10: closes, gate=fail worst=21.297
20:58:37   shoot k=6 restart 11: closes, gate=fail worst=6.453
20:58:41   shoot k=6 restart 12/20: no closure (max residual 4.6e-01, nfev 129, 4s)
20:58:43   shoot k=6 restart 13: closes, gate=fail worst=6.453
20:58:49   shoot k=6 restart 14/20: no closure (max residual 6.8e-03, nfev 178, 6s)
20:58:50   shoot k=6 restart 15: closes, gate=fail worst=21.297
20:58:53   shoot k=6 restart 16: closes, gate=fail worst=104.620
20:58:59   shoot k=6 restart 17: closes, gate=fail worst=6.453
20:59:03   shoot k=6 restart 18: closes, gate=fail worst=6.453
20:59:04   shoot k=6 restart 19: closes, gate=fail worst=6.417
20:59:05   shoot k=7 restart 0: closes, gate=fail worst=5.841
20:59:08   shoot k=7 restart 1: closes, gate=fail worst=11.734
20:59:09   shoot k=7 restart 2: closes, gate=fail worst=5.841
20:59:12   shoot k=7 restart 3: closes, gate=fail worst=21.551
20:59:13   shoot k=7 restart 4: closes, gate=fail worst=5.841
20:59:15   shoot k=7 restart 5: closes, gate=fail worst=5.841
20:59:16   shoot k=7 restart 6: closes, gate=fail worst=5.841
20:59:18   shoot k=7 restart 7: closes, gate=fail worst=44.705
20:59:19   shoot k=7 restart 8: closes, gate=fail worst=17.610
20:59:20   shoot k=7 restart 9: closes, gate=fail worst=5.841
20:59:21   shoot k=7 restart 10: closes, gate=fail worst=22.757
20:59:22   shoot k=7 restart 11: closes, gate=fail worst=11.691
20:59:23   shoot k=7 restart 12/20: no closure (max residual 1.5e-03, nfev 43, 1s)
20:59:25   shoot k=7 restart 13: closes, gate=fail worst=45.137
20:59:26   shoot k=7 restart 14: closes, gate=fail worst=5.841
20:59:28   shoot k=7 restart 15: closes, gate=fail worst=5.841
20:59:30   shoot k=7 restart 16/20: no closure (max residual 1.3e-02, nfev 79, 3s)
20:59:31   shoot k=7 restart 17: closes, gate=fail worst=5.841
20:59:33   shoot k=7 restart 18/20: no closure (max residual 1.5e-03, nfev 59, 2s)
20:59:36   shoot k=7 restart 19: closes, gate=fail worst=50.721
20:59:37   shoot k=8 restart 0/20: no closure (max residual 2.1e-04, nfev 27, 1s)
20:59:39   shoot k=8 restart 1/20: no closure (max residual 1.6e-03, nfev 51, 2s)
20:59:43   shoot k=8 restart 2/20: no closure (max residual 4.4e-04, nfev 128, 5s)
20:59:48   shoot k=8 restart 3/20: no closure (max residual 4.4e-04, nfev 126, 5s)
20:59:56   shoot k=8 restart 4/20: no closure (max residual 9.5e-01, nfev 212, 8s)
20:59:58   shoot k=8 restart 5/20: no closure (max residual 2.7e-03, nfev 53, 2s)
21:00:02   shoot k=8 restart 6/20: no closure (max residual 2.1e-04, nfev 96, 3s)
21:00:18   shoot k=8 restart 7/20: no closure (max residual 9.5e-01, nfev 455, 16s)
21:00:21   shoot k=8 restart 8: closes, gate=fail worst=21.250
21:00:23   shoot k=8 restart 9/20: no closure (max residual 2.1e-04, nfev 40, 1s)
21:00:24   shoot k=8 restart 10/20: no closure (max residual 2.0e-03, nfev 41, 1s)
21:00:26   shoot k=8 restart 11/20: no closure (max residual 1.6e-03, nfev 53, 2s)
21:00:29   shoot k=8 restart 12/20: no closure (max residual 5.5e-04, nfev 111, 3s)
21:00:34   shoot k=8 restart 13: closes, gate=fail worst=9.960
21:00:35   shoot k=8 restart 14: closes, gate=fail worst=45.996
21:00:40   shoot k=8 restart 15/20: no closure (max residual 4.4e-04, nfev 116, 5s)
21:00:46   shoot k=8 restart 16/20: no closure (max residual 7.5e-01, nfev 155, 6s)
21:00:48   shoot k=8 restart 17/20: no closure (max residual 2.1e-04, nfev 58, 2s)
21:00:51   shoot k=8 restart 18/20: no closure (max residual 7.1e-03, nfev 74, 3s)
21:00:55   shoot k=8 restart 19/20: no closure (max residual 2.1e-04, nfev 87, 4s)
21:00:58   shoot k=9 restart 0/20: no closure (max residual 6.5e-03, nfev 53, 3s)
21:01:01   shoot k=9 restart 1/20: no closure (max residual 2.6e-03, nfev 60, 3s)
21:01:02   shoot k=9 restart 2: closes, gate=fail worst=11.228
21:01:08   shoot k=9 restart 3: closes, gate=fail worst=114.923
21:01:11   shoot k=9 restart 4: closes, gate=fail worst=17.562
21:01:14   shoot k=9 restart 5: closes, gate=fail worst=29.411
21:01:16   shoot k=9 restart 6/20: no closure (max residual 6.5e-03, nfev 51, 2s)
21:01:20   shoot k=9 restart 7/20: no closure (max residual 6.5e-03, nfev 77, 4s)
21:01:23   shoot k=9 restart 8/20: no closure (max residual 4.6e-03, nfev 64, 3s)
21:01:26   shoot k=9 restart 9/20: no closure (max residual 6.5e-03, nfev 45, 2s)
21:01:32   shoot k=9 restart 10: closes, gate=fail worst=12.818
21:01:34   shoot k=9 restart 11: closes, gate=fail worst=17.562
21:01:35   shoot k=9 restart 12: closes, gate=fail worst=35.633
21:01:40   shoot k=9 restart 13: closes, gate=fail worst=21.358
21:01:43   shoot k=9 restart 14: closes, gate=fail worst=17.562
21:01:46   shoot k=9 restart 15: closes, gate=fail worst=7.376
21:02:46   shoot k=9 restart 16: 9098 evals, best max|res| so far 8.32e-01 [60s]
21:03:46   shoot k=9 restart 16: 18065 evals, best max|res| so far 7.98e-01 [120s]
21:04:11   shoot k=9 restart 16/20: no closure (max residual 7.8e-01, nfev 2700, 145s)
21:04:16   shoot k=9 restart 17/20: no closure (max residual 6.5e-03, nfev 105, 5s)
21:05:16   shoot k=9 restart 18: 7857 evals, best max|res| so far 1.23e+00 [60s]
21:06:16   shoot k=9 restart 18: 15583 evals, best max|res| so far 1.19e+00 [120s]
21:07:12   shoot k=9 restart 18/20: no closure (max residual 1.2e+00, nfev 2700, 176s)
21:07:15   shoot k=9 restart 19/20: no closure (max residual 1.0e-03, nfev 57, 3s)
21:07:20   shoot k=10 restart 0/20: no closure (max residual 3.8e-04, nfev 92, 4s)
21:07:21   shoot k=10 restart 1: closes, gate=fail worst=44.671
21:07:24   shoot k=10 restart 2: closes, gate=fail worst=21.360
21:07:32   shoot k=10 restart 3/20: no closure (max residual 6.9e-06, nfev 144, 8s)
21:07:38   shoot k=10 restart 4: closes, gate=fail worst=6.604
21:07:43   shoot k=10 restart 5: closes, gate=fail worst=21.310
21:07:45   shoot k=10 restart 6: closes, gate=fail worst=6.643
21:08:45   shoot k=10 restart 7: 10397 evals, best max|res| so far 3.17e+00 [60s]
21:09:45   shoot k=10 restart 7: 17356 evals, best max|res| so far 3.17e+00 [120s]
21:10:36   shoot k=10 restart 7/20: no closure (max residual 3.2e+00, nfev 3000, 172s)
21:10:41   shoot k=10 restart 8: closes, gate=fail worst=6.604
21:10:49   shoot k=10 restart 9: closes, gate=fail worst=45.675
21:10:52   shoot k=10 restart 10: closes, gate=fail worst=17.281
21:10:53   shoot k=10 restart 11: closes, gate=fail worst=45.424
21:10:59   shoot k=10 restart 12: closes, gate=fail worst=6.604
21:11:09   shoot k=10 restart 13: closes, gate=fail worst=118.294
21:11:14   shoot k=10 restart 14/20: no closure (max residual 6.4e-03, nfev 89, 6s)
21:11:18   shoot k=10 restart 15: closes, gate=fail worst=6.643
21:11:23   shoot k=10 restart 16: closes, gate=fail worst=21.226
21:12:00   shoot k=10 restart 17/20: no closure (max residual 6.9e-06, nfev 662, 37s)
21:12:06   shoot k=10 restart 18: closes, gate=fail worst=108.205
21:12:09   shoot k=10 restart 19/20: no closure (max residual 2.8e-04, nfev 57, 3s)
21:12:10 ge epoch 2 (JD 2467182.8) blend lam=1.0000 conv=True res=2.0e-11 gate=pass worst=0.342 [elapsed 1921s]
21:12:10   shoot k=1 restart 0: closes, gate=fail worst=3.658
21:12:11   shoot k=1 restart 1: closes, gate=fail worst=3.658
21:12:12   shoot k=1 restart 2: closes, gate=fail worst=3.658
21:12:12   shoot k=1 restart 3: closes, gate=fail worst=3.658
21:12:13   shoot k=1 restart 4: closes, gate=fail worst=3.658
21:12:14   shoot k=1 restart 5: closes, gate=fail worst=3.658
21:12:15   shoot k=1 restart 6: closes, gate=fail worst=3.658
21:12:15   shoot k=1 restart 7: closes, gate=fail worst=3.658
21:12:16   shoot k=1 restart 8: closes, gate=fail worst=3.658
21:12:17   shoot k=1 restart 9: closes, gate=fail worst=3.658
21:12:18   shoot k=1 restart 10: closes, gate=fail worst=3.658
21:12:18   shoot k=1 restart 11: closes, gate=fail worst=3.658
21:12:19   shoot k=1 restart 12: closes, gate=fail worst=3.658
21:12:20   shoot k=1 restart 13: closes, gate=fail worst=3.658
21:12:21   shoot k=1 restart 14: closes, gate=fail worst=3.658
21:12:22   shoot k=1 restart 15: closes, gate=fail worst=3.658
21:12:22   shoot k=1 restart 16: closes, gate=fail worst=3.658
21:12:23   shoot k=1 restart 17: closes, gate=fail worst=3.658
21:12:24   shoot k=1 restart 18: closes, gate=fail worst=3.658
21:12:25   shoot k=1 restart 19: closes, gate=fail worst=3.658
21:12:25   shoot k=2 restart 0: closes, gate=fail worst=3.589
21:12:25   shoot k=2 restart 1: closes, gate=fail worst=3.589
21:12:25   shoot k=2 restart 2: closes, gate=fail worst=3.589
21:12:26   shoot k=2 restart 3: closes, gate=fail worst=3.589
21:12:26   shoot k=2 restart 4: closes, gate=fail worst=3.589
21:12:26   shoot k=2 restart 5: closes, gate=fail worst=3.589
21:12:27   shoot k=2 restart 6: closes, gate=fail worst=3.589
21:12:27   shoot k=2 restart 7: closes, gate=fail worst=3.589
21:12:28   shoot k=2 restart 8: closes, gate=fail worst=3.589
21:12:28   shoot k=2 restart 9: closes, gate=fail worst=3.589
21:12:28   shoot k=2 restart 10: closes, gate=fail worst=3.589
21:12:28   shoot k=2 restart 11: closes, gate=fail worst=3.589
21:12:28   shoot k=2 restart 12: closes, gate=fail worst=3.589
21:12:29   shoot k=2 restart 13: closes, gate=fail worst=3.589
21:12:29   shoot k=2 restart 14: closes, gate=fail worst=3.589
21:12:29   shoot k=2 restart 15: closes, gate=fail worst=3.589
21:12:29   shoot k=2 restart 16: closes, gate=fail worst=3.589
21:12:30   shoot k=2 restart 17: closes, gate=fail worst=3.589
21:12:30   shoot k=2 restart 18: closes, gate=fail worst=3.589
21:12:30   shoot k=2 restart 19: closes, gate=fail worst=3.589
21:12:31   shoot k=3 restart 0/20: no closure (max residual 1.1e-03, nfev 49, 1s)
21:12:31   shoot k=3 restart 1/20: no closure (max residual 1.1e-03, nfev 39, 1s)
21:12:32   shoot k=3 restart 2/20: no closure (max residual 1.1e-03, nfev 64, 1s)
21:12:33   shoot k=3 restart 3/20: no closure (max residual 1.1e-03, nfev 39, 1s)
21:12:33   shoot k=3 restart 4/20: no closure (max residual 1.1e-03, nfev 37, 1s)
21:12:34   shoot k=3 restart 5: closes, gate=fail worst=16.627
21:12:36   shoot k=3 restart 6/20: no closure (max residual 1.1e-03, nfev 89, 1s)
21:12:36   shoot k=3 restart 7/20: no closure (max residual 1.1e-03, nfev 42, 1s)
21:12:37   shoot k=3 restart 8/20: no closure (max residual 1.1e-03, nfev 52, 1s)
21:12:37   shoot k=3 restart 9: closes, gate=fail worst=16.627
21:12:38   shoot k=3 restart 10/20: no closure (max residual 1.1e-03, nfev 52, 1s)
21:12:39   shoot k=3 restart 11/20: no closure (max residual 1.1e-03, nfev 54, 1s)
21:12:40   shoot k=3 restart 12/20: no closure (max residual 1.1e-03, nfev 38, 1s)
21:12:41   shoot k=3 restart 13/20: no closure (max residual 1.1e-03, nfev 40, 1s)
21:12:41   shoot k=3 restart 14/20: no closure (max residual 1.1e-03, nfev 43, 1s)
21:12:42   shoot k=3 restart 15/20: no closure (max residual 1.1e-03, nfev 49, 1s)
21:12:44   shoot k=3 restart 16/20: no closure (max residual 1.1e-03, nfev 73, 1s)
21:12:45   shoot k=3 restart 17/20: no closure (max residual 1.1e-03, nfev 79, 1s)
21:12:45   shoot k=3 restart 18/20: no closure (max residual 1.1e-03, nfev 40, 0s)
21:12:46   shoot k=3 restart 19: closes, gate=fail worst=16.627
21:12:46   shoot k=4 restart 0: closes, gate=fail worst=10.365
21:12:48   shoot k=4 restart 1/20: no closure (max residual 3.1e-03, nfev 89, 2s)
21:12:49   shoot k=4 restart 2/20: no closure (max residual 3.5e-03, nfev 44, 1s)
21:12:49   shoot k=4 restart 3: closes, gate=fail worst=10.365
21:12:50   shoot k=4 restart 4/20: no closure (max residual 2.5e-03, nfev 58, 1s)
21:12:51   shoot k=4 restart 5/20: no closure (max residual 2.5e-03, nfev 70, 1s)
21:12:52   shoot k=4 restart 6: closes, gate=fail worst=10.365
21:12:53   shoot k=4 restart 7/20: no closure (max residual 2.5e-03, nfev 58, 1s)
21:12:53   shoot k=4 restart 8: closes, gate=fail worst=10.365
21:12:54   shoot k=4 restart 9: closes, gate=fail worst=10.365
21:12:55   shoot k=4 restart 10/20: no closure (max residual 2.5e-03, nfev 52, 1s)
21:12:55   shoot k=4 restart 11: closes, gate=fail worst=10.365
21:12:56   shoot k=4 restart 12/20: no closure (max residual 3.1e-03, nfev 40, 1s)
21:12:57   shoot k=4 restart 13/20: no closure (max residual 2.5e-03, nfev 47, 1s)
21:12:57   shoot k=4 restart 14: closes, gate=fail worst=10.365
21:12:58   shoot k=4 restart 15/20: no closure (max residual 2.5e-03, nfev 43, 1s)
21:12:59   shoot k=4 restart 16/20: no closure (max residual 2.5e-03, nfev 54, 1s)
21:13:00   shoot k=4 restart 17: closes, gate=fail worst=16.036
21:13:01   shoot k=4 restart 18: closes, gate=fail worst=10.365
21:13:02   shoot k=4 restart 19/20: no closure (max residual 2.5e-03, nfev 41, 1s)
21:13:02   shoot k=5 restart 0: closes, gate=fail worst=10.365
21:13:05   shoot k=5 restart 1/20: no closure (max residual 1.4e-02, nfev 87, 2s)
21:13:08   shoot k=5 restart 2/20: no closure (max residual 1.4e-02, nfev 110, 3s)
21:13:09   shoot k=5 restart 3: closes, gate=fail worst=16.017
21:14:00   shoot k=5 restart 4/20: no closure (max residual 6.1e-01, nfev 1500, 50s)
21:14:02   shoot k=5 restart 5/20: no closure (max residual 1.4e-02, nfev 74, 2s)
21:14:03   shoot k=5 restart 6/20: no closure (max residual 4.6e-04, nfev 55, 1s)
21:14:04   shoot k=5 restart 7: closes, gate=fail worst=10.365
21:14:05   shoot k=5 restart 8: closes, gate=fail worst=3.515
21:14:06   shoot k=5 restart 9/20: no closure (max residual 1.4e-02, nfev 49, 1s)
21:14:09   shoot k=5 restart 10/20: no closure (max residual 4.6e-04, nfev 125, 3s)
21:14:11   shoot k=5 restart 11/20: no closure (max residual 1.4e-02, nfev 51, 1s)
21:14:12   shoot k=5 restart 12/20: no closure (max residual 1.4e-02, nfev 68, 2s)
21:14:14   shoot k=5 restart 13: closes, gate=fail worst=3.515
21:14:15   shoot k=5 restart 14/20: no closure (max residual 1.4e-02, nfev 60, 1s)
21:14:19   shoot k=5 restart 15/20: no closure (max residual 1.4e-02, nfev 129, 3s)
21:14:20   shoot k=5 restart 16: closes, gate=fail worst=3.515
21:14:22   shoot k=5 restart 17: closes, gate=fail worst=3.515
21:14:23   shoot k=5 restart 18/20: no closure (max residual 1.4e-02, nfev 44, 1s)
21:14:25   shoot k=5 restart 19: closes, gate=fail worst=3.515
21:14:26   shoot k=6 restart 0: closes, gate=fail worst=4.235
21:14:27   shoot k=6 restart 1: closes, gate=fail worst=4.235
21:14:29   shoot k=6 restart 2/20: no closure (max residual 1.1e-02, nfev 57, 2s)
21:14:31   shoot k=6 restart 3/20: no closure (max residual 1.0e-02, nfev 52, 2s)
21:14:31   shoot k=6 restart 4: closes, gate=fail worst=45.991
21:14:33   shoot k=6 restart 5: closes, gate=fail worst=4.235
21:14:36   shoot k=6 restart 6/20: no closure (max residual 1.4e-02, nfev 99, 3s)
21:14:38   shoot k=6 restart 7: closes, gate=fail worst=4.235
21:14:40   shoot k=6 restart 8/20: no closure (max residual 1.4e-02, nfev 66, 2s)
21:14:41   shoot k=6 restart 9: closes, gate=fail worst=45.517
21:14:42   shoot k=6 restart 10: closes, gate=fail worst=4.235
21:14:44   shoot k=6 restart 11: closes, gate=fail worst=4.235
21:14:46   shoot k=6 restart 12/20: no closure (max residual 1.4e-02, nfev 88, 3s)
21:14:48   shoot k=6 restart 13: closes, gate=fail worst=4.235
21:15:48   shoot k=6 restart 14: 11382 evals, best max|res| so far 1.84e+00 [60s]
21:16:00   shoot k=6 restart 14/20: no closure (max residual 1.8e+00, nfev 1800, 72s)
21:16:01   shoot k=6 restart 15: closes, gate=fail worst=45.503
21:16:02   shoot k=6 restart 16: closes, gate=fail worst=49.558
21:16:04   shoot k=6 restart 17: closes, gate=fail worst=4.235
21:16:09   shoot k=6 restart 18: closes, gate=fail worst=4.235
21:16:10   shoot k=6 restart 19: closes, gate=fail worst=4.235
21:16:11   shoot k=7 restart 0: closes, gate=fail worst=3.605
21:16:13   shoot k=7 restart 1: closes, gate=fail worst=3.605
21:16:15   shoot k=7 restart 2: closes, gate=fail worst=3.605
21:16:16   shoot k=7 restart 3: closes, gate=fail worst=45.509
21:16:17   shoot k=7 restart 4: closes, gate=fail worst=3.605
21:16:18   shoot k=7 restart 5: closes, gate=fail worst=11.087
21:16:21   shoot k=7 restart 6: closes, gate=fail worst=3.605
21:16:23   shoot k=7 restart 7: closes, gate=fail worst=3.605
21:16:26   shoot k=7 restart 8: closes, gate=fail worst=46.816
21:16:27   shoot k=7 restart 9: closes, gate=fail worst=11.087
21:16:31   shoot k=7 restart 10: closes, gate=fail worst=11.087
21:16:33   shoot k=7 restart 11: closes, gate=fail worst=3.605
21:16:38   shoot k=7 restart 12/20: no closure (max residual 5.3e-03, nfev 121, 5s)
21:16:40   shoot k=7 restart 13/20: no closure (max residual 7.6e-03, nfev 53, 2s)
21:16:47   shoot k=7 restart 14/20: no closure (max residual 1.1e-02, nfev 153, 7s)
21:17:47   shoot k=7 restart 15: 12646 evals, best max|res| so far 2.62e+00 [60s]
21:18:15   shoot k=7 restart 15/20: no closure (max residual 2.6e+00, nfev 2100, 88s)
21:18:16   shoot k=7 restart 16: closes, gate=fail worst=3.605
21:18:19   shoot k=7 restart 17/20: no closure (max residual 1.1e-02, nfev 68, 3s)
21:18:23   shoot k=7 restart 18/20: no closure (max residual 6.0e-03, nfev 96, 4s)
21:18:24   shoot k=7 restart 19: closes, gate=fail worst=3.605
21:18:25   shoot k=8 restart 0/20: no closure (max residual 5.0e-04, nfev 29, 2s)
21:18:28   shoot k=8 restart 1/20: no closure (max residual 4.9e-03, nfev 72, 3s)
21:18:32   shoot k=8 restart 2: closes, gate=fail worst=100.109
21:18:36   shoot k=8 restart 3: closes, gate=fail worst=10.321
21:18:42   shoot k=8 restart 4/20: no closure (max residual 3.9e-03, nfev 152, 5s)
21:18:46   shoot k=8 restart 5/20: no closure (max residual 5.0e-04, nfev 119, 4s)
21:18:48   shoot k=8 restart 6/20: no closure (max residual 5.0e-04, nfev 56, 2s)
21:18:49   shoot k=8 restart 7/20: no closure (max residual 5.0e-04, nfev 41, 1s)
21:18:52   shoot k=8 restart 8/20: no closure (max residual 1.3e-03, nfev 70, 3s)
21:18:54   shoot k=8 restart 9/20: no closure (max residual 5.0e-04, nfev 63, 2s)
21:18:56   shoot k=8 restart 10/20: no closure (max residual 4.9e-03, nfev 68, 3s)
21:18:58   shoot k=8 restart 11/20: no closure (max residual 5.0e-04, nfev 36, 1s)
21:19:02   shoot k=8 restart 12/20: no closure (max residual 1.3e-03, nfev 117, 4s)
21:19:04   shoot k=8 restart 13: closes, gate=fail worst=45.909
21:19:06   shoot k=8 restart 14/20: no closure (max residual 5.0e-04, nfev 52, 2s)
21:19:09   shoot k=8 restart 15/20: no closure (max residual 4.9e-03, nfev 97, 3s)
21:19:11   shoot k=8 restart 16/20: no closure (max residual 9.9e-03, nfev 59, 2s)
21:19:16   shoot k=8 restart 17/20: no closure (max residual 3.9e-03, nfev 93, 5s)
21:19:18   shoot k=8 restart 18: closes, gate=fail worst=45.923
21:20:18   shoot k=8 restart 19: 10589 evals, best max|res| so far 4.43e-01 [60s]
21:21:00   shoot k=8 restart 19/20: no closure (max residual 5.0e-04, nfev 2264, 102s)
21:21:01   shoot k=9 restart 0: closes, gate=fail worst=10.476
21:21:04   shoot k=9 restart 1: closes, gate=fail worst=46.425
21:21:05   shoot k=9 restart 2: closes, gate=fail worst=10.476
21:21:06   shoot k=9 restart 3: closes, gate=fail worst=10.476
21:21:09   shoot k=9 restart 4/20: no closure (max residual 4.5e-05, nfev 74, 3s)
21:21:12   shoot k=9 restart 5/20: no closure (max residual 1.2e-03, nfev 64, 2s)
21:21:15   shoot k=9 restart 6: closes, gate=fail worst=16.613
21:21:19   shoot k=9 restart 7: closes, gate=fail worst=11.710
21:21:22   shoot k=9 restart 8/20: no closure (max residual 8.7e-04, nfev 59, 2s)
21:22:22   shoot k=9 restart 9: 8878 evals, best max|res| so far 7.53e-01 [60s]
21:23:22   shoot k=9 restart 9: 18022 evals, best max|res| so far 7.50e-01 [120s]
21:23:46   shoot k=9 restart 9/20: no closure (max residual 7.5e-01, nfev 2700, 145s)
21:23:51   shoot k=9 restart 10: closes, gate=fail worst=4.125
21:23:54   shoot k=9 restart 11/20: no closure (max residual 1.5e-02, nfev 65, 3s)
21:23:57   shoot k=9 restart 12: closes, gate=fail worst=10.476
21:23:59   shoot k=9 restart 13: closes, gate=fail worst=47.820
21:24:02   shoot k=9 restart 14: closes, gate=fail worst=45.417
21:24:04   shoot k=9 restart 15: closes, gate=fail worst=10.476
21:24:09   shoot k=9 restart 16/20: no closure (max residual 3.9e-03, nfev 80, 4s)
21:24:14   shoot k=9 restart 17/20: no closure (max residual 1.2e-03, nfev 112, 5s)
21:24:18   shoot k=9 restart 18/20: no closure (max residual 3.0e-03, nfev 88, 3s)
21:24:20   shoot k=9 restart 19/20: no closure (max residual 1.2e-03, nfev 67, 3s)
21:24:22   shoot k=10 restart 0: closes, gate=fail worst=3.494
21:25:22   shoot k=10 restart 1: 9334 evals, best max|res| so far 7.44e-01 [60s]
21:26:22   shoot k=10 restart 1: 21999 evals, best max|res| so far 7.44e-01 [120s]
21:26:31   shoot k=10 restart 1/20: no closure (max residual 7.4e-01, nfev 3000, 129s)
21:26:33   shoot k=10 restart 2/20: no closure (max residual 2.7e-03, nfev 58, 2s)
21:26:37   shoot k=10 restart 3/20: no closure (max residual 1.7e-04, nfev 118, 4s)
21:26:41   shoot k=10 restart 4: closes, gate=fail worst=45.128
21:26:45   shoot k=10 restart 5: closes, gate=fail worst=109.451
21:27:45   shoot k=10 restart 6: 16386 evals, best max|res| so far 1.08e-02 [60s]
21:27:45   shoot k=10 restart 6/20: no closure (max residual 1.1e-02, nfev 2156, 61s)
21:27:46   shoot k=10 restart 7: closes, gate=fail worst=39.190
21:27:48   shoot k=10 restart 8/20: no closure (max residual 3.5e-03, nfev 78, 2s)
21:27:50   shoot k=10 restart 9/20: no closure (max residual 1.7e-04, nfev 106, 2s)
21:27:51   shoot k=10 restart 10/20: no closure (max residual 3.3e-03, nfev 56, 1s)
21:27:53   shoot k=10 restart 11/20: no closure (max residual 2.2e-03, nfev 77, 2s)
21:27:54   shoot k=10 restart 12/20: no closure (max residual 3.5e-03, nfev 50, 1s)
21:28:54   shoot k=10 restart 13: 18823 evals, best max|res| so far 2.69e+00 [60s]
21:29:10   shoot k=10 restart 13/20: no closure (max residual 2.7e+00, nfev 3000, 76s)
21:29:12   shoot k=10 restart 14/20: no closure (max residual 1.7e-04, nfev 68, 1s)
21:29:13   shoot k=10 restart 15: closes, gate=fail worst=3.492
21:29:14   shoot k=10 restart 16/20: no closure (max residual 3.7e-03, nfev 72, 2s)
21:29:18   shoot k=10 restart 17/20: no closure (max residual 1.9e-03, nfev 157, 3s)
21:29:20   shoot k=10 restart 18/20: no closure (max residual 1.8e-03, nfev 127, 3s)
21:29:22   shoot k=10 restart 19: closes, gate=fail worst=3.492
21:29:22 ge epoch 3 (JD 2469516.7) blend lam=1.0000 conv=True res=5.6e-12 gate=pass worst=0.342 [elapsed 2953s]
21:29:22   shoot k=1 restart 0: closes, gate=fail worst=2.115
21:29:23   shoot k=1 restart 1: closes, gate=fail worst=2.115
21:29:23   shoot k=1 restart 2: closes, gate=fail worst=2.115
21:29:23   shoot k=1 restart 3: closes, gate=fail worst=2.115
21:29:24   shoot k=1 restart 4: closes, gate=fail worst=2.115
21:29:24   shoot k=1 restart 5: closes, gate=fail worst=2.115
21:29:24   shoot k=1 restart 6: closes, gate=fail worst=2.115
21:29:25   shoot k=1 restart 7: closes, gate=fail worst=2.115
21:29:25   shoot k=1 restart 8: closes, gate=fail worst=2.115
21:29:25   shoot k=1 restart 9: closes, gate=fail worst=2.115
21:29:25   shoot k=1 restart 10: closes, gate=fail worst=2.115
21:29:26   shoot k=1 restart 11: closes, gate=fail worst=2.115
21:29:26   shoot k=1 restart 12: closes, gate=fail worst=2.115
21:29:26   shoot k=1 restart 13: closes, gate=fail worst=2.115
21:29:27   shoot k=1 restart 14: closes, gate=fail worst=2.115
21:29:27   shoot k=1 restart 15: closes, gate=fail worst=2.115
21:29:27   shoot k=1 restart 16: closes, gate=fail worst=2.115
21:29:28   shoot k=1 restart 17: closes, gate=fail worst=2.115
21:29:28   shoot k=1 restart 18: closes, gate=fail worst=2.115
21:29:28   shoot k=1 restart 19: closes, gate=fail worst=2.115
21:29:28   shoot k=2 restart 0: closes, gate=fail worst=2.035
21:29:28   shoot k=2 restart 1: closes, gate=fail worst=2.035
21:29:28   shoot k=2 restart 2: closes, gate=fail worst=2.035
21:29:32   shoot k=2 restart 3/20: no closure (max residual 6.2e-02, nfev 600, 3s)
21:29:33   shoot k=2 restart 4/20: no closure (max residual 7.1e-01, nfev 273, 1s)
21:29:33   shoot k=2 restart 5: closes, gate=fail worst=2.035
21:29:33   shoot k=2 restart 6: closes, gate=fail worst=2.035
21:29:33   shoot k=2 restart 7: closes, gate=fail worst=2.035
21:29:34   shoot k=2 restart 8: closes, gate=fail worst=2.035
21:29:34   shoot k=2 restart 9: closes, gate=fail worst=2.035
21:29:34   shoot k=2 restart 10: closes, gate=fail worst=2.035
21:29:34   shoot k=2 restart 11: closes, gate=fail worst=2.035
21:29:34   shoot k=2 restart 12: closes, gate=fail worst=2.035
21:29:34   shoot k=2 restart 13: closes, gate=fail worst=2.035
21:29:35   shoot k=2 restart 14: closes, gate=fail worst=2.035
21:29:35   shoot k=2 restart 15: closes, gate=fail worst=2.035
21:29:35   shoot k=2 restart 16: closes, gate=fail worst=2.035
21:29:35   shoot k=2 restart 17: closes, gate=fail worst=2.035
21:29:38   shoot k=2 restart 18/20: no closure (max residual 7.9e-01, nfev 600, 3s)
21:29:38   shoot k=2 restart 19: closes, gate=fail worst=2.035
21:29:39   shoot k=3 restart 0: closes, gate=fail worst=2.620
21:29:39   shoot k=3 restart 1/20: no closure (max residual 2.1e-03, nfev 35, 0s)
21:29:39   shoot k=3 restart 2/20: no closure (max residual 2.1e-03, nfev 52, 0s)
21:29:39   shoot k=3 restart 3: closes, gate=fail worst=2.620
21:29:40   shoot k=3 restart 4: closes, gate=fail worst=2.620
21:29:40   shoot k=3 restart 5/20: no closure (max residual 2.1e-03, nfev 47, 0s)
21:29:40   shoot k=3 restart 6/20: no closure (max residual 2.1e-03, nfev 46, 0s)
21:29:48   shoot k=3 restart 7/20: no closure (max residual 8.5e-01, nfev 900, 8s)
21:29:48   shoot k=3 restart 8/20: no closure (max residual 2.1e-03, nfev 53, 0s)
21:29:48   shoot k=3 restart 9/20: no closure (max residual 2.1e-03, nfev 49, 0s)
21:29:49   shoot k=3 restart 10/20: no closure (max residual 2.1e-03, nfev 49, 0s)
21:29:49   shoot k=3 restart 11/20: no closure (max residual 2.1e-03, nfev 40, 0s)
21:29:49   shoot k=3 restart 12: closes, gate=fail worst=2.620
21:29:49   shoot k=3 restart 13/20: no closure (max residual 2.1e-03, nfev 37, 0s)
21:29:50   shoot k=3 restart 14/20: no closure (max residual 1.3e+00, nfev 97, 1s)
21:29:50   shoot k=3 restart 15/20: no closure (max residual 2.1e-03, nfev 51, 0s)
21:29:50   shoot k=3 restart 16: closes, gate=fail worst=2.620
21:29:51   shoot k=3 restart 17: closes, gate=fail worst=48.926
21:29:51   shoot k=3 restart 18/20: no closure (max residual 2.1e-03, nfev 68, 0s)
21:29:53   shoot k=3 restart 19/20: no closure (max residual 1.2e+00, nfev 331, 2s)
21:29:54   shoot k=4 restart 0/20: no closure (max residual 4.1e-03, nfev 41, 0s)
21:29:54   shoot k=4 restart 1/20: no closure (max residual 4.1e-03, nfev 84, 1s)
21:29:55   shoot k=4 restart 2/20: no closure (max residual 4.1e-03, nfev 45, 0s)
21:29:55   shoot k=4 restart 3: closes, gate=fail worst=1.940
21:29:55   shoot k=4 restart 4/20: no closure (max residual 4.1e-03, nfev 50, 0s)
21:29:56   shoot k=4 restart 5/20: no closure (max residual 2.6e-03, nfev 62, 1s)
21:29:56   shoot k=4 restart 6/20: no closure (max residual 4.0e-03, nfev 86, 1s)
21:29:57   shoot k=4 restart 7: closes, gate=fail worst=1.940
21:29:57   shoot k=4 restart 8: closes, gate=fail worst=45.171
21:29:57   shoot k=4 restart 9/20: no closure (max residual 4.0e-03, nfev 43, 0s)
21:29:58   shoot k=4 restart 10/20: no closure (max residual 1.0e+00, nfev 141, 1s)
21:29:59   shoot k=4 restart 11/20: no closure (max residual 4.1e-03, nfev 61, 0s)
21:29:59   shoot k=4 restart 12/20: no closure (max residual 4.1e-03, nfev 64, 0s)
21:30:00   shoot k=4 restart 13/20: no closure (max residual 4.1e-03, nfev 54, 0s)
21:30:02   shoot k=4 restart 14/20: no closure (max residual 1.2e+00, nfev 179, 2s)
21:30:02   shoot k=4 restart 15: closes, gate=fail worst=1.940
21:30:02   shoot k=4 restart 16/20: no closure (max residual 4.1e-03, nfev 44, 0s)
21:30:03   shoot k=4 restart 17/20: no closure (max residual 4.1e-03, nfev 41, 0s)
21:30:03   shoot k=4 restart 18/20: no closure (max residual 4.1e-03, nfev 39, 0s)
21:30:03   shoot k=4 restart 19/20: no closure (max residual 4.1e-03, nfev 76, 1s)
21:30:04   shoot k=5 restart 0: closes, gate=fail worst=1.940
21:30:04   shoot k=5 restart 1/20: no closure (max residual 2.7e-03, nfev 57, 1s)
21:30:09   shoot k=5 restart 2/20: no closure (max residual 7.1e-04, nfev 361, 5s)
21:30:10   shoot k=5 restart 3/20: no closure (max residual 7.1e-04, nfev 54, 1s)
21:30:10   shoot k=5 restart 4/20: no closure (max residual 7.1e-04, nfev 42, 0s)
21:30:11   shoot k=5 restart 5: closes, gate=fail worst=2.189
21:30:11   shoot k=5 restart 6: closes, gate=fail worst=1.940
21:30:11   shoot k=5 restart 7/20: no closure (max residual 1.5e-02, nfev 46, 0s)
21:30:12   shoot k=5 restart 8: closes, gate=fail worst=2.189
21:30:12   shoot k=5 restart 9: closes, gate=fail worst=1.940
21:30:12   shoot k=5 restart 10: closes, gate=fail worst=1.940
21:30:14   shoot k=5 restart 11/20: no closure (max residual 1.5e-02, nfev 105, 1s)
21:30:14   shoot k=5 restart 12: closes, gate=fail worst=2.189
21:30:14   shoot k=5 restart 13: closes, gate=fail worst=47.268
21:30:15   shoot k=5 restart 14/20: no closure (max residual 1.5e-02, nfev 52, 1s)
21:30:15   shoot k=5 restart 15: closes, gate=fail worst=2.189
21:30:16   shoot k=5 restart 16/20: no closure (max residual 7.1e-04, nfev 42, 0s)
21:30:16   shoot k=5 restart 17: closes, gate=fail worst=1.940
21:30:17   shoot k=5 restart 18/20: no closure (max residual 1.5e-02, nfev 107, 1s)
21:30:18   shoot k=5 restart 19: closes, gate=fail worst=2.189
21:30:18   shoot k=6 restart 0/20: no closure (max residual 1.5e-02, nfev 42, 1s)
21:30:19   shoot k=6 restart 1/20: no closure (max residual 1.5e-02, nfev 64, 1s)
21:30:20   shoot k=6 restart 2/20: no closure (max residual 1.2e-02, nfev 49, 1s)
21:30:21   shoot k=6 restart 3: closes, gate=fail worst=2.156
21:30:22   shoot k=6 restart 4: closes, gate=fail worst=2.156
21:30:23   shoot k=6 restart 5: closes, gate=fail worst=2.156
21:30:25   shoot k=6 restart 6/20: no closure (max residual 4.3e-01, nfev 131, 2s)
21:30:25   shoot k=6 restart 7: closes, gate=fail worst=2.156
21:30:26   shoot k=6 restart 8/20: no closure (max residual 1.5e-02, nfev 75, 1s)
21:30:27   shoot k=6 restart 9: closes, gate=fail worst=2.156
21:30:27   shoot k=6 restart 10/20: no closure (max residual 1.5e-02, nfev 49, 1s)
21:30:28   shoot k=6 restart 11: closes, gate=fail worst=1.941
21:30:29   shoot k=6 restart 12: closes, gate=fail worst=2.907
21:30:30   shoot k=6 restart 13: closes, gate=fail worst=2.156
21:30:31   shoot k=6 restart 14/20: no closure (max residual 1.5e-02, nfev 82, 1s)
21:30:31   shoot k=6 restart 15: closes, gate=fail worst=2.907
21:30:33   shoot k=6 restart 16/20: no closure (max residual 1.5e-02, nfev 84, 1s)
21:30:33   shoot k=6 restart 17: closes, gate=fail worst=2.156
21:30:34   shoot k=6 restart 18: closes, gate=fail worst=1.959
21:30:34   shoot k=6 restart 19: closes, gate=fail worst=1.941
21:30:34   shoot k=7 restart 0: closes, gate=fail worst=1.959
21:30:35   shoot k=7 restart 1: closes, gate=fail worst=1.959
21:30:36   shoot k=7 restart 2: closes, gate=fail worst=1.959
21:30:36   shoot k=7 restart 3: closes, gate=fail worst=2.064
21:30:37   shoot k=7 restart 4/20: no closure (max residual 7.1e-03, nfev 72, 1s)
21:30:38   shoot k=7 restart 5/20: no closure (max residual 6.4e-03, nfev 64, 1s)
21:30:39   shoot k=7 restart 6: closes, gate=fail worst=1.959
21:30:40   shoot k=7 restart 7: closes, gate=fail worst=2.064
21:30:41   shoot k=7 restart 8/20: no closure (max residual 7.2e-03, nfev 57, 1s)
21:30:41   shoot k=7 restart 9: closes, gate=fail worst=5.911
21:30:44   shoot k=7 restart 10/20: no closure (max residual 1.4e-02, nfev 117, 2s)
21:30:45   shoot k=7 restart 11/20: no closure (max residual 7.2e-03, nfev 61, 1s)
21:30:46   shoot k=7 restart 12: closes, gate=fail worst=2.080
21:30:47   shoot k=7 restart 13/20: no closure (max residual 7.2e-03, nfev 52, 1s)
21:30:47   shoot k=7 restart 14: closes, gate=fail worst=1.959
21:30:48   shoot k=7 restart 15: closes, gate=fail worst=2.080
21:30:48   shoot k=7 restart 16: closes, gate=fail worst=2.080
21:31:30   shoot k=7 restart 17/20: no closure (max residual 2.2e+00, nfev 2100, 42s)
21:31:31   shoot k=7 restart 18: closes, gate=fail worst=2.080
21:31:31   shoot k=7 restart 19: closes, gate=fail worst=5.911
21:31:32   shoot k=8 restart 0: closes, gate=fail worst=8.291
21:31:33   shoot k=8 restart 1/20: no closure (max residual 9.9e-04, nfev 49, 1s)
21:31:33   shoot k=8 restart 2/20: no closure (max residual 2.9e-03, nfev 53, 1s)
21:31:34   shoot k=8 restart 3/20: no closure (max residual 1.2e-02, nfev 57, 1s)
21:31:35   shoot k=8 restart 4: closes, gate=fail worst=45.180
21:31:36   shoot k=8 restart 5/20: no closure (max residual 9.9e-04, nfev 42, 1s)
21:31:37   shoot k=8 restart 6/20: no closure (max residual 3.2e-03, nfev 58, 1s)
21:31:38   shoot k=8 restart 7/20: no closure (max residual 9.9e-04, nfev 49, 1s)
21:32:26   shoot k=8 restart 8/20: no closure (max residual 1.6e+00, nfev 2400, 49s)
21:32:30   shoot k=8 restart 9: closes, gate=fail worst=3.547
21:32:31   shoot k=8 restart 10: closes, gate=fail worst=45.170
21:32:32   shoot k=8 restart 11/20: no closure (max residual 9.9e-04, nfev 75, 1s)
21:32:34   shoot k=8 restart 12/20: no closure (max residual 9.9e-04, nfev 75, 1s)
21:32:34   shoot k=8 restart 13/20: no closure (max residual 9.9e-04, nfev 48, 1s)
21:32:36   shoot k=8 restart 14/20: no closure (max residual 3.6e-04, nfev 59, 1s)
21:33:22   shoot k=8 restart 15/20: no closure (max residual 2.3e+00, nfev 2400, 47s)
21:33:24   shoot k=8 restart 16/20: no closure (max residual 9.9e-04, nfev 87, 1s)
21:33:25   shoot k=8 restart 17/20: no closure (max residual 2.9e-03, nfev 68, 1s)
21:33:26   shoot k=8 restart 18/20: no closure (max residual 9.9e-04, nfev 39, 1s)
21:33:27   shoot k=8 restart 19/20: no closure (max residual 3.6e-04, nfev 115, 2s)
21:33:28   shoot k=9 restart 0: closes, gate=fail worst=3.306
21:33:29   shoot k=9 restart 1/20: no closure (max residual 4.7e-03, nfev 64, 1s)
21:33:31   shoot k=9 restart 2/20: no closure (max residual 2.0e-03, nfev 105, 2s)
21:33:33   shoot k=9 restart 3: closes, gate=fail worst=3.535
21:33:34   shoot k=9 restart 4/20: no closure (max residual 1.5e-03, nfev 57, 1s)
21:33:35   shoot k=9 restart 5: closes, gate=fail worst=3.306
21:33:36   shoot k=9 restart 6/20: no closure (max residual 1.5e-03, nfev 49, 1s)
21:33:36   shoot k=9 restart 7/20: no closure (max residual 1.5e-03, nfev 50, 1s)
21:33:38   shoot k=9 restart 8: closes, gate=fail worst=48.142
21:33:39   shoot k=9 restart 9: closes, gate=fail worst=3.535
21:33:40   shoot k=9 restart 10/20: no closure (max residual 1.2e-02, nfev 75, 1s)
21:33:42   shoot k=9 restart 11/20: no closure (max residual 1.5e-03, nfev 101, 2s)
21:33:44   shoot k=9 restart 12/20: no closure (max residual 3.3e-03, nfev 122, 2s)
21:33:45   shoot k=9 restart 13: closes, gate=fail worst=3.535
21:33:46   shoot k=9 restart 14/20: no closure (max residual 3.8e-03, nfev 63, 1s)
21:33:47   shoot k=9 restart 15: closes, gate=fail worst=3.306
21:33:49   shoot k=9 restart 16: closes, gate=fail worst=3.535
21:33:49   shoot k=9 restart 17: closes, gate=fail worst=13.960
21:33:51   shoot k=9 restart 18/20: no closure (max residual 2.3e-03, nfev 84, 1s)
21:33:52   shoot k=9 restart 19/20: no closure (max residual 2.5e-03, nfev 72, 1s)
21:33:53   shoot k=10 restart 0/20: no closure (max residual 3.8e-03, nfev 41, 1s)
21:33:55   shoot k=10 restart 1/20: no closure (max residual 5.1e-04, nfev 112, 2s)
21:33:56   shoot k=10 restart 2: closes, gate=fail worst=2.566
21:33:58   shoot k=10 restart 3/20: no closure (max residual 3.8e-03, nfev 70, 1s)
21:33:59   shoot k=10 restart 4: closes, gate=fail worst=47.074
21:34:01   shoot k=10 restart 5/20: no closure (max residual 4.5e-04, nfev 80, 2s)
21:34:03   shoot k=10 restart 6/20: no closure (max residual 4.5e-04, nfev 107, 2s)
21:34:05   shoot k=10 restart 7/20: no closure (max residual 3.8e-03, nfev 76, 1s)
21:34:07   shoot k=10 restart 8/20: no closure (max residual 3.8e-03, nfev 121, 2s)
21:34:09   shoot k=10 restart 9/20: no closure (max residual 4.5e-04, nfev 101, 2s)
21:34:13   shoot k=10 restart 10/20: no closure (max residual 8.1e-03, nfev 187, 4s)
21:34:14   shoot k=10 restart 11: closes, gate=fail worst=3.299
21:34:16   shoot k=10 restart 12: closes, gate=fail worst=2.566
21:34:17   shoot k=10 restart 13/20: no closure (max residual 4.5e-04, nfev 71, 1s)
21:34:19   shoot k=10 restart 14/20: no closure (max residual 4.5e-04, nfev 100, 2s)
21:34:20   shoot k=10 restart 15/20: no closure (max residual 3.8e-03, nfev 55, 1s)
21:34:21   shoot k=10 restart 16: closes, gate=fail worst=3.299
21:34:22   shoot k=10 restart 17/20: no closure (max residual 3.8e-03, nfev 40, 1s)
21:34:23   shoot k=10 restart 18/20: no closure (max residual 4.5e-04, nfev 87, 2s)
21:34:25   shoot k=10 restart 19/20: no closure (max residual 3.4e-03, nfev 101, 2s)
21:34:25 ge epoch 4 (JD 2471857.6) blend lam=1.0000 conv=True res=1.6e-11 gate=pass worst=0.331 [elapsed 3256s]
21:34:26   shoot k=1 restart 0: closes, gate=fail worst=2.377
21:34:26   shoot k=1 restart 1: closes, gate=fail worst=2.377
21:34:26   shoot k=1 restart 2: closes, gate=fail worst=2.377
21:34:27   shoot k=1 restart 3: closes, gate=fail worst=2.377
21:34:27   shoot k=1 restart 4: closes, gate=fail worst=2.377
21:34:27   shoot k=1 restart 5: closes, gate=fail worst=2.377
21:34:28   shoot k=1 restart 6: closes, gate=fail worst=2.377
21:34:28   shoot k=1 restart 7: closes, gate=fail worst=2.377
21:34:28   shoot k=1 restart 8: closes, gate=fail worst=2.377
21:34:28   shoot k=1 restart 9: closes, gate=fail worst=2.377
21:34:29   shoot k=1 restart 10: closes, gate=fail worst=2.377
21:34:29   shoot k=1 restart 11: closes, gate=fail worst=2.377
21:34:29   shoot k=1 restart 12: closes, gate=fail worst=2.377
21:34:30   shoot k=1 restart 13: closes, gate=fail worst=2.377
21:34:30   shoot k=1 restart 14: closes, gate=fail worst=2.377
21:34:30   shoot k=1 restart 15: closes, gate=fail worst=2.377
21:34:31   shoot k=1 restart 16: closes, gate=fail worst=2.377
21:34:31   shoot k=1 restart 17: closes, gate=fail worst=2.377
21:34:31   shoot k=1 restart 18: closes, gate=fail worst=2.377
21:34:32   shoot k=1 restart 19: closes, gate=fail worst=2.377
21:34:32   shoot k=2 restart 0: closes, gate=fail worst=2.339
21:34:32   shoot k=2 restart 1: closes, gate=fail worst=2.339
21:34:32   shoot k=2 restart 2: closes, gate=fail worst=2.339
21:34:32   shoot k=2 restart 3: closes, gate=fail worst=2.339
21:34:35   shoot k=2 restart 4/20: no closure (max residual 1.0e+00, nfev 600, 3s)
21:34:35   shoot k=2 restart 5: closes, gate=fail worst=2.339
21:34:35   shoot k=2 restart 6: closes, gate=fail worst=2.339
21:34:36   shoot k=2 restart 7: closes, gate=fail worst=2.339
21:34:36   shoot k=2 restart 8: closes, gate=fail worst=2.339
21:34:36   shoot k=2 restart 9: closes, gate=fail worst=2.339
21:34:36   shoot k=2 restart 10: closes, gate=fail worst=2.339
21:34:36   shoot k=2 restart 11: closes, gate=fail worst=2.835
21:34:36   shoot k=2 restart 12: closes, gate=fail worst=2.339
21:34:36   shoot k=2 restart 13: closes, gate=fail worst=2.835
21:34:36   shoot k=2 restart 14: closes, gate=fail worst=2.339
21:34:36   shoot k=2 restart 15: closes, gate=fail worst=2.339
21:34:36   shoot k=2 restart 16: closes, gate=fail worst=2.339
21:34:37   shoot k=2 restart 17: closes, gate=fail worst=2.339
21:34:37   shoot k=2 restart 18: closes, gate=fail worst=2.835
21:34:37   shoot k=2 restart 19: closes, gate=fail worst=2.339
21:34:37   shoot k=3 restart 0/20: no closure (max residual 1.3e-03, nfev 40, 0s)
21:34:44   shoot k=3 restart 1/20: no closure (max residual 2.3e+00, nfev 900, 7s)
21:34:44   shoot k=3 restart 2: closes, gate=fail worst=6.251
21:34:45   shoot k=3 restart 3/20: no closure (max residual 1.3e-03, nfev 65, 0s)
21:34:45   shoot k=3 restart 4/20: no closure (max residual 1.3e-03, nfev 53, 0s)
21:34:45   shoot k=3 restart 5/20: no closure (max residual 1.3e-03, nfev 39, 0s)
21:34:45   shoot k=3 restart 6/20: no closure (max residual 1.3e-03, nfev 51, 0s)
21:34:52   shoot k=3 restart 7/20: no closure (max residual 1.4e+00, nfev 900, 6s)
21:34:52   shoot k=3 restart 8/20: no closure (max residual 1.3e-03, nfev 45, 0s)
21:34:52   shoot k=3 restart 9/20: no closure (max residual 1.3e-03, nfev 38, 0s)
21:34:53   shoot k=3 restart 10: closes, gate=fail worst=6.251
21:34:53   shoot k=3 restart 11: closes, gate=fail worst=6.251
21:34:53   shoot k=3 restart 12: closes, gate=fail worst=6.251
21:34:53   shoot k=3 restart 13/20: no closure (max residual 1.3e-03, nfev 46, 0s)
21:34:54   shoot k=3 restart 14/20: no closure (max residual 1.3e-03, nfev 87, 1s)
21:34:54   shoot k=3 restart 15/20: no closure (max residual 1.3e-03, nfev 100, 1s)
21:34:55   shoot k=3 restart 16/20: no closure (max residual 1.3e-03, nfev 46, 0s)
21:34:55   shoot k=3 restart 17/20: no closure (max residual 1.3e-03, nfev 44, 0s)
21:34:55   shoot k=3 restart 18/20: no closure (max residual 1.3e-03, nfev 35, 0s)
21:34:55   shoot k=3 restart 19/20: no closure (max residual 1.3e-03, nfev 46, 0s)
21:34:56   shoot k=4 restart 0/20: no closure (max residual 8.2e-03, nfev 51, 0s)
21:34:56   shoot k=4 restart 1/20: no closure (max residual 3.8e-03, nfev 49, 0s)
21:34:56   shoot k=4 restart 2/20: no closure (max residual 3.8e-03, nfev 53, 0s)
21:34:57   shoot k=4 restart 3: closes, gate=fail worst=6.199
21:34:57   shoot k=4 restart 4: closes, gate=fail worst=4.589
21:34:58   shoot k=4 restart 5/20: no closure (max residual 3.8e-03, nfev 57, 0s)
21:34:58   shoot k=4 restart 6/20: no closure (max residual 3.8e-03, nfev 62, 0s)
21:34:59   shoot k=4 restart 7/20: no closure (max residual 3.8e-03, nfev 49, 0s)
21:34:59   shoot k=4 restart 8/20: no closure (max residual 3.8e-03, nfev 40, 0s)
21:34:59   shoot k=4 restart 9/20: no closure (max residual 3.8e-03, nfev 59, 0s)
21:34:59   shoot k=4 restart 10: closes, gate=fail worst=43.503
21:35:00   shoot k=4 restart 11: closes, gate=fail worst=6.199
21:35:00   shoot k=4 restart 12/20: no closure (max residual 3.8e-03, nfev 69, 1s)
21:35:01   shoot k=4 restart 13/20: no closure (max residual 3.8e-03, nfev 91, 1s)
21:35:01   shoot k=4 restart 14/20: no closure (max residual 3.8e-03, nfev 41, 0s)
21:35:02   shoot k=4 restart 15/20: no closure (max residual 3.8e-03, nfev 43, 0s)
21:35:02   shoot k=4 restart 16/20: no closure (max residual 3.8e-03, nfev 53, 0s)
21:35:02   shoot k=4 restart 17/20: no closure (max residual 3.8e-03, nfev 55, 0s)
21:35:03   shoot k=4 restart 18: closes, gate=fail worst=4.589
21:35:03   shoot k=4 restart 19/20: no closure (max residual 3.8e-03, nfev 50, 0s)
21:35:03   shoot k=5 restart 0: closes, gate=fail worst=4.590
21:35:04   shoot k=5 restart 1/20: no closure (max residual 1.5e-02, nfev 52, 1s)
21:35:04   shoot k=5 restart 2/20: no closure (max residual 1.8e-03, nfev 57, 1s)
21:35:05   shoot k=5 restart 3/20: no closure (max residual 1.5e-02, nfev 112, 1s)
21:35:21   shoot k=5 restart 4/20: no closure (max residual 1.8e-03, nfev 1211, 15s)
21:35:21   shoot k=5 restart 5: closes, gate=fail worst=7.314
21:35:22   shoot k=5 restart 6: closes, gate=fail worst=4.590
21:35:22   shoot k=5 restart 7: closes, gate=fail worst=46.008
21:35:24   shoot k=5 restart 8/20: no closure (max residual 5.7e-03, nfev 104, 2s)
21:35:25   shoot k=5 restart 9/20: no closure (max residual 1.5e-02, nfev 70, 1s)
21:35:26   shoot k=5 restart 10/20: no closure (max residual 2.2e-03, nfev 55, 1s)
21:35:26   shoot k=5 restart 11: closes, gate=fail worst=44.123
21:35:27   shoot k=5 restart 12/20: no closure (max residual 1.5e-02, nfev 62, 1s)
21:35:27   shoot k=5 restart 13/20: no closure (max residual 1.5e-02, nfev 50, 1s)
21:35:28   shoot k=5 restart 14/20: no closure (max residual 1.5e-02, nfev 60, 1s)
21:35:29   shoot k=5 restart 15/20: no closure (max residual 2.2e-03, nfev 67, 1s)
21:35:29   shoot k=5 restart 16: closes, gate=fail worst=2.578
21:35:30   shoot k=5 restart 17: closes, gate=fail worst=2.578
21:35:30   shoot k=5 restart 18: closes, gate=fail worst=2.578
21:35:31   shoot k=5 restart 19/20: no closure (max residual 2.2e-03, nfev 75, 1s)
21:35:32   shoot k=6 restart 0: closes, gate=fail worst=3.189
21:35:32   shoot k=6 restart 1: closes, gate=fail worst=3.189
21:35:33   shoot k=6 restart 2: closes, gate=fail worst=46.653
21:35:33   shoot k=6 restart 3: closes, gate=fail worst=3.189
21:35:33   shoot k=6 restart 4: closes, gate=fail worst=3.189
21:35:34   shoot k=6 restart 5: closes, gate=fail worst=49.399
21:35:35   shoot k=6 restart 6/20: no closure (max residual 1.3e-02, nfev 69, 1s)
21:35:36   shoot k=6 restart 7: closes, gate=fail worst=3.189
21:35:39   shoot k=6 restart 8/20: no closure (max residual 1.1e+00, nfev 242, 3s)
21:35:39   shoot k=6 restart 9: closes, gate=fail worst=3.189
21:35:40   shoot k=6 restart 10: closes, gate=fail worst=3.189
21:35:40   shoot k=6 restart 11: closes, gate=fail worst=46.653
21:35:42   shoot k=6 restart 12: closes, gate=fail worst=3.189
21:35:42   shoot k=6 restart 13: closes, gate=fail worst=3.189
21:35:42   shoot k=6 restart 14: closes, gate=fail worst=4.594
21:35:43   shoot k=6 restart 15: closes, gate=fail worst=3.189
21:35:44   shoot k=6 restart 16/20: no closure (max residual 4.4e-01, nfev 141, 2s)
21:35:45   shoot k=6 restart 17: closes, gate=fail worst=46.653
21:35:46   shoot k=6 restart 18: closes, gate=fail worst=3.189
21:35:46   shoot k=6 restart 19: closes, gate=fail worst=3.679
21:35:46   shoot k=7 restart 0: closes, gate=fail worst=3.200
21:35:47   shoot k=7 restart 1: closes, gate=fail worst=46.326
21:36:06   shoot k=7 restart 2/20: no closure (max residual 7.3e-01, nfev 1337, 20s)
21:36:07   shoot k=7 restart 3: closes, gate=fail worst=3.200
21:36:08   shoot k=7 restart 4/20: no closure (max residual 4.3e-03, nfev 44, 1s)
21:36:08   shoot k=7 restart 5: closes, gate=fail worst=3.200
21:36:09   shoot k=7 restart 6: closes, gate=fail worst=3.200
21:36:09   shoot k=7 restart 7: closes, gate=fail worst=3.200
21:36:10   shoot k=7 restart 8: closes, gate=fail worst=108.818
21:36:11   shoot k=7 restart 9/20: no closure (max residual 9.0e-03, nfev 115, 2s)
21:36:12   shoot k=7 restart 10: closes, gate=fail worst=3.200
21:36:12   shoot k=7 restart 11: closes, gate=fail worst=3.200
21:36:17   shoot k=7 restart 12/20: no closure (max residual 9.0e-03, nfev 295, 4s)
21:36:17   shoot k=7 restart 13: closes, gate=fail worst=46.617
21:36:51   shoot k=7 restart 14/20: no closure (max residual 6.9e-01, nfev 2100, 34s)
21:36:53   shoot k=7 restart 15/20: no closure (max residual 1.6e-02, nfev 147, 2s)
21:36:54   shoot k=7 restart 16: closes, gate=fail worst=4.969
21:36:54   shoot k=7 restart 17/20: no closure (max residual 4.3e-03, nfev 52, 1s)
21:36:56   shoot k=7 restart 18/20: no closure (max residual 9.0e-03, nfev 90, 1s)
21:36:57   shoot k=7 restart 19: closes, gate=fail worst=5.070
21:36:57   shoot k=8 restart 0/20: no closure (max residual 1.4e-04, nfev 31, 0s)
21:36:58   shoot k=8 restart 1/20: no closure (max residual 1.4e-04, nfev 44, 1s)
21:37:04   shoot k=8 restart 2/20: no closure (max residual 1.6e-02, nfev 416, 6s)
21:37:04   shoot k=8 restart 3: closes, gate=fail worst=6.087
21:37:05   shoot k=8 restart 4/20: no closure (max residual 1.4e-04, nfev 46, 1s)
21:37:06   shoot k=8 restart 5/20: no closure (max residual 1.2e-03, nfev 62, 1s)
21:37:06   shoot k=8 restart 6/20: no closure (max residual 1.2e-02, nfev 54, 1s)
21:37:08   shoot k=8 restart 7/20: no closure (max residual 1.4e-04, nfev 89, 1s)
21:37:09   shoot k=8 restart 8: closes, gate=fail worst=14.806
21:37:10   shoot k=8 restart 9/20: no closure (max residual 1.4e-04, nfev 91, 1s)
21:37:11   shoot k=8 restart 10/20: no closure (max residual 1.4e-04, nfev 96, 1s)
21:37:13   shoot k=8 restart 11/20: no closure (max residual 3.7e-04, nfev 82, 1s)
21:37:13   shoot k=8 restart 12/20: no closure (max residual 1.4e-04, nfev 53, 1s)
21:37:14   shoot k=8 restart 13/20: no closure (max residual 1.4e-04, nfev 65, 1s)
21:37:15   shoot k=8 restart 14/20: no closure (max residual 1.4e-04, nfev 44, 1s)
21:37:16   shoot k=8 restart 15/20: no closure (max residual 7.7e-03, nfev 64, 1s)
21:37:16   shoot k=8 restart 16: closes, gate=fail worst=44.003
21:37:36   shoot k=8 restart 17/20: no closure (max residual 1.4e-04, nfev 1051, 20s)
21:37:37   shoot k=8 restart 18/20: no closure (max residual 1.4e-04, nfev 41, 1s)
21:37:55   shoot k=8 restart 19/20: no closure (max residual 6.1e-03, nfev 957, 18s)
21:37:55   shoot k=9 restart 0: closes, gate=fail worst=6.592
21:37:56   shoot k=9 restart 1/20: no closure (max residual 2.9e-03, nfev 68, 1s)
21:37:57   shoot k=9 restart 2/20: no closure (max residual 2.9e-03, nfev 56, 1s)
21:37:59   shoot k=9 restart 3/20: no closure (max residual 1.7e-03, nfev 126, 2s)
21:38:00   shoot k=9 restart 4: closes, gate=fail worst=6.592
21:38:01   shoot k=9 restart 5/20: no closure (max residual 9.0e-03, nfev 47, 1s)
21:38:02   shoot k=9 restart 6: closes, gate=fail worst=6.592
21:38:03   shoot k=9 restart 7/20: no closure (max residual 4.1e-03, nfev 88, 2s)
21:38:04   shoot k=9 restart 8/20: no closure (max residual 1.7e-03, nfev 76, 1s)
21:38:05   shoot k=9 restart 9: closes, gate=fail worst=6.592
21:38:06   shoot k=9 restart 10: closes, gate=fail worst=6.592
21:38:07   shoot k=9 restart 11: closes, gate=fail worst=6.592
21:38:08   shoot k=9 restart 12/20: no closure (max residual 3.9e-03, nfev 56, 1s)
21:38:09   shoot k=9 restart 13/20: no closure (max residual 1.7e-03, nfev 63, 1s)
21:38:09   shoot k=9 restart 14: closes, gate=fail worst=6.592
21:38:11   shoot k=9 restart 15: closes, gate=fail worst=24.153
21:38:12   shoot k=9 restart 16/20: no closure (max residual 1.7e-03, nfev 87, 1s)
21:38:13   shoot k=9 restart 17: closes, gate=fail worst=5.204
21:38:14   shoot k=9 restart 18: closes, gate=fail worst=6.592
21:38:15   shoot k=9 restart 19: closes, gate=fail worst=6.592
21:38:15   shoot k=10 restart 0: closes, gate=fail worst=6.593
21:38:16   shoot k=10 restart 1/20: no closure (max residual 4.1e-03, nfev 49, 1s)
21:38:18   shoot k=10 restart 2/20: no closure (max residual 3.4e-03, nfev 89, 2s)
21:38:19   shoot k=10 restart 3/20: no closure (max residual 1.7e-03, nfev 86, 2s)
21:38:21   shoot k=10 restart 4: closes, gate=fail worst=45.550
21:38:23   shoot k=10 restart 5/20: no closure (max residual 1.7e-03, nfev 134, 2s)
21:38:24   shoot k=10 restart 6: closes, gate=fail worst=6.227
21:38:26   shoot k=10 restart 7/20: no closure (max residual 2.8e-03, nfev 106, 2s)
21:38:27   shoot k=10 restart 8: closes, gate=fail worst=6.593
21:38:29   shoot k=10 restart 9/20: no closure (max residual 1.7e-03, nfev 122, 2s)
21:38:31   shoot k=10 restart 10/20: no closure (max residual 2.6e-03, nfev 78, 2s)
21:39:31   shoot k=10 restart 11: 22204 evals, best max|res| so far 2.40e-01 [60s]
21:39:35   shoot k=10 restart 11/20: no closure (max residual 2.2e-01, nfev 3000, 64s)
21:39:36   shoot k=10 restart 12/20: no closure (max residual 1.7e-03, nfev 65, 1s)
21:39:38   shoot k=10 restart 13/20: no closure (max residual 3.9e-03, nfev 69, 1s)
21:39:40   shoot k=10 restart 14/20: no closure (max residual 1.3e-02, nfev 94, 2s)
21:39:41   shoot k=10 restart 15/20: no closure (max residual 1.7e-03, nfev 73, 1s)
21:39:43   shoot k=10 restart 16: closes, gate=fail worst=102.218
21:39:45   shoot k=10 restart 17/20: no closure (max residual 1.7e-03, nfev 95, 2s)
21:39:46   shoot k=10 restart 18: closes, gate=fail worst=46.893
21:39:49   shoot k=10 restart 19/20: no closure (max residual 1.7e-03, nfev 149, 3s)
DONE
