20:40:10 ge epoch 0 (JD 2462504.1) blend lam=1.0000 conv=True res=6.4e-12 gate=pass worst=0.861 [elapsed 0s]
20:40:10   shoot k=1 restart 0: closes, gate=fail worst=1.335
  homotopy k=1 restart 1: stopped at mu = 0.6906
20:40:13   shoot k=1 restart 1/20: no closure (max residual 1.6e+01, nfev 494, 3s)
20:40:14   shoot k=1 restart 2: closes, gate=fail worst=1.335
20:40:14   shoot k=1 restart 3: closes, gate=fail worst=1.335
20:40:15   shoot k=1 restart 4: closes, gate=fail worst=1.335
  homotopy k=1 restart 5: stopped at mu = 0.0344
20:40:19   shoot k=1 restart 5/20: no closure (max residual 9.6e+00, nfev 805, 5s)
  homotopy k=1 restart 6: stopped at mu = 0.8375
20:40:22   shoot k=1 restart 6/20: no closure (max residual 1.5e+01, nfev 435, 2s)
20:40:22   shoot k=1 restart 7: closes, gate=fail worst=1.335
20:40:25   shoot k=1 restart 8: closes, gate=fail worst=1.335
20:40:28   shoot k=1 restart 9: closes, gate=fail worst=1.579
20:40:28   shoot k=1 restart 10: closes, gate=fail worst=1.335
20:40:29   shoot k=1 restart 11: closes, gate=fail worst=1.335
20:40:29   shoot k=1 restart 12: closes, gate=fail worst=1.335
  homotopy k=1 restart 13: stopped at mu = 0.2109
20:40:32   shoot k=1 restart 13/20: no closure (max residual 1.6e+01, nfev 528, 2s)
  homotopy k=1 restart 14: stopped at mu = 0.6609
20:40:34   shoot k=1 restart 14/20: no closure (max residual 1.6e+01, nfev 485, 2s)
20:40:35   shoot k=1 restart 15: closes, gate=fail worst=1.335
20:40:36   shoot k=1 restart 16: closes, gate=fail worst=1.335
20:40:37   shoot k=1 restart 17: closes, gate=fail worst=1.335
  homotopy k=1 restart 18: stopped at mu = 0.3656
20:40:39   shoot k=1 restart 18/20: no closure (max residual 1.7e+01, nfev 465, 2s)
20:40:42   shoot k=1 restart 19: closes, gate=fail worst=1.335
20:40:50   shoot k=2 restart 0/20: no closure (max residual 7.1e-01, nfev 600, 9s)
20:40:59   shoot k=2 restart 1/20: no closure (max residual 9.7e-01, nfev 600, 9s)
20:41:03   shoot k=2 restart 2/20: no closure (max residual 2.4e-01, nfev 247, 4s)
20:41:13   shoot k=2 restart 3/20: no closure (max residual 6.9e-01, nfev 600, 10s)
20:41:14   shoot k=2 restart 4/20: no closure (max residual 4.9e+01, nfev 36, 1s)
20:41:17   shoot k=2 restart 5: closes, gate=fail worst=5.946
20:41:26   shoot k=2 restart 6/20: no closure (max residual 1.8e-01, nfev 600, 9s)
20:41:35   shoot k=2 restart 7/20: no closure (max residual 3.8e-01, nfev 600, 9s)
20:41:45   shoot k=2 restart 8/20: no closure (max residual 1.8e+00, nfev 600, 10s)
20:41:59   shoot k=2 restart 9/20: no closure (max residual 3.3e-01, nfev 600, 14s)
20:42:04   shoot k=2 restart 10/20: no closure (max residual 2.3e-01, nfev 314, 5s)
20:42:22   shoot k=2 restart 11/20: no closure (max residual 4.1e-02, nfev 600, 18s)
20:42:55   shoot k=2 restart 12/20: no closure (max residual 3.5e-01, nfev 600, 33s)
20:43:27   shoot k=2 restart 13/20: no closure (max residual 4.4e-01, nfev 600, 33s)
20:43:58   shoot k=2 restart 14/20: no closure (max residual 1.2e+00, nfev 600, 31s)
20:44:12   shoot k=2 restart 15/20: no closure (max residual 6.1e-02, nfev 553, 14s)
20:44:19   shoot k=2 restart 16/20: no closure (max residual 3.2e-01, nfev 600, 7s)
20:44:26   shoot k=2 restart 17/20: no closure (max residual 6.7e+01, nfev 600, 7s)
20:44:37   shoot k=2 restart 18/20: no closure (max residual 7.2e-01, nfev 600, 10s)
20:44:49   shoot k=2 restart 19/20: no closure (max residual 1.3e+00, nfev 600, 12s)
20:44:54   shoot k=3 restart 0: closes, gate=fail worst=9.583
20:45:01   shoot k=3 restart 1: closes, gate=fail worst=12.211
20:45:24   shoot k=3 restart 2/20: no closure (max residual 1.7e+00, nfev 900, 22s)
20:45:46   shoot k=3 restart 3/20: no closure (max residual 1.4e+00, nfev 900, 23s)
20:46:08   shoot k=3 restart 4/20: no closure (max residual 1.3e+00, nfev 900, 22s)
20:46:31   shoot k=3 restart 5/20: no closure (max residual 1.8e+00, nfev 900, 22s)
20:46:54   shoot k=3 restart 6/20: no closure (max residual 1.7e+00, nfev 900, 23s)
20:47:18   shoot k=3 restart 7/20: no closure (max residual 2.5e+00, nfev 900, 24s)
20:47:41   shoot k=3 restart 8/20: no closure (max residual 9.5e-01, nfev 900, 23s)
20:48:01   shoot k=3 restart 9/20: no closure (max residual 2.4e+00, nfev 900, 21s)
20:48:20   shoot k=3 restart 10/20: no closure (max residual 2.2e+01, nfev 900, 18s)
20:48:24   shoot k=3 restart 11/20: no closure (max residual 2.7e-01, nfev 210, 4s)
20:48:46   shoot k=3 restart 12/20: no closure (max residual 1.9e+00, nfev 900, 22s)
20:49:09   shoot k=3 restart 13/20: no closure (max residual 4.3e-05, nfev 900, 24s)
20:49:29   shoot k=3 restart 14/20: no closure (max residual 2.4e+00, nfev 900, 20s)
20:49:48   shoot k=3 restart 15/20: no closure (max residual 2.3e+00, nfev 900, 19s)
20:49:49   shoot k=3 restart 16/20: no closure (max residual 5.7e+01, nfev 31, 1s)
20:50:09   shoot k=3 restart 17/20: no closure (max residual 9.6e-01, nfev 900, 21s)
20:50:29   shoot k=3 restart 18/20: no closure (max residual 3.6e+00, nfev 900, 19s)
20:50:31   shoot k=3 restart 19: closes, gate=fail worst=7.432
20:50:39   shoot k=4 restart 0: closes, gate=fail worst=8.026
20:50:42   shoot k=4 restart 1: closes, gate=fail worst=8.026
20:50:43   shoot k=4 restart 2/20: no closure (max residual 3.1e+02, nfev 35, 1s)
20:50:44   shoot k=4 restart 3: closes, gate=fail worst=9.103
20:51:16   shoot k=4 restart 4/20: no closure (max residual 7.8e-01, nfev 1200, 32s)
20:51:51   shoot k=4 restart 5/20: no closure (max residual 1.3e+00, nfev 1200, 35s)
20:51:54   shoot k=4 restart 6: closes, gate=fail worst=11.341
20:52:26   shoot k=4 restart 7/20: no closure (max residual 4.3e-02, nfev 1200, 32s)
20:52:30   shoot k=4 restart 8: closes, gate=fail worst=8.026
20:53:07   shoot k=4 restart 9/20: no closure (max residual 1.9e+00, nfev 1200, 38s)
20:53:41   shoot k=4 restart 10/20: no closure (max residual 5.0e-01, nfev 1200, 33s)
20:54:16   shoot k=4 restart 11/20: no closure (max residual 6.8e+00, nfev 1200, 35s)
20:54:21   shoot k=4 restart 12: closes, gate=fail worst=8.026
20:54:24   shoot k=4 restart 13: closes, gate=fail worst=8.026
20:54:25   shoot k=4 restart 14: closes, gate=fail worst=8.026
20:54:30   shoot k=4 restart 15: closes, gate=fail worst=8.026
20:55:04   shoot k=4 restart 16/20: no closure (max residual 1.6e-01, nfev 1200, 34s)
20:55:38   shoot k=4 restart 17/20: no closure (max residual 1.7e+00, nfev 1200, 34s)
20:55:42   shoot k=4 restart 18: closes, gate=fail worst=10.734
20:55:45   shoot k=4 restart 19: closes, gate=fail worst=7.732
20:55:45   shoot k=5 restart 0: closes, gate=fail worst=23.642
20:55:46   shoot k=5 restart 1: closes, gate=fail worst=7.944
20:55:48   shoot k=5 restart 2/20: no closure (max residual 9.0e-01, nfev 75, 2s)
20:55:50   shoot k=5 restart 3: closes, gate=fail worst=7.962
20:55:52   shoot k=5 restart 4: closes, gate=fail worst=7.944
20:55:52   shoot k=5 restart 5: closes, gate=fail worst=7.944
20:55:53   shoot k=5 restart 6: closes, gate=fail worst=10.044
20:55:54   shoot k=5 restart 7: closes, gate=fail worst=7.944
20:55:57   shoot k=5 restart 8: closes, gate=fail worst=7.944
20:56:01   shoot k=5 restart 9: closes, gate=fail worst=22.922
20:56:02   shoot k=5 restart 10: closes, gate=fail worst=9.363
20:57:02   shoot k=5 restart 11: 11989 evals, best max|res| so far 3.26e-02 [60s]
20:57:05   shoot k=5 restart 11/20: no closure (max residual 3.2e-02, nfev 1500, 63s)
20:57:06   shoot k=5 restart 12: closes, gate=fail worst=8.133
20:57:06   shoot k=5 restart 13: closes, gate=fail worst=7.944
20:57:07   shoot k=5 restart 14: closes, gate=fail worst=7.944
20:57:08   shoot k=5 restart 15: closes, gate=fail worst=8.133
20:57:09   shoot k=5 restart 16: closes, gate=fail worst=7.944
20:58:09   shoot k=5 restart 17: 12508 evals, best max|res| so far 3.43e+00 [60s]
20:58:13   shoot k=5 restart 17/20: no closure (max residual 3.4e+00, nfev 1500, 64s)
20:59:11   shoot k=5 restart 18/20: no closure (max residual 3.7e-01, nfev 1500, 58s)
20:59:14   shoot k=5 restart 19: closes, gate=fail worst=7.944
20:59:16   shoot k=6 restart 0: closes, gate=fail worst=8.087
20:59:20   shoot k=6 restart 1: closes, gate=fail worst=8.087
21:00:20   shoot k=6 restart 2: 10909 evals, best max|res| so far 2.77e-02 [60s]
21:00:35   shoot k=6 restart 2/20: no closure (max residual 3.5e-02, nfev 1800, 76s)
21:00:36   shoot k=6 restart 3: closes, gate=fail worst=8.087
21:01:36   shoot k=6 restart 4: 9700 evals, best max|res| so far 3.29e+00 [60s]
21:02:04   shoot k=6 restart 4/20: no closure (max residual 1.3e+00, nfev 1800, 88s)
21:02:05   shoot k=6 restart 5: closes, gate=fail worst=8.087
21:02:06   shoot k=6 restart 6: closes, gate=fail worst=8.150
21:02:11   shoot k=6 restart 7/20: no closure (max residual 5.8e-01, nfev 110, 4s)
21:03:11   shoot k=6 restart 8: 10022 evals, best max|res| so far 3.20e+00 [60s]
21:03:38   shoot k=6 restart 8/20: no closure (max residual 3.2e+00, nfev 1800, 87s)
21:03:40   shoot k=6 restart 9: closes, gate=fail worst=10.492
21:03:41   shoot k=6 restart 10: closes, gate=fail worst=9.544
21:03:44   shoot k=6 restart 11: closes, gate=fail worst=10.480
21:03:50   shoot k=6 restart 12: closes, gate=fail worst=9.544
21:03:57   shoot k=6 restart 13: closes, gate=fail worst=8.150
21:03:58   shoot k=6 restart 14: closes, gate=fail worst=12.884
21:04:01   shoot k=6 restart 15: closes, gate=fail worst=8.087
21:04:03   shoot k=6 restart 16: closes, gate=fail worst=8.087
21:04:04   shoot k=6 restart 17: closes, gate=fail worst=8.087
21:04:09   shoot k=6 restart 18: closes, gate=fail worst=25.935
21:04:12   shoot k=6 restart 19: closes, gate=fail worst=8.376
21:04:13   shoot k=7 restart 0: closes, gate=fail worst=8.121
21:05:13   shoot k=7 restart 1: 7603 evals, best max|res| so far 3.88e-01 [60s]
21:06:13   shoot k=7 restart 1: 14802 evals, best max|res| so far 3.88e-01 [120s]
21:06:53   shoot k=7 restart 1/20: no closure (max residual 4.9e-01, nfev 2100, 159s)
21:06:55   shoot k=7 restart 2: closes, gate=fail worst=10.496
21:06:57   shoot k=7 restart 3: closes, gate=fail worst=8.121
21:07:57   shoot k=7 restart 4: 8211 evals, best max|res| so far 2.26e+00 [60s]
21:08:57   shoot k=7 restart 4/20: no closure (max residual 2.0e+00, nfev 2100, 120s)
21:09:57   shoot k=7 restart 5: 7680 evals, best max|res| so far 1.13e+00 [60s]
21:10:57   shoot k=7 restart 5: 15789 evals, best max|res| so far 1.11e+00 [120s]
21:11:19   shoot k=7 restart 5/20: no closure (max residual 1.1e+00, nfev 2100, 142s)
21:11:22   shoot k=7 restart 6: closes, gate=fail worst=8.121
21:11:24   shoot k=7 restart 7: closes, gate=fail worst=10.496
21:11:25   shoot k=7 restart 8: closes, gate=fail worst=8.121
21:11:36   shoot k=7 restart 9: closes, gate=fail worst=9.589
21:11:37   shoot k=7 restart 10: closes, gate=fail worst=8.121
21:11:39   shoot k=7 restart 11: closes, gate=fail worst=9.364
21:11:46   shoot k=7 restart 12: closes, gate=fail worst=8.257
21:11:52   shoot k=7 restart 13: closes, gate=fail worst=8.634
21:11:58   shoot k=7 restart 14: closes, gate=fail worst=8.154
21:12:00   shoot k=7 restart 15: closes, gate=fail worst=8.121
21:12:03   shoot k=7 restart 16: closes, gate=fail worst=8.121
21:13:03   shoot k=7 restart 17: 8532 evals, best max|res| so far 4.46e+00 [60s]
21:14:03   shoot k=7 restart 17: 17659 evals, best max|res| so far 4.44e+00 [120s]
21:14:09   shoot k=7 restart 17/20: no closure (max residual 4.4e+00, nfev 2100, 126s)
21:14:10   shoot k=7 restart 18: closes, gate=fail worst=8.154
21:14:12   shoot k=7 restart 19: closes, gate=fail worst=8.121
21:14:13   shoot k=8 restart 0: closes, gate=fail worst=8.130
21:14:15   shoot k=8 restart 1/20: no closure (max residual 4.9e-01, nfev 47, 2s)
21:14:18   shoot k=8 restart 2: closes, gate=fail worst=8.155
21:14:20   shoot k=8 restart 3: closes, gate=fail worst=8.130
21:14:23   shoot k=8 restart 4/20: no closure (max residual 6.4e+01, nfev 56, 4s)
21:14:29   shoot k=8 restart 5: closes, gate=fail worst=8.130
21:14:44   shoot k=8 restart 6: closes, gate=fail worst=10.926
21:15:44   shoot k=8 restart 7: 6638 evals, best max|res| so far 1.88e+00 [60s]
21:16:44   shoot k=8 restart 7: 13981 evals, best max|res| so far 1.39e+00 [120s]
21:17:22   shoot k=8 restart 7/20: no closure (max residual 1.1e+00, nfev 2400, 158s)
21:17:23   shoot k=8 restart 8: closes, gate=fail worst=8.130
21:17:29   shoot k=8 restart 9: closes, gate=fail worst=10.462
21:17:40   shoot k=8 restart 10: closes, gate=fail worst=8.155
21:17:47   shoot k=8 restart 11: closes, gate=fail worst=8.636
21:17:49   shoot k=8 restart 12: closes, gate=fail worst=8.130
21:17:55   shoot k=8 restart 13: closes, gate=fail worst=8.155
21:18:00   shoot k=8 restart 14: closes, gate=fail worst=12.390
21:18:01   shoot k=8 restart 15: closes, gate=fail worst=8.130
21:18:05   shoot k=8 restart 16: closes, gate=fail worst=8.130
21:19:05   shoot k=8 restart 17: 8094 evals, best max|res| so far 3.18e-02 [60s]
21:20:05   shoot k=8 restart 17: 15643 evals, best max|res| so far 2.71e-02 [120s]
21:20:19   shoot k=8 restart 17/20: no closure (max residual 2.8e-02, nfev 2400, 134s)
21:20:48   shoot k=8 restart 18: closes, gate=fail worst=12.445
21:20:51   shoot k=8 restart 19: closes, gate=fail worst=8.130
21:20:54   shoot k=9 restart 0: closes, gate=fail worst=8.132
21:20:58   shoot k=9 restart 1: closes, gate=fail worst=8.250
21:21:08   shoot k=9 restart 2: closes, gate=fail worst=10.498
21:21:13   shoot k=9 restart 3: closes, gate=fail worst=8.736
21:21:14   shoot k=9 restart 4: closes, gate=fail worst=8.637
21:21:19   shoot k=9 restart 5/20: no closure (max residual 2.9e+00, nfev 84, 4s)
21:21:22   shoot k=9 restart 6: closes, gate=fail worst=10.510
21:21:30   shoot k=9 restart 7: closes, gate=fail worst=10.862
21:22:30   shoot k=9 restart 8: 6831 evals, best max|res| so far 2.71e-02 [60s]
21:23:30   shoot k=9 restart 8: 13670 evals, best max|res| so far 2.37e-02 [120s]
21:24:29   shoot k=9 restart 8/20: no closure (max residual 2.6e-02, nfev 2700, 179s)
21:24:35   shoot k=9 restart 9: closes, gate=fail worst=8.132
21:24:37   shoot k=9 restart 10: closes, gate=fail worst=10.463
21:24:43   shoot k=9 restart 11: closes, gate=fail worst=10.861
21:24:44   shoot k=9 restart 12: closes, gate=fail worst=8.132
21:24:46   shoot k=9 restart 13: closes, gate=fail worst=8.157
21:24:53   shoot k=9 restart 14: closes, gate=fail worst=8.637
21:25:03   shoot k=9 restart 15: closes, gate=fail worst=10.826
21:25:06   shoot k=9 restart 16/20: no closure (max residual 2.0e+00, nfev 61, 3s)
21:25:15   shoot k=9 restart 17: closes, gate=fail worst=8.157
21:25:17   shoot k=9 restart 18: closes, gate=fail worst=8.157
21:26:17   shoot k=9 restart 19: 10428 evals, best max|res| so far 2.77e-02 [60s]
21:27:08   shoot k=9 restart 19/20: no closure (max residual 2.8e-02, nfev 2700, 110s)
21:27:09   shoot k=10 restart 0: closes, gate=fail worst=8.132
21:27:10   shoot k=10 restart 1: closes, gate=fail worst=8.132
21:28:10   shoot k=10 restart 2: 14038 evals, best max|res| so far 1.97e+00 [60s]
21:28:53   shoot k=10 restart 2/20: no closure (max residual 2.0e+00, nfev 3000, 102s)
21:28:55   shoot k=10 restart 3: closes, gate=fail worst=8.158
21:28:58   shoot k=10 restart 4/20: no closure (max residual 2.4e+00, nfev 95, 3s)
21:28:59   shoot k=10 restart 5: closes, gate=fail worst=8.132
21:29:00   shoot k=10 restart 6: closes, gate=fail worst=8.158
21:29:24   shoot k=10 restart 7: closes, gate=fail worst=15.684
21:30:24   shoot k=10 restart 8: 14631 evals, best max|res| so far 1.54e+00 [60s]
21:31:02   shoot k=10 restart 8/20: no closure (max residual 1.5e+00, nfev 3000, 98s)
21:32:02   shoot k=10 restart 9: 14282 evals, best max|res| so far 3.59e-01 [60s]
21:32:35   shoot k=10 restart 9/20: no closure (max residual 3.6e-01, nfev 3000, 93s)
21:32:40   shoot k=10 restart 10/20: no closure (max residual 3.3e-01, nfev 124, 5s)
21:33:40   shoot k=10 restart 11: 15319 evals, best max|res| so far 2.39e-02 [60s]
21:34:11   shoot k=10 restart 11/20: no closure (max residual 3.0e-02, nfev 3000, 91s)
21:34:33   shoot k=10 restart 12/20: no closure (max residual 5.7e-01, nfev 752, 21s)
21:34:34   shoot k=10 restart 13: closes, gate=fail worst=8.132
21:34:35   shoot k=10 restart 14: closes, gate=fail worst=8.149
21:34:38   shoot k=10 restart 15: closes, gate=fail worst=7.933
21:34:40   shoot k=10 restart 16: closes, gate=fail worst=8.158
21:35:40   shoot k=10 restart 17: 15890 evals, best max|res| so far 4.53e-01 [60s]
21:36:06   shoot k=10 restart 17/20: no closure (max residual 3.9e-01, nfev 3000, 86s)
21:37:06   shoot k=10 restart 18: 17659 evals, best max|res| so far 1.09e+00 [60s]
21:37:30   shoot k=10 restart 18/20: no closure (max residual 1.1e+00, nfev 3000, 84s)
21:37:34   shoot k=10 restart 19: closes, gate=fail worst=22.700
21:37:34 ge epoch 1 (JD 2464845.0) blend lam=1.0000 conv=True res=8.7e-13 gate=indeterminate worst=1.010 [elapsed 3445s]
21:37:36   shoot k=1 restart 0: closes, gate=fail worst=1.346
  homotopy k=1 restart 1: stopped at mu = 0.6531
21:37:41   shoot k=1 restart 1/20: no closure (max residual 1.7e+01, nfev 1328, 4s)
Traceback (most recent call last):
  File "/Users/bruce/dev/cyclers/scripts/run_942_realeph_chain.py", line 952, in <module>
    main()
  File "/Users/bruce/dev/cyclers/scripts/run_942_realeph_chain.py", line 903, in main
    best_k, tried_k = run_restarts(
                      ^^^^^^^^^^^^^
  File "/Users/bruce/dev/cyclers/scripts/run_942_realeph_chain.py", line 847, in run_restarts
    x_sol, ev, nfev, t_used = shoot_fn(
                              ^^^^^^^^^
  File "/Users/bruce/dev/cyclers/scripts/run_942_realeph_chain.py", line 602, in shoot_homotopy
    y_try, _, n, _ = shoot_once(shoot_sys, legs_c, x_base, y, args, label, offset=off)
                     ^^^^^^^^^^^^^^^^^^^^^^^^^^^^^^^^^^^^^^^^^^^^^^^^^^^^^^^^^^^^^^^^^
  File "/Users/bruce/dev/cyclers/scripts/run_942_realeph_chain.py", line 578, in shoot_once
    f_try = fun(x_sol + frac * step)
            ^^^^^^^^^^^^^^^^^^^^^^^^
  File "/Users/bruce/dev/cyclers/scripts/run_942_realeph_chain.py", line 523, in fun
    out_r = _res(shoot_sys, legs_c, x_base, yy)
            ^^^^^^^^^^^^^^^^^^^^^^^^^^^^^^^^^^^
  File "/Users/bruce/dev/cyclers/scripts/run_942_realeph_chain.py", line 353, in _res
    ev = chain_eval(sysm, legs, x0, y)
         ^^^^^^^^^^^^^^^^^^^^^^^^^^^^^
  File "/Users/bruce/dev/cyclers/scripts/run_942_realeph_chain.py", line 391, in chain_eval
    r2, w2 = sysm.state(leg.to, t_arr)
             ^^^^^^^^^^^^^^^^^^^^^^^^^
  File "/Users/bruce/dev/cyclers/scripts/run_942_realeph_chain.py", line 270, in state
    r, v = self.base.state(code, big)
           ^^^^^^^^^^^^^^^^^^^^^^^^^^
  File "/Users/bruce/dev/cyclers/scripts/run_942_realeph_chain.py", line 161, in state
    re, ve = self.real.state(code, t_s)
             ^^^^^^^^^^^^^^^^^^^^^^^^^^
  File "/Users/bruce/dev/cyclers/scripts/run_942_realeph_chain.py", line 113, in state
    r, v = self.eph.state(code, t_s + JD_2440000_S_FROM_J2000)
           ^^^^^^^^^^^^^^^^^^^^^^^^^^^^^^^^^^^^^^^^^^^^^^^^^^^
  File "/Users/bruce/dev/cyclers/src/cyclerfinder/core/ephemeris.py", line 717, in state
    r, v = self._backend_impl.state(body, t_sec)
           ^^^^^^^^^^^^^^^^^^^^^^^^^^^^^^^^^^^^^
  File "/Users/bruce/dev/cyclers/src/cyclerfinder/core/ephemeris.py", line 315, in state
    state_vec, _ = s.spkezr(naif_id, t_sec, "J2000", "NONE", "599")
                   ^^^^^^^^^^^^^^^^^^^^^^^^^^^^^^^^^^^^^^^^^^^^^^^^
  File "/Users/bruce/dev/cyclers/.venv/lib/python3.11/site-packages/spiceypy/spiceypy.py", line 158, in with_errcheck
    check_for_spice_error(f)
  File "/Users/bruce/dev/cyclers/.venv/lib/python3.11/site-packages/spiceypy/spiceypy.py", line 141, in check_for_spice_error
    raise dynamically_instantiate_spiceyerror(
spiceypy.utils.exceptions.SpiceSPKINSUFFDATA: 
================================================================================

Toolkit version: CSPICE_N0067

SPICE(SPKINSUFFDATA) --

Insufficient ephemeris data has been loaded to compute the state of 503 (GANYMEDE) relative to 599 (JUPITER) at the ephemeris epoch 2230 MAY 27 12:22:04.536.

spkezr_c --> SPKEZR --> SPKEZ --> SPKGEO

================================================================================
