20:40:09 ge epoch 0 (JD 2462503.6) blend lam=1.0000 conv=True res=1.4e-11 gate=pass worst=0.834 [elapsed 1s]
20:40:11   shoot k=1 restart 0: closes, gate=fail worst=2.194
20:40:13   shoot k=1 restart 1: closes, gate=fail worst=2.194
20:40:14   shoot k=1 restart 2: closes, gate=fail worst=2.194
20:40:15   shoot k=1 restart 3: closes, gate=fail worst=2.194
20:40:16   shoot k=1 restart 4: closes, gate=fail worst=2.194
20:40:17   shoot k=1 restart 5: closes, gate=fail worst=2.194
  homotopy k=1 restart 6: stopped at mu = 0.2047
20:40:43   shoot k=1 restart 6/20: no closure (max residual 1.9e+02, nfev 2520, 27s)
20:40:45   shoot k=1 restart 7: closes, gate=fail worst=2.194
  homotopy k=1 restart 8: stopped at mu = 0.0016
20:40:57   shoot k=1 restart 8/20: no closure (max residual 7.2e+02, nfev 1097, 12s)
  homotopy k=1 restart 9: stopped at mu = 0.3719
20:43:16   shoot k=1 restart 9/20: no closure (max residual 3.5e+02, nfev 6417, 139s)
20:43:21   shoot k=1 restart 10: closes, gate=fail worst=2.194
20:43:25   shoot k=1 restart 11: closes, gate=fail worst=2.194
20:43:30   shoot k=1 restart 12: closes, gate=fail worst=2.194
20:43:34   shoot k=1 restart 13: closes, gate=fail worst=2.194
20:43:39   shoot k=1 restart 14: closes, gate=fail worst=2.194
  homotopy k=1 restart 15: stopped at mu = 0.1531
20:44:53   shoot k=1 restart 15/20: no closure (max residual 2.4e+02, nfev 4059, 75s)
  homotopy k=1 restart 16: stopped at mu = 0.2687
20:45:12   shoot k=1 restart 16/20: no closure (max residual 1.5e+02, nfev 1347, 19s)
20:45:14   shoot k=1 restart 17: closes, gate=fail worst=2.194
20:45:15   shoot k=1 restart 18: closes, gate=fail worst=2.194
  homotopy k=1 restart 19: stopped at mu = 0.0047
20:45:35   shoot k=1 restart 19/20: no closure (max residual 6.5e+02, nfev 1244, 19s)
20:45:35   shoot k=2 restart 0: closes, gate=fail worst=3.191
20:45:37   shoot k=2 restart 1/20: no closure (max residual 1.2e+02, nfev 45, 2s)
20:45:39   shoot k=2 restart 2: closes, gate=fail worst=3.180
20:45:39   shoot k=2 restart 3/20: no closure (max residual 3.4e+02, nfev 35, 1s)
20:45:40   shoot k=2 restart 4/20: no closure (max residual 4.1e+02, nfev 45, 1s)
20:45:41   shoot k=2 restart 5: closes, gate=fail worst=3.191
20:45:41   shoot k=2 restart 6: closes, gate=fail worst=3.191
20:45:42   shoot k=2 restart 7/20: no closure (max residual 5.8e-01, nfev 44, 1s)
20:45:43   shoot k=2 restart 8: closes, gate=fail worst=3.191
20:46:04   shoot k=2 restart 9/20: no closure (max residual 1.3e-01, nfev 720, 21s)
20:46:05   shoot k=2 restart 10/20: no closure (max residual 4.3e+02, nfev 37, 1s)
20:46:08   shoot k=2 restart 11/20: no closure (max residual 6.4e+00, nfev 110, 3s)
20:46:09   shoot k=2 restart 12/20: no closure (max residual 2.0e+01, nfev 49, 1s)
20:46:10   shoot k=2 restart 13/20: no closure (max residual 6.4e+02, nfev 34, 1s)
20:46:33   shoot k=2 restart 14/20: no closure (max residual 9.4e-01, nfev 720, 22s)
20:46:33   shoot k=2 restart 15/20: no closure (max residual 4.5e+02, nfev 39, 1s)
20:46:34   shoot k=2 restart 16: closes, gate=fail worst=3.191
20:46:34   shoot k=2 restart 17/20: no closure (max residual 2.7e+02, nfev 24, 1s)
20:46:35   shoot k=2 restart 18: closes, gate=fail worst=3.191
20:46:36   shoot k=2 restart 19/20: no closure (max residual 2.3e+02, nfev 39, 1s)
20:46:36   shoot k=3 restart 0/20: no closure (max residual inf, nfev 1, 0s)
20:46:36   shoot k=3 restart 1/20: no closure (max residual inf, nfev 1, 0s)
20:46:36   shoot k=3 restart 2/20: no closure (max residual inf, nfev 1, 0s)
20:46:36   shoot k=3 restart 3/20: no closure (max residual inf, nfev 1, 0s)
20:46:37   shoot k=3 restart 4/20: no closure (max residual inf, nfev 1, 0s)
20:46:37   shoot k=3 restart 5/20: no closure (max residual inf, nfev 1, 0s)
20:46:37   shoot k=3 restart 6/20: no closure (max residual inf, nfev 1, 0s)
20:46:37   shoot k=3 restart 7/20: no closure (max residual inf, nfev 1, 0s)
20:46:37   shoot k=3 restart 8/20: no closure (max residual inf, nfev 1, 0s)
20:46:37   shoot k=3 restart 9/20: no closure (max residual inf, nfev 1, 0s)
20:46:37   shoot k=3 restart 10/20: no closure (max residual inf, nfev 1, 0s)
20:46:38   shoot k=3 restart 11/20: no closure (max residual inf, nfev 1, 0s)
20:46:38   shoot k=3 restart 12/20: no closure (max residual inf, nfev 1, 0s)
20:46:38   shoot k=3 restart 13/20: no closure (max residual inf, nfev 1, 0s)
20:46:38   shoot k=3 restart 14/20: no closure (max residual inf, nfev 1, 0s)
20:46:38   shoot k=3 restart 15/20: no closure (max residual inf, nfev 1, 0s)
20:46:38   shoot k=3 restart 16/20: no closure (max residual inf, nfev 1, 0s)
20:46:38   shoot k=3 restart 17/20: no closure (max residual inf, nfev 1, 0s)
20:46:38   shoot k=3 restart 18/20: no closure (max residual inf, nfev 1, 0s)
20:46:38   shoot k=3 restart 19/20: no closure (max residual inf, nfev 1, 0s)
  grow: no closure at 3 cycles; stop
20:46:39 ge epoch 1 (JD 2464844.5) blend lam=1.0000 conv=True res=4.3e-11 gate=pass worst=0.820 [elapsed 390s]
20:46:40   shoot k=1 restart 0: closes, gate=fail worst=2.577
20:46:42   shoot k=1 restart 1: closes, gate=fail worst=2.577
20:46:43   shoot k=1 restart 2: closes, gate=fail worst=2.577
  homotopy k=1 restart 3: stopped at mu = 0.4094
20:46:47   shoot k=1 restart 3/20: no closure (max residual 1.2e+02, nfev 382, 4s)
20:46:49   shoot k=1 restart 4: closes, gate=fail worst=2.577
  homotopy k=1 restart 5: stopped at mu = 0.3031
20:47:08   shoot k=1 restart 5/20: no closure (max residual 1.5e+02, nfev 1395, 20s)
  homotopy k=1 restart 6: stopped at mu = 0.2281
20:47:41   shoot k=1 restart 6/20: no closure (max residual 1.8e+02, nfev 2443, 33s)
  homotopy k=1 restart 7: stopped at mu = 0.0016
20:47:58   shoot k=1 restart 7/20: no closure (max residual 5.6e+02, nfev 1275, 17s)
20:47:59   shoot k=1 restart 8: closes, gate=fail worst=2.577
20:48:00   shoot k=1 restart 9: closes, gate=fail worst=2.577
20:48:02   shoot k=1 restart 10: closes, gate=fail worst=2.577
20:48:03   shoot k=1 restart 11: closes, gate=fail worst=2.577
20:48:05   shoot k=1 restart 12: closes, gate=fail worst=2.577
20:48:06   shoot k=1 restart 13: closes, gate=fail worst=2.577
20:48:07   shoot k=1 restart 14: closes, gate=fail worst=2.577
  homotopy k=1 restart 15: stopped at mu = 0.2500
20:48:25   shoot k=1 restart 15/20: no closure (max residual 1.7e+02, nfev 1664, 18s)
20:48:26   shoot k=1 restart 16: closes, gate=fail worst=2.577
20:48:28   shoot k=1 restart 17: closes, gate=fail worst=2.577
20:48:29   shoot k=1 restart 18: closes, gate=fail worst=2.577
  homotopy k=1 restart 19: stopped at mu = 0.1734
20:49:33   shoot k=1 restart 19/20: no closure (max residual 2.2e+02, nfev 4625, 64s)
20:49:34   shoot k=2 restart 0: closes, gate=fail worst=2.893
20:49:34   shoot k=2 restart 1: closes, gate=fail worst=2.893
20:49:54   shoot k=2 restart 2/20: no closure (max residual 4.7e-01, nfev 720, 20s)
20:49:55   shoot k=2 restart 3/20: no closure (max residual 3.3e+02, nfev 50, 1s)
20:49:56   shoot k=2 restart 4: closes, gate=fail worst=2.893
20:49:57   shoot k=2 restart 5/20: no closure (max residual 3.8e+02, nfev 31, 1s)
20:50:00   shoot k=2 restart 6: closes, gate=fail worst=2.584
20:50:00   shoot k=2 restart 7: closes, gate=fail worst=2.893
20:50:03   shoot k=2 restart 8/20: no closure (max residual 3.9e+00, nfev 116, 3s)
20:50:03   shoot k=2 restart 9: closes, gate=fail worst=2.893
20:50:05   shoot k=2 restart 10/20: no closure (max residual 3.1e+02, nfev 32, 1s)
20:50:24   shoot k=2 restart 11/20: no closure (max residual 1.3e+00, nfev 720, 19s)
20:50:25   shoot k=2 restart 12/20: no closure (max residual 2.2e+02, nfev 41, 1s)
20:50:45   shoot k=2 restart 13/20: no closure (max residual 8.9e-01, nfev 720, 20s)
20:50:45   shoot k=2 restart 14: closes, gate=fail worst=2.893
20:50:46   shoot k=2 restart 15/20: no closure (max residual 7.1e+01, nfev 47, 1s)
20:50:47   shoot k=2 restart 16: closes, gate=fail worst=2.893
20:50:51   shoot k=2 restart 17/20: no closure (max residual 3.8e-03, nfev 144, 3s)
20:50:51   shoot k=2 restart 18: closes, gate=fail worst=2.893
20:51:12   shoot k=2 restart 19/20: no closure (max residual 1.4e+00, nfev 720, 21s)
20:51:13   shoot k=3 restart 0: closes, gate=fail worst=3.206
20:51:14   shoot k=3 restart 1/20: no closure (max residual 9.0e+00, nfev 46, 1s)
20:51:17   shoot k=3 restart 2: closes, gate=fail worst=3.216
20:51:18   shoot k=3 restart 3/20: no closure (max residual 6.7e+02, nfev 44, 1s)
20:51:19   shoot k=3 restart 4/20: no closure (max residual 5.5e+01, nfev 38, 1s)
20:51:20   shoot k=3 restart 5/20: no closure (max residual 1.9e+02, nfev 41, 1s)
20:51:21   shoot k=3 restart 6/20: no closure (max residual 8.0e+00, nfev 37, 1s)
20:51:22   shoot k=3 restart 7/20: no closure (max residual 4.5e+02, nfev 40, 1s)
20:51:23   shoot k=3 restart 8/20: no closure (max residual 2.3e+02, nfev 38, 1s)
20:51:24   shoot k=3 restart 9/20: no closure (max residual 1.4e+02, nfev 55, 2s)
20:51:26   shoot k=3 restart 10/20: no closure (max residual 5.8e+02, nfev 39, 1s)
20:51:26   shoot k=3 restart 11/20: no closure (max residual 1.8e+02, nfev 38, 1s)
20:51:27   shoot k=3 restart 12/20: no closure (max residual 6.0e+00, nfev 20, 1s)
20:51:28   shoot k=3 restart 13/20: no closure (max residual 2.3e-01, nfev 33, 1s)
20:51:29   shoot k=3 restart 14/20: no closure (max residual 2.3e+02, nfev 42, 1s)
20:51:30   shoot k=3 restart 15/20: no closure (max residual 5.7e+02, nfev 34, 1s)
20:51:31   shoot k=3 restart 16/20: no closure (max residual 9.5e+01, nfev 33, 1s)
20:51:34   shoot k=3 restart 17/20: no closure (max residual 3.5e+00, nfev 87, 3s)
20:51:35   shoot k=3 restart 18/20: no closure (max residual 3.3e+02, nfev 30, 1s)
20:51:36   shoot k=3 restart 19/20: no closure (max residual 2.1e+02, nfev 28, 1s)
20:51:37   shoot k=4 restart 0: closes, gate=fail worst=3.215
20:51:44   shoot k=4 restart 1/20: no closure (max residual 6.9e+00, nfev 169, 7s)
20:51:46   shoot k=4 restart 2/20: no closure (max residual 2.3e+02, nfev 34, 2s)
20:51:47   shoot k=4 restart 3/20: no closure (max residual 3.5e+02, nfev 31, 1s)
20:51:49   shoot k=4 restart 4/20: no closure (max residual 4.0e+02, nfev 28, 1s)
20:51:49   shoot k=4 restart 5: closes, gate=fail worst=3.215
20:51:51   shoot k=4 restart 6/20: no closure (max residual 3.6e+02, nfev 33, 1s)
20:51:54   shoot k=4 restart 7/20: no closure (max residual 6.4e+00, nfev 85, 4s)
20:51:56   shoot k=4 restart 8/20: no closure (max residual 2.3e+02, nfev 45, 2s)
20:51:57   shoot k=4 restart 9/20: no closure (max residual 3.8e+02, nfev 27, 1s)
20:52:00   shoot k=4 restart 10/20: no closure (max residual 4.3e+00, nfev 63, 2s)
20:52:01   shoot k=4 restart 11/20: no closure (max residual 1.5e+02, nfev 32, 2s)
20:52:02   shoot k=4 restart 12/20: no closure (max residual 2.7e+02, nfev 28, 1s)
20:52:04   shoot k=4 restart 13/20: no closure (max residual 3.3e+02, nfev 33, 2s)
20:52:08   shoot k=4 restart 14/20: no closure (max residual 4.0e+00, nfev 76, 4s)
20:52:09   shoot k=4 restart 15/20: no closure (max residual 2.8e+02, nfev 28, 1s)
20:52:13   shoot k=4 restart 16/20: no closure (max residual 9.0e-02, nfev 109, 4s)
20:52:15   shoot k=4 restart 17/20: no closure (max residual 6.1e+02, nfev 35, 1s)
20:53:15   shoot k=4 restart 18: 9490 evals, best max|res| so far 3.43e-01 [60s]
20:53:26   shoot k=4 restart 18/20: no closure (max residual 3.3e-01, nfev 1440, 71s)
20:53:27   shoot k=4 restart 19/20: no closure (max residual 2.5e+02, nfev 21, 1s)
20:53:28   shoot k=5 restart 0: closes, gate=fail worst=3.215
20:53:35   shoot k=5 restart 1/20: no closure (max residual 4.3e+00, nfev 156, 7s)
20:53:36   shoot k=5 restart 2/20: no closure (max residual 4.8e+02, nfev 30, 1s)
20:53:38   shoot k=5 restart 3/20: no closure (max residual 2.9e+02, nfev 39, 2s)
20:53:39   shoot k=5 restart 4/20: no closure (max residual 2.3e+02, nfev 26, 1s)
20:53:40   shoot k=5 restart 5/20: no closure (max residual 2.9e+02, nfev 28, 1s)
20:53:42   shoot k=5 restart 6: closes, gate=fail worst=3.285
20:53:43   shoot k=5 restart 7/20: no closure (max residual 2.6e+02, nfev 38, 2s)
20:53:44   shoot k=5 restart 8: closes, gate=fail worst=3.215
20:53:46   shoot k=5 restart 9/20: no closure (max residual 3.9e+02, nfev 29, 1s)
20:53:47   shoot k=5 restart 10/20: no closure (max residual 4.2e+02, nfev 24, 2s)
20:53:50   shoot k=5 restart 11: closes, gate=fail worst=3.215
20:53:56   shoot k=5 restart 12/20: no closure (max residual 4.7e+00, nfev 127, 6s)
20:53:57   shoot k=5 restart 13/20: no closure (max residual 3.7e+02, nfev 27, 1s)
20:53:59   shoot k=5 restart 14/20: no closure (max residual 4.0e+02, nfev 27, 2s)
20:54:00   shoot k=5 restart 15/20: no closure (max residual 6.1e+02, nfev 26, 1s)
20:54:02   shoot k=5 restart 16/20: no closure (max residual 3.3e+02, nfev 32, 2s)
20:54:04   shoot k=5 restart 17: closes, gate=fail worst=3.215
20:54:05   shoot k=5 restart 18/20: no closure (max residual 3.7e+02, nfev 19, 1s)
20:54:07   shoot k=5 restart 19/20: no closure (max residual 6.5e+02, nfev 32, 2s)
20:54:08   shoot k=6 restart 0: closes, gate=fail worst=3.215
20:54:14   shoot k=6 restart 1/20: no closure (max residual 5.5e+00, nfev 108, 6s)
20:54:15   shoot k=6 restart 2: closes, gate=fail worst=3.215
20:54:17   shoot k=6 restart 3/20: no closure (max residual 3.9e+02, nfev 33, 2s)
20:54:19   shoot k=6 restart 4/20: no closure (max residual 2.6e+02, nfev 25, 2s)
20:54:21   shoot k=6 restart 5/20: no closure (max residual 2.4e+02, nfev 36, 2s)
20:54:28   shoot k=6 restart 6: closes, gate=fail worst=3.215
20:54:33   shoot k=6 restart 7/20: no closure (max residual 3.5e+00, nfev 85, 5s)
20:54:35   shoot k=6 restart 8/20: no closure (max residual 4.3e+02, nfev 25, 1s)
20:54:36   shoot k=6 restart 9: closes, gate=fail worst=3.215
20:54:38   shoot k=6 restart 10: closes, gate=fail worst=3.215
20:54:39   shoot k=6 restart 11/20: no closure (max residual 2.2e+02, nfev 23, 2s)
20:54:43   shoot k=6 restart 12/20: no closure (max residual 7.2e+00, nfev 68, 4s)
20:54:45   shoot k=6 restart 13/20: no closure (max residual 2.7e+02, nfev 30, 2s)
20:54:47   shoot k=6 restart 14/20: no closure (max residual 2.5e+02, nfev 29, 2s)
20:54:52   shoot k=6 restart 15/20: no closure (max residual 3.3e+00, nfev 68, 5s)
20:54:54   shoot k=6 restart 16/20: no closure (max residual 3.4e+02, nfev 36, 3s)
20:55:01   shoot k=6 restart 17/20: no closure (max residual 6.4e+00, nfev 100, 7s)
20:55:05   shoot k=6 restart 18/20: no closure (max residual 8.2e+00, nfev 51, 3s)
20:55:06   shoot k=6 restart 19/20: no closure (max residual 4.0e+02, nfev 15, 1s)
20:55:07   shoot k=7 restart 0: closes, gate=fail worst=3.215
20:55:09   shoot k=7 restart 1/20: no closure (max residual 4.4e+02, nfev 38, 3s)
20:55:11   shoot k=7 restart 2/20: no closure (max residual 6.0e+02, nfev 23, 2s)
20:55:13   shoot k=7 restart 3/20: no closure (max residual 5.1e+02, nfev 30, 2s)
20:55:16   shoot k=7 restart 4/20: no closure (max residual 4.1e+02, nfev 29, 2s)
20:55:19   shoot k=7 restart 5: closes, gate=fail worst=2.881
20:55:25   shoot k=7 restart 6: closes, gate=fail worst=3.215
20:55:27   shoot k=7 restart 7/20: no closure (max residual 4.7e+02, nfev 33, 2s)
20:55:30   shoot k=7 restart 8/20: no closure (max residual 2.4e+02, nfev 32, 3s)
20:55:32   shoot k=7 restart 9/20: no closure (max residual 2.2e+02, nfev 28, 2s)
20:55:35   shoot k=7 restart 10/20: no closure (max residual 7.6e+02, nfev 32, 3s)
20:55:40   shoot k=7 restart 11/20: no closure (max residual 4.8e+00, nfev 78, 6s)
20:55:42   shoot k=7 restart 12/20: no closure (max residual 4.0e+02, nfev 19, 2s)
20:55:45   shoot k=7 restart 13/20: no closure (max residual 3.3e+02, nfev 29, 3s)
20:55:47   shoot k=7 restart 14/20: no closure (max residual 6.2e+02, nfev 30, 2s)
20:55:50   shoot k=7 restart 15/20: no closure (max residual 3.5e+02, nfev 33, 3s)
20:55:52   shoot k=7 restart 16/20: no closure (max residual 4.1e+02, nfev 29, 2s)
20:55:55   shoot k=7 restart 17/20: no closure (max residual 3.8e+02, nfev 37, 3s)
20:55:58   shoot k=7 restart 18/20: no closure (max residual 4.8e-01, nfev 49, 3s)
20:56:01   shoot k=7 restart 19/20: no closure (max residual 3.9e+02, nfev 35, 3s)
20:56:03   shoot k=8 restart 0: closes, gate=fail worst=2.881
20:56:06   shoot k=8 restart 1/20: no closure (max residual 2.3e+02, nfev 25, 3s)
20:56:09   shoot k=8 restart 2/20: no closure (max residual 3.5e+02, nfev 25, 3s)
20:56:13   shoot k=8 restart 3/20: no closure (max residual 2.2e+02, nfev 46, 4s)
20:56:17   shoot k=8 restart 4/20: no closure (max residual 2.4e+02, nfev 35, 3s)
20:56:19   shoot k=8 restart 5/20: no closure (max residual 4.0e+02, nfev 28, 3s)
20:56:23   shoot k=8 restart 6/20: no closure (max residual 1.4e+02, nfev 37, 4s)
20:56:27   shoot k=8 restart 7/20: no closure (max residual 2.1e+02, nfev 30, 3s)
20:56:30   shoot k=8 restart 8/20: no closure (max residual 4.2e+02, nfev 37, 4s)
20:56:32   shoot k=8 restart 9/20: no closure (max residual 2.9e+02, nfev 25, 2s)
20:56:35   shoot k=8 restart 10/20: no closure (max residual 2.9e+02, nfev 24, 3s)
20:56:38   shoot k=8 restart 11/20: no closure (max residual 4.1e+02, nfev 23, 3s)
20:56:40   shoot k=8 restart 12/20: no closure (max residual 3.1e+02, nfev 16, 2s)
20:56:47   shoot k=8 restart 13/20: no closure (max residual 8.0e+02, nfev 52, 6s)
20:56:50   shoot k=8 restart 14/20: no closure (max residual 3.3e+02, nfev 29, 3s)
20:56:53   shoot k=8 restart 15/20: no closure (max residual 3.5e+02, nfev 33, 4s)
20:56:57   shoot k=8 restart 16/20: no closure (max residual 5.4e+02, nfev 28, 3s)
20:57:00   shoot k=8 restart 17/20: no closure (max residual 2.5e+02, nfev 33, 3s)
20:57:01   shoot k=8 restart 18/20: no closure (max residual 4.2e+02, nfev 15, 2s)
20:57:04   shoot k=8 restart 19/20: no closure (max residual 4.3e+02, nfev 26, 3s)
20:57:07   shoot k=9 restart 0: closes, gate=fail worst=2.881
20:57:09   shoot k=9 restart 1/20: no closure (max residual 6.0e+02, nfev 16, 2s)
20:57:12   shoot k=9 restart 2/20: no closure (max residual 5.8e+02, nfev 18, 2s)
20:57:15   shoot k=9 restart 3/20: no closure (max residual 2.8e+02, nfev 23, 3s)
20:57:17   shoot k=9 restart 4/20: no closure (max residual 4.5e+02, nfev 15, 2s)
20:57:20   shoot k=9 restart 5/20: no closure (max residual 6.1e+02, nfev 27, 3s)
20:57:22   shoot k=9 restart 6/20: no closure (max residual 2.2e+02, nfev 21, 3s)
20:57:26   shoot k=9 restart 7/20: no closure (max residual 5.0e+02, nfev 36, 4s)
20:57:29   shoot k=9 restart 8/20: no closure (max residual 5.9e+02, nfev 19, 3s)
20:57:34   shoot k=9 restart 9/20: no closure (max residual 3.1e+02, nfev 34, 5s)
20:57:38   shoot k=9 restart 10/20: no closure (max residual 3.6e+02, nfev 34, 4s)
20:57:42   shoot k=9 restart 11/20: no closure (max residual 1.5e+02, nfev 26, 4s)
20:57:46   shoot k=9 restart 12/20: no closure (max residual 2.1e+02, nfev 31, 4s)
20:57:48   shoot k=9 restart 13/20: no closure (max residual 2.5e+02, nfev 25, 3s)
20:57:52   shoot k=9 restart 14/20: no closure (max residual 2.3e+02, nfev 28, 3s)
20:57:56   shoot k=9 restart 15/20: no closure (max residual 2.8e+02, nfev 26, 4s)
20:57:59   shoot k=9 restart 16/20: no closure (max residual 6.1e+02, nfev 30, 4s)
20:58:02   shoot k=9 restart 17/20: no closure (max residual 2.8e+02, nfev 20, 3s)
20:58:06   shoot k=9 restart 18/20: no closure (max residual 2.8e+02, nfev 33, 4s)
20:58:08   shoot k=9 restart 19/20: no closure (max residual 3.6e+02, nfev 16, 2s)
20:58:11   shoot k=10 restart 0: closes, gate=fail worst=2.881
20:58:14   shoot k=10 restart 1/20: no closure (max residual 3.4e+02, nfev 18, 3s)
20:58:17   shoot k=10 restart 2/20: no closure (max residual 6.6e+02, nfev 23, 4s)
20:58:20   shoot k=10 restart 3/20: no closure (max residual 5.9e+02, nfev 19, 3s)
20:58:24   shoot k=10 restart 4/20: no closure (max residual 1.3e+02, nfev 30, 4s)
20:58:28   shoot k=10 restart 5/20: no closure (max residual 3.6e+02, nfev 21, 3s)
20:58:31   shoot k=10 restart 6/20: no closure (max residual 2.3e+02, nfev 25, 4s)
20:58:35   shoot k=10 restart 7/20: no closure (max residual 2.1e+02, nfev 22, 3s)
20:58:38   shoot k=10 restart 8/20: no closure (max residual 3.7e+02, nfev 24, 4s)
20:58:41   shoot k=10 restart 9/20: no closure (max residual 5.9e+02, nfev 22, 3s)
20:58:46   shoot k=10 restart 10/20: no closure (max residual 2.5e+02, nfev 28, 5s)
20:58:51   shoot k=10 restart 11/20: no closure (max residual 3.4e+02, nfev 28, 4s)
20:58:54   shoot k=10 restart 12/20: no closure (max residual 3.8e+02, nfev 18, 3s)
20:58:58   shoot k=10 restart 13/20: no closure (max residual 5.1e+02, nfev 27, 4s)
20:59:03   shoot k=10 restart 14/20: no closure (max residual 3.1e+02, nfev 42, 5s)
20:59:06   shoot k=10 restart 15/20: no closure (max residual 4.1e+02, nfev 20, 3s)
20:59:10   shoot k=10 restart 16/20: no closure (max residual 4.6e+02, nfev 25, 4s)
20:59:15   shoot k=10 restart 17/20: no closure (max residual 5.6e+01, nfev 27, 5s)
20:59:18   shoot k=10 restart 18/20: no closure (max residual 6.6e+02, nfev 22, 3s)
20:59:22   shoot k=10 restart 19/20: no closure (max residual 2.6e+02, nfev 24, 4s)
20:59:22 ge epoch 2 (JD 2467178.4) blend lam=1.0000 conv=True res=2.8e-11 gate=pass worst=0.826 [elapsed 1153s]
20:59:24   shoot k=1 restart 0: closes, gate=fail worst=3.238
20:59:25   shoot k=1 restart 1: closes, gate=fail worst=3.238
  homotopy k=1 restart 2: stopped at mu = 0.1594
21:00:30   shoot k=1 restart 2/20: no closure (max residual 1.9e+02, nfev 5006, 65s)
21:00:31   shoot k=1 restart 3: closes, gate=fail worst=3.238
21:00:33   shoot k=1 restart 4: closes, gate=fail worst=3.238
  homotopy k=1 restart 5: stopped at mu = 0.2141
21:01:16   shoot k=1 restart 5/20: no closure (max residual 1.5e+02, nfev 2999, 43s)
  homotopy k=1 restart 6: stopped at mu = 0.1641
21:02:18   shoot k=1 restart 6/20: no closure (max residual 1.9e+02, nfev 4157, 62s)
21:02:20   shoot k=1 restart 7: closes, gate=fail worst=3.238
21:02:21   shoot k=1 restart 8: closes, gate=fail worst=3.238
21:02:22   shoot k=1 restart 9: closes, gate=fail worst=3.238
  homotopy k=1 restart 10: stopped at mu = 0.1766
21:03:13   shoot k=1 restart 10/20: no closure (max residual 1.7e+02, nfev 3648, 51s)
21:03:16   shoot k=1 restart 11: closes, gate=fail worst=3.238
  homotopy k=1 restart 12: stopped at mu = 0.4484
21:03:22   shoot k=1 restart 12/20: no closure (max residual 9.5e+01, nfev 553, 6s)
  homotopy k=1 restart 13: stopped at mu = 0.3469
21:05:17   shoot k=1 restart 13/20: no closure (max residual 2.8e+02, nfev 6957, 114s)
  homotopy k=1 restart 14: stopped at mu = 0.0016
21:05:33   shoot k=1 restart 14/20: no closure (max residual 5.0e+02, nfev 939, 16s)
21:05:35   shoot k=1 restart 15: closes, gate=fail worst=3.238
21:05:37   shoot k=1 restart 16: closes, gate=fail worst=3.238
  homotopy k=1 restart 17: stopped at mu = 0.1797
21:06:58   shoot k=1 restart 17/20: no closure (max residual 1.7e+02, nfev 4256, 81s)
21:06:59   shoot k=1 restart 18: closes, gate=fail worst=3.238
21:07:01   shoot k=1 restart 19: closes, gate=fail worst=3.238
21:07:02   shoot k=2 restart 0: closes, gate=fail worst=3.256
21:07:05   shoot k=2 restart 1: closes, gate=fail worst=3.254
21:07:05   shoot k=2 restart 2: closes, gate=fail worst=3.256
21:07:06   shoot k=2 restart 3/20: no closure (max residual 1.7e+02, nfev 38, 1s)
21:07:07   shoot k=2 restart 4: closes, gate=fail worst=3.256
21:07:07   shoot k=2 restart 5: closes, gate=fail worst=3.256
21:07:10   shoot k=2 restart 6: closes, gate=fail worst=3.256
21:07:11   shoot k=2 restart 7/20: no closure (max residual 2.6e+02, nfev 31, 1s)
21:07:12   shoot k=2 restart 8/20: no closure (max residual 2.6e+02, nfev 35, 1s)
21:07:14   shoot k=2 restart 9/20: no closure (max residual 1.6e+01, nfev 50, 2s)
21:07:15   shoot k=2 restart 10/20: no closure (max residual 4.0e-01, nfev 39, 1s)
21:07:16   shoot k=2 restart 11/20: no closure (max residual 9.9e+02, nfev 36, 1s)
21:07:16   shoot k=2 restart 12: closes, gate=fail worst=3.256
21:07:34   shoot k=2 restart 13: closes, gate=fail worst=3.256
21:07:36   shoot k=2 restart 14: closes, gate=fail worst=3.256
21:07:37   shoot k=2 restart 15: closes, gate=fail worst=3.256
21:07:38   shoot k=2 restart 16/20: no closure (max residual 5.0e+02, nfev 45, 1s)
21:07:39   shoot k=2 restart 17/20: no closure (max residual 1.7e+02, nfev 42, 1s)
21:07:41   shoot k=2 restart 18: closes, gate=fail worst=3.256
21:07:41   shoot k=2 restart 19: closes, gate=fail worst=3.256
21:07:41   shoot k=3 restart 0: closes, gate=fail worst=3.257
21:07:43   shoot k=3 restart 1/20: no closure (max residual 7.8e+01, nfev 46, 1s)
21:07:44   shoot k=3 restart 2/20: no closure (max residual 1.4e+02, nfev 38, 2s)
21:07:45   shoot k=3 restart 3/20: no closure (max residual 2.2e+02, nfev 35, 1s)
21:07:46   shoot k=3 restart 4/20: no closure (max residual 5.2e+02, nfev 36, 1s)
21:07:48   shoot k=3 restart 5: closes, gate=fail worst=3.257
21:07:49   shoot k=3 restart 6/20: no closure (max residual 3.1e+02, nfev 27, 1s)
21:07:50   shoot k=3 restart 7/20: no closure (max residual 1.2e+01, nfev 49, 1s)
21:07:50   shoot k=3 restart 8/20: no closure (max residual 2.0e+02, nfev 22, 1s)
21:07:55   shoot k=3 restart 9: closes, gate=fail worst=3.257
21:07:56   shoot k=3 restart 10/20: no closure (max residual 8.1e+02, nfev 30, 1s)
21:07:58   shoot k=3 restart 11/20: no closure (max residual 5.8e+01, nfev 41, 2s)
21:07:59   shoot k=3 restart 12/20: no closure (max residual 1.9e-01, nfev 40, 1s)
21:08:00   shoot k=3 restart 13/20: no closure (max residual 7.3e+00, nfev 67, 1s)
21:08:01   shoot k=3 restart 14/20: no closure (max residual 2.0e+02, nfev 30, 1s)
21:08:01   shoot k=3 restart 15/20: no closure (max residual 7.1e+02, nfev 27, 1s)
21:08:03   shoot k=3 restart 16/20: no closure (max residual 3.3e+02, nfev 32, 1s)
21:08:04   shoot k=3 restart 17/20: no closure (max residual 7.3e+02, nfev 36, 1s)
21:08:36   shoot k=3 restart 18/20: no closure (max residual 4.1e-01, nfev 1080, 32s)
21:08:37   shoot k=3 restart 19/20: no closure (max residual 7.6e+01, nfev 35, 1s)
21:08:39   shoot k=4 restart 0: closes, gate=fail worst=3.257
21:08:40   shoot k=4 restart 1/20: no closure (max residual 2.0e+02, nfev 28, 1s)
21:08:43   shoot k=4 restart 2/20: no closure (max residual 1.3e+02, nfev 39, 2s)
21:08:44   shoot k=4 restart 3: closes, gate=fail worst=3.257
21:08:45   shoot k=4 restart 4/20: no closure (max residual 1.9e+02, nfev 30, 1s)
21:08:47   shoot k=4 restart 5/20: no closure (max residual 3.8e+02, nfev 22, 1s)
21:09:47   shoot k=4 restart 6: 7733 evals, best max|res| so far 5.56e+00 [60s]
21:09:53   shoot k=4 restart 6/20: no closure (max residual 5.5e+00, nfev 1089, 66s)
21:09:54   shoot k=4 restart 7/20: no closure (max residual 1.2e+02, nfev 31, 1s)
21:09:56   shoot k=4 restart 8: closes, gate=fail worst=3.257
21:09:58   shoot k=4 restart 9/20: no closure (max residual 5.3e+00, nfev 60, 3s)
21:10:01   shoot k=4 restart 10/20: no closure (max residual 2.0e+02, nfev 42, 2s)
21:10:02   shoot k=4 restart 11/20: no closure (max residual 2.5e+02, nfev 34, 2s)
21:10:05   shoot k=4 restart 12/20: no closure (max residual 1.1e+01, nfev 46, 2s)
21:10:06   shoot k=4 restart 13/20: no closure (max residual 2.2e+02, nfev 31, 2s)
21:10:10   shoot k=4 restart 14/20: no closure (max residual 4.7e+00, nfev 76, 3s)
21:10:11   shoot k=4 restart 15/20: no closure (max residual 1.5e+01, nfev 33, 2s)
21:10:13   shoot k=4 restart 16/20: no closure (max residual 3.6e+02, nfev 36, 1s)
21:10:15   shoot k=4 restart 17/20: no closure (max residual 8.7e+02, nfev 42, 2s)
21:10:17   shoot k=4 restart 18/20: no closure (max residual 5.8e+00, nfev 49, 2s)
21:10:19   shoot k=4 restart 19/20: no closure (max residual 5.7e+00, nfev 54, 3s)
21:10:21   shoot k=5 restart 0: closes, gate=fail worst=3.257
21:10:23   shoot k=5 restart 1/20: no closure (max residual 5.6e+02, nfev 41, 2s)
21:10:25   shoot k=5 restart 2/20: no closure (max residual 2.1e+02, nfev 38, 2s)
21:10:27   shoot k=5 restart 3/20: no closure (max residual 3.1e+02, nfev 29, 2s)
21:10:29   shoot k=5 restart 4: closes, gate=fail worst=3.257
21:10:31   shoot k=5 restart 5: closes, gate=fail worst=3.257
21:10:36   shoot k=5 restart 6/20: no closure (max residual 7.4e+00, nfev 83, 5s)
21:10:38   shoot k=5 restart 7/20: no closure (max residual 3.0e+02, nfev 37, 2s)
21:10:39   shoot k=5 restart 8: closes, gate=fail worst=3.257
21:10:44   shoot k=5 restart 9/20: no closure (max residual 3.6e+00, nfev 77, 4s)
21:10:46   shoot k=5 restart 10/20: no closure (max residual 3.0e+02, nfev 36, 2s)
21:10:53   shoot k=5 restart 11: closes, gate=fail worst=2.887
21:10:58   shoot k=5 restart 12/20: no closure (max residual 3.0e+00, nfev 95, 5s)
21:11:03   shoot k=5 restart 13/20: no closure (max residual 8.2e-02, nfev 87, 5s)
21:11:05   shoot k=5 restart 14: closes, gate=fail worst=3.257
21:11:07   shoot k=5 restart 15/20: no closure (max residual 2.9e+02, nfev 37, 2s)
21:11:09   shoot k=5 restart 16/20: no closure (max residual 3.7e+02, nfev 33, 2s)
21:11:11   shoot k=5 restart 17/20: no closure (max residual 2.9e+02, nfev 28, 2s)
21:11:13   shoot k=5 restart 18/20: no closure (max residual 6.5e+02, nfev 24, 2s)
21:11:14   shoot k=5 restart 19/20: no closure (max residual 3.4e+02, nfev 20, 1s)
21:11:16   shoot k=6 restart 0: closes, gate=fail worst=2.887
21:11:19   shoot k=6 restart 1/20: no closure (max residual 2.7e+02, nfev 30, 3s)
21:11:21   shoot k=6 restart 2/20: no closure (max residual 5.8e+02, nfev 28, 2s)
21:11:22   shoot k=6 restart 3/20: no closure (max residual 7.9e+02, nfev 25, 2s)
21:11:25   shoot k=6 restart 4/20: no closure (max residual 6.5e+02, nfev 38, 3s)
21:11:27   shoot k=6 restart 5/20: no closure (max residual 1.5e+02, nfev 26, 2s)
21:11:30   shoot k=6 restart 6/20: no closure (max residual 2.7e+02, nfev 42, 3s)
21:11:32   shoot k=6 restart 7/20: no closure (max residual 1.2e+02, nfev 22, 2s)
21:11:34   shoot k=6 restart 8/20: no closure (max residual 5.1e+02, nfev 32, 2s)
21:11:37   shoot k=6 restart 9/20: no closure (max residual 2.4e+02, nfev 38, 3s)
21:11:39   shoot k=6 restart 10/20: no closure (max residual 1.2e+02, nfev 31, 2s)
21:11:41   shoot k=6 restart 11/20: no closure (max residual 4.2e+02, nfev 28, 2s)
21:11:42   shoot k=6 restart 12/20: no closure (max residual 3.1e+02, nfev 15, 2s)
21:11:44   shoot k=6 restart 13/20: no closure (max residual 4.2e+02, nfev 17, 2s)
21:11:48   shoot k=6 restart 14/20: no closure (max residual 5.0e+00, nfev 59, 4s)
21:11:50   shoot k=6 restart 15/20: no closure (max residual 4.4e+02, nfev 23, 2s)
21:11:51   shoot k=6 restart 16/20: no closure (max residual 4.9e+02, nfev 19, 2s)
21:11:55   shoot k=6 restart 17/20: no closure (max residual 1.7e+02, nfev 43, 3s)
21:11:56   shoot k=6 restart 18/20: no closure (max residual 2.0e+02, nfev 20, 2s)
21:11:58   shoot k=6 restart 19/20: no closure (max residual 4.8e+02, nfev 19, 2s)
21:12:00   shoot k=7 restart 0: closes, gate=fail worst=2.887
21:12:01   shoot k=7 restart 1/20: no closure (max residual 3.5e+02, nfev 13, 1s)
21:12:03   shoot k=7 restart 2/20: no closure (max residual 8.7e+02, nfev 21, 2s)
21:12:05   shoot k=7 restart 3/20: no closure (max residual 7.3e+02, nfev 23, 2s)
21:12:08   shoot k=7 restart 4/20: no closure (max residual 9.9e+01, nfev 27, 3s)
21:12:11   shoot k=7 restart 5/20: no closure (max residual 3.9e+02, nfev 34, 3s)
21:12:14   shoot k=7 restart 6/20: no closure (max residual 1.4e+02, nfev 35, 3s)
21:12:16   shoot k=7 restart 7/20: no closure (max residual 1.3e+02, nfev 23, 2s)
21:12:18   shoot k=7 restart 8/20: no closure (max residual 2.4e+01, nfev 16, 2s)
21:12:20   shoot k=7 restart 9/20: no closure (max residual 5.9e+02, nfev 24, 2s)
21:12:22   shoot k=7 restart 10/20: no closure (max residual 2.6e+02, nfev 29, 3s)
21:12:25   shoot k=7 restart 11/20: no closure (max residual 6.9e+02, nfev 22, 2s)
21:12:29   shoot k=7 restart 12/20: no closure (max residual 4.9e+02, nfev 41, 4s)
21:12:30   shoot k=7 restart 13/20: no closure (max residual 4.2e+02, nfev 18, 2s)
21:12:32   shoot k=7 restart 14/20: no closure (max residual 1.7e+02, nfev 17, 2s)
21:12:35   shoot k=7 restart 15/20: no closure (max residual 2.9e+02, nfev 27, 3s)
21:12:38   shoot k=7 restart 16/20: no closure (max residual 7.6e+01, nfev 34, 3s)
21:12:40   shoot k=7 restart 17/20: no closure (max residual 4.5e+02, nfev 15, 2s)
21:12:42   shoot k=7 restart 18/20: no closure (max residual 3.0e+02, nfev 16, 2s)
21:12:45   shoot k=7 restart 19/20: no closure (max residual 2.9e+01, nfev 32, 3s)
21:12:47   shoot k=8 restart 0: closes, gate=fail worst=2.887
21:12:51   shoot k=8 restart 1/20: no closure (max residual 6.7e+02, nfev 35, 4s)
21:12:54   shoot k=8 restart 2/20: no closure (max residual 4.6e+02, nfev 31, 4s)
21:12:56   shoot k=8 restart 3/20: no closure (max residual 5.1e+02, nfev 14, 2s)
21:12:59   shoot k=8 restart 4/20: no closure (max residual 8.9e+02, nfev 24, 3s)
21:13:03   shoot k=8 restart 5/20: no closure (max residual 2.4e+02, nfev 31, 4s)
21:13:07   shoot k=8 restart 6/20: no closure (max residual 3.7e+02, nfev 44, 5s)
21:13:11   shoot k=8 restart 7/20: no closure (max residual 2.6e+02, nfev 32, 4s)
21:13:14   shoot k=8 restart 8/20: no closure (max residual 3.1e+02, nfev 24, 3s)
21:13:17   shoot k=8 restart 9/20: no closure (max residual 3.4e+02, nfev 21, 3s)
21:13:19   shoot k=8 restart 10/20: no closure (max residual 9.3e+02, nfev 22, 2s)
21:13:24   shoot k=8 restart 11/20: no closure (max residual 3.7e+02, nfev 45, 5s)
21:13:27   shoot k=8 restart 12/20: no closure (max residual 6.5e+02, nfev 36, 3s)
21:13:30   shoot k=8 restart 13/20: no closure (max residual 4.6e+02, nfev 36, 3s)
21:13:32   shoot k=8 restart 14/20: no closure (max residual 2.8e+02, nfev 18, 2s)
21:13:35   shoot k=8 restart 15/20: no closure (max residual 3.2e+02, nfev 23, 3s)
21:13:39   shoot k=8 restart 16/20: no closure (max residual 6.4e+02, nfev 32, 3s)
21:13:41   shoot k=8 restart 17/20: no closure (max residual 2.4e+02, nfev 19, 2s)
21:13:44   shoot k=8 restart 18/20: no closure (max residual 2.2e+02, nfev 30, 3s)
21:13:47   shoot k=8 restart 19/20: no closure (max residual 7.7e+02, nfev 22, 3s)
21:13:49   shoot k=9 restart 0: closes, gate=fail worst=2.887
21:13:52   shoot k=9 restart 1/20: no closure (max residual 1.1e+02, nfev 27, 3s)
21:13:56   shoot k=9 restart 2/20: no closure (max residual 4.0e+02, nfev 38, 4s)
21:14:01   shoot k=9 restart 3/20: no closure (max residual 2.0e+02, nfev 35, 5s)
21:14:05   shoot k=9 restart 4/20: no closure (max residual 3.6e+02, nfev 38, 4s)
21:14:08   shoot k=9 restart 5/20: no closure (max residual 3.9e+02, nfev 24, 3s)
21:14:11   shoot k=9 restart 6/20: no closure (max residual 2.5e+02, nfev 29, 3s)
21:14:15   shoot k=9 restart 7/20: no closure (max residual 3.2e+02, nfev 27, 3s)
21:14:18   shoot k=9 restart 8/20: no closure (max residual 5.0e+02, nfev 31, 3s)
21:14:21   shoot k=9 restart 9/20: no closure (max residual 7.4e+02, nfev 14, 3s)
21:14:23   shoot k=9 restart 10/20: no closure (max residual 2.4e+02, nfev 15, 2s)
21:14:27   shoot k=9 restart 11/20: no closure (max residual 5.8e+02, nfev 18, 3s)
21:14:30   shoot k=9 restart 12/20: no closure (max residual 3.1e+02, nfev 18, 3s)
21:14:34   shoot k=9 restart 13/20: no closure (max residual 4.2e+02, nfev 37, 5s)
21:14:37   shoot k=9 restart 14/20: no closure (max residual 2.4e+02, nfev 25, 3s)
21:14:40   shoot k=9 restart 15/20: no closure (max residual 6.1e+02, nfev 18, 3s)
21:14:44   shoot k=9 restart 16/20: no closure (max residual 1.8e+02, nfev 27, 4s)
21:14:46   shoot k=9 restart 17/20: no closure (max residual 4.3e+02, nfev 18, 2s)
21:14:49   shoot k=9 restart 18/20: no closure (max residual 5.9e+02, nfev 24, 3s)
21:14:56   shoot k=9 restart 19/20: no closure (max residual 1.8e+02, nfev 34, 6s)
21:15:00   shoot k=10 restart 0: closes, gate=fail worst=2.887
21:15:04   shoot k=10 restart 1/20: no closure (max residual 2.5e+02, nfev 26, 4s)
21:15:08   shoot k=10 restart 2/20: no closure (max residual 1.7e+02, nfev 18, 4s)
21:15:13   shoot k=10 restart 3/20: no closure (max residual 6.3e+02, nfev 24, 5s)
21:15:17   shoot k=10 restart 4/20: no closure (max residual 4.9e+02, nfev 27, 4s)
21:15:21   shoot k=10 restart 5/20: no closure (max residual 2.5e+02, nfev 23, 4s)
21:15:26   shoot k=10 restart 6/20: no closure (max residual 5.5e+02, nfev 23, 5s)
21:15:32   shoot k=10 restart 7/20: no closure (max residual 3.5e+02, nfev 38, 6s)
21:15:35   shoot k=10 restart 8/20: no closure (max residual 6.9e+02, nfev 15, 3s)
21:15:40   shoot k=10 restart 9/20: no closure (max residual 2.8e+02, nfev 28, 5s)
21:15:44   shoot k=10 restart 10/20: no closure (max residual 4.4e+02, nfev 24, 4s)
21:15:50   shoot k=10 restart 11/20: no closure (max residual 2.5e+02, nfev 35, 6s)
21:15:54   shoot k=10 restart 12/20: no closure (max residual 3.1e+02, nfev 29, 5s)
21:16:00   shoot k=10 restart 13/20: no closure (max residual 2.0e+02, nfev 38, 6s)
21:16:03   shoot k=10 restart 14/20: no closure (max residual 4.8e+02, nfev 22, 3s)
21:16:07   shoot k=10 restart 15/20: no closure (max residual 2.7e+02, nfev 22, 4s)
21:16:10   shoot k=10 restart 16/20: no closure (max residual 5.2e+02, nfev 17, 3s)
21:16:15   shoot k=10 restart 17/20: no closure (max residual 5.3e+02, nfev 31, 5s)
21:16:19   shoot k=10 restart 18/20: no closure (max residual 9.9e+01, nfev 23, 4s)
21:16:24   shoot k=10 restart 19/20: no closure (max residual 6.1e+02, nfev 27, 5s)
21:16:24 ge epoch 3 (JD 2469519.3) blend lam=1.0000 conv=True res=1.9e-11 gate=pass worst=0.841 [elapsed 2175s]
21:16:26   shoot k=1 restart 0: closes, gate=fail worst=1.806
21:16:27   shoot k=1 restart 1: closes, gate=fail worst=1.806
21:16:29   shoot k=1 restart 2: closes, gate=fail worst=1.806
  homotopy k=1 restart 3: stopped at mu = 0.3797
21:17:47   shoot k=1 restart 3/20: no closure (max residual 3.5e+02, nfev 5591, 78s)
21:17:48   shoot k=1 restart 4: closes, gate=fail worst=1.806
  homotopy k=1 restart 5: stopped at mu = 0.1672
21:18:50   shoot k=1 restart 5/20: no closure (max residual 2.0e+02, nfev 4754, 62s)
21:18:52   shoot k=1 restart 6: closes, gate=fail worst=1.806
21:18:53   shoot k=1 restart 7: closes, gate=fail worst=1.806
21:18:55   shoot k=1 restart 8: closes, gate=fail worst=1.806
  homotopy k=1 restart 9: stopped at mu = 0.4406
21:19:00   shoot k=1 restart 9/20: no closure (max residual 8.6e+01, nfev 459, 5s)
21:19:02   shoot k=1 restart 10: closes, gate=fail worst=2.646
21:19:03   shoot k=1 restart 11: closes, gate=fail worst=1.806
21:19:05   shoot k=1 restart 12: closes, gate=fail worst=1.806
  homotopy k=1 restart 13: stopped at mu = 0.1969
21:20:11   shoot k=1 restart 13/20: no closure (max residual 1.8e+02, nfev 4528, 66s)
21:20:12   shoot k=1 restart 14: closes, gate=fail worst=1.806
  homotopy k=1 restart 15: stopped at mu = 0.2297
21:20:51   shoot k=1 restart 15/20: no closure (max residual 1.5e+02, nfev 3044, 40s)
  homotopy k=1 restart 16: stopped at mu = 0.2922
21:21:23   shoot k=1 restart 16/20: no closure (max residual 1.2e+02, nfev 2541, 32s)
21:21:25   shoot k=1 restart 17: closes, gate=fail worst=1.806
  homotopy k=1 restart 18: stopped at mu = 0.4109
21:21:33   shoot k=1 restart 18/20: no closure (max residual 9.5e+01, nfev 678, 9s)
  homotopy k=1 restart 19: stopped at mu = 0.2906
21:23:03   shoot k=1 restart 19/20: no closure (max residual 2.1e+02, nfev 6263, 90s)
21:23:03   shoot k=2 restart 0: closes, gate=fail worst=1.808
21:23:04   shoot k=2 restart 1: closes, gate=fail worst=1.808
21:23:04   shoot k=2 restart 2: closes, gate=fail worst=1.808
21:23:05   shoot k=2 restart 3: closes, gate=fail worst=1.808
21:23:05   shoot k=2 restart 4/20: no closure (max residual 6.8e+01, nfev 37, 1s)
21:23:10   shoot k=2 restart 5: closes, gate=fail worst=1.807
21:23:11   shoot k=2 restart 6/20: no closure (max residual 2.3e+01, nfev 42, 1s)
21:23:12   shoot k=2 restart 7: closes, gate=fail worst=1.808
21:23:12   shoot k=2 restart 8: closes, gate=fail worst=1.808
21:23:15   shoot k=2 restart 9: closes, gate=fail worst=1.807
21:23:17   shoot k=2 restart 10: closes, gate=fail worst=1.808
21:23:41   shoot k=2 restart 11/20: no closure (max residual 1.0e-04, nfev 720, 24s)
21:24:04   shoot k=2 restart 12/20: no closure (max residual 1.3e-01, nfev 720, 23s)
21:24:26   shoot k=2 restart 13/20: no closure (max residual 3.5e-04, nfev 720, 22s)
21:24:27   shoot k=2 restart 14: closes, gate=fail worst=1.808
21:24:52   shoot k=2 restart 15/20: no closure (max residual 3.4e-05, nfev 720, 26s)
21:24:53   shoot k=2 restart 16/20: no closure (max residual 3.0e+02, nfev 37, 1s)
21:25:09   shoot k=2 restart 17/20: no closure (max residual 3.3e-04, nfev 720, 16s)
21:25:12   shoot k=2 restart 18/20: no closure (max residual 3.6e+00, nfev 118, 2s)
21:25:28   shoot k=2 restart 19/20: no closure (max residual 9.4e-01, nfev 720, 16s)
21:25:28   shoot k=3 restart 0: closes, gate=fail worst=1.808
21:25:31   shoot k=3 restart 1: closes, gate=fail worst=2.594
21:25:31   shoot k=3 restart 2/20: no closure (max residual 1.8e+02, nfev 26, 1s)
21:25:32   shoot k=3 restart 3/20: no closure (max residual 1.7e+02, nfev 33, 1s)
21:25:33   shoot k=3 restart 4/20: no closure (max residual 6.7e+02, nfev 37, 1s)
21:25:34   shoot k=3 restart 5/20: no closure (max residual 6.5e+02, nfev 40, 1s)
21:25:34   shoot k=3 restart 6/20: no closure (max residual 2.4e+02, nfev 25, 1s)
21:25:35   shoot k=3 restart 7/20: no closure (max residual 8.5e+02, nfev 37, 1s)
21:25:36   shoot k=3 restart 8/20: no closure (max residual 3.0e+02, nfev 28, 1s)
21:25:37   shoot k=3 restart 9/20: no closure (max residual 6.0e+02, nfev 22, 1s)
21:25:37   shoot k=3 restart 10/20: no closure (max residual 3.5e-01, nfev 47, 1s)
21:25:38   shoot k=3 restart 11/20: no closure (max residual 6.6e+01, nfev 34, 1s)
21:25:39   shoot k=3 restart 12/20: no closure (max residual 7.7e+02, nfev 54, 1s)
21:25:40   shoot k=3 restart 13/20: no closure (max residual 6.8e+01, nfev 40, 1s)
21:25:41   shoot k=3 restart 14/20: no closure (max residual 2.0e+02, nfev 22, 0s)
21:25:41   shoot k=3 restart 15/20: no closure (max residual 4.9e-01, nfev 47, 1s)
21:25:42   shoot k=3 restart 16/20: no closure (max residual 6.3e+02, nfev 36, 1s)
21:25:42   shoot k=3 restart 17/20: no closure (max residual 5.0e+02, nfev 27, 1s)
21:25:44   shoot k=3 restart 18/20: no closure (max residual 1.7e+01, nfev 52, 1s)
21:25:44   shoot k=3 restart 19/20: no closure (max residual 8.9e+01, nfev 21, 0s)
21:25:44   shoot k=4 restart 0: closes, gate=fail worst=1.808
21:25:46   shoot k=4 restart 1/20: no closure (max residual 2.4e+02, nfev 34, 1s)
21:25:47   shoot k=4 restart 2/20: no closure (max residual 2.1e+02, nfev 39, 1s)
21:25:49   shoot k=4 restart 3/20: no closure (max residual 4.0e+00, nfev 83, 3s)
21:25:50   shoot k=4 restart 4/20: no closure (max residual 4.2e+02, nfev 32, 1s)
21:25:51   shoot k=4 restart 5/20: no closure (max residual 4.4e+02, nfev 26, 1s)
21:25:52   shoot k=4 restart 6/20: no closure (max residual 4.8e+02, nfev 34, 1s)
21:25:54   shoot k=4 restart 7/20: no closure (max residual 4.6e+00, nfev 76, 2s)
21:25:55   shoot k=4 restart 8/20: no closure (max residual 3.1e+02, nfev 37, 1s)
21:25:57   shoot k=4 restart 9/20: no closure (max residual 3.2e+00, nfev 101, 3s)
21:25:59   shoot k=4 restart 10/20: no closure (max residual 2.4e+02, nfev 41, 2s)
21:26:00   shoot k=4 restart 11/20: no closure (max residual 6.3e+02, nfev 27, 1s)
21:26:02   shoot k=4 restart 12: closes, gate=fail worst=1.770
21:26:03   shoot k=4 restart 13/20: no closure (max residual 3.4e+02, nfev 33, 1s)
21:26:09   shoot k=4 restart 14: closes, gate=fail worst=1.770
21:26:10   shoot k=4 restart 15/20: no closure (max residual 2.8e+02, nfev 32, 1s)
21:26:11   shoot k=4 restart 16/20: no closure (max residual 3.5e+02, nfev 41, 1s)
21:26:12   shoot k=4 restart 17: closes, gate=fail worst=1.808
21:26:12   shoot k=4 restart 18/20: no closure (max residual 3.1e+02, nfev 32, 1s)
21:26:14   shoot k=4 restart 19/20: no closure (max residual 2.7e-01, nfev 57, 1s)
21:26:14   shoot k=5 restart 0: closes, gate=fail worst=1.769
21:26:15   shoot k=5 restart 1/20: no closure (max residual 3.1e+02, nfev 26, 1s)
21:26:16   shoot k=5 restart 2/20: no closure (max residual 4.6e+02, nfev 37, 1s)
21:26:17   shoot k=5 restart 3/20: no closure (max residual 2.4e+02, nfev 22, 1s)
21:26:18   shoot k=5 restart 4/20: no closure (max residual 3.1e+02, nfev 24, 1s)
21:26:19   shoot k=5 restart 5/20: no closure (max residual 2.8e+02, nfev 30, 1s)
21:26:20   shoot k=5 restart 6/20: no closure (max residual 3.8e+02, nfev 23, 1s)
21:26:21   shoot k=5 restart 7/20: no closure (max residual 1.8e+02, nfev 24, 1s)
21:26:22   shoot k=5 restart 8/20: no closure (max residual 4.7e+02, nfev 21, 1s)
21:26:23   shoot k=5 restart 9/20: no closure (max residual 2.4e+02, nfev 32, 1s)
21:26:24   shoot k=5 restart 10/20: no closure (max residual 1.0e+02, nfev 31, 1s)
21:26:25   shoot k=5 restart 11/20: no closure (max residual 2.1e+02, nfev 26, 1s)
21:26:26   shoot k=5 restart 12/20: no closure (max residual 4.6e+02, nfev 21, 1s)
21:26:26   shoot k=5 restart 13/20: no closure (max residual 6.2e+02, nfev 21, 1s)
21:26:28   shoot k=5 restart 14/20: no closure (max residual 1.5e+02, nfev 48, 2s)
21:26:29   shoot k=5 restart 15/20: no closure (max residual 1.0e+02, nfev 26, 1s)
21:26:30   shoot k=5 restart 16/20: no closure (max residual 1.9e+02, nfev 33, 1s)
21:27:30   shoot k=5 restart 17: 13073 evals, best max|res| so far 9.52e+00 [60s]
21:27:35   shoot k=5 restart 17/20: no closure (max residual 9.5e+00, nfev 1800, 65s)
21:27:36   shoot k=5 restart 18/20: no closure (max residual 1.2e+02, nfev 36, 1s)
21:27:36   shoot k=5 restart 19/20: no closure (max residual 3.4e+02, nfev 24, 1s)
21:27:37   shoot k=6 restart 0: closes, gate=fail worst=2.198
21:27:38   shoot k=6 restart 1/20: no closure (max residual 1.9e+02, nfev 36, 1s)
21:27:39   shoot k=6 restart 2/20: no closure (max residual 3.4e+02, nfev 41, 1s)
21:27:40   shoot k=6 restart 3/20: no closure (max residual 2.8e+02, nfev 20, 1s)
21:27:41   shoot k=6 restart 4/20: no closure (max residual 3.4e+02, nfev 22, 1s)
21:27:42   shoot k=6 restart 5/20: no closure (max residual 3.1e+02, nfev 27, 1s)
21:27:42   shoot k=6 restart 6/20: no closure (max residual 3.2e+02, nfev 22, 1s)
21:27:43   shoot k=6 restart 7/20: no closure (max residual 2.4e+02, nfev 15, 1s)
21:27:44   shoot k=6 restart 8/20: no closure (max residual 2.4e+02, nfev 30, 1s)
21:27:45   shoot k=6 restart 9/20: no closure (max residual 3.5e+02, nfev 21, 1s)
21:27:45   shoot k=6 restart 10/20: no closure (max residual 1.4e+02, nfev 14, 1s)
21:27:46   shoot k=6 restart 11/20: no closure (max residual 3.2e+02, nfev 26, 1s)
21:27:47   shoot k=6 restart 12/20: no closure (max residual 3.2e+02, nfev 27, 1s)
21:27:48   shoot k=6 restart 13/20: no closure (max residual 2.1e+02, nfev 36, 1s)
21:27:49   shoot k=6 restart 14/20: no closure (max residual 2.9e+02, nfev 29, 1s)
21:27:50   shoot k=6 restart 15/20: no closure (max residual 2.3e+02, nfev 21, 1s)
21:27:50   shoot k=6 restart 16/20: no closure (max residual 2.4e+02, nfev 29, 1s)
21:27:51   shoot k=6 restart 17/20: no closure (max residual 7.7e+02, nfev 20, 1s)
21:27:52   shoot k=6 restart 18/20: no closure (max residual 5.1e+02, nfev 41, 1s)
21:27:53   shoot k=6 restart 19/20: no closure (max residual 2.3e+02, nfev 27, 1s)
21:27:54   shoot k=7 restart 0: closes, gate=fail worst=2.841
21:27:55   shoot k=7 restart 1/20: no closure (max residual 3.4e+02, nfev 26, 1s)
21:27:57   shoot k=7 restart 2/20: no closure (max residual 2.4e+02, nfev 46, 2s)
21:27:58   shoot k=7 restart 3/20: no closure (max residual 3.0e+02, nfev 35, 1s)
21:27:59   shoot k=7 restart 4/20: no closure (max residual 5.0e+02, nfev 22, 1s)
21:28:01   shoot k=7 restart 5/20: no closure (max residual 1.8e+02, nfev 39, 2s)
21:28:01   shoot k=7 restart 6/20: no closure (max residual 3.5e+02, nfev 15, 1s)
21:28:03   shoot k=7 restart 7/20: no closure (max residual 5.4e+02, nfev 27, 1s)
21:28:04   shoot k=7 restart 8/20: no closure (max residual 3.2e+02, nfev 33, 1s)
21:28:05   shoot k=7 restart 9/20: no closure (max residual 1.9e+02, nfev 33, 1s)
21:28:06   shoot k=7 restart 10/20: no closure (max residual 2.6e+02, nfev 27, 1s)
21:28:07   shoot k=7 restart 11/20: no closure (max residual 2.5e+02, nfev 26, 1s)
21:28:08   shoot k=7 restart 12/20: no closure (max residual 8.3e+02, nfev 26, 1s)
21:28:09   shoot k=7 restart 13/20: no closure (max residual 1.5e+02, nfev 27, 1s)
21:28:11   shoot k=7 restart 14/20: no closure (max residual 2.2e+02, nfev 34, 1s)
21:28:11   shoot k=7 restart 15/20: no closure (max residual 2.2e+02, nfev 21, 1s)
21:28:12   shoot k=7 restart 16/20: no closure (max residual 5.6e+02, nfev 25, 1s)
21:28:13   shoot k=7 restart 17/20: no closure (max residual 2.9e+02, nfev 20, 1s)
21:28:14   shoot k=7 restart 18/20: no closure (max residual 1.8e+02, nfev 29, 1s)
21:28:16   shoot k=7 restart 19/20: no closure (max residual 1.3e+02, nfev 49, 2s)
21:28:17   shoot k=8 restart 0: closes, gate=fail worst=2.975
21:28:18   shoot k=8 restart 1/20: no closure (max residual 3.1e+02, nfev 33, 2s)
21:28:20   shoot k=8 restart 2/20: no closure (max residual 6.2e+02, nfev 27, 1s)
21:28:21   shoot k=8 restart 3/20: no closure (max residual 5.6e+02, nfev 26, 1s)
21:28:24   shoot k=8 restart 4/20: no closure (max residual 1.7e+02, nfev 46, 2s)
21:28:25   shoot k=8 restart 5/20: no closure (max residual 1.4e+02, nfev 36, 2s)
21:28:27   shoot k=8 restart 6/20: no closure (max residual 5.1e+02, nfev 38, 2s)
21:28:28   shoot k=8 restart 7/20: no closure (max residual 1.6e+02, nfev 32, 1s)
21:28:30   shoot k=8 restart 8/20: no closure (max residual 6.7e+02, nfev 25, 1s)
21:28:31   shoot k=8 restart 9/20: no closure (max residual 4.4e+02, nfev 36, 2s)
21:28:33   shoot k=8 restart 10/20: no closure (max residual 6.1e+02, nfev 23, 1s)
21:28:34   shoot k=8 restart 11/20: no closure (max residual 1.7e+02, nfev 31, 2s)
21:28:36   shoot k=8 restart 12/20: no closure (max residual 2.6e+02, nfev 33, 1s)
21:28:37   shoot k=8 restart 13/20: no closure (max residual 3.1e+02, nfev 29, 2s)
21:28:39   shoot k=8 restart 14/20: no closure (max residual 4.4e+02, nfev 29, 1s)
21:28:40   shoot k=8 restart 15/20: no closure (max residual 3.1e+02, nfev 24, 1s)
21:28:41   shoot k=8 restart 16/20: no closure (max residual 2.4e+02, nfev 23, 1s)
21:28:43   shoot k=8 restart 17/20: no closure (max residual 2.5e+02, nfev 27, 1s)
21:28:44   shoot k=8 restart 18/20: no closure (max residual 1.9e+02, nfev 31, 2s)
21:28:46   shoot k=8 restart 19/20: no closure (max residual 2.3e+02, nfev 39, 2s)
21:28:48   shoot k=9 restart 0: closes, gate=fail worst=3.216
21:28:49   shoot k=9 restart 1/20: no closure (max residual 4.2e+02, nfev 21, 1s)
21:28:51   shoot k=9 restart 2/20: no closure (max residual 5.2e+02, nfev 30, 2s)
21:28:52   shoot k=9 restart 3/20: no closure (max residual 2.7e+02, nfev 30, 2s)
21:28:54   shoot k=9 restart 4/20: no closure (max residual 3.5e+02, nfev 33, 2s)
21:28:58   shoot k=9 restart 5/20: no closure (max residual 3.4e+00, nfev 88, 4s)
21:28:59   shoot k=9 restart 6/20: no closure (max residual 3.3e+02, nfev 18, 1s)
21:29:00   shoot k=9 restart 7/20: no closure (max residual 3.4e+02, nfev 23, 1s)
21:29:01   shoot k=9 restart 8/20: no closure (max residual 4.3e+02, nfev 19, 1s)
21:29:03   shoot k=9 restart 9/20: no closure (max residual 2.2e+02, nfev 27, 1s)
21:29:04   shoot k=9 restart 10/20: no closure (max residual 5.1e+02, nfev 35, 2s)
21:29:06   shoot k=9 restart 11/20: no closure (max residual 8.7e+02, nfev 34, 2s)
21:29:08   shoot k=9 restart 12/20: no closure (max residual 3.5e+02, nfev 28, 2s)
21:29:09   shoot k=9 restart 13/20: no closure (max residual 4.0e+02, nfev 32, 2s)
21:29:11   shoot k=9 restart 14/20: no closure (max residual 1.5e+02, nfev 34, 2s)
21:29:12   shoot k=9 restart 15/20: no closure (max residual 3.4e+02, nfev 24, 1s)
21:29:14   shoot k=9 restart 16/20: no closure (max residual 2.8e+02, nfev 30, 2s)
21:29:16   shoot k=9 restart 17/20: no closure (max residual 3.3e+02, nfev 31, 2s)
21:29:17   shoot k=9 restart 18/20: no closure (max residual 4.3e+02, nfev 28, 2s)
21:29:19   shoot k=9 restart 19/20: no closure (max residual 3.5e+02, nfev 29, 1s)
21:29:21   shoot k=10 restart 0: closes, gate=fail worst=3.317
21:29:22   shoot k=10 restart 1/20: no closure (max residual 1.0e+02, nfev 20, 1s)
21:29:24   shoot k=10 restart 2/20: no closure (max residual 4.1e+02, nfev 25, 2s)
21:29:25   shoot k=10 restart 3/20: no closure (max residual 3.5e+02, nfev 21, 1s)
21:29:27   shoot k=10 restart 4/20: no closure (max residual 3.6e+02, nfev 33, 2s)
21:29:29   shoot k=10 restart 5/20: no closure (max residual 2.6e+02, nfev 24, 2s)
21:29:31   shoot k=10 restart 6/20: no closure (max residual 3.1e+02, nfev 21, 2s)
21:29:33   shoot k=10 restart 7/20: no closure (max residual 3.8e+02, nfev 29, 2s)
21:29:35   shoot k=10 restart 8/20: no closure (max residual 3.8e+02, nfev 27, 2s)
21:29:37   shoot k=10 restart 9/20: no closure (max residual 5.1e+02, nfev 39, 2s)
21:29:38   shoot k=10 restart 10/20: no closure (max residual 3.2e+02, nfev 26, 2s)
21:29:40   shoot k=10 restart 11/20: no closure (max residual 4.4e+02, nfev 27, 2s)
21:29:42   shoot k=10 restart 12/20: no closure (max residual 3.6e+02, nfev 21, 1s)
21:29:43   shoot k=10 restart 13/20: no closure (max residual 8.5e+02, nfev 28, 2s)
21:29:45   shoot k=10 restart 14/20: no closure (max residual 4.7e+02, nfev 32, 2s)
21:29:47   shoot k=10 restart 15/20: no closure (max residual 2.4e+02, nfev 33, 2s)
21:29:51   shoot k=10 restart 16/20: no closure (max residual 5.8e+00, nfev 62, 3s)
21:29:53   shoot k=10 restart 17/20: no closure (max residual 2.4e+02, nfev 31, 2s)
21:29:54   shoot k=10 restart 18/20: no closure (max residual 3.4e+02, nfev 24, 1s)
21:29:56   shoot k=10 restart 19/20: no closure (max residual 8.1e+02, nfev 31, 2s)
21:29:56 ge epoch 4 (JD 2471853.2) blend lam=1.0000 conv=True res=1.3e-11 gate=pass worst=0.857 [elapsed 2987s]
21:29:57   shoot k=1 restart 0: closes, gate=pass worst=0.850
21:29:57   shoot k=1 restart 1: closes, gate=pass worst=0.850
  homotopy k=1 restart 2: stopped at mu = 0.2828
21:30:36   shoot k=1 restart 2/20: no closure (max residual 2.5e+02, nfev 6379, 38s)
21:30:36   shoot k=1 restart 3: closes, gate=pass worst=0.850
21:30:37   shoot k=1 restart 4: closes, gate=pass worst=0.850
  homotopy k=1 restart 5: stopped at mu = 0.3547
21:30:42   shoot k=1 restart 5/20: no closure (max residual 1.3e+02, nfev 820, 5s)
  homotopy k=1 restart 6: stopped at mu = 0.2828
21:31:21   shoot k=1 restart 6/20: no closure (max residual 2.5e+02, nfev 6503, 40s)
21:31:22   shoot k=1 restart 7: closes, gate=pass worst=0.850
21:31:22   shoot k=1 restart 8: closes, gate=pass worst=0.850
  homotopy k=1 restart 9: stopped at mu = 0.3359
21:31:52   shoot k=1 restart 9/20: no closure (max residual 3.5e+02, nfev 4787, 30s)
21:31:52   shoot k=1 restart 10: closes, gate=pass worst=0.850
21:31:53   shoot k=1 restart 11: closes, gate=pass worst=0.850
21:31:54   shoot k=1 restart 12: closes, gate=pass worst=0.850
21:31:54   shoot k=1 restart 13: closes, gate=pass worst=0.850
  homotopy k=1 restart 14: stopped at mu = 0.1578
21:32:24   shoot k=1 restart 14/20: no closure (max residual 2.7e+02, nfev 4644, 30s)
  homotopy k=1 restart 15: stopped at mu = 0.3766
21:32:28   shoot k=1 restart 15/20: no closure (max residual 1.3e+02, nfev 798, 4s)
  homotopy k=1 restart 16: stopped at mu = 0.0000
21:32:30   shoot k=1 restart 16/20: no closure (max residual 9.4e+02, nfev 373, 2s)
21:32:31   shoot k=1 restart 17: closes, gate=pass worst=0.850
21:32:32   shoot k=1 restart 18: closes, gate=pass worst=0.850
21:32:32   shoot k=1 restart 19: closes, gate=pass worst=0.850
21:32:33   shoot k=2 restart 0: closes, gate=fail worst=1.198
21:32:33   shoot k=2 restart 1: closes, gate=fail worst=1.198
21:32:45   shoot k=2 restart 2/20: no closure (max residual 6.6e-01, nfev 720, 12s)
21:32:46   shoot k=2 restart 3: closes, gate=fail worst=1.198
21:32:46   shoot k=2 restart 4/20: no closure (max residual 3.0e+02, nfev 37, 1s)
21:32:48   shoot k=2 restart 5/20: no closure (max residual 4.0e+00, nfev 122, 2s)
21:32:48   shoot k=2 restart 6: closes, gate=fail worst=1.198
21:32:48   shoot k=2 restart 7: closes, gate=fail worst=1.198
21:32:49   shoot k=2 restart 8/20: no closure (max residual 2.2e+01, nfev 28, 0s)
21:32:49   shoot k=2 restart 9/20: no closure (max residual 3.5e+02, nfev 32, 0s)
21:32:49   shoot k=2 restart 10/20: no closure (max residual 2.6e+02, nfev 41, 0s)
21:32:50   shoot k=2 restart 11/20: no closure (max residual 7.8e+00, nfev 73, 1s)
21:32:50   shoot k=2 restart 12: closes, gate=fail worst=1.198
21:32:51   shoot k=2 restart 13/20: no closure (max residual 7.5e+00, nfev 63, 1s)
21:32:51   shoot k=2 restart 14: closes, gate=fail worst=1.198
21:32:52   shoot k=2 restart 15: closes, gate=fail worst=1.198
21:32:52   shoot k=2 restart 16: closes, gate=fail worst=1.198
21:32:52   shoot k=2 restart 17: closes, gate=fail worst=1.198
21:32:52   shoot k=2 restart 18/20: no closure (max residual 8.8e+02, nfev 35, 0s)
21:32:53   shoot k=2 restart 19: closes, gate=fail worst=1.198
21:32:53   shoot k=3 restart 0: closes, gate=fail worst=1.471
21:32:53   shoot k=3 restart 1/20: no closure (max residual 2.2e+02, nfev 27, 0s)
21:32:56   shoot k=3 restart 2: closes, gate=fail worst=2.820
21:32:56   shoot k=3 restart 3/20: no closure (max residual 8.7e+01, nfev 48, 1s)
21:32:57   shoot k=3 restart 4: closes, gate=fail worst=1.471
21:32:57   shoot k=3 restart 5: closes, gate=fail worst=1.471
21:32:58   shoot k=3 restart 6/20: no closure (max residual 4.9e+00, nfev 93, 1s)
21:32:59   shoot k=3 restart 7/20: no closure (max residual 3.4e+02, nfev 36, 0s)
21:32:59   shoot k=3 restart 8: closes, gate=fail worst=1.471
21:32:59   shoot k=3 restart 9/20: no closure (max residual 2.9e+02, nfev 33, 0s)
21:33:00   shoot k=3 restart 10: closes, gate=fail worst=1.471
21:33:00   shoot k=3 restart 11: closes, gate=fail worst=47.862
21:33:01   shoot k=3 restart 12/20: no closure (max residual 6.2e+00, nfev 103, 1s)
21:33:02   shoot k=3 restart 13/20: no closure (max residual 8.0e+02, nfev 34, 0s)
21:33:03   shoot k=3 restart 14/20: no closure (max residual 9.2e-02, nfev 115, 1s)
21:33:03   shoot k=3 restart 15/20: no closure (max residual 7.0e+02, nfev 26, 0s)
21:33:04   shoot k=3 restart 16: closes, gate=fail worst=1.471
21:33:04   shoot k=3 restart 17/20: no closure (max residual 6.7e+02, nfev 35, 0s)
21:33:05   shoot k=3 restart 18: closes, gate=fail worst=1.471
21:33:05   shoot k=3 restart 19/20: no closure (max residual 6.8e+02, nfev 27, 0s)
21:33:05   shoot k=4 restart 0: closes, gate=fail worst=2.366
21:33:06   shoot k=4 restart 1: closes, gate=fail worst=2.366
21:33:07   shoot k=4 restart 2: closes, gate=fail worst=2.366
21:33:08   shoot k=4 restart 3/20: no closure (max residual 3.1e+02, nfev 36, 1s)
21:33:10   shoot k=4 restart 4/20: no closure (max residual 4.8e+00, nfev 107, 2s)
21:33:10   shoot k=4 restart 5: closes, gate=fail worst=2.366
21:33:11   shoot k=4 restart 6/20: no closure (max residual 5.6e+02, nfev 36, 1s)
21:33:12   shoot k=4 restart 7/20: no closure (max residual 4.1e+00, nfev 70, 1s)
21:33:14   shoot k=4 restart 8: closes, gate=fail worst=2.366
21:33:14   shoot k=4 restart 9/20: no closure (max residual 5.4e+02, nfev 32, 1s)
21:33:17   shoot k=4 restart 10: closes, gate=fail worst=1.947
21:33:18   shoot k=4 restart 11/20: no closure (max residual 2.4e+02, nfev 26, 0s)
21:33:18   shoot k=4 restart 12/20: no closure (max residual 2.6e+02, nfev 25, 0s)
21:33:20   shoot k=4 restart 13/20: no closure (max residual 4.5e+00, nfev 82, 1s)
21:33:20   shoot k=4 restart 14: closes, gate=fail worst=2.366
21:33:21   shoot k=4 restart 15/20: no closure (max residual 7.7e+01, nfev 36, 1s)
21:33:21   shoot k=4 restart 16/20: no closure (max residual 2.6e+02, nfev 28, 0s)
21:33:22   shoot k=4 restart 17/20: no closure (max residual 2.9e+02, nfev 32, 1s)
21:33:22   shoot k=4 restart 18/20: no closure (max residual 3.2e+02, nfev 33, 1s)
21:33:23   shoot k=4 restart 19: closes, gate=fail worst=2.366
21:33:24   shoot k=5 restart 0: closes, gate=fail worst=3.210
21:33:25   shoot k=5 restart 1/20: no closure (max residual 1.8e+02, nfev 39, 1s)
21:33:25   shoot k=5 restart 2/20: no closure (max residual 3.9e+02, nfev 28, 1s)
21:33:26   shoot k=5 restart 3/20: no closure (max residual 3.4e+02, nfev 16, 0s)
21:33:27   shoot k=5 restart 4/20: no closure (max residual 6.5e+02, nfev 44, 1s)
21:33:27   shoot k=5 restart 5/20: no closure (max residual 4.6e+02, nfev 19, 0s)
21:33:28   shoot k=5 restart 6/20: no closure (max residual 3.1e+02, nfev 20, 0s)
21:33:28   shoot k=5 restart 7/20: no closure (max residual 2.9e+02, nfev 29, 1s)
21:33:29   shoot k=5 restart 8/20: no closure (max residual 2.0e+02, nfev 41, 1s)
21:33:30   shoot k=5 restart 9/20: no closure (max residual 7.7e+02, nfev 24, 0s)
21:33:30   shoot k=5 restart 10/20: no closure (max residual 4.5e+02, nfev 19, 0s)
21:33:31   shoot k=5 restart 11/20: no closure (max residual 5.6e+02, nfev 24, 1s)
21:33:31   shoot k=5 restart 12/20: no closure (max residual 4.5e+02, nfev 22, 0s)
21:33:32   shoot k=5 restart 13/20: no closure (max residual 5.8e+02, nfev 27, 1s)
21:33:33   shoot k=5 restart 14/20: no closure (max residual 1.5e+02, nfev 43, 1s)
21:33:33   shoot k=5 restart 15/20: no closure (max residual 3.6e+02, nfev 29, 1s)
21:33:34   shoot k=5 restart 16/20: no closure (max residual 5.6e+02, nfev 17, 0s)
21:33:34   shoot k=5 restart 17/20: no closure (max residual 4.1e+02, nfev 24, 1s)
21:33:35   shoot k=5 restart 18/20: no closure (max residual 8.1e+02, nfev 20, 0s)
21:33:35   shoot k=5 restart 19/20: no closure (max residual 1.1e+02, nfev 32, 1s)
21:33:36   shoot k=6 restart 0: closes, gate=fail worst=3.251
21:33:37   shoot k=6 restart 1/20: no closure (max residual 2.5e+02, nfev 25, 1s)
21:33:38   shoot k=6 restart 2/20: no closure (max residual 3.5e+02, nfev 36, 1s)
21:33:38   shoot k=6 restart 3/20: no closure (max residual 2.5e+02, nfev 15, 0s)
21:33:39   shoot k=6 restart 4/20: no closure (max residual 6.2e+02, nfev 34, 1s)
21:33:40   shoot k=6 restart 5/20: no closure (max residual 2.1e+02, nfev 25, 1s)
21:33:40   shoot k=6 restart 6/20: no closure (max residual 2.8e+02, nfev 26, 1s)
21:33:42   shoot k=6 restart 7/20: no closure (max residual 3.4e+02, nfev 37, 1s)
21:33:42   shoot k=6 restart 8/20: no closure (max residual 2.3e+02, nfev 17, 1s)
21:33:43   shoot k=6 restart 9/20: no closure (max residual 1.4e+02, nfev 23, 1s)
21:33:44   shoot k=6 restart 10/20: no closure (max residual 2.6e+02, nfev 29, 1s)
21:33:44   shoot k=6 restart 11/20: no closure (max residual 4.3e+02, nfev 20, 1s)
21:33:45   shoot k=6 restart 12/20: no closure (max residual 2.1e+02, nfev 24, 1s)
21:33:46   shoot k=6 restart 13/20: no closure (max residual 3.3e+02, nfev 21, 1s)
21:33:47   shoot k=6 restart 14: closes, gate=fail worst=3.251
21:33:48   shoot k=6 restart 15/20: no closure (max residual 2.6e+02, nfev 19, 1s)
21:33:48   shoot k=6 restart 16/20: no closure (max residual 1.1e+02, nfev 21, 1s)
21:33:49   shoot k=6 restart 17/20: no closure (max residual 2.6e+02, nfev 29, 1s)
21:33:50   shoot k=6 restart 18/20: no closure (max residual 9.2e+02, nfev 35, 1s)
21:33:51   shoot k=6 restart 19/20: no closure (max residual 3.2e+02, nfev 35, 1s)
21:33:52   shoot k=7 restart 0: closes, gate=fail worst=3.338
21:33:52   shoot k=7 restart 1/20: no closure (max residual 5.9e+02, nfev 22, 1s)
21:33:54   shoot k=7 restart 2/20: no closure (max residual 1.8e+02, nfev 35, 1s)
21:33:55   shoot k=7 restart 3/20: no closure (max residual 1.5e+01, nfev 47, 2s)
21:33:56   shoot k=7 restart 4/20: no closure (max residual 2.4e+02, nfev 30, 1s)
21:33:57   shoot k=7 restart 5/20: no closure (max residual 3.8e+02, nfev 25, 1s)
21:33:58   shoot k=7 restart 6/20: no closure (max residual 4.0e+02, nfev 25, 1s)
21:33:59   shoot k=7 restart 7/20: no closure (max residual 3.6e+02, nfev 37, 1s)
21:34:00   shoot k=7 restart 8/20: no closure (max residual 2.3e+02, nfev 27, 1s)
21:34:01   shoot k=7 restart 9/20: no closure (max residual 2.7e+02, nfev 29, 1s)
21:34:02   shoot k=7 restart 10/20: no closure (max residual 2.9e+02, nfev 28, 1s)
21:34:03   shoot k=7 restart 11/20: no closure (max residual 1.9e+02, nfev 34, 1s)
21:34:04   shoot k=7 restart 12/20: no closure (max residual 7.5e+02, nfev 22, 1s)
21:34:05   shoot k=7 restart 13/20: no closure (max residual 2.1e+02, nfev 40, 1s)
21:34:06   shoot k=7 restart 14/20: no closure (max residual 3.4e+02, nfev 22, 1s)
21:34:11   shoot k=7 restart 15: closes, gate=fail worst=3.338
21:34:13   shoot k=7 restart 16/20: no closure (max residual 3.8e+02, nfev 36, 1s)
21:34:14   shoot k=7 restart 17/20: no closure (max residual 2.3e+02, nfev 33, 1s)
21:34:14   shoot k=7 restart 18/20: no closure (max residual 2.6e+02, nfev 21, 1s)
21:34:15   shoot k=7 restart 19/20: no closure (max residual 2.5e+02, nfev 25, 1s)
21:34:16   shoot k=8 restart 0: closes, gate=fail worst=3.402
21:34:17   shoot k=8 restart 1/20: no closure (max residual 3.3e+02, nfev 28, 1s)
21:34:18   shoot k=8 restart 2/20: no closure (max residual 3.7e+02, nfev 16, 1s)
21:34:19   shoot k=8 restart 3/20: no closure (max residual 8.2e+02, nfev 30, 1s)
21:34:21   shoot k=8 restart 4/20: no closure (max residual 2.7e+02, nfev 33, 1s)
21:34:22   shoot k=8 restart 5/20: no closure (max residual 2.9e+02, nfev 19, 1s)
21:34:23   shoot k=8 restart 6/20: no closure (max residual 3.4e+02, nfev 24, 1s)
21:34:24   shoot k=8 restart 7/20: no closure (max residual 4.8e+02, nfev 39, 1s)
21:34:26   shoot k=8 restart 8/20: no closure (max residual 3.9e+02, nfev 33, 1s)
21:34:27   shoot k=8 restart 9/20: no closure (max residual 3.2e+02, nfev 21, 1s)
21:34:28   shoot k=8 restart 10/20: no closure (max residual 6.4e+02, nfev 23, 1s)
21:34:29   shoot k=8 restart 11/20: no closure (max residual 2.6e+02, nfev 36, 2s)
21:34:31   shoot k=8 restart 12/20: no closure (max residual 7.9e+02, nfev 35, 2s)
21:34:32   shoot k=8 restart 13/20: no closure (max residual 3.3e+02, nfev 31, 1s)
21:34:34   shoot k=8 restart 14/20: no closure (max residual 3.3e+02, nfev 29, 1s)
21:34:35   shoot k=8 restart 15/20: no closure (max residual 3.9e+02, nfev 32, 1s)
21:34:37   shoot k=8 restart 16/20: no closure (max residual 3.8e+02, nfev 29, 1s)
21:34:38   shoot k=8 restart 17/20: no closure (max residual 2.5e+02, nfev 39, 2s)
21:34:39   shoot k=8 restart 18/20: no closure (max residual 5.2e+02, nfev 26, 1s)
21:34:41   shoot k=8 restart 19/20: no closure (max residual 2.7e+02, nfev 25, 1s)
21:34:42   shoot k=9 restart 0: closes, gate=fail worst=3.404
21:34:43   shoot k=9 restart 1/20: no closure (max residual 4.1e+02, nfev 20, 1s)
21:34:44   shoot k=9 restart 2/20: no closure (max residual 3.7e+02, nfev 25, 1s)
21:34:45   shoot k=9 restart 3/20: no closure (max residual 5.1e+02, nfev 24, 1s)
21:34:46   shoot k=9 restart 4/20: no closure (max residual 2.5e+02, nfev 25, 1s)
21:34:48   shoot k=9 restart 5/20: no closure (max residual 8.2e+02, nfev 29, 1s)
21:34:49   shoot k=9 restart 6/20: no closure (max residual 4.0e+02, nfev 33, 2s)
21:34:50   shoot k=9 restart 7/20: no closure (max residual 3.1e+02, nfev 21, 1s)
21:34:51   shoot k=9 restart 8/20: no closure (max residual 3.0e+02, nfev 20, 1s)
21:34:53   shoot k=9 restart 9/20: no closure (max residual 2.9e+02, nfev 32, 1s)
21:34:54   shoot k=9 restart 10/20: no closure (max residual 3.2e+02, nfev 34, 2s)
21:34:56   shoot k=9 restart 11/20: no closure (max residual 3.3e+02, nfev 25, 1s)
21:34:57   shoot k=9 restart 12/20: no closure (max residual 3.1e+02, nfev 30, 1s)
21:34:58   shoot k=9 restart 13/20: no closure (max residual 3.1e+02, nfev 21, 1s)
21:34:59   shoot k=9 restart 14/20: no closure (max residual 3.1e+02, nfev 25, 1s)
21:35:01   shoot k=9 restart 15/20: no closure (max residual 7.5e+02, nfev 33, 2s)
21:35:03   shoot k=9 restart 16/20: no closure (max residual 2.1e+02, nfev 36, 2s)
21:35:04   shoot k=9 restart 17/20: no closure (max residual 4.6e+02, nfev 32, 2s)
21:35:05   shoot k=9 restart 18/20: no closure (max residual 5.7e+02, nfev 23, 1s)
21:35:07   shoot k=9 restart 19/20: no closure (max residual 5.5e+02, nfev 36, 2s)
21:35:09   shoot k=10 restart 0/20: no closure (max residual 2.8e-03, nfev 39, 2s)
21:35:11   shoot k=10 restart 1/20: no closure (max residual 7.8e+02, nfev 27, 2s)
21:35:13   shoot k=10 restart 2/20: no closure (max residual 4.7e+02, nfev 24, 2s)
21:35:15   shoot k=10 restart 3/20: no closure (max residual 2.1e+02, nfev 38, 2s)
21:35:16   shoot k=10 restart 4/20: no closure (max residual 7.9e+02, nfev 26, 1s)
21:35:18   shoot k=10 restart 5/20: no closure (max residual 3.5e+02, nfev 33, 2s)
21:35:19   shoot k=10 restart 6/20: no closure (max residual 3.0e+02, nfev 22, 1s)
21:35:21   shoot k=10 restart 7/20: no closure (max residual 6.2e+02, nfev 19, 1s)
21:35:24   shoot k=10 restart 8/20: no closure (max residual 2.5e+02, nfev 36, 3s)
21:35:25   shoot k=10 restart 9/20: no closure (max residual 7.1e+02, nfev 21, 2s)
21:35:27   shoot k=10 restart 10/20: no closure (max residual 6.6e+02, nfev 24, 2s)
21:35:29   shoot k=10 restart 11/20: no closure (max residual 4.6e+02, nfev 35, 2s)
21:35:31   shoot k=10 restart 12/20: no closure (max residual 2.4e+02, nfev 25, 2s)
21:35:32   shoot k=10 restart 13/20: no closure (max residual 2.8e+02, nfev 17, 1s)
21:35:34   shoot k=10 restart 14/20: no closure (max residual 2.5e+02, nfev 29, 2s)
21:35:36   shoot k=10 restart 15/20: no closure (max residual 3.6e+02, nfev 32, 2s)
21:35:37   shoot k=10 restart 16/20: no closure (max residual 4.2e+02, nfev 17, 1s)
21:35:39   shoot k=10 restart 17/20: no closure (max residual 2.7e+02, nfev 34, 2s)
21:35:40   shoot k=10 restart 18/20: no closure (max residual 6.2e+02, nfev 19, 1s)
21:35:41   shoot k=10 restart 19/20: no closure (max residual 9.8e+02, nfev 27, 2s)
  grow: no closure at 10 cycles; stop
DONE
