2026-10-07T11:04:41+00:00 cell ec k=2: 177 structures (T = 9.02 d)
2026-10-07T11:04:41+00:00 total to run: 177 (shard 0/1)
2026-10-07T11:04:41+00:00 [1/177] k2|LEuropa>Callisto/0s|LCallisto>Europa/0s: 6 zeros 0 pass (0.4s) totals zeros=6 pass=0 eta 1.1 min
2026-10-07T11:04:41+00:00 [2/177] k2|LEuropa>Callisto/0s|LCallisto>Europa/1l: 0 zeros 0 pass (0.0s) totals zeros=6 pass=0 eta 0.6 min
2026-10-07T11:04:41+00:00 [3/177] k2|LEuropa>Callisto/0s|LCallisto>Europa/1h: 0 zeros 0 pass (0.0s) totals zeros=6 pass=0 eta 0.4 min
2026-10-07T11:04:41+00:00 [4/177] k2|LEuropa>Callisto/0s|LCallisto>Europa/2l: 0 zeros 0 pass (0.0s) totals zeros=6 pass=0 eta 0.4 min
2026-10-07T11:04:41+00:00 [5/177] k2|LEuropa>Callisto/0s|LCallisto>Europa/2h: 0 zeros 0 pass (0.0s) totals zeros=6 pass=0 eta 0.3 min
2026-10-07T11:04:42+00:00 [6/177] k2|LEuropa>Callisto/0s|HCallisto/1,0,p|LCallisto>Europa/0s: 2 zeros 0 pass (0.2s) totals zeros=8 pass=0 eta 0.3 min
2026-10-07T11:04:42+00:00 [7/177] k2|LEuropa>Callisto/0s|HCallisto/1,0,a|LCallisto>Europa/0s: 2 zeros 0 pass (0.2s) totals zeros=10 pass=0 eta 0.4 min
2026-10-07T11:04:42+00:00 [8/177] k2|LEuropa>Callisto/0s|LCallisto>Callisto/1l|LCallisto>Europa/0s: 0 zeros 0 pass (0.2s) totals zeros=10 pass=0 eta 0.4 min
2026-10-07T11:04:42+00:00 [9/177] k2|LEuropa>Callisto/0s|LCallisto>Callisto/1h|LCallisto>Europa/0s: 0 zeros 0 pass (0.3s) totals zeros=10 pass=0 eta 0.5 min
2026-10-07T11:04:42+00:00 [10/177] k2|LEuropa>Callisto/1l|LCallisto>Europa/0s: 0 zeros 0 pass (0.0s) totals zeros=10 pass=0 eta 0.4 min
2026-10-07T11:04:42+00:00 [11/177] k2|LEuropa>Callisto/1l|LCallisto>Europa/1l: 0 zeros 0 pass (0.0s) totals zeros=10 pass=0 eta 0.4 min
2026-10-07T11:04:42+00:00 [12/177] k2|LEuropa>Callisto/1l|LCallisto>Europa/1h: 0 zeros 0 pass (0.0s) totals zeros=10 pass=0 eta 0.4 min
2026-10-07T11:04:42+00:00 [13/177] k2|LEuropa>Callisto/1l|LCallisto>Europa/2l: 0 zeros 0 pass (0.0s) totals zeros=10 pass=0 eta 0.3 min
2026-10-07T11:04:42+00:00 [14/177] k2|LEuropa>Callisto/1l|LCallisto>Europa/2h: 0 zeros 0 pass (0.0s) totals zeros=10 pass=0 eta 0.3 min
2026-10-07T11:04:43+00:00 [15/177] k2|LEuropa>Callisto/1h|LCallisto>Europa/0s: 0 zeros 0 pass (0.0s) totals zeros=10 pass=0 eta 0.3 min
2026-10-07T11:04:43+00:00 [16/177] k2|LEuropa>Callisto/1h|LCallisto>Europa/1l: 0 zeros 0 pass (0.1s) totals zeros=10 pass=0 eta 0.3 min
2026-10-07T11:04:43+00:00 [17/177] k2|LEuropa>Callisto/1h|LCallisto>Europa/1h: 0 zeros 0 pass (0.0s) totals zeros=10 pass=0 eta 0.3 min
2026-10-07T11:04:43+00:00 [18/177] k2|LEuropa>Callisto/1h|LCallisto>Europa/2l: 0 zeros 0 pass (0.0s) totals zeros=10 pass=0 eta 0.3 min
2026-10-07T11:04:43+00:00 [19/177] k2|LEuropa>Callisto/1h|LCallisto>Europa/2h: 0 zeros 0 pass (0.0s) totals zeros=10 pass=0 eta 0.3 min
2026-10-07T11:04:43+00:00 [20/177] k2|LEuropa>Callisto/2l|LCallisto>Europa/0s: 0 zeros 0 pass (0.0s) totals zeros=10 pass=0 eta 0.2 min
2026-10-07T11:04:43+00:00 [21/177] k2|LEuropa>Callisto/2l|LCallisto>Europa/1l: 0 zeros 0 pass (0.0s) totals zeros=10 pass=0 eta 0.2 min
2026-10-07T11:04:43+00:00 [22/177] k2|LEuropa>Callisto/2l|LCallisto>Europa/1h: 0 zeros 0 pass (0.0s) totals zeros=10 pass=0 eta 0.2 min
2026-10-07T11:04:43+00:00 [23/177] k2|LEuropa>Callisto/2l|LCallisto>Europa/2l: 0 zeros 0 pass (0.0s) totals zeros=10 pass=0 eta 0.2 min
2026-10-07T11:04:43+00:00 [24/177] k2|LEuropa>Callisto/2l|LCallisto>Europa/2h: 0 zeros 0 pass (0.1s) totals zeros=10 pass=0 eta 0.2 min
2026-10-07T11:04:43+00:00 [25/177] k2|LEuropa>Callisto/2h|LCallisto>Europa/0s: 0 zeros 0 pass (0.0s) totals zeros=10 pass=0 eta 0.2 min
2026-10-07T11:04:43+00:00 [26/177] k2|LEuropa>Callisto/2h|LCallisto>Europa/1l: 0 zeros 0 pass (0.0s) totals zeros=10 pass=0 eta 0.2 min
2026-10-07T11:04:43+00:00 [27/177] k2|LEuropa>Callisto/2h|LCallisto>Europa/1h: 0 zeros 0 pass (0.0s) totals zeros=10 pass=0 eta 0.2 min
2026-10-07T11:04:43+00:00 [28/177] k2|LEuropa>Callisto/2h|LCallisto>Europa/2l: 0 zeros 0 pass (0.0s) totals zeros=10 pass=0 eta 0.2 min
2026-10-07T11:04:43+00:00 [29/177] k2|LEuropa>Callisto/2h|LCallisto>Europa/2h: 0 zeros 0 pass (0.0s) totals zeros=10 pass=0 eta 0.2 min
2026-10-07T11:04:43+00:00 [30/177] k2|REuropa/1:1|LEuropa>Callisto/0s|LCallisto>Europa/0s: 2 zeros 0 pass (0.2s) totals zeros=12 pass=0 eta 0.2 min
2026-10-07T11:04:43+00:00 [31/177] k2|REuropa/1:1|LEuropa>Callisto/0s|LCallisto>Europa/1l: 0 zeros 0 pass (0.1s) totals zeros=12 pass=0 eta 0.2 min
2026-10-07T11:04:43+00:00 [32/177] k2|REuropa/1:1|LEuropa>Callisto/0s|LCallisto>Europa/1h: 0 zeros 0 pass (0.0s) totals zeros=12 pass=0 eta 0.2 min
2026-10-07T11:04:43+00:00 [33/177] k2|REuropa/1:1|LEuropa>Callisto/0s|LCallisto>Europa/2l: 0 zeros 0 pass (0.1s) totals zeros=12 pass=0 eta 0.2 min
2026-10-07T11:04:43+00:00 [34/177] k2|REuropa/1:1|LEuropa>Callisto/0s|LCallisto>Europa/2h: 0 zeros 0 pass (0.1s) totals zeros=12 pass=0 eta 0.2 min
2026-10-07T11:04:44+00:00 [35/177] k2|REuropa/1:1|LEuropa>Callisto/1l|LCallisto>Europa/0s: 0 zeros 0 pass (0.0s) totals zeros=12 pass=0 eta 0.2 min
2026-10-07T11:04:44+00:00 [36/177] k2|REuropa/1:1|LEuropa>Callisto/1l|LCallisto>Europa/1l: 0 zeros 0 pass (0.0s) totals zeros=12 pass=0 eta 0.2 min
2026-10-07T11:04:44+00:00 [37/177] k2|REuropa/1:1|LEuropa>Callisto/1l|LCallisto>Europa/1h: 0 zeros 0 pass (0.0s) totals zeros=12 pass=0 eta 0.2 min
2026-10-07T11:04:44+00:00 [38/177] k2|REuropa/1:1|LEuropa>Callisto/1h|LCallisto>Europa/0s: 0 zeros 0 pass (0.0s) totals zeros=12 pass=0 eta 0.2 min
2026-10-07T11:04:44+00:00 [39/177] k2|REuropa/1:1|LEuropa>Callisto/1h|LCallisto>Europa/1l: 0 zeros 0 pass (0.0s) totals zeros=12 pass=0 eta 0.2 min
2026-10-07T11:04:44+00:00 [40/177] k2|REuropa/1:1|LEuropa>Callisto/1h|LCallisto>Europa/1h: 0 zeros 0 pass (0.0s) totals zeros=12 pass=0 eta 0.2 min
2026-10-07T11:04:44+00:00 [41/177] k2|REuropa/1:1|LEuropa>Callisto/2l|LCallisto>Europa/0s: 0 zeros 0 pass (0.1s) totals zeros=12 pass=0 eta 0.2 min
2026-10-07T11:04:44+00:00 [42/177] k2|REuropa/1:1|LEuropa>Callisto/2h|LCallisto>Europa/0s: 0 zeros 0 pass (0.0s) totals zeros=12 pass=0 eta 0.2 min
2026-10-07T11:04:44+00:00 [43/177] k2|REuropa/2:1|LEuropa>Callisto/0s|LCallisto>Europa/0s: 4 zeros 0 pass (0.4s) totals zeros=16 pass=0 eta 0.2 min
2026-10-07T11:04:44+00:00 [44/177] k2|REuropa/1:2|LEuropa>Callisto/0s|LCallisto>Europa/0s: 2 zeros 0 pass (0.2s) totals zeros=18 pass=0 eta 0.2 min
2026-10-07T11:04:44+00:00 [45/177] k2|REuropa/1:2|LEuropa>Callisto/0s|LCallisto>Europa/1l: 0 zeros 0 pass (0.0s) totals zeros=18 pass=0 eta 0.2 min
2026-10-07T11:04:44+00:00 [46/177] k2|REuropa/1:2|LEuropa>Callisto/0s|LCallisto>Europa/1h: 0 zeros 0 pass (0.0s) totals zeros=18 pass=0 eta 0.2 min
2026-10-07T11:04:44+00:00 [47/177] k2|REuropa/1:2|LEuropa>Callisto/0s|LCallisto>Europa/2l: 0 zeros 0 pass (0.1s) totals zeros=18 pass=0 eta 0.2 min
2026-10-07T11:04:45+00:00 [48/177] k2|REuropa/1:2|LEuropa>Callisto/0s|LCallisto>Europa/2h: 0 zeros 0 pass (0.1s) totals zeros=18 pass=0 eta 0.2 min
2026-10-07T11:04:45+00:00 [49/177] k2|REuropa/1:2|LEuropa>Callisto/1l|LCallisto>Europa/0s: 0 zeros 0 pass (0.0s) totals zeros=18 pass=0 eta 0.2 min
2026-10-07T11:04:45+00:00 [50/177] k2|REuropa/1:2|LEuropa>Callisto/1l|LCallisto>Europa/1l: 0 zeros 0 pass (0.0s) totals zeros=18 pass=0 eta 0.2 min
2026-10-07T11:04:45+00:00 [51/177] k2|REuropa/1:2|LEuropa>Callisto/1l|LCallisto>Europa/1h: 0 zeros 0 pass (0.0s) totals zeros=18 pass=0 eta 0.2 min
2026-10-07T11:04:45+00:00 [52/177] k2|REuropa/1:2|LEuropa>Callisto/1h|LCallisto>Europa/0s: 0 zeros 0 pass (0.0s) totals zeros=18 pass=0 eta 0.2 min
2026-10-07T11:04:45+00:00 [53/177] k2|REuropa/1:2|LEuropa>Callisto/1h|LCallisto>Europa/1l: 0 zeros 0 pass (0.0s) totals zeros=18 pass=0 eta 0.2 min
2026-10-07T11:04:45+00:00 [54/177] k2|REuropa/1:2|LEuropa>Callisto/1h|LCallisto>Europa/1h: 0 zeros 0 pass (0.0s) totals zeros=18 pass=0 eta 0.1 min
2026-10-07T11:04:45+00:00 [55/177] k2|REuropa/1:2|LEuropa>Callisto/2l|LCallisto>Europa/0s: 0 zeros 0 pass (0.0s) totals zeros=18 pass=0 eta 0.1 min
2026-10-07T11:04:45+00:00 [56/177] k2|REuropa/1:2|LEuropa>Callisto/2h|LCallisto>Europa/0s: 0 zeros 0 pass (0.0s) totals zeros=18 pass=0 eta 0.1 min
2026-10-07T11:04:45+00:00 [57/177] k2|REuropa/2:3|LEuropa>Callisto/0s|LCallisto>Europa/0s: 4 zeros 0 pass (0.4s) totals zeros=22 pass=0 eta 0.2 min
2026-10-07T11:04:46+00:00 [58/177] k2|HEuropa/1,0,p|LEuropa>Callisto/0s|LCallisto>Europa/0s: 4 zeros 0 pass (0.7s) totals zeros=26 pass=0 eta 0.2 min
2026-10-07T11:04:46+00:00 [59/177] k2|HEuropa/1,0,p|LEuropa>Callisto/0s|LCallisto>Europa/1l: 0 zeros 0 pass (0.0s) totals zeros=26 pass=0 eta 0.2 min
2026-10-07T11:04:46+00:00 [60/177] k2|HEuropa/1,0,p|LEuropa>Callisto/0s|LCallisto>Europa/1h: 0 zeros 0 pass (0.0s) totals zeros=26 pass=0 eta 0.2 min
2026-10-07T11:04:46+00:00 [61/177] k2|HEuropa/1,0,p|LEuropa>Callisto/0s|LCallisto>Europa/2l: 0 zeros 0 pass (0.0s) totals zeros=26 pass=0 eta 0.2 min
2026-10-07T11:04:46+00:00 [62/177] k2|HEuropa/1,0,p|LEuropa>Callisto/0s|LCallisto>Europa/2h: 0 zeros 0 pass (0.0s) totals zeros=26 pass=0 eta 0.2 min
2026-10-07T11:04:46+00:00 [63/177] k2|HEuropa/1,0,p|LEuropa>Callisto/1l|LCallisto>Europa/0s: 0 zeros 0 pass (0.0s) totals zeros=26 pass=0 eta 0.2 min
2026-10-07T11:04:46+00:00 [64/177] k2|HEuropa/1,0,p|LEuropa>Callisto/1l|LCallisto>Europa/1l: 0 zeros 0 pass (0.0s) totals zeros=26 pass=0 eta 0.2 min
2026-10-07T11:04:46+00:00 [65/177] k2|HEuropa/1,0,p|LEuropa>Callisto/1l|LCallisto>Europa/1h: 0 zeros 0 pass (0.0s) totals zeros=26 pass=0 eta 0.2 min
2026-10-07T11:04:46+00:00 [66/177] k2|HEuropa/1,0,p|LEuropa>Callisto/1l|LCallisto>Europa/2l: 0 zeros 0 pass (0.0s) totals zeros=26 pass=0 eta 0.2 min
2026-10-07T11:04:46+00:00 [67/177] k2|HEuropa/1,0,p|LEuropa>Callisto/1l|LCallisto>Europa/2h: 0 zeros 0 pass (0.0s) totals zeros=26 pass=0 eta 0.1 min
2026-10-07T11:04:46+00:00 [68/177] k2|HEuropa/1,0,p|LEuropa>Callisto/1h|LCallisto>Europa/0s: 0 zeros 0 pass (0.0s) totals zeros=26 pass=0 eta 0.1 min
2026-10-07T11:04:46+00:00 [69/177] k2|HEuropa/1,0,p|LEuropa>Callisto/1h|LCallisto>Europa/1l: 0 zeros 0 pass (0.0s) totals zeros=26 pass=0 eta 0.1 min
2026-10-07T11:04:46+00:00 [70/177] k2|HEuropa/1,0,p|LEuropa>Callisto/1h|LCallisto>Europa/1h: 0 zeros 0 pass (0.0s) totals zeros=26 pass=0 eta 0.1 min
2026-10-07T11:04:46+00:00 [71/177] k2|HEuropa/1,0,p|LEuropa>Callisto/1h|LCallisto>Europa/2l: 0 zeros 0 pass (0.0s) totals zeros=26 pass=0 eta 0.1 min
2026-10-07T11:04:46+00:00 [72/177] k2|HEuropa/1,0,p|LEuropa>Callisto/1h|LCallisto>Europa/2h: 0 zeros 0 pass (0.0s) totals zeros=26 pass=0 eta 0.1 min
2026-10-07T11:04:46+00:00 [73/177] k2|HEuropa/1,0,p|LEuropa>Callisto/2l|LCallisto>Europa/0s: 0 zeros 0 pass (0.0s) totals zeros=26 pass=0 eta 0.1 min
2026-10-07T11:04:46+00:00 [74/177] k2|HEuropa/1,0,p|LEuropa>Callisto/2l|LCallisto>Europa/1l: 0 zeros 0 pass (0.0s) totals zeros=26 pass=0 eta 0.1 min
2026-10-07T11:04:46+00:00 [75/177] k2|HEuropa/1,0,p|LEuropa>Callisto/2l|LCallisto>Europa/1h: 0 zeros 0 pass (0.0s) totals zeros=26 pass=0 eta 0.1 min
2026-10-07T11:04:47+00:00 [76/177] k2|HEuropa/1,0,p|LEuropa>Callisto/2h|LCallisto>Europa/0s: 0 zeros 0 pass (0.0s) totals zeros=26 pass=0 eta 0.1 min
2026-10-07T11:04:47+00:00 [77/177] k2|HEuropa/1,0,p|LEuropa>Callisto/2h|LCallisto>Europa/1l: 0 zeros 0 pass (0.0s) totals zeros=26 pass=0 eta 0.1 min
2026-10-07T11:04:47+00:00 [78/177] k2|HEuropa/1,0,p|LEuropa>Callisto/2h|LCallisto>Europa/1h: 0 zeros 0 pass (0.0s) totals zeros=26 pass=0 eta 0.1 min
2026-10-07T11:04:47+00:00 [79/177] k2|HEuropa/1,0,a|LEuropa>Callisto/0s|LCallisto>Europa/0s: 4 zeros 0 pass (0.7s) totals zeros=30 pass=0 eta 0.1 min
2026-10-07T11:04:47+00:00 [80/177] k2|HEuropa/1,0,a|LEuropa>Callisto/0s|LCallisto>Europa/1l: 0 zeros 0 pass (0.0s) totals zeros=30 pass=0 eta 0.1 min
2026-10-07T11:04:47+00:00 [81/177] k2|HEuropa/1,0,a|LEuropa>Callisto/0s|LCallisto>Europa/1h: 0 zeros 0 pass (0.0s) totals zeros=30 pass=0 eta 0.1 min
2026-10-07T11:04:47+00:00 [82/177] k2|HEuropa/1,0,a|LEuropa>Callisto/0s|LCallisto>Europa/2l: 0 zeros 0 pass (0.0s) totals zeros=30 pass=0 eta 0.1 min
2026-10-07T11:04:47+00:00 [83/177] k2|HEuropa/1,0,a|LEuropa>Callisto/0s|LCallisto>Europa/2h: 0 zeros 0 pass (0.0s) totals zeros=30 pass=0 eta 0.1 min
2026-10-07T11:04:47+00:00 [84/177] k2|HEuropa/1,0,a|LEuropa>Callisto/1l|LCallisto>Europa/0s: 0 zeros 0 pass (0.0s) totals zeros=30 pass=0 eta 0.1 min
2026-10-07T11:04:48+00:00 [85/177] k2|HEuropa/1,0,a|LEuropa>Callisto/1l|LCallisto>Europa/1l: 0 zeros 0 pass (0.0s) totals zeros=30 pass=0 eta 0.1 min
2026-10-07T11:04:48+00:00 [86/177] k2|HEuropa/1,0,a|LEuropa>Callisto/1l|LCallisto>Europa/1h: 0 zeros 0 pass (0.0s) totals zeros=30 pass=0 eta 0.1 min
2026-10-07T11:04:48+00:00 [87/177] k2|HEuropa/1,0,a|LEuropa>Callisto/1l|LCallisto>Europa/2l: 0 zeros 0 pass (0.0s) totals zeros=30 pass=0 eta 0.1 min
2026-10-07T11:04:48+00:00 [88/177] k2|HEuropa/1,0,a|LEuropa>Callisto/1l|LCallisto>Europa/2h: 0 zeros 0 pass (0.0s) totals zeros=30 pass=0 eta 0.1 min
2026-10-07T11:04:48+00:00 [89/177] k2|HEuropa/1,0,a|LEuropa>Callisto/1h|LCallisto>Europa/0s: 0 zeros 0 pass (0.0s) totals zeros=30 pass=0 eta 0.1 min
2026-10-07T11:04:48+00:00 [90/177] k2|HEuropa/1,0,a|LEuropa>Callisto/1h|LCallisto>Europa/1l: 0 zeros 0 pass (0.0s) totals zeros=30 pass=0 eta 0.1 min
2026-10-07T11:04:48+00:00 [91/177] k2|HEuropa/1,0,a|LEuropa>Callisto/1h|LCallisto>Europa/1h: 0 zeros 0 pass (0.0s) totals zeros=30 pass=0 eta 0.1 min
2026-10-07T11:04:48+00:00 [92/177] k2|HEuropa/1,0,a|LEuropa>Callisto/1h|LCallisto>Europa/2l: 0 zeros 0 pass (0.0s) totals zeros=30 pass=0 eta 0.1 min
2026-10-07T11:04:48+00:00 [93/177] k2|HEuropa/1,0,a|LEuropa>Callisto/1h|LCallisto>Europa/2h: 0 zeros 0 pass (0.0s) totals zeros=30 pass=0 eta 0.1 min
2026-10-07T11:04:48+00:00 [94/177] k2|HEuropa/1,0,a|LEuropa>Callisto/2l|LCallisto>Europa/0s: 0 zeros 0 pass (0.0s) totals zeros=30 pass=0 eta 0.1 min
2026-10-07T11:04:48+00:00 [95/177] k2|HEuropa/1,0,a|LEuropa>Callisto/2l|LCallisto>Europa/1l: 0 zeros 0 pass (0.0s) totals zeros=30 pass=0 eta 0.1 min
2026-10-07T11:04:48+00:00 [96/177] k2|HEuropa/1,0,a|LEuropa>Callisto/2l|LCallisto>Europa/1h: 0 zeros 0 pass (0.0s) totals zeros=30 pass=0 eta 0.1 min
2026-10-07T11:04:48+00:00 [97/177] k2|HEuropa/1,0,a|LEuropa>Callisto/2h|LCallisto>Europa/0s: 0 zeros 0 pass (0.0s) totals zeros=30 pass=0 eta 0.1 min
2026-10-07T11:04:48+00:00 [98/177] k2|HEuropa/1,0,a|LEuropa>Callisto/2h|LCallisto>Europa/1l: 0 zeros 0 pass (0.0s) totals zeros=30 pass=0 eta 0.1 min
2026-10-07T11:04:48+00:00 [99/177] k2|HEuropa/1,0,a|LEuropa>Callisto/2h|LCallisto>Europa/1h: 0 zeros 0 pass (0.0s) totals zeros=30 pass=0 eta 0.1 min
2026-10-07T11:04:48+00:00 [100/177] k2|HEuropa/3,1,p|LEuropa>Callisto/0s|LCallisto>Europa/0s: 2 zeros 0 pass (0.4s) totals zeros=32 pass=0 eta 0.1 min
2026-10-07T11:04:48+00:00 [101/177] k2|HEuropa/3,1,p|LEuropa>Callisto/0s|LCallisto>Europa/1l: 0 zeros 0 pass (0.0s) totals zeros=32 pass=0 eta 0.1 min
2026-10-07T11:04:48+00:00 [102/177] k2|HEuropa/3,1,p|LEuropa>Callisto/0s|LCallisto>Europa/1h: 0 zeros 0 pass (0.1s) totals zeros=32 pass=0 eta 0.1 min
2026-10-07T11:04:48+00:00 [103/177] k2|HEuropa/3,1,p|LEuropa>Callisto/1l|LCallisto>Europa/0s: 0 zeros 0 pass (0.0s) totals zeros=32 pass=0 eta 0.1 min
2026-10-07T11:04:48+00:00 [104/177] k2|HEuropa/3,1,p|LEuropa>Callisto/1h|LCallisto>Europa/0s: 0 zeros 0 pass (0.0s) totals zeros=32 pass=0 eta 0.1 min
2026-10-07T11:04:49+00:00 [105/177] k2|HEuropa/3,1,a|LEuropa>Callisto/0s|LCallisto>Europa/0s: 2 zeros 0 pass (0.2s) totals zeros=34 pass=0 eta 0.1 min
2026-10-07T11:04:49+00:00 [106/177] k2|HEuropa/3,1,a|LEuropa>Callisto/0s|LCallisto>Europa/1l: 0 zeros 0 pass (0.1s) totals zeros=34 pass=0 eta 0.1 min
2026-10-07T11:04:49+00:00 [107/177] k2|HEuropa/3,1,a|LEuropa>Callisto/0s|LCallisto>Europa/1h: 0 zeros 0 pass (0.1s) totals zeros=34 pass=0 eta 0.1 min
2026-10-07T11:04:49+00:00 [108/177] k2|HEuropa/3,1,a|LEuropa>Callisto/1l|LCallisto>Europa/0s: 0 zeros 0 pass (0.1s) totals zeros=34 pass=0 eta 0.1 min
2026-10-07T11:04:49+00:00 [109/177] k2|HEuropa/3,1,a|LEuropa>Callisto/1h|LCallisto>Europa/0s: 0 zeros 0 pass (0.0s) totals zeros=34 pass=0 eta 0.1 min
2026-10-07T11:04:53+00:00 [110/177] k2|LEuropa>Europa/1l|LEuropa>Callisto/0s|LCallisto>Europa/0s: 4 zeros 0 pass (3.5s) totals zeros=38 pass=0 eta 0.1 min
2026-10-07T11:04:53+00:00 [111/177] k2|LEuropa>Europa/1l|LEuropa>Callisto/0s|LCallisto>Europa/1l: 0 zeros 0 pass (0.4s) totals zeros=38 pass=0 eta 0.1 min
2026-10-07T11:04:53+00:00 [112/177] k2|LEuropa>Europa/1l|LEuropa>Callisto/0s|LCallisto>Europa/1h: 0 zeros 0 pass (0.5s) totals zeros=38 pass=0 eta 0.1 min
2026-10-07T11:04:54+00:00 [113/177] k2|LEuropa>Europa/1l|LEuropa>Callisto/0s|LCallisto>Europa/2l: 0 zeros 0 pass (0.5s) totals zeros=38 pass=0 eta 0.1 min
2026-10-07T11:04:55+00:00 [114/177] k2|LEuropa>Europa/1l|LEuropa>Callisto/0s|LCallisto>Europa/2h: 0 zeros 0 pass (0.6s) totals zeros=38 pass=0 eta 0.1 min
2026-10-07T11:04:55+00:00 [115/177] k2|LEuropa>Europa/1l|LEuropa>Callisto/1l|LCallisto>Europa/0s: 0 zeros 0 pass (0.5s) totals zeros=38 pass=0 eta 0.1 min
2026-10-07T11:04:55+00:00 [116/177] k2|LEuropa>Europa/1l|LEuropa>Callisto/1l|LCallisto>Europa/1l: 0 zeros 0 pass (0.4s) totals zeros=38 pass=0 eta 0.1 min
2026-10-07T11:04:56+00:00 [117/177] k2|LEuropa>Europa/1l|LEuropa>Callisto/1l|LCallisto>Europa/1h: 0 zeros 0 pass (0.4s) totals zeros=38 pass=0 eta 0.1 min
2026-10-07T11:04:56+00:00 [118/177] k2|LEuropa>Europa/1l|LEuropa>Callisto/1l|LCallisto>Europa/2l: 0 zeros 0 pass (0.4s) totals zeros=38 pass=0 eta 0.1 min
2026-10-07T11:04:57+00:00 [119/177] k2|LEuropa>Europa/1l|LEuropa>Callisto/1l|LCallisto>Europa/2h: 0 zeros 0 pass (0.5s) totals zeros=38 pass=0 eta 0.1 min
2026-10-07T11:04:57+00:00 [120/177] k2|LEuropa>Europa/1l|LEuropa>Callisto/1h|LCallisto>Europa/0s: 0 zeros 0 pass (0.4s) totals zeros=38 pass=0 eta 0.1 min
2026-10-07T11:04:58+00:00 [121/177] k2|LEuropa>Europa/1l|LEuropa>Callisto/1h|LCallisto>Europa/1l: 0 zeros 0 pass (0.4s) totals zeros=38 pass=0 eta 0.1 min
2026-10-07T11:04:58+00:00 [122/177] k2|LEuropa>Europa/1l|LEuropa>Callisto/1h|LCallisto>Europa/1h: 0 zeros 0 pass (0.5s) totals zeros=38 pass=0 eta 0.1 min
2026-10-07T11:04:59+00:00 [123/177] k2|LEuropa>Europa/1l|LEuropa>Callisto/1h|LCallisto>Europa/2l: 0 zeros 0 pass (0.5s) totals zeros=38 pass=0 eta 0.1 min
2026-10-07T11:04:59+00:00 [124/177] k2|LEuropa>Europa/1l|LEuropa>Callisto/1h|LCallisto>Europa/2h: 0 zeros 0 pass (0.6s) totals zeros=38 pass=0 eta 0.1 min
2026-10-07T11:05:00+00:00 [125/177] k2|LEuropa>Europa/1l|LEuropa>Callisto/2l|LCallisto>Europa/0s: 0 zeros 0 pass (0.5s) totals zeros=38 pass=0 eta 0.1 min
2026-10-07T11:05:00+00:00 [126/177] k2|LEuropa>Europa/1l|LEuropa>Callisto/2l|LCallisto>Europa/1l: 0 zeros 0 pass (0.5s) totals zeros=38 pass=0 eta 0.1 min
2026-10-07T11:05:01+00:00 [127/177] k2|LEuropa>Europa/1l|LEuropa>Callisto/2l|LCallisto>Europa/1h: 0 zeros 0 pass (0.4s) totals zeros=38 pass=0 eta 0.1 min
2026-10-07T11:05:01+00:00 [128/177] k2|LEuropa>Europa/1l|LEuropa>Callisto/2h|LCallisto>Europa/0s: 0 zeros 0 pass (0.5s) totals zeros=38 pass=0 eta 0.1 min
2026-10-07T11:05:01+00:00 [129/177] k2|LEuropa>Europa/1l|LEuropa>Callisto/2h|LCallisto>Europa/1l: 0 zeros 0 pass (0.4s) totals zeros=38 pass=0 eta 0.1 min
2026-10-07T11:05:02+00:00 [130/177] k2|LEuropa>Europa/1l|LEuropa>Callisto/2h|LCallisto>Europa/1h: 0 zeros 0 pass (0.4s) totals zeros=38 pass=0 eta 0.1 min
2026-10-07T11:05:03+00:00 [131/177] k2|LEuropa>Europa/1h|LEuropa>Callisto/0s|LCallisto>Europa/0s: 4 zeros 0 pass (1.1s) totals zeros=42 pass=0 eta 0.1 min
2026-10-07T11:05:03+00:00 [132/177] k2|LEuropa>Europa/1h|LEuropa>Callisto/0s|LCallisto>Europa/1l: 0 zeros 0 pass (0.4s) totals zeros=42 pass=0 eta 0.1 min
2026-10-07T11:05:04+00:00 [133/177] k2|LEuropa>Europa/1h|LEuropa>Callisto/0s|LCallisto>Europa/1h: 0 zeros 0 pass (0.4s) totals zeros=42 pass=0 eta 0.1 min
2026-10-07T11:05:04+00:00 [134/177] k2|LEuropa>Europa/1h|LEuropa>Callisto/0s|LCallisto>Europa/2l: 0 zeros 0 pass (0.5s) totals zeros=42 pass=0 eta 0.1 min
2026-10-07T11:05:05+00:00 [135/177] k2|LEuropa>Europa/1h|LEuropa>Callisto/0s|LCallisto>Europa/2h: 0 zeros 0 pass (0.5s) totals zeros=42 pass=0 eta 0.1 min
2026-10-07T11:05:05+00:00 [136/177] k2|LEuropa>Europa/1h|LEuropa>Callisto/1l|LCallisto>Europa/0s: 0 zeros 0 pass (0.4s) totals zeros=42 pass=0 eta 0.1 min
2026-10-07T11:05:06+00:00 [137/177] k2|LEuropa>Europa/1h|LEuropa>Callisto/1l|LCallisto>Europa/1l: 0 zeros 0 pass (0.4s) totals zeros=42 pass=0 eta 0.1 min
2026-10-07T11:05:06+00:00 [138/177] k2|LEuropa>Europa/1h|LEuropa>Callisto/1l|LCallisto>Europa/1h: 0 zeros 0 pass (0.4s) totals zeros=42 pass=0 eta 0.1 min
2026-10-07T11:05:06+00:00 [139/177] k2|LEuropa>Europa/1h|LEuropa>Callisto/1l|LCallisto>Europa/2l: 0 zeros 0 pass (0.4s) totals zeros=42 pass=0 eta 0.1 min
2026-10-07T11:05:07+00:00 [140/177] k2|LEuropa>Europa/1h|LEuropa>Callisto/1l|LCallisto>Europa/2h: 0 zeros 0 pass (0.5s) totals zeros=42 pass=0 eta 0.1 min
2026-10-07T11:05:07+00:00 [141/177] k2|LEuropa>Europa/1h|LEuropa>Callisto/1h|LCallisto>Europa/0s: 0 zeros 0 pass (0.4s) totals zeros=42 pass=0 eta 0.1 min
2026-10-07T11:05:08+00:00 [142/177] k2|LEuropa>Europa/1h|LEuropa>Callisto/1h|LCallisto>Europa/1l: 0 zeros 0 pass (0.4s) totals zeros=42 pass=0 eta 0.1 min
2026-10-07T11:05:08+00:00 [143/177] k2|LEuropa>Europa/1h|LEuropa>Callisto/1h|LCallisto>Europa/1h: 0 zeros 0 pass (0.4s) totals zeros=42 pass=0 eta 0.1 min
2026-10-07T11:05:08+00:00 [144/177] k2|LEuropa>Europa/1h|LEuropa>Callisto/1h|LCallisto>Europa/2l: 0 zeros 0 pass (0.4s) totals zeros=42 pass=0 eta 0.1 min
2026-10-07T11:05:09+00:00 [145/177] k2|LEuropa>Europa/1h|LEuropa>Callisto/1h|LCallisto>Europa/2h: 0 zeros 0 pass (0.5s) totals zeros=42 pass=0 eta 0.1 min
2026-10-07T11:05:10+00:00 [146/177] k2|LEuropa>Europa/1h|LEuropa>Callisto/2l|LCallisto>Europa/0s: 0 zeros 0 pass (0.6s) totals zeros=42 pass=0 eta 0.1 min
2026-10-07T11:05:10+00:00 [147/177] k2|LEuropa>Europa/1h|LEuropa>Callisto/2l|LCallisto>Europa/1l: 0 zeros 0 pass (0.5s) totals zeros=42 pass=0 eta 0.1 min
2026-10-07T11:05:10+00:00 [148/177] k2|LEuropa>Europa/1h|LEuropa>Callisto/2l|LCallisto>Europa/1h: 0 zeros 0 pass (0.5s) totals zeros=42 pass=0 eta 0.1 min
2026-10-07T11:05:11+00:00 [149/177] k2|LEuropa>Europa/1h|LEuropa>Callisto/2h|LCallisto>Europa/0s: 0 zeros 0 pass (0.5s) totals zeros=42 pass=0 eta 0.1 min
2026-10-07T11:05:11+00:00 [150/177] k2|LEuropa>Europa/1h|LEuropa>Callisto/2h|LCallisto>Europa/1l: 0 zeros 0 pass (0.4s) totals zeros=42 pass=0 eta 0.1 min
2026-10-07T11:05:12+00:00 [151/177] k2|LEuropa>Europa/1h|LEuropa>Callisto/2h|LCallisto>Europa/1h: 0 zeros 0 pass (0.5s) totals zeros=42 pass=0 eta 0.1 min
2026-10-07T11:05:16+00:00 [152/177] k2|LEuropa>Europa/2l|LEuropa>Callisto/0s|LCallisto>Europa/0s: 3 zeros 0 pass (3.7s) totals zeros=45 pass=0 eta 0.1 min
2026-10-07T11:05:16+00:00 [153/177] k2|LEuropa>Europa/2l|LEuropa>Callisto/0s|LCallisto>Europa/1l: 0 zeros 0 pass (0.5s) totals zeros=45 pass=0 eta 0.1 min
2026-10-07T11:05:17+00:00 [154/177] k2|LEuropa>Europa/2l|LEuropa>Callisto/0s|LCallisto>Europa/1h: 0 zeros 0 pass (0.5s) totals zeros=45 pass=0 eta 0.1 min
2026-10-07T11:05:17+00:00 [155/177] k2|LEuropa>Europa/2l|LEuropa>Callisto/0s|LCallisto>Europa/2l: 0 zeros 0 pass (0.6s) totals zeros=45 pass=0 eta 0.1 min
2026-10-07T11:05:18+00:00 [156/177] k2|LEuropa>Europa/2l|LEuropa>Callisto/0s|LCallisto>Europa/2h: 0 zeros 0 pass (0.5s) totals zeros=45 pass=0 eta 0.1 min
2026-10-07T11:05:18+00:00 [157/177] k2|LEuropa>Europa/2l|LEuropa>Callisto/1l|LCallisto>Europa/0s: 0 zeros 0 pass (0.5s) totals zeros=45 pass=0 eta 0.1 min
2026-10-07T11:05:19+00:00 [158/177] k2|LEuropa>Europa/2l|LEuropa>Callisto/1l|LCallisto>Europa/1l: 0 zeros 0 pass (0.7s) totals zeros=45 pass=0 eta 0.1 min
2026-10-07T11:05:19+00:00 [159/177] k2|LEuropa>Europa/2l|LEuropa>Callisto/1l|LCallisto>Europa/1h: 0 zeros 0 pass (0.6s) totals zeros=45 pass=0 eta 0.1 min
2026-10-07T11:05:20+00:00 [160/177] k2|LEuropa>Europa/2l|LEuropa>Callisto/1h|LCallisto>Europa/0s: 0 zeros 0 pass (0.5s) totals zeros=45 pass=0 eta 0.1 min
2026-10-07T11:05:20+00:00 [161/177] k2|LEuropa>Europa/2l|LEuropa>Callisto/1h|LCallisto>Europa/1l: 0 zeros 0 pass (0.5s) totals zeros=45 pass=0 eta 0.1 min
2026-10-07T11:05:21+00:00 [162/177] k2|LEuropa>Europa/2l|LEuropa>Callisto/1h|LCallisto>Europa/1h: 0 zeros 0 pass (0.4s) totals zeros=45 pass=0 eta 0.1 min
2026-10-07T11:05:21+00:00 [163/177] k2|LEuropa>Europa/2l|LEuropa>Callisto/2l|LCallisto>Europa/0s: 0 zeros 0 pass (0.4s) totals zeros=45 pass=0 eta 0.1 min
2026-10-07T11:05:22+00:00 [164/177] k2|LEuropa>Europa/2l|LEuropa>Callisto/2h|LCallisto>Europa/0s: 0 zeros 0 pass (0.5s) totals zeros=45 pass=0 eta 0.1 min
2026-10-07T11:05:24+00:00 [165/177] k2|LEuropa>Europa/2h|LEuropa>Callisto/0s|LCallisto>Europa/0s: 3 zeros 0 pass (2.6s) totals zeros=48 pass=0 eta 0.1 min
2026-10-07T11:05:25+00:00 [166/177] k2|LEuropa>Europa/2h|LEuropa>Callisto/0s|LCallisto>Europa/1l: 0 zeros 0 pass (0.6s) totals zeros=48 pass=0 eta 0.0 min
2026-10-07T11:05:26+00:00 [167/177] k2|LEuropa>Europa/2h|LEuropa>Callisto/0s|LCallisto>Europa/1h: 0 zeros 0 pass (0.8s) totals zeros=48 pass=0 eta 0.0 min
2026-10-07T11:05:26+00:00 [168/177] k2|LEuropa>Europa/2h|LEuropa>Callisto/0s|LCallisto>Europa/2l: 0 zeros 0 pass (0.5s) totals zeros=48 pass=0 eta 0.0 min
2026-10-07T11:05:27+00:00 [169/177] k2|LEuropa>Europa/2h|LEuropa>Callisto/0s|LCallisto>Europa/2h: 0 zeros 0 pass (0.5s) totals zeros=48 pass=0 eta 0.0 min
2026-10-07T11:05:27+00:00 [170/177] k2|LEuropa>Europa/2h|LEuropa>Callisto/1l|LCallisto>Europa/0s: 0 zeros 0 pass (0.5s) totals zeros=48 pass=0 eta 0.0 min
2026-10-07T11:05:28+00:00 [171/177] k2|LEuropa>Europa/2h|LEuropa>Callisto/1l|LCallisto>Europa/1l: 0 zeros 0 pass (0.5s) totals zeros=48 pass=0 eta 0.0 min
2026-10-07T11:05:28+00:00 [172/177] k2|LEuropa>Europa/2h|LEuropa>Callisto/1l|LCallisto>Europa/1h: 0 zeros 0 pass (0.5s) totals zeros=48 pass=0 eta 0.0 min
2026-10-07T11:05:29+00:00 [173/177] k2|LEuropa>Europa/2h|LEuropa>Callisto/1h|LCallisto>Europa/0s: 0 zeros 0 pass (0.6s) totals zeros=48 pass=0 eta 0.0 min
2026-10-07T11:05:29+00:00 [174/177] k2|LEuropa>Europa/2h|LEuropa>Callisto/1h|LCallisto>Europa/1l: 0 zeros 0 pass (0.5s) totals zeros=48 pass=0 eta 0.0 min
2026-10-07T11:05:30+00:00 [175/177] k2|LEuropa>Europa/2h|LEuropa>Callisto/1h|LCallisto>Europa/1h: 0 zeros 0 pass (0.5s) totals zeros=48 pass=0 eta 0.0 min
2026-10-07T11:05:30+00:00 [176/177] k2|LEuropa>Europa/2h|LEuropa>Callisto/2l|LCallisto>Europa/0s: 0 zeros 0 pass (0.5s) totals zeros=48 pass=0 eta 0.0 min
2026-10-07T11:05:31+00:00 [177/177] k2|LEuropa>Europa/2h|LEuropa>Callisto/2h|LCallisto>Europa/0s: 0 zeros 0 pass (0.5s) totals zeros=48 pass=0 eta 0.0 min
2026-10-07T11:05:31+00:00 DONE structures=177 zeros=48 pass=0 structure_errors=0 zero_assessment_errors=0
