2026-10-07T11:05:33+00:00 cell ec k=3: 470 structures (T = 13.53 d)
2026-10-07T11:05:33+00:00 total to run: 470 (shard 0/1)
2026-10-07T11:05:33+00:00 [1/470] k3|LEuropa>Callisto/0s|LCallisto>Europa/0s: 6 zeros 0 pass (0.9s) totals zeros=6 pass=0 eta 6.7 min
2026-10-07T11:05:34+00:00 [2/470] k3|LEuropa>Callisto/0s|LCallisto>Europa/1l: 1 zeros 0 pass (0.7s) totals zeros=7 pass=0 eta 5.9 min
2026-10-07T11:05:35+00:00 [3/470] k3|LEuropa>Callisto/0s|LCallisto>Europa/1h: 2 zeros 0 pass (0.5s) totals zeros=9 pass=0 eta 5.3 min
2026-10-07T11:05:35+00:00 [4/470] k3|LEuropa>Callisto/0s|LCallisto>Europa/2l: 0 zeros 0 pass (0.1s) totals zeros=9 pass=0 eta 4.1 min
2026-10-07T11:05:35+00:00 [5/470] k3|LEuropa>Callisto/0s|LCallisto>Europa/2h: 0 zeros 0 pass (0.1s) totals zeros=9 pass=0 eta 3.5 min
2026-10-07T11:05:35+00:00 [6/470] k3|LEuropa>Callisto/0s|HCallisto/1,0,p|LCallisto>Europa/0s: 2 zeros 0 pass (0.3s) totals zeros=11 pass=0 eta 3.3 min
2026-10-07T11:05:35+00:00 [7/470] k3|LEuropa>Callisto/0s|HCallisto/1,0,p|LCallisto>Europa/1l: 0 zeros 0 pass (0.1s) totals zeros=11 pass=0 eta 2.9 min
2026-10-07T11:05:35+00:00 [8/470] k3|LEuropa>Callisto/0s|HCallisto/1,0,p|LCallisto>Europa/1h: 0 zeros 0 pass (0.1s) totals zeros=11 pass=0 eta 2.6 min
2026-10-07T11:05:35+00:00 [9/470] k3|LEuropa>Callisto/0s|HCallisto/1,0,p|LCallisto>Europa/2l: 0 zeros 0 pass (0.1s) totals zeros=11 pass=0 eta 2.4 min
2026-10-07T11:05:36+00:00 [10/470] k3|LEuropa>Callisto/0s|HCallisto/1,0,p|LCallisto>Europa/2h: 0 zeros 0 pass (0.1s) totals zeros=11 pass=0 eta 2.2 min
2026-10-07T11:05:36+00:00 [11/470] k3|LEuropa>Callisto/0s|HCallisto/1,0,a|LCallisto>Europa/0s: 2 zeros 0 pass (0.4s) totals zeros=13 pass=0 eta 2.3 min
2026-10-07T11:05:36+00:00 [12/470] k3|LEuropa>Callisto/0s|HCallisto/1,0,a|LCallisto>Europa/1l: 0 zeros 0 pass (0.1s) totals zeros=13 pass=0 eta 2.1 min
2026-10-07T11:05:36+00:00 [13/470] k3|LEuropa>Callisto/0s|HCallisto/1,0,a|LCallisto>Europa/1h: 0 zeros 0 pass (0.1s) totals zeros=13 pass=0 eta 2.0 min
2026-10-07T11:05:36+00:00 [14/470] k3|LEuropa>Callisto/0s|HCallisto/1,0,a|LCallisto>Europa/2l: 0 zeros 0 pass (0.1s) totals zeros=13 pass=0 eta 1.9 min
2026-10-07T11:05:36+00:00 [15/470] k3|LEuropa>Callisto/0s|HCallisto/1,0,a|LCallisto>Europa/2h: 0 zeros 0 pass (0.1s) totals zeros=13 pass=0 eta 1.8 min
2026-10-07T11:05:37+00:00 [16/470] k3|LEuropa>Callisto/0s|LCallisto>Callisto/1l|LCallisto>Europa/0s: 0 zeros 0 pass (0.4s) totals zeros=13 pass=0 eta 1.9 min
2026-10-07T11:05:37+00:00 [17/470] k3|LEuropa>Callisto/0s|LCallisto>Callisto/1l|LCallisto>Europa/1l: 0 zeros 0 pass (0.4s) totals zeros=13 pass=0 eta 2.0 min
2026-10-07T11:05:38+00:00 [18/470] k3|LEuropa>Callisto/0s|LCallisto>Callisto/1l|LCallisto>Europa/1h: 0 zeros 0 pass (0.5s) totals zeros=13 pass=0 eta 2.1 min
2026-10-07T11:05:38+00:00 [19/470] k3|LEuropa>Callisto/0s|LCallisto>Callisto/1l|LCallisto>Europa/2l: 0 zeros 0 pass (0.6s) totals zeros=13 pass=0 eta 2.2 min
2026-10-07T11:05:39+00:00 [20/470] k3|LEuropa>Callisto/0s|LCallisto>Callisto/1l|LCallisto>Europa/2h: 0 zeros 0 pass (0.5s) totals zeros=13 pass=0 eta 2.3 min
2026-10-07T11:05:39+00:00 [21/470] k3|LEuropa>Callisto/0s|LCallisto>Callisto/1h|LCallisto>Europa/0s: 0 zeros 0 pass (0.4s) totals zeros=13 pass=0 eta 2.3 min
2026-10-07T11:05:40+00:00 [22/470] k3|LEuropa>Callisto/0s|LCallisto>Callisto/1h|LCallisto>Europa/1l: 0 zeros 0 pass (0.4s) totals zeros=13 pass=0 eta 2.3 min
2026-10-07T11:05:40+00:00 [23/470] k3|LEuropa>Callisto/0s|LCallisto>Callisto/1h|LCallisto>Europa/1h: 0 zeros 0 pass (0.4s) totals zeros=13 pass=0 eta 2.4 min
2026-10-07T11:05:40+00:00 [24/470] k3|LEuropa>Callisto/0s|LCallisto>Callisto/1h|LCallisto>Europa/2l: 0 zeros 0 pass (0.4s) totals zeros=13 pass=0 eta 2.4 min
2026-10-07T11:05:41+00:00 [25/470] k3|LEuropa>Callisto/0s|LCallisto>Callisto/1h|LCallisto>Europa/2h: 0 zeros 0 pass (0.4s) totals zeros=13 pass=0 eta 2.4 min
2026-10-07T11:05:41+00:00 [26/470] k3|LEuropa>Callisto/1l|LCallisto>Europa/0s: 1 zeros 0 pass (0.7s) totals zeros=14 pass=0 eta 2.5 min
2026-10-07T11:05:42+00:00 [27/470] k3|LEuropa>Callisto/1l|LCallisto>Europa/1l: 0 zeros 0 pass (0.1s) totals zeros=14 pass=0 eta 2.4 min
2026-10-07T11:05:42+00:00 [28/470] k3|LEuropa>Callisto/1l|LCallisto>Europa/1h: 0 zeros 0 pass (0.1s) totals zeros=14 pass=0 eta 2.4 min
2026-10-07T11:05:42+00:00 [29/470] k3|LEuropa>Callisto/1l|LCallisto>Europa/2l: 0 zeros 0 pass (0.1s) totals zeros=14 pass=0 eta 2.3 min
2026-10-07T11:05:42+00:00 [30/470] k3|LEuropa>Callisto/1l|LCallisto>Europa/2h: 0 zeros 0 pass (0.1s) totals zeros=14 pass=0 eta 2.2 min
2026-10-07T11:05:42+00:00 [31/470] k3|LEuropa>Callisto/1l|HCallisto/1,0,p|LCallisto>Europa/0s: 0 zeros 0 pass (0.1s) totals zeros=14 pass=0 eta 2.2 min
2026-10-07T11:05:42+00:00 [32/470] k3|LEuropa>Callisto/1l|HCallisto/1,0,p|LCallisto>Europa/1l: 0 zeros 0 pass (0.0s) totals zeros=14 pass=0 eta 2.1 min
2026-10-07T11:05:42+00:00 [33/470] k3|LEuropa>Callisto/1l|HCallisto/1,0,p|LCallisto>Europa/1h: 0 zeros 0 pass (0.1s) totals zeros=14 pass=0 eta 2.0 min
2026-10-07T11:05:42+00:00 [34/470] k3|LEuropa>Callisto/1l|HCallisto/1,0,a|LCallisto>Europa/0s: 0 zeros 0 pass (0.1s) totals zeros=14 pass=0 eta 2.0 min
2026-10-07T11:05:42+00:00 [35/470] k3|LEuropa>Callisto/1l|HCallisto/1,0,a|LCallisto>Europa/1l: 0 zeros 0 pass (0.0s) totals zeros=14 pass=0 eta 1.9 min
2026-10-07T11:05:42+00:00 [36/470] k3|LEuropa>Callisto/1l|HCallisto/1,0,a|LCallisto>Europa/1h: 0 zeros 0 pass (0.0s) totals zeros=14 pass=0 eta 1.9 min
2026-10-07T11:05:42+00:00 [37/470] k3|LEuropa>Callisto/1l|LCallisto>Callisto/1l|LCallisto>Europa/0s: 0 zeros 0 pass (0.3s) totals zeros=14 pass=0 eta 1.9 min
2026-10-07T11:05:43+00:00 [38/470] k3|LEuropa>Callisto/1l|LCallisto>Callisto/1l|LCallisto>Europa/1l: 0 zeros 0 pass (0.3s) totals zeros=14 pass=0 eta 1.9 min
2026-10-07T11:05:43+00:00 [39/470] k3|LEuropa>Callisto/1l|LCallisto>Callisto/1l|LCallisto>Europa/1h: 0 zeros 0 pass (0.4s) totals zeros=14 pass=0 eta 1.9 min
2026-10-07T11:05:43+00:00 [40/470] k3|LEuropa>Callisto/1l|LCallisto>Callisto/1h|LCallisto>Europa/0s: 0 zeros 0 pass (0.3s) totals zeros=14 pass=0 eta 1.9 min
2026-10-07T11:05:44+00:00 [41/470] k3|LEuropa>Callisto/1l|LCallisto>Callisto/1h|LCallisto>Europa/1l: 0 zeros 0 pass (0.3s) totals zeros=14 pass=0 eta 1.9 min
2026-10-07T11:05:44+00:00 [42/470] k3|LEuropa>Callisto/1l|LCallisto>Callisto/1h|LCallisto>Europa/1h: 0 zeros 0 pass (0.3s) totals zeros=14 pass=0 eta 1.9 min
2026-10-07T11:05:44+00:00 [43/470] k3|LEuropa>Callisto/1h|LCallisto>Europa/0s: 2 zeros 0 pass (0.6s) totals zeros=16 pass=0 eta 2.0 min
2026-10-07T11:05:45+00:00 [44/470] k3|LEuropa>Callisto/1h|LCallisto>Europa/1l: 0 zeros 0 pass (0.1s) totals zeros=16 pass=0 eta 1.9 min
2026-10-07T11:05:45+00:00 [45/470] k3|LEuropa>Callisto/1h|LCallisto>Europa/1h: 0 zeros 0 pass (0.1s) totals zeros=16 pass=0 eta 1.9 min
2026-10-07T11:05:45+00:00 [46/470] k3|LEuropa>Callisto/1h|LCallisto>Europa/2l: 0 zeros 0 pass (0.1s) totals zeros=16 pass=0 eta 1.9 min
2026-10-07T11:05:45+00:00 [47/470] k3|LEuropa>Callisto/1h|LCallisto>Europa/2h: 0 zeros 0 pass (0.1s) totals zeros=16 pass=0 eta 1.8 min
2026-10-07T11:05:45+00:00 [48/470] k3|LEuropa>Callisto/1h|HCallisto/1,0,p|LCallisto>Europa/0s: 0 zeros 0 pass (0.0s) totals zeros=16 pass=0 eta 1.8 min
2026-10-07T11:05:45+00:00 [49/470] k3|LEuropa>Callisto/1h|HCallisto/1,0,p|LCallisto>Europa/1l: 0 zeros 0 pass (0.1s) totals zeros=16 pass=0 eta 1.7 min
2026-10-07T11:05:45+00:00 [50/470] k3|LEuropa>Callisto/1h|HCallisto/1,0,p|LCallisto>Europa/1h: 0 zeros 0 pass (0.1s) totals zeros=16 pass=0 eta 1.7 min
2026-10-07T11:05:45+00:00 [51/470] k3|LEuropa>Callisto/1h|HCallisto/1,0,a|LCallisto>Europa/0s: 0 zeros 0 pass (0.0s) totals zeros=16 pass=0 eta 1.7 min
2026-10-07T11:05:45+00:00 [52/470] k3|LEuropa>Callisto/1h|HCallisto/1,0,a|LCallisto>Europa/1l: 0 zeros 0 pass (0.0s) totals zeros=16 pass=0 eta 1.7 min
2026-10-07T11:05:45+00:00 [53/470] k3|LEuropa>Callisto/1h|HCallisto/1,0,a|LCallisto>Europa/1h: 0 zeros 0 pass (0.0s) totals zeros=16 pass=0 eta 1.6 min
2026-10-07T11:05:45+00:00 [54/470] k3|LEuropa>Callisto/1h|LCallisto>Callisto/1l|LCallisto>Europa/0s: 0 zeros 0 pass (0.3s) totals zeros=16 pass=0 eta 1.6 min
2026-10-07T11:05:46+00:00 [55/470] k3|LEuropa>Callisto/1h|LCallisto>Callisto/1l|LCallisto>Europa/1l: 0 zeros 0 pass (0.3s) totals zeros=16 pass=0 eta 1.6 min
2026-10-07T11:05:46+00:00 [56/470] k3|LEuropa>Callisto/1h|LCallisto>Callisto/1l|LCallisto>Europa/1h: 0 zeros 0 pass (0.3s) totals zeros=16 pass=0 eta 1.6 min
2026-10-07T11:05:46+00:00 [57/470] k3|LEuropa>Callisto/1h|LCallisto>Callisto/1h|LCallisto>Europa/0s: 0 zeros 0 pass (0.3s) totals zeros=16 pass=0 eta 1.6 min
2026-10-07T11:05:46+00:00 [58/470] k3|LEuropa>Callisto/1h|LCallisto>Callisto/1h|LCallisto>Europa/1l: 0 zeros 0 pass (0.3s) totals zeros=16 pass=0 eta 1.6 min
2026-10-07T11:05:47+00:00 [59/470] k3|LEuropa>Callisto/1h|LCallisto>Callisto/1h|LCallisto>Europa/1h: 0 zeros 0 pass (0.3s) totals zeros=16 pass=0 eta 1.6 min
2026-10-07T11:05:47+00:00 [60/470] k3|LEuropa>Callisto/2l|LCallisto>Europa/0s: 0 zeros 0 pass (0.1s) totals zeros=16 pass=0 eta 1.6 min
2026-10-07T11:05:47+00:00 [61/470] k3|LEuropa>Callisto/2l|LCallisto>Europa/1l: 0 zeros 0 pass (0.1s) totals zeros=16 pass=0 eta 1.6 min
2026-10-07T11:05:47+00:00 [62/470] k3|LEuropa>Callisto/2l|LCallisto>Europa/1h: 0 zeros 0 pass (0.1s) totals zeros=16 pass=0 eta 1.6 min
2026-10-07T11:05:47+00:00 [63/470] k3|LEuropa>Callisto/2l|LCallisto>Europa/2l: 0 zeros 0 pass (0.1s) totals zeros=16 pass=0 eta 1.6 min
2026-10-07T11:05:47+00:00 [64/470] k3|LEuropa>Callisto/2l|LCallisto>Europa/2h: 0 zeros 0 pass (0.1s) totals zeros=16 pass=0 eta 1.5 min
2026-10-07T11:05:47+00:00 [65/470] k3|LEuropa>Callisto/2l|HCallisto/1,0,p|LCallisto>Europa/0s: 0 zeros 0 pass (0.1s) totals zeros=16 pass=0 eta 1.5 min
2026-10-07T11:05:47+00:00 [66/470] k3|LEuropa>Callisto/2l|HCallisto/1,0,a|LCallisto>Europa/0s: 0 zeros 0 pass (0.1s) totals zeros=16 pass=0 eta 1.5 min
2026-10-07T11:05:48+00:00 [67/470] k3|LEuropa>Callisto/2l|LCallisto>Callisto/1l|LCallisto>Europa/0s: 0 zeros 0 pass (0.4s) totals zeros=16 pass=0 eta 1.5 min
2026-10-07T11:05:48+00:00 [68/470] k3|LEuropa>Callisto/2l|LCallisto>Callisto/1h|LCallisto>Europa/0s: 0 zeros 0 pass (0.4s) totals zeros=16 pass=0 eta 1.5 min
2026-10-07T11:05:48+00:00 [69/470] k3|LEuropa>Callisto/2h|LCallisto>Europa/0s: 0 zeros 0 pass (0.1s) totals zeros=16 pass=0 eta 1.5 min
2026-10-07T11:05:48+00:00 [70/470] k3|LEuropa>Callisto/2h|LCallisto>Europa/1l: 0 zeros 0 pass (0.1s) totals zeros=16 pass=0 eta 1.5 min
2026-10-07T11:05:48+00:00 [71/470] k3|LEuropa>Callisto/2h|LCallisto>Europa/1h: 0 zeros 0 pass (0.1s) totals zeros=16 pass=0 eta 1.5 min
2026-10-07T11:05:48+00:00 [72/470] k3|LEuropa>Callisto/2h|LCallisto>Europa/2l: 0 zeros 0 pass (0.1s) totals zeros=16 pass=0 eta 1.5 min
2026-10-07T11:05:48+00:00 [73/470] k3|LEuropa>Callisto/2h|LCallisto>Europa/2h: 0 zeros 0 pass (0.1s) totals zeros=16 pass=0 eta 1.4 min
2026-10-07T11:05:49+00:00 [74/470] k3|LEuropa>Callisto/2h|HCallisto/1,0,p|LCallisto>Europa/0s: 0 zeros 0 pass (0.1s) totals zeros=16 pass=0 eta 1.4 min
2026-10-07T11:05:49+00:00 [75/470] k3|LEuropa>Callisto/2h|HCallisto/1,0,a|LCallisto>Europa/0s: 0 zeros 0 pass (0.1s) totals zeros=16 pass=0 eta 1.4 min
2026-10-07T11:05:49+00:00 [76/470] k3|LEuropa>Callisto/2h|LCallisto>Callisto/1l|LCallisto>Europa/0s: 0 zeros 0 pass (0.4s) totals zeros=16 pass=0 eta 1.4 min
2026-10-07T11:05:49+00:00 [77/470] k3|LEuropa>Callisto/2h|LCallisto>Callisto/1h|LCallisto>Europa/0s: 0 zeros 0 pass (0.4s) totals zeros=16 pass=0 eta 1.4 min
2026-10-07T11:05:50+00:00 [78/470] k3|REuropa/1:1|LEuropa>Callisto/0s|LCallisto>Europa/0s: 6 zeros 0 pass (0.8s) totals zeros=22 pass=0 eta 1.5 min
2026-10-07T11:05:51+00:00 [79/470] k3|REuropa/1:1|LEuropa>Callisto/0s|LCallisto>Europa/1l: 0 zeros 0 pass (0.5s) totals zeros=22 pass=0 eta 1.5 min
2026-10-07T11:05:51+00:00 [80/470] k3|REuropa/1:1|LEuropa>Callisto/0s|LCallisto>Europa/1h: 0 zeros 0 pass (0.2s) totals zeros=22 pass=0 eta 1.5 min
2026-10-07T11:05:51+00:00 [81/470] k3|REuropa/1:1|LEuropa>Callisto/0s|LCallisto>Europa/2l: 0 zeros 0 pass (0.1s) totals zeros=22 pass=0 eta 1.5 min
2026-10-07T11:05:51+00:00 [82/470] k3|REuropa/1:1|LEuropa>Callisto/0s|LCallisto>Europa/2h: 0 zeros 0 pass (0.1s) totals zeros=22 pass=0 eta 1.5 min
2026-10-07T11:05:51+00:00 [83/470] k3|REuropa/1:1|LEuropa>Callisto/0s|HCallisto/1,0,p|LCallisto>Europa/0s: 2 zeros 0 pass (0.3s) totals zeros=24 pass=0 eta 1.5 min
2026-10-07T11:05:52+00:00 [84/470] k3|REuropa/1:1|LEuropa>Callisto/0s|HCallisto/1,0,a|LCallisto>Europa/0s: 2 zeros 0 pass (0.3s) totals zeros=26 pass=0 eta 1.5 min
2026-10-07T11:05:52+00:00 [85/470] k3|REuropa/1:1|LEuropa>Callisto/0s|LCallisto>Callisto/1l|LCallisto>Europa/0s: 0 zeros 0 pass (0.4s) totals zeros=26 pass=0 eta 1.5 min
2026-10-07T11:05:52+00:00 [86/470] k3|REuropa/1:1|LEuropa>Callisto/0s|LCallisto>Callisto/1h|LCallisto>Europa/0s: 0 zeros 0 pass (0.4s) totals zeros=26 pass=0 eta 1.5 min
2026-10-07T11:05:53+00:00 [87/470] k3|REuropa/1:1|LEuropa>Callisto/1l|LCallisto>Europa/0s: 0 zeros 0 pass (0.2s) totals zeros=26 pass=0 eta 1.5 min
2026-10-07T11:05:53+00:00 [88/470] k3|REuropa/1:1|LEuropa>Callisto/1l|LCallisto>Europa/1l: 0 zeros 0 pass (0.1s) totals zeros=26 pass=0 eta 1.5 min
2026-10-07T11:05:53+00:00 [89/470] k3|REuropa/1:1|LEuropa>Callisto/1l|LCallisto>Europa/1h: 0 zeros 0 pass (0.1s) totals zeros=26 pass=0 eta 1.4 min
2026-10-07T11:05:53+00:00 [90/470] k3|REuropa/1:1|LEuropa>Callisto/1l|LCallisto>Europa/2l: 0 zeros 0 pass (0.1s) totals zeros=26 pass=0 eta 1.4 min
2026-10-07T11:05:53+00:00 [91/470] k3|REuropa/1:1|LEuropa>Callisto/1l|LCallisto>Europa/2h: 0 zeros 0 pass (0.0s) totals zeros=26 pass=0 eta 1.4 min
2026-10-07T11:05:53+00:00 [92/470] k3|REuropa/1:1|LEuropa>Callisto/1h|LCallisto>Europa/0s: 0 zeros 0 pass (0.2s) totals zeros=26 pass=0 eta 1.4 min
2026-10-07T11:05:53+00:00 [93/470] k3|REuropa/1:1|LEuropa>Callisto/1h|LCallisto>Europa/1l: 0 zeros 0 pass (0.1s) totals zeros=26 pass=0 eta 1.4 min
2026-10-07T11:05:53+00:00 [94/470] k3|REuropa/1:1|LEuropa>Callisto/1h|LCallisto>Europa/1h: 0 zeros 0 pass (0.0s) totals zeros=26 pass=0 eta 1.4 min
2026-10-07T11:05:53+00:00 [95/470] k3|REuropa/1:1|LEuropa>Callisto/1h|LCallisto>Europa/2l: 0 zeros 0 pass (0.0s) totals zeros=26 pass=0 eta 1.4 min
2026-10-07T11:05:53+00:00 [96/470] k3|REuropa/1:1|LEuropa>Callisto/1h|LCallisto>Europa/2h: 0 zeros 0 pass (0.1s) totals zeros=26 pass=0 eta 1.3 min
2026-10-07T11:05:53+00:00 [97/470] k3|REuropa/1:1|LEuropa>Callisto/2l|LCallisto>Europa/0s: 0 zeros 0 pass (0.1s) totals zeros=26 pass=0 eta 1.3 min
2026-10-07T11:05:53+00:00 [98/470] k3|REuropa/1:1|LEuropa>Callisto/2l|LCallisto>Europa/1l: 0 zeros 0 pass (0.1s) totals zeros=26 pass=0 eta 1.3 min
2026-10-07T11:05:53+00:00 [99/470] k3|REuropa/1:1|LEuropa>Callisto/2l|LCallisto>Europa/1h: 0 zeros 0 pass (0.1s) totals zeros=26 pass=0 eta 1.3 min
2026-10-07T11:05:54+00:00 [100/470] k3|REuropa/1:1|LEuropa>Callisto/2l|LCallisto>Europa/2l: 0 zeros 0 pass (0.1s) totals zeros=26 pass=0 eta 1.3 min
2026-10-07T11:05:54+00:00 [101/470] k3|REuropa/1:1|LEuropa>Callisto/2l|LCallisto>Europa/2h: 0 zeros 0 pass (0.1s) totals zeros=26 pass=0 eta 1.3 min
2026-10-07T11:05:54+00:00 [102/470] k3|REuropa/1:1|LEuropa>Callisto/2h|LCallisto>Europa/0s: 0 zeros 0 pass (0.1s) totals zeros=26 pass=0 eta 1.3 min
2026-10-07T11:05:54+00:00 [103/470] k3|REuropa/1:1|LEuropa>Callisto/2h|LCallisto>Europa/1l: 0 zeros 0 pass (0.1s) totals zeros=26 pass=0 eta 1.3 min
2026-10-07T11:05:54+00:00 [104/470] k3|REuropa/1:1|LEuropa>Callisto/2h|LCallisto>Europa/1h: 0 zeros 0 pass (0.1s) totals zeros=26 pass=0 eta 1.2 min
2026-10-07T11:05:54+00:00 [105/470] k3|REuropa/1:1|LEuropa>Callisto/2h|LCallisto>Europa/2l: 0 zeros 0 pass (0.1s) totals zeros=26 pass=0 eta 1.2 min
2026-10-07T11:05:54+00:00 [106/470] k3|REuropa/1:1|LEuropa>Callisto/2h|LCallisto>Europa/2h: 0 zeros 0 pass (0.1s) totals zeros=26 pass=0 eta 1.2 min
2026-10-07T11:05:54+00:00 [107/470] k3|REuropa/2:1|LEuropa>Callisto/0s|LCallisto>Europa/0s: 2 zeros 0 pass (0.4s) totals zeros=28 pass=0 eta 1.2 min
2026-10-07T11:05:54+00:00 [108/470] k3|REuropa/2:1|LEuropa>Callisto/0s|LCallisto>Europa/1l: 0 zeros 0 pass (0.1s) totals zeros=28 pass=0 eta 1.2 min
2026-10-07T11:05:54+00:00 [109/470] k3|REuropa/2:1|LEuropa>Callisto/0s|LCallisto>Europa/1h: 0 zeros 0 pass (0.1s) totals zeros=28 pass=0 eta 1.2 min
2026-10-07T11:05:55+00:00 [110/470] k3|REuropa/2:1|LEuropa>Callisto/0s|LCallisto>Europa/2l: 0 zeros 0 pass (0.1s) totals zeros=28 pass=0 eta 1.2 min
2026-10-07T11:05:55+00:00 [111/470] k3|REuropa/2:1|LEuropa>Callisto/0s|LCallisto>Europa/2h: 0 zeros 0 pass (0.1s) totals zeros=28 pass=0 eta 1.2 min
2026-10-07T11:05:55+00:00 [112/470] k3|REuropa/2:1|LEuropa>Callisto/1l|LCallisto>Europa/0s: 0 zeros 0 pass (0.0s) totals zeros=28 pass=0 eta 1.2 min
2026-10-07T11:05:55+00:00 [113/470] k3|REuropa/2:1|LEuropa>Callisto/1l|LCallisto>Europa/1l: 0 zeros 0 pass (0.1s) totals zeros=28 pass=0 eta 1.2 min
2026-10-07T11:05:55+00:00 [114/470] k3|REuropa/2:1|LEuropa>Callisto/1l|LCallisto>Europa/1h: 0 zeros 0 pass (0.1s) totals zeros=28 pass=0 eta 1.2 min
2026-10-07T11:05:55+00:00 [115/470] k3|REuropa/2:1|LEuropa>Callisto/1l|LCallisto>Europa/2l: 0 zeros 0 pass (0.0s) totals zeros=28 pass=0 eta 1.1 min
2026-10-07T11:05:55+00:00 [116/470] k3|REuropa/2:1|LEuropa>Callisto/1l|LCallisto>Europa/2h: 0 zeros 0 pass (0.1s) totals zeros=28 pass=0 eta 1.1 min
2026-10-07T11:05:55+00:00 [117/470] k3|REuropa/2:1|LEuropa>Callisto/1h|LCallisto>Europa/0s: 0 zeros 0 pass (0.1s) totals zeros=28 pass=0 eta 1.1 min
2026-10-07T11:05:55+00:00 [118/470] k3|REuropa/2:1|LEuropa>Callisto/1h|LCallisto>Europa/1l: 0 zeros 0 pass (0.1s) totals zeros=28 pass=0 eta 1.1 min
2026-10-07T11:05:55+00:00 [119/470] k3|REuropa/2:1|LEuropa>Callisto/1h|LCallisto>Europa/1h: 0 zeros 0 pass (0.0s) totals zeros=28 pass=0 eta 1.1 min
2026-10-07T11:05:55+00:00 [120/470] k3|REuropa/2:1|LEuropa>Callisto/1h|LCallisto>Europa/2l: 0 zeros 0 pass (0.0s) totals zeros=28 pass=0 eta 1.1 min
2026-10-07T11:05:55+00:00 [121/470] k3|REuropa/2:1|LEuropa>Callisto/1h|LCallisto>Europa/2h: 0 zeros 0 pass (0.1s) totals zeros=28 pass=0 eta 1.1 min
2026-10-07T11:05:55+00:00 [122/470] k3|REuropa/2:1|LEuropa>Callisto/2l|LCallisto>Europa/0s: 0 zeros 0 pass (0.1s) totals zeros=28 pass=0 eta 1.1 min
2026-10-07T11:05:55+00:00 [123/470] k3|REuropa/2:1|LEuropa>Callisto/2l|LCallisto>Europa/1l: 0 zeros 0 pass (0.1s) totals zeros=28 pass=0 eta 1.1 min
2026-10-07T11:05:55+00:00 [124/470] k3|REuropa/2:1|LEuropa>Callisto/2l|LCallisto>Europa/1h: 0 zeros 0 pass (0.1s) totals zeros=28 pass=0 eta 1.1 min
2026-10-07T11:05:55+00:00 [125/470] k3|REuropa/2:1|LEuropa>Callisto/2h|LCallisto>Europa/0s: 0 zeros 0 pass (0.1s) totals zeros=28 pass=0 eta 1.1 min
2026-10-07T11:05:56+00:00 [126/470] k3|REuropa/2:1|LEuropa>Callisto/2h|LCallisto>Europa/1l: 0 zeros 0 pass (0.1s) totals zeros=28 pass=0 eta 1.0 min
2026-10-07T11:05:56+00:00 [127/470] k3|REuropa/2:1|LEuropa>Callisto/2h|LCallisto>Europa/1h: 0 zeros 0 pass (0.1s) totals zeros=28 pass=0 eta 1.0 min
2026-10-07T11:05:56+00:00 [128/470] k3|REuropa/1:2|LEuropa>Callisto/0s|LCallisto>Europa/0s: 6 zeros 0 pass (0.6s) totals zeros=34 pass=0 eta 1.1 min
2026-10-07T11:05:57+00:00 [129/470] k3|REuropa/1:2|LEuropa>Callisto/0s|LCallisto>Europa/1l: 0 zeros 0 pass (0.3s) totals zeros=34 pass=0 eta 1.1 min
2026-10-07T11:05:57+00:00 [130/470] k3|REuropa/1:2|LEuropa>Callisto/0s|LCallisto>Europa/1h: 0 zeros 0 pass (0.1s) totals zeros=34 pass=0 eta 1.1 min
2026-10-07T11:05:57+00:00 [131/470] k3|REuropa/1:2|LEuropa>Callisto/0s|LCallisto>Europa/2l: 0 zeros 0 pass (0.1s) totals zeros=34 pass=0 eta 1.0 min
2026-10-07T11:05:57+00:00 [132/470] k3|REuropa/1:2|LEuropa>Callisto/0s|LCallisto>Europa/2h: 0 zeros 0 pass (0.1s) totals zeros=34 pass=0 eta 1.0 min
2026-10-07T11:05:57+00:00 [133/470] k3|REuropa/1:2|LEuropa>Callisto/0s|HCallisto/1,0,p|LCallisto>Europa/0s: 2 zeros 0 pass (0.4s) totals zeros=36 pass=0 eta 1.0 min
2026-10-07T11:05:58+00:00 [134/470] k3|REuropa/1:2|LEuropa>Callisto/0s|HCallisto/1,0,a|LCallisto>Europa/0s: 2 zeros 0 pass (0.4s) totals zeros=38 pass=0 eta 1.0 min
2026-10-07T11:05:58+00:00 [135/470] k3|REuropa/1:2|LEuropa>Callisto/0s|LCallisto>Callisto/1l|LCallisto>Europa/0s: 0 zeros 0 pass (0.4s) totals zeros=38 pass=0 eta 1.1 min
2026-10-07T11:05:59+00:00 [136/470] k3|REuropa/1:2|LEuropa>Callisto/0s|LCallisto>Callisto/1h|LCallisto>Europa/0s: 0 zeros 0 pass (0.4s) totals zeros=38 pass=0 eta 1.1 min
2026-10-07T11:05:59+00:00 [137/470] k3|REuropa/1:2|LEuropa>Callisto/1l|LCallisto>Europa/0s: 0 zeros 0 pass (0.2s) totals zeros=38 pass=0 eta 1.1 min
2026-10-07T11:05:59+00:00 [138/470] k3|REuropa/1:2|LEuropa>Callisto/1l|LCallisto>Europa/1l: 0 zeros 0 pass (0.1s) totals zeros=38 pass=0 eta 1.0 min
2026-10-07T11:05:59+00:00 [139/470] k3|REuropa/1:2|LEuropa>Callisto/1l|LCallisto>Europa/1h: 0 zeros 0 pass (0.0s) totals zeros=38 pass=0 eta 1.0 min
2026-10-07T11:05:59+00:00 [140/470] k3|REuropa/1:2|LEuropa>Callisto/1l|LCallisto>Europa/2l: 0 zeros 0 pass (0.1s) totals zeros=38 pass=0 eta 1.0 min
2026-10-07T11:05:59+00:00 [141/470] k3|REuropa/1:2|LEuropa>Callisto/1l|LCallisto>Europa/2h: 0 zeros 0 pass (0.0s) totals zeros=38 pass=0 eta 1.0 min
2026-10-07T11:05:59+00:00 [142/470] k3|REuropa/1:2|LEuropa>Callisto/1h|LCallisto>Europa/0s: 0 zeros 0 pass (0.1s) totals zeros=38 pass=0 eta 1.0 min
2026-10-07T11:05:59+00:00 [143/470] k3|REuropa/1:2|LEuropa>Callisto/1h|LCallisto>Europa/1l: 0 zeros 0 pass (0.0s) totals zeros=38 pass=0 eta 1.0 min
2026-10-07T11:05:59+00:00 [144/470] k3|REuropa/1:2|LEuropa>Callisto/1h|LCallisto>Europa/1h: 0 zeros 0 pass (0.1s) totals zeros=38 pass=0 eta 1.0 min
2026-10-07T11:05:59+00:00 [145/470] k3|REuropa/1:2|LEuropa>Callisto/1h|LCallisto>Europa/2l: 0 zeros 0 pass (0.0s) totals zeros=38 pass=0 eta 1.0 min
2026-10-07T11:05:59+00:00 [146/470] k3|REuropa/1:2|LEuropa>Callisto/1h|LCallisto>Europa/2h: 0 zeros 0 pass (0.0s) totals zeros=38 pass=0 eta 1.0 min
2026-10-07T11:05:59+00:00 [147/470] k3|REuropa/1:2|LEuropa>Callisto/2l|LCallisto>Europa/0s: 0 zeros 0 pass (0.0s) totals zeros=38 pass=0 eta 1.0 min
2026-10-07T11:05:59+00:00 [148/470] k3|REuropa/1:2|LEuropa>Callisto/2l|LCallisto>Europa/1l: 0 zeros 0 pass (0.1s) totals zeros=38 pass=0 eta 1.0 min
2026-10-07T11:05:59+00:00 [149/470] k3|REuropa/1:2|LEuropa>Callisto/2l|LCallisto>Europa/1h: 0 zeros 0 pass (0.0s) totals zeros=38 pass=0 eta 1.0 min
2026-10-07T11:05:59+00:00 [150/470] k3|REuropa/1:2|LEuropa>Callisto/2l|LCallisto>Europa/2l: 0 zeros 0 pass (0.0s) totals zeros=38 pass=0 eta 1.0 min
2026-10-07T11:05:59+00:00 [151/470] k3|REuropa/1:2|LEuropa>Callisto/2l|LCallisto>Europa/2h: 0 zeros 0 pass (0.1s) totals zeros=38 pass=0 eta 0.9 min
2026-10-07T11:05:59+00:00 [152/470] k3|REuropa/1:2|LEuropa>Callisto/2h|LCallisto>Europa/0s: 0 zeros 0 pass (0.0s) totals zeros=38 pass=0 eta 0.9 min
2026-10-07T11:06:00+00:00 [153/470] k3|REuropa/1:2|LEuropa>Callisto/2h|LCallisto>Europa/1l: 0 zeros 0 pass (0.0s) totals zeros=38 pass=0 eta 0.9 min
2026-10-07T11:06:00+00:00 [154/470] k3|REuropa/1:2|LEuropa>Callisto/2h|LCallisto>Europa/1h: 0 zeros 0 pass (0.0s) totals zeros=38 pass=0 eta 0.9 min
2026-10-07T11:06:00+00:00 [155/470] k3|REuropa/1:2|LEuropa>Callisto/2h|LCallisto>Europa/2l: 0 zeros 0 pass (0.0s) totals zeros=38 pass=0 eta 0.9 min
2026-10-07T11:06:00+00:00 [156/470] k3|REuropa/1:2|LEuropa>Callisto/2h|LCallisto>Europa/2h: 0 zeros 0 pass (0.0s) totals zeros=38 pass=0 eta 0.9 min
2026-10-07T11:06:00+00:00 [157/470] k3|REuropa/3:2|LEuropa>Callisto/0s|LCallisto>Europa/0s: 4 zeros 0 pass (0.4s) totals zeros=42 pass=0 eta 0.9 min
2026-10-07T11:06:00+00:00 [158/470] k3|REuropa/3:2|LEuropa>Callisto/0s|LCallisto>Europa/1l: 0 zeros 0 pass (0.1s) totals zeros=42 pass=0 eta 0.9 min
2026-10-07T11:06:00+00:00 [159/470] k3|REuropa/3:2|LEuropa>Callisto/0s|LCallisto>Europa/1h: 0 zeros 0 pass (0.1s) totals zeros=42 pass=0 eta 0.9 min
2026-10-07T11:06:00+00:00 [160/470] k3|REuropa/3:2|LEuropa>Callisto/1l|LCallisto>Europa/0s: 0 zeros 0 pass (0.1s) totals zeros=42 pass=0 eta 0.9 min
2026-10-07T11:06:00+00:00 [161/470] k3|REuropa/3:2|LEuropa>Callisto/1h|LCallisto>Europa/0s: 0 zeros 0 pass (0.0s) totals zeros=42 pass=0 eta 0.9 min
2026-10-07T11:06:01+00:00 [162/470] k3|REuropa/2:3|LEuropa>Callisto/0s|LCallisto>Europa/0s: 2 zeros 0 pass (0.3s) totals zeros=44 pass=0 eta 0.9 min
2026-10-07T11:06:01+00:00 [163/470] k3|REuropa/2:3|LEuropa>Callisto/0s|LCallisto>Europa/1l: 0 zeros 0 pass (0.1s) totals zeros=44 pass=0 eta 0.9 min
2026-10-07T11:06:01+00:00 [164/470] k3|REuropa/2:3|LEuropa>Callisto/0s|LCallisto>Europa/1h: 0 zeros 0 pass (0.1s) totals zeros=44 pass=0 eta 0.9 min
2026-10-07T11:06:01+00:00 [165/470] k3|REuropa/2:3|LEuropa>Callisto/0s|LCallisto>Europa/2l: 0 zeros 0 pass (0.1s) totals zeros=44 pass=0 eta 0.9 min
2026-10-07T11:06:01+00:00 [166/470] k3|REuropa/2:3|LEuropa>Callisto/0s|LCallisto>Europa/2h: 0 zeros 0 pass (0.1s) totals zeros=44 pass=0 eta 0.9 min
2026-10-07T11:06:01+00:00 [167/470] k3|REuropa/2:3|LEuropa>Callisto/1l|LCallisto>Europa/0s: 0 zeros 0 pass (0.1s) totals zeros=44 pass=0 eta 0.9 min
2026-10-07T11:06:01+00:00 [168/470] k3|REuropa/2:3|LEuropa>Callisto/1l|LCallisto>Europa/1l: 0 zeros 0 pass (0.1s) totals zeros=44 pass=0 eta 0.8 min
2026-10-07T11:06:01+00:00 [169/470] k3|REuropa/2:3|LEuropa>Callisto/1l|LCallisto>Europa/1h: 0 zeros 0 pass (0.1s) totals zeros=44 pass=0 eta 0.8 min
2026-10-07T11:06:01+00:00 [170/470] k3|REuropa/2:3|LEuropa>Callisto/1l|LCallisto>Europa/2l: 0 zeros 0 pass (0.0s) totals zeros=44 pass=0 eta 0.8 min
2026-10-07T11:06:01+00:00 [171/470] k3|REuropa/2:3|LEuropa>Callisto/1l|LCallisto>Europa/2h: 0 zeros 0 pass (0.1s) totals zeros=44 pass=0 eta 0.8 min
2026-10-07T11:06:01+00:00 [172/470] k3|REuropa/2:3|LEuropa>Callisto/1h|LCallisto>Europa/0s: 0 zeros 0 pass (0.0s) totals zeros=44 pass=0 eta 0.8 min
2026-10-07T11:06:01+00:00 [173/470] k3|REuropa/2:3|LEuropa>Callisto/1h|LCallisto>Europa/1l: 0 zeros 0 pass (0.0s) totals zeros=44 pass=0 eta 0.8 min
2026-10-07T11:06:01+00:00 [174/470] k3|REuropa/2:3|LEuropa>Callisto/1h|LCallisto>Europa/1h: 0 zeros 0 pass (0.0s) totals zeros=44 pass=0 eta 0.8 min
2026-10-07T11:06:01+00:00 [175/470] k3|REuropa/2:3|LEuropa>Callisto/1h|LCallisto>Europa/2l: 0 zeros 0 pass (0.1s) totals zeros=44 pass=0 eta 0.8 min
2026-10-07T11:06:01+00:00 [176/470] k3|REuropa/2:3|LEuropa>Callisto/1h|LCallisto>Europa/2h: 0 zeros 0 pass (0.0s) totals zeros=44 pass=0 eta 0.8 min
2026-10-07T11:06:01+00:00 [177/470] k3|REuropa/2:3|LEuropa>Callisto/2l|LCallisto>Europa/0s: 0 zeros 0 pass (0.1s) totals zeros=44 pass=0 eta 0.8 min
2026-10-07T11:06:01+00:00 [178/470] k3|REuropa/2:3|LEuropa>Callisto/2l|LCallisto>Europa/1l: 0 zeros 0 pass (0.1s) totals zeros=44 pass=0 eta 0.8 min
2026-10-07T11:06:01+00:00 [179/470] k3|REuropa/2:3|LEuropa>Callisto/2l|LCallisto>Europa/1h: 0 zeros 0 pass (0.1s) totals zeros=44 pass=0 eta 0.8 min
2026-10-07T11:06:02+00:00 [180/470] k3|REuropa/2:3|LEuropa>Callisto/2h|LCallisto>Europa/0s: 0 zeros 0 pass (0.1s) totals zeros=44 pass=0 eta 0.8 min
2026-10-07T11:06:02+00:00 [181/470] k3|REuropa/2:3|LEuropa>Callisto/2h|LCallisto>Europa/1l: 0 zeros 0 pass (0.1s) totals zeros=44 pass=0 eta 0.8 min
2026-10-07T11:06:02+00:00 [182/470] k3|REuropa/2:3|LEuropa>Callisto/2h|LCallisto>Europa/1h: 0 zeros 0 pass (0.1s) totals zeros=44 pass=0 eta 0.8 min
2026-10-07T11:06:02+00:00 [183/470] k3|HEuropa/1,0,p|LEuropa>Callisto/0s|LCallisto>Europa/0s: 6 zeros 0 pass (0.4s) totals zeros=50 pass=0 eta 0.8 min
2026-10-07T11:06:03+00:00 [184/470] k3|HEuropa/1,0,p|LEuropa>Callisto/0s|LCallisto>Europa/1l: 0 zeros 0 pass (0.7s) totals zeros=50 pass=0 eta 0.8 min
2026-10-07T11:06:03+00:00 [185/470] k3|HEuropa/1,0,p|LEuropa>Callisto/0s|LCallisto>Europa/1h: 0 zeros 0 pass (0.5s) totals zeros=50 pass=0 eta 0.8 min
2026-10-07T11:06:03+00:00 [186/470] k3|HEuropa/1,0,p|LEuropa>Callisto/0s|LCallisto>Europa/2l: 0 zeros 0 pass (0.1s) totals zeros=50 pass=0 eta 0.8 min
2026-10-07T11:06:03+00:00 [187/470] k3|HEuropa/1,0,p|LEuropa>Callisto/0s|LCallisto>Europa/2h: 0 zeros 0 pass (0.1s) totals zeros=50 pass=0 eta 0.8 min
2026-10-07T11:06:04+00:00 [188/470] k3|HEuropa/1,0,p|LEuropa>Callisto/0s|HCallisto/1,0,p|LCallisto>Europa/0s: 4 zeros 0 pass (0.4s) totals zeros=54 pass=0 eta 0.8 min
2026-10-07T11:06:04+00:00 [189/470] k3|HEuropa/1,0,p|LEuropa>Callisto/0s|HCallisto/1,0,p|LCallisto>Europa/1l: 0 zeros 0 pass (0.1s) totals zeros=54 pass=0 eta 0.8 min
2026-10-07T11:06:04+00:00 [190/470] k3|HEuropa/1,0,p|LEuropa>Callisto/0s|HCallisto/1,0,p|LCallisto>Europa/1h: 0 zeros 0 pass (0.1s) totals zeros=54 pass=0 eta 0.8 min
2026-10-07T11:06:04+00:00 [191/470] k3|HEuropa/1,0,p|LEuropa>Callisto/0s|HCallisto/1,0,a|LCallisto>Europa/0s: 4 zeros 0 pass (0.3s) totals zeros=58 pass=0 eta 0.8 min
2026-10-07T11:06:04+00:00 [192/470] k3|HEuropa/1,0,p|LEuropa>Callisto/0s|HCallisto/1,0,a|LCallisto>Europa/1l: 0 zeros 0 pass (0.1s) totals zeros=58 pass=0 eta 0.8 min
2026-10-07T11:06:04+00:00 [193/470] k3|HEuropa/1,0,p|LEuropa>Callisto/0s|HCallisto/1,0,a|LCallisto>Europa/1h: 0 zeros 0 pass (0.1s) totals zeros=58 pass=0 eta 0.8 min
2026-10-07T11:06:05+00:00 [194/470] k3|HEuropa/1,0,p|LEuropa>Callisto/0s|LCallisto>Callisto/1l|LCallisto>Europa/0s: 0 zeros 0 pass (0.3s) totals zeros=58 pass=0 eta 0.8 min
2026-10-07T11:06:05+00:00 [195/470] k3|HEuropa/1,0,p|LEuropa>Callisto/0s|LCallisto>Callisto/1l|LCallisto>Europa/1l: 0 zeros 0 pass (0.3s) totals zeros=58 pass=0 eta 0.8 min
2026-10-07T11:06:05+00:00 [196/470] k3|HEuropa/1,0,p|LEuropa>Callisto/0s|LCallisto>Callisto/1l|LCallisto>Europa/1h: 0 zeros 0 pass (0.3s) totals zeros=58 pass=0 eta 0.8 min
2026-10-07T11:06:06+00:00 [197/470] k3|HEuropa/1,0,p|LEuropa>Callisto/0s|LCallisto>Callisto/1h|LCallisto>Europa/0s: 0 zeros 0 pass (0.3s) totals zeros=58 pass=0 eta 0.8 min
2026-10-07T11:06:06+00:00 [198/470] k3|HEuropa/1,0,p|LEuropa>Callisto/0s|LCallisto>Callisto/1h|LCallisto>Europa/1l: 0 zeros 0 pass (0.3s) totals zeros=58 pass=0 eta 0.8 min
2026-10-07T11:06:06+00:00 [199/470] k3|HEuropa/1,0,p|LEuropa>Callisto/0s|LCallisto>Callisto/1h|LCallisto>Europa/1h: 0 zeros 0 pass (0.3s) totals zeros=58 pass=0 eta 0.8 min
2026-10-07T11:06:07+00:00 [200/470] k3|HEuropa/1,0,p|LEuropa>Callisto/1l|LCallisto>Europa/0s: 0 zeros 0 pass (0.5s) totals zeros=58 pass=0 eta 0.8 min
2026-10-07T11:06:07+00:00 [201/470] k3|HEuropa/1,0,p|LEuropa>Callisto/1l|LCallisto>Europa/1l: 0 zeros 0 pass (0.0s) totals zeros=58 pass=0 eta 0.8 min
2026-10-07T11:06:07+00:00 [202/470] k3|HEuropa/1,0,p|LEuropa>Callisto/1l|LCallisto>Europa/1h: 0 zeros 0 pass (0.0s) totals zeros=58 pass=0 eta 0.8 min
2026-10-07T11:06:07+00:00 [203/470] k3|HEuropa/1,0,p|LEuropa>Callisto/1l|LCallisto>Europa/2l: 0 zeros 0 pass (0.1s) totals zeros=58 pass=0 eta 0.8 min
2026-10-07T11:06:07+00:00 [204/470] k3|HEuropa/1,0,p|LEuropa>Callisto/1l|LCallisto>Europa/2h: 0 zeros 0 pass (0.1s) totals zeros=58 pass=0 eta 0.7 min
2026-10-07T11:06:07+00:00 [205/470] k3|HEuropa/1,0,p|LEuropa>Callisto/1l|HCallisto/1,0,p|LCallisto>Europa/0s: 0 zeros 0 pass (0.0s) totals zeros=58 pass=0 eta 0.7 min
2026-10-07T11:06:07+00:00 [206/470] k3|HEuropa/1,0,p|LEuropa>Callisto/1l|HCallisto/1,0,a|LCallisto>Europa/0s: 0 zeros 0 pass (0.0s) totals zeros=58 pass=0 eta 0.7 min
2026-10-07T11:06:07+00:00 [207/470] k3|HEuropa/1,0,p|LEuropa>Callisto/1l|LCallisto>Callisto/1l|LCallisto>Europa/0s: 0 zeros 0 pass (0.2s) totals zeros=58 pass=0 eta 0.7 min
2026-10-07T11:06:08+00:00 [208/470] k3|HEuropa/1,0,p|LEuropa>Callisto/1l|LCallisto>Callisto/1h|LCallisto>Europa/0s: 0 zeros 0 pass (0.2s) totals zeros=58 pass=0 eta 0.7 min
2026-10-07T11:06:08+00:00 [209/470] k3|HEuropa/1,0,p|LEuropa>Callisto/1h|LCallisto>Europa/0s: 0 zeros 0 pass (0.4s) totals zeros=58 pass=0 eta 0.7 min
2026-10-07T11:06:08+00:00 [210/470] k3|HEuropa/1,0,p|LEuropa>Callisto/1h|LCallisto>Europa/1l: 0 zeros 0 pass (0.0s) totals zeros=58 pass=0 eta 0.7 min
2026-10-07T11:06:08+00:00 [211/470] k3|HEuropa/1,0,p|LEuropa>Callisto/1h|LCallisto>Europa/1h: 0 zeros 0 pass (0.0s) totals zeros=58 pass=0 eta 0.7 min
2026-10-07T11:06:08+00:00 [212/470] k3|HEuropa/1,0,p|LEuropa>Callisto/1h|LCallisto>Europa/2l: 0 zeros 0 pass (0.0s) totals zeros=58 pass=0 eta 0.7 min
2026-10-07T11:06:08+00:00 [213/470] k3|HEuropa/1,0,p|LEuropa>Callisto/1h|LCallisto>Europa/2h: 0 zeros 0 pass (0.0s) totals zeros=58 pass=0 eta 0.7 min
2026-10-07T11:06:08+00:00 [214/470] k3|HEuropa/1,0,p|LEuropa>Callisto/1h|HCallisto/1,0,p|LCallisto>Europa/0s: 0 zeros 0 pass (0.0s) totals zeros=58 pass=0 eta 0.7 min
2026-10-07T11:06:08+00:00 [215/470] k3|HEuropa/1,0,p|LEuropa>Callisto/1h|HCallisto/1,0,a|LCallisto>Europa/0s: 0 zeros 0 pass (0.0s) totals zeros=58 pass=0 eta 0.7 min
2026-10-07T11:06:08+00:00 [216/470] k3|HEuropa/1,0,p|LEuropa>Callisto/1h|LCallisto>Callisto/1l|LCallisto>Europa/0s: 0 zeros 0 pass (0.2s) totals zeros=58 pass=0 eta 0.7 min
2026-10-07T11:06:09+00:00 [217/470] k3|HEuropa/1,0,p|LEuropa>Callisto/1h|LCallisto>Callisto/1h|LCallisto>Europa/0s: 0 zeros 0 pass (0.2s) totals zeros=58 pass=0 eta 0.7 min
2026-10-07T11:06:09+00:00 [218/470] k3|HEuropa/1,0,p|LEuropa>Callisto/2l|LCallisto>Europa/0s: 0 zeros 0 pass (0.0s) totals zeros=58 pass=0 eta 0.7 min
2026-10-07T11:06:09+00:00 [219/470] k3|HEuropa/1,0,p|LEuropa>Callisto/2l|LCallisto>Europa/1l: 0 zeros 0 pass (0.1s) totals zeros=58 pass=0 eta 0.7 min
2026-10-07T11:06:09+00:00 [220/470] k3|HEuropa/1,0,p|LEuropa>Callisto/2l|LCallisto>Europa/1h: 0 zeros 0 pass (0.1s) totals zeros=58 pass=0 eta 0.7 min
2026-10-07T11:06:09+00:00 [221/470] k3|HEuropa/1,0,p|LEuropa>Callisto/2l|LCallisto>Europa/2l: 0 zeros 0 pass (0.0s) totals zeros=58 pass=0 eta 0.7 min
2026-10-07T11:06:09+00:00 [222/470] k3|HEuropa/1,0,p|LEuropa>Callisto/2l|LCallisto>Europa/2h: 0 zeros 0 pass (0.0s) totals zeros=58 pass=0 eta 0.7 min
2026-10-07T11:06:09+00:00 [223/470] k3|HEuropa/1,0,p|LEuropa>Callisto/2h|LCallisto>Europa/0s: 0 zeros 0 pass (0.0s) totals zeros=58 pass=0 eta 0.7 min
2026-10-07T11:06:09+00:00 [224/470] k3|HEuropa/1,0,p|LEuropa>Callisto/2h|LCallisto>Europa/1l: 0 zeros 0 pass (0.0s) totals zeros=58 pass=0 eta 0.7 min
2026-10-07T11:06:09+00:00 [225/470] k3|HEuropa/1,0,p|LEuropa>Callisto/2h|LCallisto>Europa/1h: 0 zeros 0 pass (0.0s) totals zeros=58 pass=0 eta 0.7 min
2026-10-07T11:06:09+00:00 [226/470] k3|HEuropa/1,0,p|LEuropa>Callisto/2h|LCallisto>Europa/2l: 0 zeros 0 pass (0.0s) totals zeros=58 pass=0 eta 0.7 min
2026-10-07T11:06:09+00:00 [227/470] k3|HEuropa/1,0,p|LEuropa>Callisto/2h|LCallisto>Europa/2h: 0 zeros 0 pass (0.0s) totals zeros=58 pass=0 eta 0.7 min
2026-10-07T11:06:09+00:00 [228/470] k3|HEuropa/1,0,a|LEuropa>Callisto/0s|LCallisto>Europa/0s: 6 zeros 0 pass (0.3s) totals zeros=64 pass=0 eta 0.6 min
2026-10-07T11:06:10+00:00 [229/470] k3|HEuropa/1,0,a|LEuropa>Callisto/0s|LCallisto>Europa/1l: 0 zeros 0 pass (0.4s) totals zeros=64 pass=0 eta 0.7 min
2026-10-07T11:06:10+00:00 [230/470] k3|HEuropa/1,0,a|LEuropa>Callisto/0s|LCallisto>Europa/1h: 0 zeros 0 pass (0.5s) totals zeros=64 pass=0 eta 0.7 min
2026-10-07T11:06:10+00:00 [231/470] k3|HEuropa/1,0,a|LEuropa>Callisto/0s|LCallisto>Europa/2l: 0 zeros 0 pass (0.1s) totals zeros=64 pass=0 eta 0.7 min
2026-10-07T11:06:10+00:00 [232/470] k3|HEuropa/1,0,a|LEuropa>Callisto/0s|LCallisto>Europa/2h: 0 zeros 0 pass (0.1s) totals zeros=64 pass=0 eta 0.6 min
2026-10-07T11:06:11+00:00 [233/470] k3|HEuropa/1,0,a|LEuropa>Callisto/0s|HCallisto/1,0,p|LCallisto>Europa/0s: 4 zeros 0 pass (0.3s) totals zeros=68 pass=0 eta 0.6 min
2026-10-07T11:06:11+00:00 [234/470] k3|HEuropa/1,0,a|LEuropa>Callisto/0s|HCallisto/1,0,p|LCallisto>Europa/1l: 0 zeros 0 pass (0.1s) totals zeros=68 pass=0 eta 0.6 min
2026-10-07T11:06:11+00:00 [235/470] k3|HEuropa/1,0,a|LEuropa>Callisto/0s|HCallisto/1,0,p|LCallisto>Europa/1h: 0 zeros 0 pass (0.1s) totals zeros=68 pass=0 eta 0.6 min
2026-10-07T11:06:11+00:00 [236/470] k3|HEuropa/1,0,a|LEuropa>Callisto/0s|HCallisto/1,0,a|LCallisto>Europa/0s: 4 zeros 0 pass (0.4s) totals zeros=72 pass=0 eta 0.6 min
2026-10-07T11:06:11+00:00 [237/470] k3|HEuropa/1,0,a|LEuropa>Callisto/0s|HCallisto/1,0,a|LCallisto>Europa/1l: 0 zeros 0 pass (0.1s) totals zeros=72 pass=0 eta 0.6 min
2026-10-07T11:06:11+00:00 [238/470] k3|HEuropa/1,0,a|LEuropa>Callisto/0s|HCallisto/1,0,a|LCallisto>Europa/1h: 0 zeros 0 pass (0.0s) totals zeros=72 pass=0 eta 0.6 min
2026-10-07T11:06:12+00:00 [239/470] k3|HEuropa/1,0,a|LEuropa>Callisto/0s|LCallisto>Callisto/1l|LCallisto>Europa/0s: 0 zeros 0 pass (0.3s) totals zeros=72 pass=0 eta 0.6 min
2026-10-07T11:06:12+00:00 [240/470] k3|HEuropa/1,0,a|LEuropa>Callisto/0s|LCallisto>Callisto/1l|LCallisto>Europa/1l: 0 zeros 0 pass (0.3s) totals zeros=72 pass=0 eta 0.6 min
2026-10-07T11:06:12+00:00 [241/470] k3|HEuropa/1,0,a|LEuropa>Callisto/0s|LCallisto>Callisto/1l|LCallisto>Europa/1h: 0 zeros 0 pass (0.3s) totals zeros=72 pass=0 eta 0.6 min
2026-10-07T11:06:12+00:00 [242/470] k3|HEuropa/1,0,a|LEuropa>Callisto/0s|LCallisto>Callisto/1h|LCallisto>Europa/0s: 0 zeros 0 pass (0.3s) totals zeros=72 pass=0 eta 0.6 min
2026-10-07T11:06:13+00:00 [243/470] k3|HEuropa/1,0,a|LEuropa>Callisto/0s|LCallisto>Callisto/1h|LCallisto>Europa/1l: 0 zeros 0 pass (0.3s) totals zeros=72 pass=0 eta 0.6 min
2026-10-07T11:06:13+00:00 [244/470] k3|HEuropa/1,0,a|LEuropa>Callisto/0s|LCallisto>Callisto/1h|LCallisto>Europa/1h: 0 zeros 0 pass (0.4s) totals zeros=72 pass=0 eta 0.6 min
2026-10-07T11:06:14+00:00 [245/470] k3|HEuropa/1,0,a|LEuropa>Callisto/1l|LCallisto>Europa/0s: 0 zeros 0 pass (0.6s) totals zeros=72 pass=0 eta 0.6 min
2026-10-07T11:06:14+00:00 [246/470] k3|HEuropa/1,0,a|LEuropa>Callisto/1l|LCallisto>Europa/1l: 0 zeros 0 pass (0.0s) totals zeros=72 pass=0 eta 0.6 min
2026-10-07T11:06:14+00:00 [247/470] k3|HEuropa/1,0,a|LEuropa>Callisto/1l|LCallisto>Europa/1h: 0 zeros 0 pass (0.0s) totals zeros=72 pass=0 eta 0.6 min
2026-10-07T11:06:14+00:00 [248/470] k3|HEuropa/1,0,a|LEuropa>Callisto/1l|LCallisto>Europa/2l: 0 zeros 0 pass (0.1s) totals zeros=72 pass=0 eta 0.6 min
2026-10-07T11:06:14+00:00 [249/470] k3|HEuropa/1,0,a|LEuropa>Callisto/1l|LCallisto>Europa/2h: 0 zeros 0 pass (0.1s) totals zeros=72 pass=0 eta 0.6 min
2026-10-07T11:06:14+00:00 [250/470] k3|HEuropa/1,0,a|LEuropa>Callisto/1l|HCallisto/1,0,p|LCallisto>Europa/0s: 0 zeros 0 pass (0.0s) totals zeros=72 pass=0 eta 0.6 min
2026-10-07T11:06:14+00:00 [251/470] k3|HEuropa/1,0,a|LEuropa>Callisto/1l|HCallisto/1,0,a|LCallisto>Europa/0s: 0 zeros 0 pass (0.0s) totals zeros=72 pass=0 eta 0.6 min
2026-10-07T11:06:14+00:00 [252/470] k3|HEuropa/1,0,a|LEuropa>Callisto/1l|LCallisto>Callisto/1l|LCallisto>Europa/0s: 0 zeros 0 pass (0.2s) totals zeros=72 pass=0 eta 0.6 min
2026-10-07T11:06:14+00:00 [253/470] k3|HEuropa/1,0,a|LEuropa>Callisto/1l|LCallisto>Callisto/1h|LCallisto>Europa/0s: 0 zeros 0 pass (0.2s) totals zeros=72 pass=0 eta 0.6 min
2026-10-07T11:06:15+00:00 [254/470] k3|HEuropa/1,0,a|LEuropa>Callisto/1h|LCallisto>Europa/0s: 0 zeros 0 pass (0.4s) totals zeros=72 pass=0 eta 0.6 min
2026-10-07T11:06:15+00:00 [255/470] k3|HEuropa/1,0,a|LEuropa>Callisto/1h|LCallisto>Europa/1l: 0 zeros 0 pass (0.0s) totals zeros=72 pass=0 eta 0.6 min
2026-10-07T11:06:15+00:00 [256/470] k3|HEuropa/1,0,a|LEuropa>Callisto/1h|LCallisto>Europa/1h: 0 zeros 0 pass (0.0s) totals zeros=72 pass=0 eta 0.6 min
2026-10-07T11:06:15+00:00 [257/470] k3|HEuropa/1,0,a|LEuropa>Callisto/1h|LCallisto>Europa/2l: 0 zeros 0 pass (0.1s) totals zeros=72 pass=0 eta 0.6 min
2026-10-07T11:06:15+00:00 [258/470] k3|HEuropa/1,0,a|LEuropa>Callisto/1h|LCallisto>Europa/2h: 0 zeros 0 pass (0.0s) totals zeros=72 pass=0 eta 0.6 min
2026-10-07T11:06:15+00:00 [259/470] k3|HEuropa/1,0,a|LEuropa>Callisto/1h|HCallisto/1,0,p|LCallisto>Europa/0s: 0 zeros 0 pass (0.0s) totals zeros=72 pass=0 eta 0.6 min
2026-10-07T11:06:15+00:00 [260/470] k3|HEuropa/1,0,a|LEuropa>Callisto/1h|HCallisto/1,0,a|LCallisto>Europa/0s: 0 zeros 0 pass (0.0s) totals zeros=72 pass=0 eta 0.6 min
2026-10-07T11:06:15+00:00 [261/470] k3|HEuropa/1,0,a|LEuropa>Callisto/1h|LCallisto>Callisto/1l|LCallisto>Europa/0s: 0 zeros 0 pass (0.2s) totals zeros=72 pass=0 eta 0.6 min
2026-10-07T11:06:15+00:00 [262/470] k3|HEuropa/1,0,a|LEuropa>Callisto/1h|LCallisto>Callisto/1h|LCallisto>Europa/0s: 0 zeros 0 pass (0.2s) totals zeros=72 pass=0 eta 0.6 min
2026-10-07T11:06:15+00:00 [263/470] k3|HEuropa/1,0,a|LEuropa>Callisto/2l|LCallisto>Europa/0s: 0 zeros 0 pass (0.0s) totals zeros=72 pass=0 eta 0.6 min
2026-10-07T11:06:16+00:00 [264/470] k3|HEuropa/1,0,a|LEuropa>Callisto/2l|LCallisto>Europa/1l: 0 zeros 0 pass (0.1s) totals zeros=72 pass=0 eta 0.6 min
2026-10-07T11:06:16+00:00 [265/470] k3|HEuropa/1,0,a|LEuropa>Callisto/2l|LCallisto>Europa/1h: 0 zeros 0 pass (0.0s) totals zeros=72 pass=0 eta 0.6 min
2026-10-07T11:06:16+00:00 [266/470] k3|HEuropa/1,0,a|LEuropa>Callisto/2l|LCallisto>Europa/2l: 0 zeros 0 pass (0.1s) totals zeros=72 pass=0 eta 0.5 min
2026-10-07T11:06:16+00:00 [267/470] k3|HEuropa/1,0,a|LEuropa>Callisto/2l|LCallisto>Europa/2h: 0 zeros 0 pass (0.1s) totals zeros=72 pass=0 eta 0.5 min
2026-10-07T11:06:16+00:00 [268/470] k3|HEuropa/1,0,a|LEuropa>Callisto/2h|LCallisto>Europa/0s: 0 zeros 0 pass (0.1s) totals zeros=72 pass=0 eta 0.5 min
2026-10-07T11:06:16+00:00 [269/470] k3|HEuropa/1,0,a|LEuropa>Callisto/2h|LCallisto>Europa/1l: 0 zeros 0 pass (0.1s) totals zeros=72 pass=0 eta 0.5 min
2026-10-07T11:06:16+00:00 [270/470] k3|HEuropa/1,0,a|LEuropa>Callisto/2h|LCallisto>Europa/1h: 0 zeros 0 pass (0.0s) totals zeros=72 pass=0 eta 0.5 min
2026-10-07T11:06:16+00:00 [271/470] k3|HEuropa/1,0,a|LEuropa>Callisto/2h|LCallisto>Europa/2l: 0 zeros 0 pass (0.1s) totals zeros=72 pass=0 eta 0.5 min
2026-10-07T11:06:16+00:00 [272/470] k3|HEuropa/1,0,a|LEuropa>Callisto/2h|LCallisto>Europa/2h: 0 zeros 0 pass (0.1s) totals zeros=72 pass=0 eta 0.5 min
2026-10-07T11:06:16+00:00 [273/470] k3|HEuropa/3,1,p|LEuropa>Callisto/0s|LCallisto>Europa/0s: 4 zeros 0 pass (0.3s) totals zeros=76 pass=0 eta 0.5 min
2026-10-07T11:06:16+00:00 [274/470] k3|HEuropa/3,1,p|LEuropa>Callisto/0s|LCallisto>Europa/1l: 0 zeros 0 pass (0.0s) totals zeros=76 pass=0 eta 0.5 min
2026-10-07T11:06:16+00:00 [275/470] k3|HEuropa/3,1,p|LEuropa>Callisto/0s|LCallisto>Europa/1h: 0 zeros 0 pass (0.1s) totals zeros=76 pass=0 eta 0.5 min
2026-10-07T11:06:16+00:00 [276/470] k3|HEuropa/3,1,p|LEuropa>Callisto/0s|LCallisto>Europa/2l: 0 zeros 0 pass (0.1s) totals zeros=76 pass=0 eta 0.5 min
2026-10-07T11:06:17+00:00 [277/470] k3|HEuropa/3,1,p|LEuropa>Callisto/0s|LCallisto>Europa/2h: 0 zeros 0 pass (0.1s) totals zeros=76 pass=0 eta 0.5 min
2026-10-07T11:06:17+00:00 [278/470] k3|HEuropa/3,1,p|LEuropa>Callisto/1l|LCallisto>Europa/0s: 0 zeros 0 pass (0.0s) totals zeros=76 pass=0 eta 0.5 min
2026-10-07T11:06:17+00:00 [279/470] k3|HEuropa/3,1,p|LEuropa>Callisto/1l|LCallisto>Europa/1l: 0 zeros 0 pass (0.0s) totals zeros=76 pass=0 eta 0.5 min
2026-10-07T11:06:17+00:00 [280/470] k3|HEuropa/3,1,p|LEuropa>Callisto/1l|LCallisto>Europa/1h: 0 zeros 0 pass (0.0s) totals zeros=76 pass=0 eta 0.5 min
2026-10-07T11:06:17+00:00 [281/470] k3|HEuropa/3,1,p|LEuropa>Callisto/1l|LCallisto>Europa/2l: 0 zeros 0 pass (0.0s) totals zeros=76 pass=0 eta 0.5 min
2026-10-07T11:06:17+00:00 [282/470] k3|HEuropa/3,1,p|LEuropa>Callisto/1l|LCallisto>Europa/2h: 0 zeros 0 pass (0.0s) totals zeros=76 pass=0 eta 0.5 min
2026-10-07T11:06:17+00:00 [283/470] k3|HEuropa/3,1,p|LEuropa>Callisto/1h|LCallisto>Europa/0s: 0 zeros 0 pass (0.0s) totals zeros=76 pass=0 eta 0.5 min
2026-10-07T11:06:17+00:00 [284/470] k3|HEuropa/3,1,p|LEuropa>Callisto/1h|LCallisto>Europa/1l: 0 zeros 0 pass (0.0s) totals zeros=76 pass=0 eta 0.5 min
2026-10-07T11:06:17+00:00 [285/470] k3|HEuropa/3,1,p|LEuropa>Callisto/1h|LCallisto>Europa/1h: 0 zeros 0 pass (0.0s) totals zeros=76 pass=0 eta 0.5 min
2026-10-07T11:06:17+00:00 [286/470] k3|HEuropa/3,1,p|LEuropa>Callisto/1h|LCallisto>Europa/2l: 0 zeros 0 pass (0.0s) totals zeros=76 pass=0 eta 0.5 min
2026-10-07T11:06:17+00:00 [287/470] k3|HEuropa/3,1,p|LEuropa>Callisto/1h|LCallisto>Europa/2h: 0 zeros 0 pass (0.0s) totals zeros=76 pass=0 eta 0.5 min
2026-10-07T11:06:17+00:00 [288/470] k3|HEuropa/3,1,p|LEuropa>Callisto/2l|LCallisto>Europa/0s: 0 zeros 0 pass (0.1s) totals zeros=76 pass=0 eta 0.5 min
2026-10-07T11:06:17+00:00 [289/470] k3|HEuropa/3,1,p|LEuropa>Callisto/2l|LCallisto>Europa/1l: 0 zeros 0 pass (0.0s) totals zeros=76 pass=0 eta 0.5 min
2026-10-07T11:06:17+00:00 [290/470] k3|HEuropa/3,1,p|LEuropa>Callisto/2l|LCallisto>Europa/1h: 0 zeros 0 pass (0.1s) totals zeros=76 pass=0 eta 0.5 min
2026-10-07T11:06:17+00:00 [291/470] k3|HEuropa/3,1,p|LEuropa>Callisto/2l|LCallisto>Europa/2l: 0 zeros 0 pass (0.0s) totals zeros=76 pass=0 eta 0.5 min
2026-10-07T11:06:17+00:00 [292/470] k3|HEuropa/3,1,p|LEuropa>Callisto/2l|LCallisto>Europa/2h: 0 zeros 0 pass (0.1s) totals zeros=76 pass=0 eta 0.5 min
2026-10-07T11:06:17+00:00 [293/470] k3|HEuropa/3,1,p|LEuropa>Callisto/2h|LCallisto>Europa/0s: 0 zeros 0 pass (0.0s) totals zeros=76 pass=0 eta 0.4 min
2026-10-07T11:06:17+00:00 [294/470] k3|HEuropa/3,1,p|LEuropa>Callisto/2h|LCallisto>Europa/1l: 0 zeros 0 pass (0.1s) totals zeros=76 pass=0 eta 0.4 min
2026-10-07T11:06:17+00:00 [295/470] k3|HEuropa/3,1,p|LEuropa>Callisto/2h|LCallisto>Europa/1h: 0 zeros 0 pass (0.1s) totals zeros=76 pass=0 eta 0.4 min
2026-10-07T11:06:17+00:00 [296/470] k3|HEuropa/3,1,p|LEuropa>Callisto/2h|LCallisto>Europa/2l: 0 zeros 0 pass (0.1s) totals zeros=76 pass=0 eta 0.4 min
2026-10-07T11:06:17+00:00 [297/470] k3|HEuropa/3,1,p|LEuropa>Callisto/2h|LCallisto>Europa/2h: 0 zeros 0 pass (0.1s) totals zeros=76 pass=0 eta 0.4 min
2026-10-07T11:06:18+00:00 [298/470] k3|HEuropa/3,1,a|LEuropa>Callisto/0s|LCallisto>Europa/0s: 4 zeros 0 pass (0.3s) totals zeros=80 pass=0 eta 0.4 min
2026-10-07T11:06:18+00:00 [299/470] k3|HEuropa/3,1,a|LEuropa>Callisto/0s|LCallisto>Europa/1l: 0 zeros 0 pass (0.1s) totals zeros=80 pass=0 eta 0.4 min
2026-10-07T11:06:18+00:00 [300/470] k3|HEuropa/3,1,a|LEuropa>Callisto/0s|LCallisto>Europa/1h: 0 zeros 0 pass (0.0s) totals zeros=80 pass=0 eta 0.4 min
2026-10-07T11:06:18+00:00 [301/470] k3|HEuropa/3,1,a|LEuropa>Callisto/0s|LCallisto>Europa/2l: 0 zeros 0 pass (0.1s) totals zeros=80 pass=0 eta 0.4 min
2026-10-07T11:06:18+00:00 [302/470] k3|HEuropa/3,1,a|LEuropa>Callisto/0s|LCallisto>Europa/2h: 0 zeros 0 pass (0.1s) totals zeros=80 pass=0 eta 0.4 min
2026-10-07T11:06:18+00:00 [303/470] k3|HEuropa/3,1,a|LEuropa>Callisto/1l|LCallisto>Europa/0s: 0 zeros 0 pass (0.0s) totals zeros=80 pass=0 eta 0.4 min
2026-10-07T11:06:18+00:00 [304/470] k3|HEuropa/3,1,a|LEuropa>Callisto/1l|LCallisto>Europa/1l: 0 zeros 0 pass (0.1s) totals zeros=80 pass=0 eta 0.4 min
2026-10-07T11:06:18+00:00 [305/470] k3|HEuropa/3,1,a|LEuropa>Callisto/1l|LCallisto>Europa/1h: 0 zeros 0 pass (0.0s) totals zeros=80 pass=0 eta 0.4 min
2026-10-07T11:06:18+00:00 [306/470] k3|HEuropa/3,1,a|LEuropa>Callisto/1l|LCallisto>Europa/2l: 0 zeros 0 pass (0.0s) totals zeros=80 pass=0 eta 0.4 min
2026-10-07T11:06:18+00:00 [307/470] k3|HEuropa/3,1,a|LEuropa>Callisto/1l|LCallisto>Europa/2h: 0 zeros 0 pass (0.1s) totals zeros=80 pass=0 eta 0.4 min
2026-10-07T11:06:18+00:00 [308/470] k3|HEuropa/3,1,a|LEuropa>Callisto/1h|LCallisto>Europa/0s: 0 zeros 0 pass (0.0s) totals zeros=80 pass=0 eta 0.4 min
2026-10-07T11:06:18+00:00 [309/470] k3|HEuropa/3,1,a|LEuropa>Callisto/1h|LCallisto>Europa/1l: 0 zeros 0 pass (0.0s) totals zeros=80 pass=0 eta 0.4 min
2026-10-07T11:06:18+00:00 [310/470] k3|HEuropa/3,1,a|LEuropa>Callisto/1h|LCallisto>Europa/1h: 0 zeros 0 pass (0.0s) totals zeros=80 pass=0 eta 0.4 min
2026-10-07T11:06:18+00:00 [311/470] k3|HEuropa/3,1,a|LEuropa>Callisto/1h|LCallisto>Europa/2l: 0 zeros 0 pass (0.0s) totals zeros=80 pass=0 eta 0.4 min
2026-10-07T11:06:18+00:00 [312/470] k3|HEuropa/3,1,a|LEuropa>Callisto/1h|LCallisto>Europa/2h: 0 zeros 0 pass (0.0s) totals zeros=80 pass=0 eta 0.4 min
2026-10-07T11:06:19+00:00 [313/470] k3|HEuropa/3,1,a|LEuropa>Callisto/2l|LCallisto>Europa/0s: 0 zeros 0 pass (0.1s) totals zeros=80 pass=0 eta 0.4 min
2026-10-07T11:06:19+00:00 [314/470] k3|HEuropa/3,1,a|LEuropa>Callisto/2l|LCallisto>Europa/1l: 0 zeros 0 pass (0.1s) totals zeros=80 pass=0 eta 0.4 min
2026-10-07T11:06:19+00:00 [315/470] k3|HEuropa/3,1,a|LEuropa>Callisto/2l|LCallisto>Europa/1h: 0 zeros 0 pass (0.1s) totals zeros=80 pass=0 eta 0.4 min
2026-10-07T11:06:19+00:00 [316/470] k3|HEuropa/3,1,a|LEuropa>Callisto/2l|LCallisto>Europa/2l: 0 zeros 0 pass (0.1s) totals zeros=80 pass=0 eta 0.4 min
2026-10-07T11:06:19+00:00 [317/470] k3|HEuropa/3,1,a|LEuropa>Callisto/2l|LCallisto>Europa/2h: 0 zeros 0 pass (0.1s) totals zeros=80 pass=0 eta 0.4 min
2026-10-07T11:06:19+00:00 [318/470] k3|HEuropa/3,1,a|LEuropa>Callisto/2h|LCallisto>Europa/0s: 0 zeros 0 pass (0.1s) totals zeros=80 pass=0 eta 0.4 min
2026-10-07T11:06:19+00:00 [319/470] k3|HEuropa/3,1,a|LEuropa>Callisto/2h|LCallisto>Europa/1l: 0 zeros 0 pass (0.1s) totals zeros=80 pass=0 eta 0.4 min
2026-10-07T11:06:19+00:00 [320/470] k3|HEuropa/3,1,a|LEuropa>Callisto/2h|LCallisto>Europa/1h: 0 zeros 0 pass (0.1s) totals zeros=80 pass=0 eta 0.4 min
2026-10-07T11:06:19+00:00 [321/470] k3|HEuropa/3,1,a|LEuropa>Callisto/2h|LCallisto>Europa/2l: 0 zeros 0 pass (0.1s) totals zeros=80 pass=0 eta 0.4 min
2026-10-07T11:06:19+00:00 [322/470] k3|HEuropa/3,1,a|LEuropa>Callisto/2h|LCallisto>Europa/2h: 0 zeros 0 pass (0.1s) totals zeros=80 pass=0 eta 0.4 min
2026-10-07T11:06:22+00:00 [323/470] k3|LEuropa>Europa/1l|LEuropa>Callisto/0s|LCallisto>Europa/0s: 10 zeros 0 pass (3.3s) totals zeros=90 pass=0 eta 0.4 min
2026-10-07T11:06:23+00:00 [324/470] k3|LEuropa>Europa/1l|LEuropa>Callisto/0s|LCallisto>Europa/1l: 0 zeros 0 pass (0.8s) totals zeros=90 pass=0 eta 0.4 min
2026-10-07T11:06:24+00:00 [325/470] k3|LEuropa>Europa/1l|LEuropa>Callisto/0s|LCallisto>Europa/1h: 0 zeros 0 pass (0.5s) totals zeros=90 pass=0 eta 0.4 min
2026-10-07T11:06:24+00:00 [326/470] k3|LEuropa>Europa/1l|LEuropa>Callisto/0s|LCallisto>Europa/2l: 0 zeros 0 pass (0.4s) totals zeros=90 pass=0 eta 0.4 min
2026-10-07T11:06:25+00:00 [327/470] k3|LEuropa>Europa/1l|LEuropa>Callisto/0s|LCallisto>Europa/2h: 0 zeros 0 pass (0.4s) totals zeros=90 pass=0 eta 0.4 min
2026-10-07T11:06:28+00:00 [328/470] k3|LEuropa>Europa/1l|LEuropa>Callisto/0s|HCallisto/1,0,p|LCallisto>Europa/0s: 1 zeros 0 pass (3.6s) totals zeros=91 pass=0 eta 0.4 min
2026-10-07T11:06:28+00:00 [329/470] k3|LEuropa>Europa/1l|LEuropa>Callisto/0s|HCallisto/1,0,p|LCallisto>Europa/1l: 0 zeros 0 pass (0.3s) totals zeros=91 pass=0 eta 0.4 min
2026-10-07T11:06:29+00:00 [330/470] k3|LEuropa>Europa/1l|LEuropa>Callisto/0s|HCallisto/1,0,p|LCallisto>Europa/1h: 0 zeros 0 pass (0.2s) totals zeros=91 pass=0 eta 0.4 min
2026-10-07T11:06:32+00:00 [331/470] k3|LEuropa>Europa/1l|LEuropa>Callisto/0s|HCallisto/1,0,a|LCallisto>Europa/0s: 1 zeros 0 pass (3.5s) totals zeros=92 pass=0 eta 0.4 min
2026-10-07T11:06:32+00:00 [332/470] k3|LEuropa>Europa/1l|LEuropa>Callisto/0s|HCallisto/1,0,a|LCallisto>Europa/1l: 0 zeros 0 pass (0.2s) totals zeros=92 pass=0 eta 0.4 min
2026-10-07T11:06:33+00:00 [333/470] k3|LEuropa>Europa/1l|LEuropa>Callisto/0s|HCallisto/1,0,a|LCallisto>Europa/1h: 0 zeros 0 pass (0.3s) totals zeros=92 pass=0 eta 0.4 min
2026-10-07T11:06:34+00:00 [334/470] k3|LEuropa>Europa/1l|LEuropa>Callisto/0s|LCallisto>Callisto/1l|LCallisto>Europa/0s: 0 zeros 0 pass (1.2s) totals zeros=92 pass=0 eta 0.4 min
2026-10-07T11:06:35+00:00 [335/470] k3|LEuropa>Europa/1l|LEuropa>Callisto/0s|LCallisto>Callisto/1l|LCallisto>Europa/1l: 0 zeros 0 pass (1.1s) totals zeros=92 pass=0 eta 0.4 min
2026-10-07T11:06:36+00:00 [336/470] k3|LEuropa>Europa/1l|LEuropa>Callisto/0s|LCallisto>Callisto/1l|LCallisto>Europa/1h: 0 zeros 0 pass (1.1s) totals zeros=92 pass=0 eta 0.4 min
2026-10-07T11:06:37+00:00 [337/470] k3|LEuropa>Europa/1l|LEuropa>Callisto/0s|LCallisto>Callisto/1h|LCallisto>Europa/0s: 0 zeros 0 pass (1.2s) totals zeros=92 pass=0 eta 0.4 min
2026-10-07T11:06:38+00:00 [338/470] k3|LEuropa>Europa/1l|LEuropa>Callisto/0s|LCallisto>Callisto/1h|LCallisto>Europa/1l: 0 zeros 0 pass (1.2s) totals zeros=92 pass=0 eta 0.4 min
2026-10-07T11:06:40+00:00 [339/470] k3|LEuropa>Europa/1l|LEuropa>Callisto/0s|LCallisto>Callisto/1h|LCallisto>Europa/1h: 0 zeros 0 pass (1.3s) totals zeros=92 pass=0 eta 0.4 min
2026-10-07T11:06:41+00:00 [340/470] k3|LEuropa>Europa/1l|LEuropa>Callisto/1l|LCallisto>Europa/0s: 0 zeros 0 pass (1.2s) totals zeros=92 pass=0 eta 0.4 min
2026-10-07T11:06:41+00:00 [341/470] k3|LEuropa>Europa/1l|LEuropa>Callisto/1l|LCallisto>Europa/1l: 0 zeros 0 pass (0.3s) totals zeros=92 pass=0 eta 0.4 min
2026-10-07T11:06:42+00:00 [342/470] k3|LEuropa>Europa/1l|LEuropa>Callisto/1l|LCallisto>Europa/1h: 0 zeros 0 pass (0.3s) totals zeros=92 pass=0 eta 0.4 min
2026-10-07T11:06:42+00:00 [343/470] k3|LEuropa>Europa/1l|LEuropa>Callisto/1l|LCallisto>Europa/2l: 0 zeros 0 pass (0.3s) totals zeros=92 pass=0 eta 0.4 min
2026-10-07T11:06:42+00:00 [344/470] k3|LEuropa>Europa/1l|LEuropa>Callisto/1l|LCallisto>Europa/2h: 0 zeros 0 pass (0.4s) totals zeros=92 pass=0 eta 0.4 min
2026-10-07T11:06:43+00:00 [345/470] k3|LEuropa>Europa/1l|LEuropa>Callisto/1l|HCallisto/1,0,p|LCallisto>Europa/0s: 0 zeros 0 pass (0.2s) totals zeros=92 pass=0 eta 0.4 min
2026-10-07T11:06:43+00:00 [346/470] k3|LEuropa>Europa/1l|LEuropa>Callisto/1l|HCallisto/1,0,a|LCallisto>Europa/0s: 0 zeros 0 pass (0.2s) totals zeros=92 pass=0 eta 0.4 min
2026-10-07T11:06:44+00:00 [347/470] k3|LEuropa>Europa/1l|LEuropa>Callisto/1l|LCallisto>Callisto/1l|LCallisto>Europa/0s: 0 zeros 0 pass (1.1s) totals zeros=92 pass=0 eta 0.4 min
2026-10-07T11:06:45+00:00 [348/470] k3|LEuropa>Europa/1l|LEuropa>Callisto/1l|LCallisto>Callisto/1h|LCallisto>Europa/0s: 0 zeros 0 pass (1.3s) totals zeros=92 pass=0 eta 0.4 min
2026-10-07T11:06:46+00:00 [349/470] k3|LEuropa>Europa/1l|LEuropa>Callisto/1h|LCallisto>Europa/0s: 0 zeros 0 pass (0.5s) totals zeros=92 pass=0 eta 0.4 min
2026-10-07T11:06:46+00:00 [350/470] k3|LEuropa>Europa/1l|LEuropa>Callisto/1h|LCallisto>Europa/1l: 0 zeros 0 pass (0.4s) totals zeros=92 pass=0 eta 0.4 min
2026-10-07T11:06:46+00:00 [351/470] k3|LEuropa>Europa/1l|LEuropa>Callisto/1h|LCallisto>Europa/1h: 0 zeros 0 pass (0.4s) totals zeros=92 pass=0 eta 0.4 min
2026-10-07T11:06:47+00:00 [352/470] k3|LEuropa>Europa/1l|LEuropa>Callisto/1h|LCallisto>Europa/2l: 0 zeros 0 pass (0.4s) totals zeros=92 pass=0 eta 0.4 min
2026-10-07T11:06:47+00:00 [353/470] k3|LEuropa>Europa/1l|LEuropa>Callisto/1h|LCallisto>Europa/2h: 0 zeros 0 pass (0.5s) totals zeros=92 pass=0 eta 0.4 min
2026-10-07T11:06:48+00:00 [354/470] k3|LEuropa>Europa/1l|LEuropa>Callisto/1h|HCallisto/1,0,p|LCallisto>Europa/0s: 0 zeros 0 pass (0.2s) totals zeros=92 pass=0 eta 0.4 min
2026-10-07T11:06:48+00:00 [355/470] k3|LEuropa>Europa/1l|LEuropa>Callisto/1h|HCallisto/1,0,a|LCallisto>Europa/0s: 0 zeros 0 pass (0.2s) totals zeros=92 pass=0 eta 0.4 min
2026-10-07T11:06:49+00:00 [356/470] k3|LEuropa>Europa/1l|LEuropa>Callisto/1h|LCallisto>Callisto/1l|LCallisto>Europa/0s: 0 zeros 0 pass (1.3s) totals zeros=92 pass=0 eta 0.4 min
2026-10-07T11:06:50+00:00 [357/470] k3|LEuropa>Europa/1l|LEuropa>Callisto/1h|LCallisto>Callisto/1h|LCallisto>Europa/0s: 0 zeros 0 pass (1.1s) totals zeros=92 pass=0 eta 0.4 min
2026-10-07T11:06:51+00:00 [358/470] k3|LEuropa>Europa/1l|LEuropa>Callisto/2l|LCallisto>Europa/0s: 0 zeros 0 pass (0.4s) totals zeros=92 pass=0 eta 0.4 min
2026-10-07T11:06:51+00:00 [359/470] k3|LEuropa>Europa/1l|LEuropa>Callisto/2l|LCallisto>Europa/1l: 0 zeros 0 pass (0.4s) totals zeros=92 pass=0 eta 0.4 min
2026-10-07T11:06:52+00:00 [360/470] k3|LEuropa>Europa/1l|LEuropa>Callisto/2l|LCallisto>Europa/1h: 0 zeros 0 pass (0.4s) totals zeros=92 pass=0 eta 0.4 min
2026-10-07T11:06:52+00:00 [361/470] k3|LEuropa>Europa/1l|LEuropa>Callisto/2l|LCallisto>Europa/2l: 0 zeros 0 pass (0.5s) totals zeros=92 pass=0 eta 0.4 min
2026-10-07T11:06:52+00:00 [362/470] k3|LEuropa>Europa/1l|LEuropa>Callisto/2l|LCallisto>Europa/2h: 0 zeros 0 pass (0.4s) totals zeros=92 pass=0 eta 0.4 min
2026-10-07T11:06:53+00:00 [363/470] k3|LEuropa>Europa/1l|LEuropa>Callisto/2h|LCallisto>Europa/0s: 0 zeros 0 pass (0.4s) totals zeros=92 pass=0 eta 0.4 min
2026-10-07T11:06:53+00:00 [364/470] k3|LEuropa>Europa/1l|LEuropa>Callisto/2h|LCallisto>Europa/1l: 0 zeros 0 pass (0.4s) totals zeros=92 pass=0 eta 0.4 min
2026-10-07T11:06:54+00:00 [365/470] k3|LEuropa>Europa/1l|LEuropa>Callisto/2h|LCallisto>Europa/1h: 0 zeros 0 pass (0.4s) totals zeros=92 pass=0 eta 0.4 min
2026-10-07T11:06:54+00:00 [366/470] k3|LEuropa>Europa/1l|LEuropa>Callisto/2h|LCallisto>Europa/2l: 0 zeros 0 pass (0.4s) totals zeros=92 pass=0 eta 0.4 min
2026-10-07T11:06:54+00:00 [367/470] k3|LEuropa>Europa/1l|LEuropa>Callisto/2h|LCallisto>Europa/2h: 0 zeros 0 pass (0.4s) totals zeros=92 pass=0 eta 0.4 min
2026-10-07T11:06:56+00:00 [368/470] k3|LEuropa>Europa/1h|LEuropa>Callisto/0s|LCallisto>Europa/0s: 9 zeros 0 pass (1.2s) totals zeros=101 pass=0 eta 0.4 min
2026-10-07T11:06:56+00:00 [369/470] k3|LEuropa>Europa/1h|LEuropa>Callisto/0s|LCallisto>Europa/1l: 0 zeros 0 pass (0.4s) totals zeros=101 pass=0 eta 0.4 min
2026-10-07T11:06:56+00:00 [370/470] k3|LEuropa>Europa/1h|LEuropa>Callisto/0s|LCallisto>Europa/1h: 0 zeros 0 pass (0.4s) totals zeros=101 pass=0 eta 0.4 min
2026-10-07T11:06:57+00:00 [371/470] k3|LEuropa>Europa/1h|LEuropa>Callisto/0s|LCallisto>Europa/2l: 0 zeros 0 pass (0.4s) totals zeros=101 pass=0 eta 0.4 min
2026-10-07T11:06:57+00:00 [372/470] k3|LEuropa>Europa/1h|LEuropa>Callisto/0s|LCallisto>Europa/2h: 0 zeros 0 pass (0.4s) totals zeros=101 pass=0 eta 0.4 min
2026-10-07T11:06:58+00:00 [373/470] k3|LEuropa>Europa/1h|LEuropa>Callisto/0s|HCallisto/1,0,p|LCallisto>Europa/0s: 1 zeros 0 pass (1.1s) totals zeros=102 pass=0 eta 0.4 min
2026-10-07T11:06:59+00:00 [374/470] k3|LEuropa>Europa/1h|LEuropa>Callisto/0s|HCallisto/1,0,p|LCallisto>Europa/1l: 0 zeros 0 pass (0.2s) totals zeros=102 pass=0 eta 0.4 min
2026-10-07T11:06:59+00:00 [375/470] k3|LEuropa>Europa/1h|LEuropa>Callisto/0s|HCallisto/1,0,p|LCallisto>Europa/1h: 0 zeros 0 pass (0.3s) totals zeros=102 pass=0 eta 0.4 min
2026-10-07T11:07:00+00:00 [376/470] k3|LEuropa>Europa/1h|LEuropa>Callisto/0s|HCallisto/1,0,a|LCallisto>Europa/0s: 1 zeros 0 pass (1.2s) totals zeros=103 pass=0 eta 0.4 min
2026-10-07T11:07:00+00:00 [377/470] k3|LEuropa>Europa/1h|LEuropa>Callisto/0s|HCallisto/1,0,a|LCallisto>Europa/1l: 0 zeros 0 pass (0.2s) totals zeros=103 pass=0 eta 0.4 min
2026-10-07T11:07:01+00:00 [378/470] k3|LEuropa>Europa/1h|LEuropa>Callisto/0s|HCallisto/1,0,a|LCallisto>Europa/1h: 0 zeros 0 pass (0.2s) totals zeros=103 pass=0 eta 0.4 min
2026-10-07T11:07:02+00:00 [379/470] k3|LEuropa>Europa/1h|LEuropa>Callisto/0s|LCallisto>Callisto/1l|LCallisto>Europa/0s: 0 zeros 0 pass (1.3s) totals zeros=103 pass=0 eta 0.4 min
2026-10-07T11:07:03+00:00 [380/470] k3|LEuropa>Europa/1h|LEuropa>Callisto/0s|LCallisto>Callisto/1l|LCallisto>Europa/1l: 0 zeros 0 pass (1.2s) totals zeros=103 pass=0 eta 0.4 min
2026-10-07T11:07:04+00:00 [381/470] k3|LEuropa>Europa/1h|LEuropa>Callisto/0s|LCallisto>Callisto/1l|LCallisto>Europa/1h: 0 zeros 0 pass (1.4s) totals zeros=103 pass=0 eta 0.4 min
2026-10-07T11:07:06+00:00 [382/470] k3|LEuropa>Europa/1h|LEuropa>Callisto/0s|LCallisto>Callisto/1h|LCallisto>Europa/0s: 0 zeros 0 pass (1.4s) totals zeros=103 pass=0 eta 0.4 min
2026-10-07T11:07:07+00:00 [383/470] k3|LEuropa>Europa/1h|LEuropa>Callisto/0s|LCallisto>Callisto/1h|LCallisto>Europa/1l: 0 zeros 0 pass (1.3s) totals zeros=103 pass=0 eta 0.4 min
2026-10-07T11:07:08+00:00 [384/470] k3|LEuropa>Europa/1h|LEuropa>Callisto/0s|LCallisto>Callisto/1h|LCallisto>Europa/1h: 0 zeros 0 pass (1.2s) totals zeros=103 pass=0 eta 0.4 min
2026-10-07T11:07:09+00:00 [385/470] k3|LEuropa>Europa/1h|LEuropa>Callisto/1l|LCallisto>Europa/0s: 0 zeros 0 pass (0.8s) totals zeros=103 pass=0 eta 0.4 min
2026-10-07T11:07:09+00:00 [386/470] k3|LEuropa>Europa/1h|LEuropa>Callisto/1l|LCallisto>Europa/1l: 0 zeros 0 pass (0.4s) totals zeros=103 pass=0 eta 0.4 min
2026-10-07T11:07:10+00:00 [387/470] k3|LEuropa>Europa/1h|LEuropa>Callisto/1l|LCallisto>Europa/1h: 0 zeros 0 pass (0.4s) totals zeros=103 pass=0 eta 0.3 min
2026-10-07T11:07:10+00:00 [388/470] k3|LEuropa>Europa/1h|LEuropa>Callisto/1l|LCallisto>Europa/2l: 0 zeros 0 pass (0.4s) totals zeros=103 pass=0 eta 0.3 min
2026-10-07T11:07:10+00:00 [389/470] k3|LEuropa>Europa/1h|LEuropa>Callisto/1l|LCallisto>Europa/2h: 0 zeros 0 pass (0.3s) totals zeros=103 pass=0 eta 0.3 min
2026-10-07T11:07:11+00:00 [390/470] k3|LEuropa>Europa/1h|LEuropa>Callisto/1l|HCallisto/1,0,p|LCallisto>Europa/0s: 0 zeros 0 pass (0.2s) totals zeros=103 pass=0 eta 0.3 min
2026-10-07T11:07:11+00:00 [391/470] k3|LEuropa>Europa/1h|LEuropa>Callisto/1l|HCallisto/1,0,a|LCallisto>Europa/0s: 0 zeros 0 pass (0.2s) totals zeros=103 pass=0 eta 0.3 min
2026-10-07T11:07:12+00:00 [392/470] k3|LEuropa>Europa/1h|LEuropa>Callisto/1l|LCallisto>Callisto/1l|LCallisto>Europa/0s: 0 zeros 0 pass (1.2s) totals zeros=103 pass=0 eta 0.3 min
2026-10-07T11:07:13+00:00 [393/470] k3|LEuropa>Europa/1h|LEuropa>Callisto/1l|LCallisto>Callisto/1h|LCallisto>Europa/0s: 0 zeros 0 pass (1.1s) totals zeros=103 pass=0 eta 0.3 min
2026-10-07T11:07:14+00:00 [394/470] k3|LEuropa>Europa/1h|LEuropa>Callisto/1h|LCallisto>Europa/0s: 0 zeros 0 pass (0.5s) totals zeros=103 pass=0 eta 0.3 min
2026-10-07T11:07:14+00:00 [395/470] k3|LEuropa>Europa/1h|LEuropa>Callisto/1h|LCallisto>Europa/1l: 0 zeros 0 pass (0.3s) totals zeros=103 pass=0 eta 0.3 min
2026-10-07T11:07:14+00:00 [396/470] k3|LEuropa>Europa/1h|LEuropa>Callisto/1h|LCallisto>Europa/1h: 0 zeros 0 pass (0.3s) totals zeros=103 pass=0 eta 0.3 min
2026-10-07T11:07:15+00:00 [397/470] k3|LEuropa>Europa/1h|LEuropa>Callisto/1h|LCallisto>Europa/2l: 0 zeros 0 pass (0.3s) totals zeros=103 pass=0 eta 0.3 min
2026-10-07T11:07:15+00:00 [398/470] k3|LEuropa>Europa/1h|LEuropa>Callisto/1h|LCallisto>Europa/2h: 0 zeros 0 pass (0.3s) totals zeros=103 pass=0 eta 0.3 min
2026-10-07T11:07:15+00:00 [399/470] k3|LEuropa>Europa/1h|LEuropa>Callisto/1h|HCallisto/1,0,p|LCallisto>Europa/0s: 0 zeros 0 pass (0.2s) totals zeros=103 pass=0 eta 0.3 min
2026-10-07T11:07:15+00:00 [400/470] k3|LEuropa>Europa/1h|LEuropa>Callisto/1h|HCallisto/1,0,a|LCallisto>Europa/0s: 0 zeros 0 pass (0.2s) totals zeros=103 pass=0 eta 0.3 min
2026-10-07T11:07:16+00:00 [401/470] k3|LEuropa>Europa/1h|LEuropa>Callisto/1h|LCallisto>Callisto/1l|LCallisto>Europa/0s: 0 zeros 0 pass (1.0s) totals zeros=103 pass=0 eta 0.3 min
2026-10-07T11:07:18+00:00 [402/470] k3|LEuropa>Europa/1h|LEuropa>Callisto/1h|LCallisto>Callisto/1h|LCallisto>Europa/0s: 0 zeros 0 pass (1.0s) totals zeros=103 pass=0 eta 0.3 min
2026-10-07T11:07:18+00:00 [403/470] k3|LEuropa>Europa/1h|LEuropa>Callisto/2l|LCallisto>Europa/0s: 0 zeros 0 pass (0.4s) totals zeros=103 pass=0 eta 0.3 min
2026-10-07T11:07:18+00:00 [404/470] k3|LEuropa>Europa/1h|LEuropa>Callisto/2l|LCallisto>Europa/1l: 0 zeros 0 pass (0.4s) totals zeros=103 pass=0 eta 0.3 min
2026-10-07T11:07:19+00:00 [405/470] k3|LEuropa>Europa/1h|LEuropa>Callisto/2l|LCallisto>Europa/1h: 0 zeros 0 pass (0.4s) totals zeros=103 pass=0 eta 0.3 min
2026-10-07T11:07:19+00:00 [406/470] k3|LEuropa>Europa/1h|LEuropa>Callisto/2l|LCallisto>Europa/2l: 0 zeros 0 pass (0.4s) totals zeros=103 pass=0 eta 0.3 min
2026-10-07T11:07:20+00:00 [407/470] k3|LEuropa>Europa/1h|LEuropa>Callisto/2l|LCallisto>Europa/2h: 0 zeros 0 pass (0.5s) totals zeros=103 pass=0 eta 0.3 min
2026-10-07T11:07:20+00:00 [408/470] k3|LEuropa>Europa/1h|LEuropa>Callisto/2h|LCallisto>Europa/0s: 0 zeros 0 pass (0.4s) totals zeros=103 pass=0 eta 0.3 min
2026-10-07T11:07:20+00:00 [409/470] k3|LEuropa>Europa/1h|LEuropa>Callisto/2h|LCallisto>Europa/1l: 0 zeros 0 pass (0.4s) totals zeros=103 pass=0 eta 0.3 min
2026-10-07T11:07:21+00:00 [410/470] k3|LEuropa>Europa/1h|LEuropa>Callisto/2h|LCallisto>Europa/1h: 0 zeros 0 pass (0.4s) totals zeros=103 pass=0 eta 0.3 min
2026-10-07T11:07:21+00:00 [411/470] k3|LEuropa>Europa/1h|LEuropa>Callisto/2h|LCallisto>Europa/2l: 0 zeros 0 pass (0.4s) totals zeros=103 pass=0 eta 0.3 min
2026-10-07T11:07:22+00:00 [412/470] k3|LEuropa>Europa/1h|LEuropa>Callisto/2h|LCallisto>Europa/2h: 0 zeros 0 pass (0.4s) totals zeros=103 pass=0 eta 0.3 min
2026-10-07T11:07:23+00:00 [413/470] k3|LEuropa>Europa/2l|LEuropa>Callisto/0s|LCallisto>Europa/0s: 3 zeros 0 pass (1.6s) totals zeros=106 pass=0 eta 0.3 min
2026-10-07T11:07:23+00:00 [414/470] k3|LEuropa>Europa/2l|LEuropa>Callisto/0s|LCallisto>Europa/1l: 0 zeros 0 pass (0.3s) totals zeros=106 pass=0 eta 0.2 min
2026-10-07T11:07:24+00:00 [415/470] k3|LEuropa>Europa/2l|LEuropa>Callisto/0s|LCallisto>Europa/1h: 0 zeros 0 pass (0.3s) totals zeros=106 pass=0 eta 0.2 min
2026-10-07T11:07:24+00:00 [416/470] k3|LEuropa>Europa/2l|LEuropa>Callisto/0s|LCallisto>Europa/2l: 0 zeros 0 pass (0.3s) totals zeros=106 pass=0 eta 0.2 min
2026-10-07T11:07:24+00:00 [417/470] k3|LEuropa>Europa/2l|LEuropa>Callisto/0s|LCallisto>Europa/2h: 0 zeros 0 pass (0.4s) totals zeros=106 pass=0 eta 0.2 min
2026-10-07T11:07:25+00:00 [418/470] k3|LEuropa>Europa/2l|LEuropa>Callisto/0s|HCallisto/1,0,p|LCallisto>Europa/0s: 0 zeros 0 pass (0.5s) totals zeros=106 pass=0 eta 0.2 min
2026-10-07T11:07:25+00:00 [419/470] k3|LEuropa>Europa/2l|LEuropa>Callisto/0s|HCallisto/1,0,a|LCallisto>Europa/0s: 0 zeros 0 pass (0.4s) totals zeros=106 pass=0 eta 0.2 min
2026-10-07T11:07:26+00:00 [420/470] k3|LEuropa>Europa/2l|LEuropa>Callisto/0s|LCallisto>Callisto/1l|LCallisto>Europa/0s: 0 zeros 0 pass (1.0s) totals zeros=106 pass=0 eta 0.2 min
2026-10-07T11:07:27+00:00 [421/470] k3|LEuropa>Europa/2l|LEuropa>Callisto/0s|LCallisto>Callisto/1h|LCallisto>Europa/0s: 0 zeros 0 pass (1.0s) totals zeros=106 pass=0 eta 0.2 min
2026-10-07T11:07:28+00:00 [422/470] k3|LEuropa>Europa/2l|LEuropa>Callisto/1l|LCallisto>Europa/0s: 0 zeros 0 pass (0.3s) totals zeros=106 pass=0 eta 0.2 min
2026-10-07T11:07:28+00:00 [423/470] k3|LEuropa>Europa/2l|LEuropa>Callisto/1l|LCallisto>Europa/1l: 0 zeros 0 pass (0.3s) totals zeros=106 pass=0 eta 0.2 min
2026-10-07T11:07:28+00:00 [424/470] k3|LEuropa>Europa/2l|LEuropa>Callisto/1l|LCallisto>Europa/1h: 0 zeros 0 pass (0.3s) totals zeros=106 pass=0 eta 0.2 min
2026-10-07T11:07:29+00:00 [425/470] k3|LEuropa>Europa/2l|LEuropa>Callisto/1l|LCallisto>Europa/2l: 0 zeros 0 pass (0.3s) totals zeros=106 pass=0 eta 0.2 min
2026-10-07T11:07:29+00:00 [426/470] k3|LEuropa>Europa/2l|LEuropa>Callisto/1l|LCallisto>Europa/2h: 0 zeros 0 pass (0.3s) totals zeros=106 pass=0 eta 0.2 min
2026-10-07T11:07:29+00:00 [427/470] k3|LEuropa>Europa/2l|LEuropa>Callisto/1h|LCallisto>Europa/0s: 0 zeros 0 pass (0.3s) totals zeros=106 pass=0 eta 0.2 min
2026-10-07T11:07:30+00:00 [428/470] k3|LEuropa>Europa/2l|LEuropa>Callisto/1h|LCallisto>Europa/1l: 0 zeros 0 pass (0.3s) totals zeros=106 pass=0 eta 0.2 min
2026-10-07T11:07:30+00:00 [429/470] k3|LEuropa>Europa/2l|LEuropa>Callisto/1h|LCallisto>Europa/1h: 0 zeros 0 pass (0.3s) totals zeros=106 pass=0 eta 0.2 min
2026-10-07T11:07:30+00:00 [430/470] k3|LEuropa>Europa/2l|LEuropa>Callisto/1h|LCallisto>Europa/2l: 0 zeros 0 pass (0.3s) totals zeros=106 pass=0 eta 0.2 min
2026-10-07T11:07:31+00:00 [431/470] k3|LEuropa>Europa/2l|LEuropa>Callisto/1h|LCallisto>Europa/2h: 0 zeros 0 pass (0.3s) totals zeros=106 pass=0 eta 0.2 min
2026-10-07T11:07:31+00:00 [432/470] k3|LEuropa>Europa/2l|LEuropa>Callisto/2l|LCallisto>Europa/0s: 0 zeros 0 pass (0.3s) totals zeros=106 pass=0 eta 0.2 min
2026-10-07T11:07:31+00:00 [433/470] k3|LEuropa>Europa/2l|LEuropa>Callisto/2l|LCallisto>Europa/1l: 0 zeros 0 pass (0.3s) totals zeros=106 pass=0 eta 0.2 min
2026-10-07T11:07:32+00:00 [434/470] k3|LEuropa>Europa/2l|LEuropa>Callisto/2l|LCallisto>Europa/1h: 0 zeros 0 pass (0.3s) totals zeros=106 pass=0 eta 0.2 min
2026-10-07T11:07:32+00:00 [435/470] k3|LEuropa>Europa/2l|LEuropa>Callisto/2l|LCallisto>Europa/2l: 0 zeros 0 pass (0.3s) totals zeros=106 pass=0 eta 0.2 min
2026-10-07T11:07:32+00:00 [436/470] k3|LEuropa>Europa/2l|LEuropa>Callisto/2l|LCallisto>Europa/2h: 0 zeros 0 pass (0.3s) totals zeros=106 pass=0 eta 0.2 min
2026-10-07T11:07:33+00:00 [437/470] k3|LEuropa>Europa/2l|LEuropa>Callisto/2h|LCallisto>Europa/0s: 0 zeros 0 pass (0.3s) totals zeros=106 pass=0 eta 0.2 min
2026-10-07T11:07:33+00:00 [438/470] k3|LEuropa>Europa/2l|LEuropa>Callisto/2h|LCallisto>Europa/1l: 0 zeros 0 pass (0.3s) totals zeros=106 pass=0 eta 0.1 min
2026-10-07T11:07:33+00:00 [439/470] k3|LEuropa>Europa/2l|LEuropa>Callisto/2h|LCallisto>Europa/1h: 0 zeros 0 pass (0.3s) totals zeros=106 pass=0 eta 0.1 min
2026-10-07T11:07:34+00:00 [440/470] k3|LEuropa>Europa/2l|LEuropa>Callisto/2h|LCallisto>Europa/2l: 0 zeros 0 pass (0.4s) totals zeros=106 pass=0 eta 0.1 min
2026-10-07T11:07:34+00:00 [441/470] k3|LEuropa>Europa/2l|LEuropa>Callisto/2h|LCallisto>Europa/2h: 0 zeros 0 pass (0.4s) totals zeros=106 pass=0 eta 0.1 min
2026-10-07T11:07:35+00:00 [442/470] k3|LEuropa>Europa/2h|LEuropa>Callisto/0s|LCallisto>Europa/0s: 4 zeros 0 pass (1.1s) totals zeros=110 pass=0 eta 0.1 min
2026-10-07T11:07:35+00:00 [443/470] k3|LEuropa>Europa/2h|LEuropa>Callisto/0s|LCallisto>Europa/1l: 0 zeros 0 pass (0.4s) totals zeros=110 pass=0 eta 0.1 min
2026-10-07T11:07:36+00:00 [444/470] k3|LEuropa>Europa/2h|LEuropa>Callisto/0s|LCallisto>Europa/1h: 0 zeros 0 pass (0.4s) totals zeros=110 pass=0 eta 0.1 min
2026-10-07T11:07:36+00:00 [445/470] k3|LEuropa>Europa/2h|LEuropa>Callisto/0s|LCallisto>Europa/2l: 0 zeros 0 pass (0.4s) totals zeros=110 pass=0 eta 0.1 min
2026-10-07T11:07:37+00:00 [446/470] k3|LEuropa>Europa/2h|LEuropa>Callisto/0s|LCallisto>Europa/2h: 0 zeros 0 pass (0.4s) totals zeros=110 pass=0 eta 0.1 min
2026-10-07T11:07:37+00:00 [447/470] k3|LEuropa>Europa/2h|LEuropa>Callisto/0s|HCallisto/1,0,p|LCallisto>Europa/0s: 1 zeros 0 pass (0.6s) totals zeros=111 pass=0 eta 0.1 min
2026-10-07T11:07:38+00:00 [448/470] k3|LEuropa>Europa/2h|LEuropa>Callisto/0s|HCallisto/1,0,a|LCallisto>Europa/0s: 1 zeros 0 pass (0.6s) totals zeros=112 pass=0 eta 0.1 min
2026-10-07T11:07:39+00:00 [449/470] k3|LEuropa>Europa/2h|LEuropa>Callisto/0s|LCallisto>Callisto/1l|LCallisto>Europa/0s: 0 zeros 0 pass (1.2s) totals zeros=112 pass=0 eta 0.1 min
2026-10-07T11:07:40+00:00 [450/470] k3|LEuropa>Europa/2h|LEuropa>Callisto/0s|LCallisto>Callisto/1h|LCallisto>Europa/0s: 0 zeros 0 pass (1.0s) totals zeros=112 pass=0 eta 0.1 min
2026-10-07T11:07:40+00:00 [451/470] k3|LEuropa>Europa/2h|LEuropa>Callisto/1l|LCallisto>Europa/0s: 0 zeros 0 pass (0.6s) totals zeros=112 pass=0 eta 0.1 min
2026-10-07T11:07:41+00:00 [452/470] k3|LEuropa>Europa/2h|LEuropa>Callisto/1l|LCallisto>Europa/1l: 0 zeros 0 pass (0.4s) totals zeros=112 pass=0 eta 0.1 min
2026-10-07T11:07:41+00:00 [453/470] k3|LEuropa>Europa/2h|LEuropa>Callisto/1l|LCallisto>Europa/1h: 0 zeros 0 pass (0.3s) totals zeros=112 pass=0 eta 0.1 min
2026-10-07T11:07:42+00:00 [454/470] k3|LEuropa>Europa/2h|LEuropa>Callisto/1l|LCallisto>Europa/2l: 0 zeros 0 pass (0.4s) totals zeros=112 pass=0 eta 0.1 min
2026-10-07T11:07:42+00:00 [455/470] k3|LEuropa>Europa/2h|LEuropa>Callisto/1l|LCallisto>Europa/2h: 0 zeros 0 pass (0.4s) totals zeros=112 pass=0 eta 0.1 min
2026-10-07T11:07:42+00:00 [456/470] k3|LEuropa>Europa/2h|LEuropa>Callisto/1h|LCallisto>Europa/0s: 0 zeros 0 pass (0.4s) totals zeros=112 pass=0 eta 0.1 min
2026-10-07T11:07:43+00:00 [457/470] k3|LEuropa>Europa/2h|LEuropa>Callisto/1h|LCallisto>Europa/1l: 0 zeros 0 pass (0.4s) totals zeros=112 pass=0 eta 0.1 min
2026-10-07T11:07:43+00:00 [458/470] k3|LEuropa>Europa/2h|LEuropa>Callisto/1h|LCallisto>Europa/1h: 0 zeros 0 pass (0.4s) totals zeros=112 pass=0 eta 0.1 min
2026-10-07T11:07:44+00:00 [459/470] k3|LEuropa>Europa/2h|LEuropa>Callisto/1h|LCallisto>Europa/2l: 0 zeros 0 pass (0.5s) totals zeros=112 pass=0 eta 0.1 min
2026-10-07T11:07:44+00:00 [460/470] k3|LEuropa>Europa/2h|LEuropa>Callisto/1h|LCallisto>Europa/2h: 0 zeros 0 pass (0.4s) totals zeros=112 pass=0 eta 0.0 min
2026-10-07T11:07:44+00:00 [461/470] k3|LEuropa>Europa/2h|LEuropa>Callisto/2l|LCallisto>Europa/0s: 0 zeros 0 pass (0.4s) totals zeros=112 pass=0 eta 0.0 min
2026-10-07T11:07:45+00:00 [462/470] k3|LEuropa>Europa/2h|LEuropa>Callisto/2l|LCallisto>Europa/1l: 0 zeros 0 pass (0.4s) totals zeros=112 pass=0 eta 0.0 min
2026-10-07T11:07:45+00:00 [463/470] k3|LEuropa>Europa/2h|LEuropa>Callisto/2l|LCallisto>Europa/1h: 0 zeros 0 pass (0.4s) totals zeros=112 pass=0 eta 0.0 min
2026-10-07T11:07:45+00:00 [464/470] k3|LEuropa>Europa/2h|LEuropa>Callisto/2l|LCallisto>Europa/2l: 0 zeros 0 pass (0.4s) totals zeros=112 pass=0 eta 0.0 min
2026-10-07T11:07:46+00:00 [465/470] k3|LEuropa>Europa/2h|LEuropa>Callisto/2l|LCallisto>Europa/2h: 0 zeros 0 pass (0.4s) totals zeros=112 pass=0 eta 0.0 min
2026-10-07T11:07:46+00:00 [466/470] k3|LEuropa>Europa/2h|LEuropa>Callisto/2h|LCallisto>Europa/0s: 0 zeros 0 pass (0.4s) totals zeros=112 pass=0 eta 0.0 min
2026-10-07T11:07:47+00:00 [467/470] k3|LEuropa>Europa/2h|LEuropa>Callisto/2h|LCallisto>Europa/1l: 0 zeros 0 pass (0.4s) totals zeros=112 pass=0 eta 0.0 min
2026-10-07T11:07:47+00:00 [468/470] k3|LEuropa>Europa/2h|LEuropa>Callisto/2h|LCallisto>Europa/1h: 0 zeros 0 pass (0.4s) totals zeros=112 pass=0 eta 0.0 min
2026-10-07T11:07:48+00:00 [469/470] k3|LEuropa>Europa/2h|LEuropa>Callisto/2h|LCallisto>Europa/2l: 0 zeros 0 pass (0.4s) totals zeros=112 pass=0 eta 0.0 min
2026-10-07T11:07:48+00:00 [470/470] k3|LEuropa>Europa/2h|LEuropa>Callisto/2h|LCallisto>Europa/2h: 0 zeros 0 pass (0.4s) totals zeros=112 pass=0 eta 0.0 min
2026-10-07T11:07:48+00:00 DONE structures=470 zeros=112 pass=0 structure_errors=0 zero_assessment_errors=0
