2026-10-07T10:22:37+00:00 cell gc k=4: 4068 structures (T = 50.09 d)
2026-10-07T10:22:37+00:00 total to run: 509 (shard 0/8)
2026-10-07T10:22:39+00:00 [1/509] k4|LGanymede>Callisto/0s|LCallisto>Ganymede/0s: 4 zeros 0 pass (1.3s) totals zeros=4 pass=0 eta 11.4 min
2026-10-07T10:22:41+00:00 [2/509] k4|LGanymede>Callisto/0s|RCallisto/1:1|LCallisto>Ganymede/2l: 1 zeros 0 pass (2.7s) totals zeros=5 pass=0 eta 16.9 min
2026-10-07T10:22:43+00:00 [3/509] k4|LGanymede>Callisto/0s|RCallisto/1:2|LCallisto>Ganymede/1l: 3 zeros 0 pass (1.4s) totals zeros=8 pass=0 eta 15.1 min
2026-10-07T10:22:43+00:00 [4/509] k4|LGanymede>Callisto/0s|RCallisto/2:3|LCallisto>Ganymede/2h: 1 zeros 0 pass (0.3s) totals zeros=9 pass=0 eta 11.9 min
2026-10-07T10:22:43+00:00 [5/509] k4|LGanymede>Callisto/0s|HCallisto/1,0,a|LCallisto>Ganymede/1h: 3 zeros 0 pass (0.6s) totals zeros=12 pass=0 eta 10.5 min
2026-10-07T10:22:44+00:00 [6/509] k4|LGanymede>Callisto/0s|HCallisto/3,1,a|LCallisto>Ganymede/0s: 6 zeros 0 pass (0.6s) totals zeros=18 pass=0 eta 9.6 min
2026-10-07T10:22:53+00:00 [7/509] k4|LGanymede>Callisto/0s|LCallisto>Callisto/1l|LCallisto>Ganymede/2l: 1 zeros 0 pass (8.8s) totals zeros=19 pass=0 eta 18.7 min
2026-10-07T10:22:54+00:00 [8/509] k4|LGanymede>Callisto/0s|LCallisto>Callisto/2l|LCallisto>Ganymede/1l: 1 zeros 0 pass (1.4s) totals zeros=20 pass=0 eta 17.8 min
2026-10-07T10:22:55+00:00 [9/509] k4|LGanymede>Callisto/0s|LCallisto>Callisto/2h|LCallisto>Ganymede/2h: 0 zeros 0 pass (1.0s) totals zeros=20 pass=0 eta 16.7 min
2026-10-07T10:22:59+00:00 [10/509] k4|LGanymede>Callisto/1l|RCallisto/1:1|LCallisto>Ganymede/1h: 0 zeros 0 pass (3.6s) totals zeros=20 pass=0 eta 18.0 min
2026-10-07T10:23:00+00:00 [11/509] k4|LGanymede>Callisto/1l|RCallisto/1:2|LCallisto>Ganymede/0s: 3 zeros 0 pass (1.3s) totals zeros=23 pass=0 eta 17.3 min
2026-10-07T10:23:00+00:00 [12/509] k4|LGanymede>Callisto/1l|RCallisto/2:3|LCallisto>Ganymede/2l: 0 zeros 0 pass (0.0s) totals zeros=23 pass=0 eta 15.9 min
2026-10-07T10:23:01+00:00 [13/509] k4|LGanymede>Callisto/1l|HCallisto/1,0,a|LCallisto>Ganymede/1l: 2 zeros 0 pass (0.6s) totals zeros=25 pass=0 eta 15.0 min
2026-10-07T10:23:01+00:00 [14/509] k4|LGanymede>Callisto/1l|HCallisto/3,1,p|LCallisto>Ganymede/2h: 0 zeros 0 pass (0.1s) totals zeros=25 pass=0 eta 14.0 min
2026-10-07T10:23:06+00:00 [15/509] k4|LGanymede>Callisto/1l|LCallisto>Callisto/1l|LCallisto>Ganymede/1h: 1 zeros 0 pass (5.0s) totals zeros=26 pass=0 eta 15.8 min
2026-10-07T10:23:08+00:00 [16/509] k4|LGanymede>Callisto/1l|LCallisto>Callisto/2l|LCallisto>Ganymede/0s: 1 zeros 0 pass (1.6s) totals zeros=27 pass=0 eta 15.6 min
2026-10-07T10:23:08+00:00 [17/509] k4|LGanymede>Callisto/1l|LCallisto>Callisto/2h|LCallisto>Ganymede/2l: 0 zeros 0 pass (0.8s) totals zeros=27 pass=0 eta 15.0 min
2026-10-07T10:23:13+00:00 [18/509] k4|LGanymede>Callisto/1h|RCallisto/1:1|LCallisto>Ganymede/1l: 0 zeros 0 pass (4.4s) totals zeros=27 pass=0 eta 16.2 min
2026-10-07T10:23:13+00:00 [19/509] k4|LGanymede>Callisto/1h|RCallisto/2:1|LCallisto>Ganymede/2h: 0 zeros 0 pass (0.2s) totals zeros=27 pass=0 eta 15.3 min
2026-10-07T10:23:13+00:00 [20/509] k4|LGanymede>Callisto/1h|RCallisto/2:3|LCallisto>Ganymede/1h: 0 zeros 0 pass (0.0s) totals zeros=27 pass=0 eta 14.6 min
2026-10-07T10:23:14+00:00 [21/509] k4|LGanymede>Callisto/1h|HCallisto/1,0,a|LCallisto>Ganymede/0s: 3 zeros 0 pass (0.5s) totals zeros=30 pass=0 eta 14.0 min
2026-10-07T10:23:14+00:00 [22/509] k4|LGanymede>Callisto/1h|HCallisto/3,1,p|LCallisto>Ganymede/2l: 0 zeros 0 pass (0.1s) totals zeros=30 pass=0 eta 13.4 min
2026-10-07T10:23:19+00:00 [23/509] k4|LGanymede>Callisto/1h|LCallisto>Callisto/1l|LCallisto>Ganymede/1l: 1 zeros 0 pass (4.9s) totals zeros=31 pass=0 eta 14.5 min
2026-10-07T10:23:23+00:00 [24/509] k4|LGanymede>Callisto/1h|LCallisto>Callisto/1h|LCallisto>Ganymede/2h: 0 zeros 0 pass (4.5s) totals zeros=31 pass=0 eta 15.4 min
2026-10-07T10:23:24+00:00 [25/509] k4|LGanymede>Callisto/1h|LCallisto>Callisto/2h|LCallisto>Ganymede/1h: 0 zeros 0 pass (1.0s) totals zeros=31 pass=0 eta 15.1 min
2026-10-07T10:23:26+00:00 [26/509] k4|LGanymede>Callisto/2l|RCallisto/1:1|LCallisto>Ganymede/0s: 1 zeros 0 pass (2.3s) totals zeros=32 pass=0 eta 15.2 min
2026-10-07T10:23:27+00:00 [27/509] k4|LGanymede>Callisto/2l|RCallisto/2:1|LCallisto>Ganymede/2l: 0 zeros 0 pass (0.1s) totals zeros=32 pass=0 eta 14.7 min
2026-10-07T10:23:27+00:00 [28/509] k4|LGanymede>Callisto/2l|RCallisto/2:3|LCallisto>Ganymede/1l: 0 zeros 0 pass (0.1s) totals zeros=32 pass=0 eta 14.1 min
2026-10-07T10:23:27+00:00 [29/509] k4|LGanymede>Callisto/2l|HCallisto/1,0,p|LCallisto>Ganymede/2h: 0 zeros 0 pass (0.1s) totals zeros=32 pass=0 eta 13.6 min
2026-10-07T10:23:27+00:00 [30/509] k4|LGanymede>Callisto/2l|HCallisto/3,1,p|LCallisto>Ganymede/1h: 0 zeros 0 pass (0.1s) totals zeros=32 pass=0 eta 13.2 min
2026-10-07T10:23:35+00:00 [31/509] k4|LGanymede>Callisto/2l|LCallisto>Callisto/1l|LCallisto>Ganymede/0s: 1 zeros 0 pass (8.0s) totals zeros=33 pass=0 eta 14.8 min
2026-10-07T10:23:36+00:00 [32/509] k4|LGanymede>Callisto/2l|LCallisto>Callisto/1h|LCallisto>Ganymede/2l: 0 zeros 0 pass (0.9s) totals zeros=33 pass=0 eta 14.5 min
2026-10-07T10:23:36+00:00 [33/509] k4|LGanymede>Callisto/2l|LCallisto>Callisto/2h|LCallisto>Ganymede/1l: 0 zeros 0 pass (0.6s) totals zeros=33 pass=0 eta 14.2 min
2026-10-07T10:23:37+00:00 [34/509] k4|LGanymede>Callisto/2h|LCallisto>Ganymede/2h: 2 zeros 0 pass (1.0s) totals zeros=35 pass=0 eta 14.0 min
2026-10-07T10:23:37+00:00 [35/509] k4|LGanymede>Callisto/2h|RCallisto/2:1|LCallisto>Ganymede/1h: 0 zeros 0 pass (0.1s) totals zeros=35 pass=0 eta 13.6 min
2026-10-07T10:23:38+00:00 [36/509] k4|LGanymede>Callisto/2h|RCallisto/2:3|LCallisto>Ganymede/0s: 1 zeros 0 pass (0.3s) totals zeros=36 pass=0 eta 13.2 min
2026-10-07T10:23:38+00:00 [37/509] k4|LGanymede>Callisto/2h|HCallisto/1,0,p|LCallisto>Ganymede/2l: 0 zeros 0 pass (0.1s) totals zeros=36 pass=0 eta 12.9 min
2026-10-07T10:23:38+00:00 [38/509] k4|LGanymede>Callisto/2h|HCallisto/3,1,p|LCallisto>Ganymede/1l: 0 zeros 0 pass (0.1s) totals zeros=36 pass=0 eta 12.5 min
2026-10-07T10:23:38+00:00 [39/509] k4|LGanymede>Callisto/2h|HCallisto/3,1,a|LCallisto>Ganymede/2h: 0 zeros 0 pass (0.1s) totals zeros=36 pass=0 eta 12.2 min
2026-10-07T10:23:42+00:00 [40/509] k4|LGanymede>Callisto/2h|LCallisto>Callisto/1h|LCallisto>Ganymede/1h: 0 zeros 0 pass (4.5s) totals zeros=36 pass=0 eta 12.7 min
2026-10-07T10:23:44+00:00 [41/509] k4|LGanymede>Callisto/2h|LCallisto>Callisto/2h|LCallisto>Ganymede/0s: 0 zeros 0 pass (1.1s) totals zeros=36 pass=0 eta 12.6 min
2026-10-07T10:23:45+00:00 [42/509] k4|RGanymede/1:1|LGanymede>Callisto/0s|LCallisto>Ganymede/2l: 3 zeros 0 pass (1.5s) totals zeros=39 pass=0 eta 12.6 min
2026-10-07T10:23:45+00:00 [43/509] k4|RGanymede/1:1|LGanymede>Callisto/0s|RCallisto/2:1|LCallisto>Ganymede/1l: 0 zeros 0 pass (0.4s) totals zeros=39 pass=0 eta 12.3 min
2026-10-07T10:23:47+00:00 [44/509] k4|RGanymede/1:1|LGanymede>Callisto/0s|RCallisto/1:2|LCallisto>Ganymede/2h: 4 zeros 0 pass (1.5s) totals zeros=43 pass=0 eta 12.3 min
2026-10-07T10:23:48+00:00 [45/509] k4|RGanymede/1:1|LGanymede>Callisto/0s|HCallisto/1,0,p|LCallisto>Ganymede/1h: 4 zeros 0 pass (0.6s) totals zeros=47 pass=0 eta 12.1 min
2026-10-07T10:23:48+00:00 [46/509] k4|RGanymede/1:1|LGanymede>Callisto/0s|HCallisto/3,1,p|LCallisto>Ganymede/0s: 6 zeros 0 pass (0.8s) totals zeros=53 pass=0 eta 11.9 min
2026-10-07T10:23:49+00:00 [47/509] k4|RGanymede/1:1|LGanymede>Callisto/0s|HCallisto/3,1,a|LCallisto>Ganymede/2l: 0 zeros 0 pass (0.2s) totals zeros=53 pass=0 eta 11.7 min
2026-10-07T10:23:52+00:00 [48/509] k4|RGanymede/1:1|LGanymede>Callisto/0s|LCallisto>Callisto/1h|LCallisto>Ganymede/1l: 3 zeros 0 pass (3.6s) totals zeros=56 pass=0 eta 12.0 min
2026-10-07T10:23:53+00:00 [49/509] k4|RGanymede/1:1|LGanymede>Callisto/0s|LCallisto>Callisto/2l|LCallisto>Ganymede/2h: 0 zeros 0 pass (0.8s) totals zeros=56 pass=0 eta 11.9 min
2026-10-07T10:23:55+00:00 [50/509] k4|RGanymede/1:1|LGanymede>Callisto/1l|LCallisto>Ganymede/1h: 2 zeros 0 pass (2.3s) totals zeros=58 pass=0 eta 11.9 min
2026-10-07T10:23:55+00:00 [51/509] k4|RGanymede/1:1|LGanymede>Callisto/1l|RCallisto/2:1|LCallisto>Ganymede/0s: 0 zeros 0 pass (0.1s) totals zeros=58 pass=0 eta 11.7 min
2026-10-07T10:23:55+00:00 [52/509] k4|RGanymede/1:1|LGanymede>Callisto/1l|RCallisto/2:3|LCallisto>Ganymede/0s: 0 zeros 0 pass (0.0s) totals zeros=58 pass=0 eta 11.5 min
2026-10-07T10:23:56+00:00 [53/509] k4|RGanymede/1:1|LGanymede>Callisto/1l|HCallisto/1,0,a|LCallisto>Ganymede/0s: 4 zeros 0 pass (1.0s) totals zeros=62 pass=0 eta 11.4 min
2026-10-07T10:23:57+00:00 [54/509] k4|RGanymede/1:1|LGanymede>Callisto/1l|HCallisto/3,1,p|LCallisto>Ganymede/2l: 0 zeros 0 pass (0.1s) totals zeros=62 pass=0 eta 11.1 min
2026-10-07T10:23:58+00:00 [55/509] k4|RGanymede/1:1|LGanymede>Callisto/1l|LCallisto>Callisto/1l|LCallisto>Ganymede/1l: 0 zeros 0 pass (1.4s) totals zeros=62 pass=0 eta 11.1 min
2026-10-07T10:23:59+00:00 [56/509] k4|RGanymede/1:1|LGanymede>Callisto/1l|LCallisto>Callisto/1h|LCallisto>Ganymede/2h: 0 zeros 0 pass (1.5s) totals zeros=62 pass=0 eta 11.1 min
2026-10-07T10:24:00+00:00 [57/509] k4|RGanymede/1:1|LGanymede>Callisto/1l|LCallisto>Callisto/2h|LCallisto>Ganymede/1h: 0 zeros 0 pass (0.7s) totals zeros=62 pass=0 eta 11.0 min
2026-10-07T10:24:03+00:00 [58/509] k4|RGanymede/1:1|LGanymede>Callisto/1h|RCallisto/1:1|LCallisto>Ganymede/0s: 5 zeros 0 pass (2.3s) totals zeros=67 pass=0 eta 11.0 min
2026-10-07T10:24:04+00:00 [59/509] k4|RGanymede/1:1|LGanymede>Callisto/1h|RCallisto/1:2|LCallisto>Ganymede/0s: 5 zeros 0 pass (1.8s) totals zeros=72 pass=0 eta 11.1 min
2026-10-07T10:24:05+00:00 [60/509] k4|RGanymede/1:1|LGanymede>Callisto/1h|HCallisto/1,0,p|LCallisto>Ganymede/0s: 4 zeros 0 pass (0.5s) totals zeros=76 pass=0 eta 10.9 min
2026-10-07T10:24:06+00:00 [61/509] k4|RGanymede/1:1|LGanymede>Callisto/1h|HCallisto/1,0,a|LCallisto>Ganymede/2l: 0 zeros 0 pass (0.7s) totals zeros=76 pass=0 eta 10.8 min
2026-10-07T10:24:06+00:00 [62/509] k4|RGanymede/1:1|LGanymede>Callisto/1h|HCallisto/3,1,a|LCallisto>Ganymede/1l: 0 zeros 0 pass (0.2s) totals zeros=76 pass=0 eta 10.6 min
2026-10-07T10:24:07+00:00 [63/509] k4|RGanymede/1:1|LGanymede>Callisto/1h|LCallisto>Callisto/1l|LCallisto>Ganymede/2h: 1 zeros 0 pass (1.0s) totals zeros=77 pass=0 eta 10.6 min
2026-10-07T10:24:08+00:00 [64/509] k4|RGanymede/1:1|LGanymede>Callisto/1h|LCallisto>Callisto/2l|LCallisto>Ganymede/1h: 0 zeros 0 pass (0.7s) totals zeros=77 pass=0 eta 10.5 min
2026-10-07T10:24:10+00:00 [65/509] k4|RGanymede/1:1|LGanymede>Callisto/2l|LCallisto>Ganymede/0s: 2 zeros 0 pass (2.1s) totals zeros=79 pass=0 eta 10.5 min
2026-10-07T10:24:10+00:00 [66/509] k4|RGanymede/1:1|LGanymede>Callisto/2l|RCallisto/1:1|LCallisto>Ganymede/2l: 0 zeros 0 pass (0.1s) totals zeros=79 pass=0 eta 10.4 min
2026-10-07T10:24:10+00:00 [67/509] k4|RGanymede/1:1|LGanymede>Callisto/2l|RCallisto/2:3|LCallisto>Ganymede/0s: 0 zeros 0 pass (0.1s) totals zeros=79 pass=0 eta 10.2 min
2026-10-07T10:24:11+00:00 [68/509] k4|RGanymede/1:1|LGanymede>Callisto/2l|HCallisto/1,0,a|LCallisto>Ganymede/1h: 0 zeros 0 pass (1.0s) totals zeros=79 pass=0 eta 10.1 min
2026-10-07T10:24:11+00:00 [69/509] k4|RGanymede/1:1|LGanymede>Callisto/2l|HCallisto/3,1,a|LCallisto>Ganymede/0s: 0 zeros 0 pass (0.4s) totals zeros=79 pass=0 eta 10.0 min
2026-10-07T10:24:12+00:00 [70/509] k4|RGanymede/1:1|LGanymede>Callisto/2l|LCallisto>Callisto/1l|LCallisto>Ganymede/2l: 0 zeros 0 pass (0.9s) totals zeros=79 pass=0 eta 9.9 min
2026-10-07T10:24:13+00:00 [71/509] k4|RGanymede/1:1|LGanymede>Callisto/2l|LCallisto>Callisto/2l|LCallisto>Ganymede/1l: 0 zeros 0 pass (1.0s) totals zeros=79 pass=0 eta 9.9 min
2026-10-07T10:24:14+00:00 [72/509] k4|RGanymede/1:1|LGanymede>Callisto/2l|LCallisto>Callisto/2h|LCallisto>Ganymede/2h: 0 zeros 0 pass (1.0s) totals zeros=79 pass=0 eta 9.8 min
2026-10-07T10:24:15+00:00 [73/509] k4|RGanymede/1:1|LGanymede>Callisto/2h|RCallisto/1:1|LCallisto>Ganymede/1h: 2 zeros 0 pass (0.6s) totals zeros=81 pass=0 eta 9.7 min
2026-10-07T10:24:15+00:00 [74/509] k4|RGanymede/1:1|LGanymede>Callisto/2h|RCallisto/1:2|LCallisto>Ganymede/2h: 0 zeros 0 pass (0.2s) totals zeros=81 pass=0 eta 9.6 min
2026-10-07T10:24:16+00:00 [75/509] k4|RGanymede/1:1|LGanymede>Callisto/2h|HCallisto/1,0,a|LCallisto>Ganymede/1l: 0 zeros 0 pass (0.8s) totals zeros=81 pass=0 eta 9.5 min
2026-10-07T10:24:16+00:00 [76/509] k4|RGanymede/1:1|LGanymede>Callisto/2h|HCallisto/3,1,p|LCallisto>Ganymede/2h: 0 zeros 0 pass (0.1s) totals zeros=81 pass=0 eta 9.4 min
2026-10-07T10:24:17+00:00 [77/509] k4|RGanymede/1:1|LGanymede>Callisto/2h|LCallisto>Callisto/1l|LCallisto>Ganymede/1h: 1 zeros 0 pass (0.9s) totals zeros=82 pass=0 eta 9.3 min
2026-10-07T10:24:18+00:00 [78/509] k4|RGanymede/1:1|LGanymede>Callisto/2h|LCallisto>Callisto/2l|LCallisto>Ganymede/0s: 0 zeros 0 pass (0.9s) totals zeros=82 pass=0 eta 9.2 min
2026-10-07T10:24:19+00:00 [79/509] k4|RGanymede/1:1|LGanymede>Callisto/2h|LCallisto>Callisto/2h|LCallisto>Ganymede/2l: 0 zeros 0 pass (0.9s) totals zeros=82 pass=0 eta 9.2 min
2026-10-07T10:24:20+00:00 [80/509] k4|RGanymede/2:1|LGanymede>Callisto/0s|RCallisto/1:1|LCallisto>Ganymede/1l: 1 zeros 0 pass (1.7s) totals zeros=83 pass=0 eta 9.2 min
2026-10-07T10:24:21+00:00 [81/509] k4|RGanymede/2:1|LGanymede>Callisto/0s|RCallisto/1:2|LCallisto>Ganymede/2l: 0 zeros 0 pass (0.2s) totals zeros=83 pass=0 eta 9.1 min
2026-10-07T10:24:22+00:00 [82/509] k4|RGanymede/2:1|LGanymede>Callisto/0s|HCallisto/1,0,a|LCallisto>Ganymede/0s: 6 zeros 0 pass (1.0s) totals zeros=89 pass=0 eta 9.1 min
2026-10-07T10:24:22+00:00 [83/509] k4|RGanymede/2:1|LGanymede>Callisto/0s|HCallisto/3,1,p|LCallisto>Ganymede/2l: 0 zeros 0 pass (0.1s) totals zeros=89 pass=0 eta 8.9 min
2026-10-07T10:24:26+00:00 [84/509] k4|RGanymede/2:1|LGanymede>Callisto/0s|LCallisto>Callisto/1l|LCallisto>Ganymede/1l: 1 zeros 0 pass (4.4s) totals zeros=90 pass=0 eta 9.2 min
2026-10-07T10:24:28+00:00 [85/509] k4|RGanymede/2:1|LGanymede>Callisto/0s|LCallisto>Callisto/1h|LCallisto>Ganymede/2h: 0 zeros 0 pass (2.3s) totals zeros=90 pass=0 eta 9.2 min
2026-10-07T10:24:29+00:00 [86/509] k4|RGanymede/2:1|LGanymede>Callisto/0s|LCallisto>Callisto/2h|LCallisto>Ganymede/1h: 0 zeros 0 pass (0.9s) totals zeros=90 pass=0 eta 9.2 min
2026-10-07T10:24:32+00:00 [87/509] k4|RGanymede/2:1|LGanymede>Callisto/1l|RCallisto/1:1|LCallisto>Ganymede/0s: 1 zeros 0 pass (2.3s) totals zeros=91 pass=0 eta 9.2 min
2026-10-07T10:24:32+00:00 [88/509] k4|RGanymede/2:1|LGanymede>Callisto/1l|RCallisto/1:2|LCallisto>Ganymede/2l: 0 zeros 0 pass (0.1s) totals zeros=91 pass=0 eta 9.1 min
2026-10-07T10:24:33+00:00 [89/509] k4|RGanymede/2:1|LGanymede>Callisto/1l|HCallisto/1,0,a|LCallisto>Ganymede/1l: 1 zeros 0 pass (0.8s) totals zeros=92 pass=0 eta 9.1 min
2026-10-07T10:24:33+00:00 [90/509] k4|RGanymede/2:1|LGanymede>Callisto/1l|HCallisto/3,1,a|LCallisto>Ganymede/1l: 0 zeros 0 pass (0.1s) totals zeros=92 pass=0 eta 9.0 min
2026-10-07T10:24:33+00:00 [91/509] k4|RGanymede/2:1|LGanymede>Callisto/1l|LCallisto>Callisto/1h|LCallisto>Ganymede/1l: 0 zeros 0 pass (0.6s) totals zeros=92 pass=0 eta 8.9 min
2026-10-07T10:24:34+00:00 [92/509] k4|RGanymede/2:1|LGanymede>Callisto/1l|LCallisto>Callisto/2l|LCallisto>Ganymede/2h: 0 zeros 0 pass (0.5s) totals zeros=92 pass=0 eta 8.8 min
2026-10-07T10:24:35+00:00 [93/509] k4|RGanymede/2:1|LGanymede>Callisto/1h|LCallisto>Ganymede/1h: 4 zeros 0 pass (1.7s) totals zeros=96 pass=0 eta 8.8 min
2026-10-07T10:24:37+00:00 [94/509] k4|RGanymede/2:1|LGanymede>Callisto/1h|RCallisto/1:2|LCallisto>Ganymede/0s: 3 zeros 0 pass (1.9s) totals zeros=99 pass=0 eta 8.8 min
2026-10-07T10:24:37+00:00 [95/509] k4|RGanymede/2:1|LGanymede>Callisto/1h|HCallisto/1,0,p|LCallisto>Ganymede/2l: 0 zeros 0 pass (0.1s) totals zeros=99 pass=0 eta 8.7 min
2026-10-07T10:24:37+00:00 [96/509] k4|RGanymede/2:1|LGanymede>Callisto/1h|HCallisto/3,1,p|LCallisto>Ganymede/1l: 0 zeros 0 pass (0.1s) totals zeros=99 pass=0 eta 8.6 min
2026-10-07T10:24:38+00:00 [97/509] k4|RGanymede/2:1|LGanymede>Callisto/1h|LCallisto>Callisto/1l|LCallisto>Ganymede/2l: 0 zeros 0 pass (0.6s) totals zeros=99 pass=0 eta 8.6 min
2026-10-07T10:24:39+00:00 [98/509] k4|RGanymede/2:1|LGanymede>Callisto/1h|LCallisto>Callisto/2l|LCallisto>Ganymede/1l: 0 zeros 0 pass (0.7s) totals zeros=99 pass=0 eta 8.5 min
2026-10-07T10:24:39+00:00 [99/509] k4|RGanymede/2:1|LGanymede>Callisto/1h|LCallisto>Callisto/2h|LCallisto>Ganymede/2h: 0 zeros 0 pass (0.5s) totals zeros=99 pass=0 eta 8.4 min
2026-10-07T10:24:39+00:00 [100/509] k4|RGanymede/2:1|LGanymede>Callisto/2l|RCallisto/1:1|LCallisto>Ganymede/1h: 0 zeros 0 pass (0.1s) totals zeros=99 pass=0 eta 8.3 min
2026-10-07T10:24:40+00:00 [101/509] k4|RGanymede/2:1|LGanymede>Callisto/2l|HCallisto/1,0,p|LCallisto>Ganymede/0s: 4 zeros 0 pass (0.9s) totals zeros=103 pass=0 eta 8.3 min
2026-10-07T10:24:40+00:00 [102/509] k4|RGanymede/2:1|LGanymede>Callisto/2l|HCallisto/1,0,a|LCallisto>Ganymede/2l: 0 zeros 0 pass (0.1s) totals zeros=103 pass=0 eta 8.2 min
2026-10-07T10:24:41+00:00 [103/509] k4|RGanymede/2:1|LGanymede>Callisto/2l|LCallisto>Callisto/1l|LCallisto>Ganymede/2h: 0 zeros 0 pass (0.8s) totals zeros=103 pass=0 eta 8.1 min
2026-10-07T10:24:42+00:00 [104/509] k4|RGanymede/2:1|LGanymede>Callisto/2l|LCallisto>Callisto/2l|LCallisto>Ganymede/1h: 0 zeros 0 pass (0.8s) totals zeros=103 pass=0 eta 8.1 min
2026-10-07T10:24:43+00:00 [105/509] k4|RGanymede/2:1|LGanymede>Callisto/2h|LCallisto>Ganymede/0s: 4 zeros 0 pass (1.4s) totals zeros=107 pass=0 eta 8.1 min
2026-10-07T10:24:43+00:00 [106/509] k4|RGanymede/2:1|LGanymede>Callisto/2h|RCallisto/1:1|LCallisto>Ganymede/2l: 0 zeros 0 pass (0.2s) totals zeros=107 pass=0 eta 8.0 min
2026-10-07T10:24:44+00:00 [107/509] k4|RGanymede/2:1|LGanymede>Callisto/2h|HCallisto/1,0,p|LCallisto>Ganymede/1l: 0 zeros 0 pass (0.1s) totals zeros=107 pass=0 eta 7.9 min
2026-10-07T10:24:44+00:00 [108/509] k4|RGanymede/2:1|LGanymede>Callisto/2h|HCallisto/1,0,a|LCallisto>Ganymede/2h: 0 zeros 0 pass (0.2s) totals zeros=107 pass=0 eta 7.8 min
2026-10-07T10:24:46+00:00 [109/509] k4|RGanymede/2:1|LGanymede>Callisto/2h|LCallisto>Callisto/1h|LCallisto>Ganymede/0s: 0 zeros 0 pass (1.9s) totals zeros=107 pass=0 eta 7.9 min
2026-10-07T10:24:46+00:00 [110/509] k4|RGanymede/2:1|LGanymede>Callisto/2h|LCallisto>Callisto/2l|LCallisto>Ganymede/2l: 0 zeros 0 pass (0.8s) totals zeros=107 pass=0 eta 7.8 min
2026-10-07T10:24:48+00:00 [111/509] k4|RGanymede/1:2|LGanymede>Callisto/0s|LCallisto>Ganymede/1l: 1 zeros 0 pass (1.2s) totals zeros=108 pass=0 eta 7.8 min
2026-10-07T10:24:50+00:00 [112/509] k4|RGanymede/1:2|LGanymede>Callisto/0s|RCallisto/1:1|LCallisto>Ganymede/2h: 4 zeros 0 pass (2.5s) totals zeros=112 pass=0 eta 7.8 min
2026-10-07T10:24:52+00:00 [113/509] k4|RGanymede/1:2|LGanymede>Callisto/0s|RCallisto/1:2|LCallisto>Ganymede/1h: 4 zeros 0 pass (1.5s) totals zeros=116 pass=0 eta 7.8 min
2026-10-07T10:24:52+00:00 [114/509] k4|RGanymede/1:2|LGanymede>Callisto/0s|HCallisto/1,0,p|LCallisto>Ganymede/0s: 5 zeros 0 pass (0.6s) totals zeros=121 pass=0 eta 7.8 min
2026-10-07T10:24:54+00:00 [115/509] k4|RGanymede/1:2|LGanymede>Callisto/0s|HCallisto/1,0,a|LCallisto>Ganymede/2l: 4 zeros 0 pass (1.4s) totals zeros=125 pass=0 eta 7.8 min
2026-10-07T10:24:54+00:00 [116/509] k4|RGanymede/1:2|LGanymede>Callisto/0s|HCallisto/3,1,a|LCallisto>Ganymede/1l: 3 zeros 0 pass (0.5s) totals zeros=128 pass=0 eta 7.7 min
2026-10-07T10:24:58+00:00 [117/509] k4|RGanymede/1:2|LGanymede>Callisto/0s|LCallisto>Callisto/1l|LCallisto>Ganymede/2h: 1 zeros 0 pass (4.1s) totals zeros=129 pass=0 eta 7.9 min
2026-10-07T10:24:59+00:00 [118/509] k4|RGanymede/1:2|LGanymede>Callisto/0s|LCallisto>Callisto/2l|LCallisto>Ganymede/1h: 0 zeros 0 pass (1.2s) totals zeros=129 pass=0 eta 7.8 min
2026-10-07T10:25:01+00:00 [119/509] k4|RGanymede/1:2|LGanymede>Callisto/1l|LCallisto>Ganymede/0s: 2 zeros 0 pass (1.4s) totals zeros=131 pass=0 eta 7.8 min
2026-10-07T10:25:01+00:00 [120/509] k4|RGanymede/1:2|LGanymede>Callisto/1l|RCallisto/1:1|LCallisto>Ganymede/2l: 0 zeros 0 pass (0.3s) totals zeros=131 pass=0 eta 7.8 min
2026-10-07T10:25:02+00:00 [121/509] k4|RGanymede/1:2|LGanymede>Callisto/1l|RCallisto/1:2|LCallisto>Ganymede/2l: 0 zeros 0 pass (0.4s) totals zeros=131 pass=0 eta 7.7 min
2026-10-07T10:25:02+00:00 [122/509] k4|RGanymede/1:2|LGanymede>Callisto/1l|HCallisto/1,0,p|LCallisto>Ganymede/2l: 0 zeros 0 pass (0.5s) totals zeros=131 pass=0 eta 7.7 min
2026-10-07T10:25:02+00:00 [123/509] k4|RGanymede/1:2|LGanymede>Callisto/1l|HCallisto/3,1,p|LCallisto>Ganymede/1l: 0 zeros 0 pass (0.1s) totals zeros=131 pass=0 eta 7.6 min
2026-10-07T10:25:02+00:00 [124/509] k4|RGanymede/1:2|LGanymede>Callisto/1l|HCallisto/3,1,a|LCallisto>Ganymede/2h: 0 zeros 0 pass (0.0s) totals zeros=131 pass=0 eta 7.5 min
2026-10-07T10:25:04+00:00 [125/509] k4|RGanymede/1:2|LGanymede>Callisto/1l|LCallisto>Callisto/1h|LCallisto>Ganymede/1h: 0 zeros 0 pass (1.4s) totals zeros=131 pass=0 eta 7.5 min
2026-10-07T10:25:04+00:00 [126/509] k4|RGanymede/1:2|LGanymede>Callisto/1l|LCallisto>Callisto/2h|LCallisto>Ganymede/0s: 0 zeros 0 pass (0.6s) totals zeros=131 pass=0 eta 7.4 min
2026-10-07T10:25:06+00:00 [127/509] k4|RGanymede/1:2|LGanymede>Callisto/1h|LCallisto>Ganymede/2l: 1 zeros 0 pass (1.6s) totals zeros=132 pass=0 eta 7.4 min
2026-10-07T10:25:06+00:00 [128/509] k4|RGanymede/1:2|LGanymede>Callisto/1h|RCallisto/2:1|LCallisto>Ganymede/1l: 0 zeros 0 pass (0.0s) totals zeros=132 pass=0 eta 7.4 min
2026-10-07T10:25:06+00:00 [129/509] k4|RGanymede/1:2|LGanymede>Callisto/1h|RCallisto/2:3|LCallisto>Ganymede/1l: 0 zeros 0 pass (0.0s) totals zeros=132 pass=0 eta 7.3 min
2026-10-07T10:25:08+00:00 [130/509] k4|RGanymede/1:2|LGanymede>Callisto/1h|HCallisto/1,0,a|LCallisto>Ganymede/1l: 1 zeros 0 pass (1.8s) totals zeros=133 pass=0 eta 7.3 min
2026-10-07T10:25:08+00:00 [131/509] k4|RGanymede/1:2|LGanymede>Callisto/1h|HCallisto/3,1,p|LCallisto>Ganymede/2h: 0 zeros 0 pass (0.0s) totals zeros=133 pass=0 eta 7.2 min
2026-10-07T10:25:10+00:00 [132/509] k4|RGanymede/1:2|LGanymede>Callisto/1h|LCallisto>Callisto/1l|LCallisto>Ganymede/1h: 1 zeros 0 pass (1.7s) totals zeros=134 pass=0 eta 7.2 min
2026-10-07T10:25:10+00:00 [133/509] k4|RGanymede/1:2|LGanymede>Callisto/1h|LCallisto>Callisto/2l|LCallisto>Ganymede/0s: 0 zeros 0 pass (0.6s) totals zeros=134 pass=0 eta 7.2 min
2026-10-07T10:25:11+00:00 [134/509] k4|RGanymede/1:2|LGanymede>Callisto/1h|LCallisto>Callisto/2h|LCallisto>Ganymede/2l: 0 zeros 0 pass (0.6s) totals zeros=134 pass=0 eta 7.2 min
2026-10-07T10:25:11+00:00 [135/509] k4|RGanymede/1:2|LGanymede>Callisto/2l|RCallisto/1:1|LCallisto>Ganymede/1l: 0 zeros 0 pass (0.4s) totals zeros=134 pass=0 eta 7.1 min
2026-10-07T10:25:11+00:00 [136/509] k4|RGanymede/1:2|LGanymede>Callisto/2l|RCallisto/1:2|LCallisto>Ganymede/2l: 0 zeros 0 pass (0.1s) totals zeros=134 pass=0 eta 7.0 min
2026-10-07T10:25:12+00:00 [137/509] k4|RGanymede/1:2|LGanymede>Callisto/2l|HCallisto/1,0,a|LCallisto>Ganymede/0s: 4 zeros 0 pass (0.9s) totals zeros=138 pass=0 eta 7.0 min
2026-10-07T10:25:12+00:00 [138/509] k4|RGanymede/1:2|LGanymede>Callisto/2l|HCallisto/3,1,p|LCallisto>Ganymede/2l: 0 zeros 0 pass (0.1s) totals zeros=138 pass=0 eta 6.9 min
2026-10-07T10:25:13+00:00 [139/509] k4|RGanymede/1:2|LGanymede>Callisto/2l|LCallisto>Callisto/1l|LCallisto>Ganymede/1l: 0 zeros 0 pass (0.7s) totals zeros=138 pass=0 eta 6.9 min
2026-10-07T10:25:13+00:00 [140/509] k4|RGanymede/1:2|LGanymede>Callisto/2l|LCallisto>Callisto/1h|LCallisto>Ganymede/2h: 0 zeros 0 pass (0.5s) totals zeros=138 pass=0 eta 6.9 min
2026-10-07T10:25:14+00:00 [141/509] k4|RGanymede/1:2|LGanymede>Callisto/2l|LCallisto>Callisto/2h|LCallisto>Ganymede/1h: 0 zeros 0 pass (0.7s) totals zeros=138 pass=0 eta 6.8 min
2026-10-07T10:25:16+00:00 [142/509] k4|RGanymede/1:2|LGanymede>Callisto/2h|RCallisto/1:1|LCallisto>Ganymede/0s: 3 zeros 0 pass (1.6s) totals zeros=141 pass=0 eta 6.8 min
2026-10-07T10:25:16+00:00 [143/509] k4|RGanymede/1:2|LGanymede>Callisto/2h|RCallisto/1:2|LCallisto>Ganymede/1h: 2 zeros 0 pass (0.4s) totals zeros=143 pass=0 eta 6.8 min
2026-10-07T10:25:16+00:00 [144/509] k4|RGanymede/1:2|LGanymede>Callisto/2h|HCallisto/1,0,p|LCallisto>Ganymede/2h: 0 zeros 0 pass (0.1s) totals zeros=143 pass=0 eta 6.7 min
2026-10-07T10:25:16+00:00 [145/509] k4|RGanymede/1:2|LGanymede>Callisto/2h|HCallisto/3,1,p|LCallisto>Ganymede/1h: 0 zeros 0 pass (0.1s) totals zeros=143 pass=0 eta 6.7 min
2026-10-07T10:25:19+00:00 [146/509] k4|RGanymede/1:2|LGanymede>Callisto/2h|LCallisto>Callisto/1l|LCallisto>Ganymede/0s: 1 zeros 0 pass (2.3s) totals zeros=144 pass=0 eta 6.7 min
2026-10-07T10:25:19+00:00 [147/509] k4|RGanymede/1:2|LGanymede>Callisto/2h|LCallisto>Callisto/1h|LCallisto>Ganymede/2l: 0 zeros 0 pass (0.6s) totals zeros=144 pass=0 eta 6.6 min
2026-10-07T10:25:20+00:00 [148/509] k4|RGanymede/1:2|LGanymede>Callisto/2h|LCallisto>Callisto/2h|LCallisto>Ganymede/1l: 0 zeros 0 pass (0.5s) totals zeros=144 pass=0 eta 6.6 min
2026-10-07T10:25:21+00:00 [149/509] k4|RGanymede/3:2|LGanymede>Callisto/0s|LCallisto>Ganymede/2h: 3 zeros 1 pass (1.3s) totals zeros=147 pass=1 eta 6.6 min
2026-10-07T10:25:21+00:00 [150/509] k4|RGanymede/3:2|LGanymede>Callisto/0s|RCallisto/1:2|LCallisto>Ganymede/1h: 1 zeros 0 pass (0.3s) totals zeros=148 pass=1 eta 6.5 min
2026-10-07T10:25:22+00:00 [151/509] k4|RGanymede/3:2|LGanymede>Callisto/0s|HCallisto/1,0,a|LCallisto>Ganymede/0s: 6 zeros 0 pass (0.5s) totals zeros=154 pass=1 eta 6.5 min
2026-10-07T10:25:22+00:00 [152/509] k4|RGanymede/3:2|LGanymede>Callisto/0s|LCallisto>Callisto/1l|LCallisto>Ganymede/1l: 1 zeros 0 pass (0.6s) totals zeros=155 pass=1 eta 6.5 min
2026-10-07T10:25:23+00:00 [153/509] k4|RGanymede/3:2|LGanymede>Callisto/0s|LCallisto>Callisto/1h|LCallisto>Ganymede/2h: 0 zeros 0 pass (0.5s) totals zeros=155 pass=1 eta 6.4 min
2026-10-07T10:25:24+00:00 [154/509] k4|RGanymede/3:2|LGanymede>Callisto/0s|LCallisto>Callisto/2h|LCallisto>Ganymede/1h: 0 zeros 0 pass (0.9s) totals zeros=155 pass=1 eta 6.4 min
2026-10-07T10:25:24+00:00 [155/509] k4|RGanymede/3:2|LGanymede>Callisto/1l|RCallisto/1:1|LCallisto>Ganymede/0s: 1 zeros 0 pass (0.3s) totals zeros=156 pass=1 eta 6.3 min
2026-10-07T10:25:24+00:00 [156/509] k4|RGanymede/3:2|LGanymede>Callisto/1l|RCallisto/1:2|LCallisto>Ganymede/2l: 0 zeros 0 pass (0.1s) totals zeros=156 pass=1 eta 6.3 min
2026-10-07T10:25:24+00:00 [157/509] k4|RGanymede/3:2|LGanymede>Callisto/1l|HCallisto/1,0,a|LCallisto>Ganymede/1l: 0 zeros 0 pass (0.1s) totals zeros=156 pass=1 eta 6.2 min
2026-10-07T10:25:25+00:00 [158/509] k4|RGanymede/3:2|LGanymede>Callisto/1l|LCallisto>Callisto/1l|LCallisto>Ganymede/2h: 0 zeros 0 pass (0.5s) totals zeros=156 pass=1 eta 6.2 min
2026-10-07T10:25:25+00:00 [159/509] k4|RGanymede/3:2|LGanymede>Callisto/1l|LCallisto>Callisto/2l|LCallisto>Ganymede/1h: 0 zeros 0 pass (0.5s) totals zeros=156 pass=1 eta 6.2 min
2026-10-07T10:25:27+00:00 [160/509] k4|RGanymede/3:2|LGanymede>Callisto/1h|LCallisto>Ganymede/0s: 5 zeros 1 pass (1.5s) totals zeros=161 pass=2 eta 6.2 min
2026-10-07T10:25:27+00:00 [161/509] k4|RGanymede/3:2|LGanymede>Callisto/1h|RCallisto/1:1|LCallisto>Ganymede/2l: 0 zeros 0 pass (0.0s) totals zeros=161 pass=2 eta 6.1 min
2026-10-07T10:25:27+00:00 [162/509] k4|RGanymede/3:2|LGanymede>Callisto/1h|HCallisto/1,0,p|LCallisto>Ganymede/1l: 0 zeros 0 pass (0.1s) totals zeros=161 pass=2 eta 6.1 min
2026-10-07T10:25:27+00:00 [163/509] k4|RGanymede/3:2|LGanymede>Callisto/1h|HCallisto/1,0,a|LCallisto>Ganymede/2h: 0 zeros 0 pass (0.1s) totals zeros=161 pass=2 eta 6.0 min
2026-10-07T10:25:27+00:00 [164/509] k4|RGanymede/3:2|LGanymede>Callisto/1h|LCallisto>Callisto/1h|LCallisto>Ganymede/1h: 0 zeros 0 pass (0.3s) totals zeros=161 pass=2 eta 6.0 min
2026-10-07T10:25:28+00:00 [165/509] k4|RGanymede/3:2|LGanymede>Callisto/1h|LCallisto>Callisto/2h|LCallisto>Ganymede/0s: 0 zeros 0 pass (0.4s) totals zeros=161 pass=2 eta 5.9 min
2026-10-07T10:25:28+00:00 [166/509] k4|RGanymede/3:2|LGanymede>Callisto/2l|LCallisto>Ganymede/2l: 0 zeros 0 pass (0.1s) totals zeros=161 pass=2 eta 5.9 min
2026-10-07T10:25:28+00:00 [167/509] k4|RGanymede/3:2|LGanymede>Callisto/2l|HCallisto/1,0,p|LCallisto>Ganymede/0s: 0 zeros 0 pass (0.7s) totals zeros=161 pass=2 eta 5.8 min
2026-10-07T10:25:28+00:00 [168/509] k4|RGanymede/3:2|LGanymede>Callisto/2l|HCallisto/1,0,a|LCallisto>Ganymede/2l: 0 zeros 0 pass (0.1s) totals zeros=161 pass=2 eta 5.8 min
2026-10-07T10:25:29+00:00 [169/509] k4|RGanymede/3:2|LGanymede>Callisto/2l|LCallisto>Callisto/1h|LCallisto>Ganymede/1l: 0 zeros 0 pass (0.4s) totals zeros=161 pass=2 eta 5.7 min
2026-10-07T10:25:29+00:00 [170/509] k4|RGanymede/3:2|LGanymede>Callisto/2l|LCallisto>Callisto/2h|LCallisto>Ganymede/1l: 0 zeros 0 pass (0.4s) totals zeros=161 pass=2 eta 5.7 min
2026-10-07T10:25:29+00:00 [171/509] k4|RGanymede/3:2|LGanymede>Callisto/2h|RCallisto/1:1|LCallisto>Ganymede/1l: 0 zeros 0 pass (0.1s) totals zeros=161 pass=2 eta 5.7 min
2026-10-07T10:25:29+00:00 [172/509] k4|RGanymede/3:2|LGanymede>Callisto/2h|HCallisto/1,0,p|LCallisto>Ganymede/2l: 0 zeros 0 pass (0.1s) totals zeros=161 pass=2 eta 5.6 min
2026-10-07T10:25:30+00:00 [173/509] k4|RGanymede/3:2|LGanymede>Callisto/2h|LCallisto>Callisto/1l|LCallisto>Ganymede/1l: 0 zeros 0 pass (0.4s) totals zeros=161 pass=2 eta 5.6 min
2026-10-07T10:25:30+00:00 [174/509] k4|RGanymede/3:2|LGanymede>Callisto/2h|LCallisto>Callisto/1h|LCallisto>Ganymede/2h: 0 zeros 0 pass (0.3s) totals zeros=161 pass=2 eta 5.5 min
2026-10-07T10:25:31+00:00 [175/509] k4|RGanymede/2:3|LGanymede>Callisto/0s|LCallisto>Ganymede/1l: 3 zeros 0 pass (0.9s) totals zeros=164 pass=2 eta 5.5 min
2026-10-07T10:25:31+00:00 [176/509] k4|RGanymede/2:3|LGanymede>Callisto/0s|RCallisto/1:1|LCallisto>Ganymede/2h: 2 zeros 0 pass (0.3s) totals zeros=166 pass=2 eta 5.5 min
2026-10-07T10:25:32+00:00 [177/509] k4|RGanymede/2:3|LGanymede>Callisto/0s|HCallisto/1,0,p|LCallisto>Ganymede/0s: 6 zeros 0 pass (0.3s) totals zeros=172 pass=2 eta 5.4 min
2026-10-07T10:25:32+00:00 [178/509] k4|RGanymede/2:3|LGanymede>Callisto/0s|HCallisto/1,0,a|LCallisto>Ganymede/2l: 3 zeros 0 pass (0.5s) totals zeros=175 pass=2 eta 5.4 min
2026-10-07T10:25:32+00:00 [179/509] k4|RGanymede/2:3|LGanymede>Callisto/0s|HCallisto/3,1,a|LCallisto>Ganymede/1l: 0 zeros 0 pass (0.1s) totals zeros=175 pass=2 eta 5.4 min
2026-10-07T10:25:33+00:00 [180/509] k4|RGanymede/2:3|LGanymede>Callisto/0s|LCallisto>Callisto/1l|LCallisto>Ganymede/2h: 0 zeros 0 pass (0.5s) totals zeros=175 pass=2 eta 5.3 min
2026-10-07T10:25:33+00:00 [181/509] k4|RGanymede/2:3|LGanymede>Callisto/0s|LCallisto>Callisto/2l|LCallisto>Ganymede/1h: 0 zeros 0 pass (0.7s) totals zeros=175 pass=2 eta 5.3 min
2026-10-07T10:25:35+00:00 [182/509] k4|RGanymede/2:3|LGanymede>Callisto/1l|LCallisto>Ganymede/0s: 3 zeros 0 pass (1.4s) totals zeros=178 pass=2 eta 5.3 min
2026-10-07T10:25:35+00:00 [183/509] k4|RGanymede/2:3|LGanymede>Callisto/1l|RCallisto/1:1|LCallisto>Ganymede/2l: 0 zeros 0 pass (0.1s) totals zeros=178 pass=2 eta 5.3 min
2026-10-07T10:25:36+00:00 [184/509] k4|RGanymede/2:3|LGanymede>Callisto/1l|HCallisto/1,0,p|LCallisto>Ganymede/1l: 1 zeros 0 pass (0.9s) totals zeros=179 pass=2 eta 5.3 min
2026-10-07T10:25:36+00:00 [185/509] k4|RGanymede/2:3|LGanymede>Callisto/1l|HCallisto/1,0,a|LCallisto>Ganymede/2h: 0 zeros 0 pass (0.2s) totals zeros=179 pass=2 eta 5.2 min
2026-10-07T10:25:36+00:00 [186/509] k4|RGanymede/2:3|LGanymede>Callisto/1l|LCallisto>Callisto/1l|LCallisto>Ganymede/1l: 1 zeros 0 pass (0.5s) totals zeros=180 pass=2 eta 5.2 min
2026-10-07T10:25:37+00:00 [187/509] k4|RGanymede/2:3|LGanymede>Callisto/1l|LCallisto>Callisto/1h|LCallisto>Ganymede/2h: 0 zeros 0 pass (0.4s) totals zeros=180 pass=2 eta 5.2 min
2026-10-07T10:25:37+00:00 [188/509] k4|RGanymede/2:3|LGanymede>Callisto/1l|LCallisto>Callisto/2h|LCallisto>Ganymede/1h: 0 zeros 0 pass (0.4s) totals zeros=180 pass=2 eta 5.1 min
2026-10-07T10:25:39+00:00 [189/509] k4|RGanymede/2:3|LGanymede>Callisto/1h|RCallisto/1:1|LCallisto>Ganymede/0s: 3 zeros 0 pass (1.5s) totals zeros=183 pass=2 eta 5.1 min
2026-10-07T10:25:39+00:00 [190/509] k4|RGanymede/2:3|LGanymede>Callisto/1h|RCallisto/1:2|LCallisto>Ganymede/2l: 0 zeros 0 pass (0.1s) totals zeros=183 pass=2 eta 5.1 min
2026-10-07T10:25:39+00:00 [191/509] k4|RGanymede/2:3|LGanymede>Callisto/1h|HCallisto/1,0,a|LCallisto>Ganymede/1l: 1 zeros 0 pass (0.6s) totals zeros=184 pass=2 eta 5.1 min
2026-10-07T10:25:39+00:00 [192/509] k4|RGanymede/2:3|LGanymede>Callisto/1h|HCallisto/3,1,a|LCallisto>Ganymede/1l: 0 zeros 0 pass (0.0s) totals zeros=184 pass=2 eta 5.0 min
2026-10-07T10:25:40+00:00 [193/509] k4|RGanymede/2:3|LGanymede>Callisto/1h|LCallisto>Callisto/1h|LCallisto>Ganymede/1l: 0 zeros 0 pass (0.6s) totals zeros=184 pass=2 eta 5.0 min
2026-10-07T10:25:40+00:00 [194/509] k4|RGanymede/2:3|LGanymede>Callisto/1h|LCallisto>Callisto/2l|LCallisto>Ganymede/2h: 0 zeros 0 pass (0.5s) totals zeros=184 pass=2 eta 5.0 min
2026-10-07T10:25:42+00:00 [195/509] k4|RGanymede/2:3|LGanymede>Callisto/2l|LCallisto>Ganymede/1h: 1 zeros 0 pass (1.5s) totals zeros=185 pass=2 eta 5.0 min
2026-10-07T10:25:43+00:00 [196/509] k4|RGanymede/2:3|LGanymede>Callisto/2l|RCallisto/1:2|LCallisto>Ganymede/0s: 1 zeros 0 pass (0.5s) totals zeros=186 pass=2 eta 4.9 min
2026-10-07T10:25:43+00:00 [197/509] k4|RGanymede/2:3|LGanymede>Callisto/2l|HCallisto/1,0,p|LCallisto>Ganymede/2l: 0 zeros 0 pass (0.1s) totals zeros=186 pass=2 eta 4.9 min
2026-10-07T10:25:43+00:00 [198/509] k4|RGanymede/2:3|LGanymede>Callisto/2l|HCallisto/3,1,a|LCallisto>Ganymede/0s: 0 zeros 0 pass (0.1s) totals zeros=186 pass=2 eta 4.9 min
2026-10-07T10:25:43+00:00 [199/509] k4|RGanymede/2:3|LGanymede>Callisto/2l|LCallisto>Callisto/1h|LCallisto>Ganymede/1h: 0 zeros 0 pass (0.4s) totals zeros=186 pass=2 eta 4.8 min
2026-10-07T10:25:43+00:00 [200/509] k4|RGanymede/2:3|LGanymede>Callisto/2l|LCallisto>Callisto/2h|LCallisto>Ganymede/0s: 0 zeros 0 pass (0.4s) totals zeros=186 pass=2 eta 4.8 min
2026-10-07T10:25:44+00:00 [201/509] k4|RGanymede/2:3|LGanymede>Callisto/2h|LCallisto>Ganymede/2l: 1 zeros 0 pass (0.7s) totals zeros=187 pass=2 eta 4.8 min
2026-10-07T10:25:44+00:00 [202/509] k4|RGanymede/2:3|LGanymede>Callisto/2h|RCallisto/1:2|LCallisto>Ganymede/1l: 0 zeros 0 pass (0.1s) totals zeros=187 pass=2 eta 4.7 min
2026-10-07T10:25:44+00:00 [203/509] k4|RGanymede/2:3|LGanymede>Callisto/2h|HCallisto/1,0,p|LCallisto>Ganymede/2h: 0 zeros 0 pass (0.1s) totals zeros=187 pass=2 eta 4.7 min
2026-10-07T10:25:45+00:00 [204/509] k4|RGanymede/2:3|LGanymede>Callisto/2h|LCallisto>Callisto/1l|LCallisto>Ganymede/0s: 0 zeros 0 pass (0.5s) totals zeros=187 pass=2 eta 4.7 min
2026-10-07T10:25:45+00:00 [205/509] k4|RGanymede/2:3|LGanymede>Callisto/2h|LCallisto>Callisto/1h|LCallisto>Ganymede/2l: 0 zeros 0 pass (0.4s) totals zeros=187 pass=2 eta 4.6 min
2026-10-07T10:25:46+00:00 [206/509] k4|RGanymede/2:3|LGanymede>Callisto/2h|LCallisto>Callisto/2h|LCallisto>Ganymede/1l: 0 zeros 0 pass (0.5s) totals zeros=187 pass=2 eta 4.6 min
2026-10-07T10:25:46+00:00 [207/509] k4|HGanymede/1,0,p|LGanymede>Callisto/0s|LCallisto>Ganymede/2h: 4 zeros 0 pass (0.6s) totals zeros=191 pass=2 eta 4.6 min
2026-10-07T10:25:47+00:00 [208/509] k4|HGanymede/1,0,p|LGanymede>Callisto/0s|RCallisto/2:1|LCallisto>Ganymede/1h: 0 zeros 0 pass (0.2s) totals zeros=191 pass=2 eta 4.6 min
2026-10-07T10:25:47+00:00 [209/509] k4|HGanymede/1,0,p|LGanymede>Callisto/0s|RCallisto/2:3|LCallisto>Ganymede/0s: 6 zeros 0 pass (0.5s) totals zeros=197 pass=2 eta 4.5 min
2026-10-07T10:25:48+00:00 [210/509] k4|HGanymede/1,0,p|LGanymede>Callisto/0s|HCallisto/1,0,p|LCallisto>Ganymede/2l: 3 zeros 0 pass (1.0s) totals zeros=200 pass=2 eta 4.5 min
2026-10-07T10:25:51+00:00 [211/509] k4|HGanymede/1,0,p|LGanymede>Callisto/0s|HCallisto/3,1,p|LCallisto>Ganymede/1l: 1 zeros 0 pass (2.6s) totals zeros=201 pass=2 eta 4.6 min
2026-10-07T10:25:51+00:00 [212/509] k4|HGanymede/1,0,p|LGanymede>Callisto/0s|HCallisto/3,1,a|LCallisto>Ganymede/2h: 3 zeros 0 pass (0.5s) totals zeros=204 pass=2 eta 4.5 min
2026-10-07T10:25:56+00:00 [213/509] k4|HGanymede/1,0,p|LGanymede>Callisto/0s|LCallisto>Callisto/1h|LCallisto>Ganymede/1h: 4 zeros 0 pass (5.1s) totals zeros=208 pass=2 eta 4.6 min
2026-10-07T10:26:00+00:00 [214/509] k4|HGanymede/1,0,p|LGanymede>Callisto/0s|LCallisto>Callisto/2h|LCallisto>Ganymede/0s: 6 zeros 0 pass (3.9s) totals zeros=214 pass=2 eta 4.7 min
2026-10-07T10:26:01+00:00 [215/509] k4|HGanymede/1,0,p|LGanymede>Callisto/1l|LCallisto>Ganymede/2l: 2 zeros 0 pass (0.6s) totals zeros=216 pass=2 eta 4.6 min
2026-10-07T10:26:01+00:00 [216/509] k4|HGanymede/1,0,p|LGanymede>Callisto/1l|RCallisto/2:1|LCallisto>Ganymede/1l: 0 zeros 0 pass (0.0s) totals zeros=216 pass=2 eta 4.6 min
2026-10-07T10:26:01+00:00 [217/509] k4|HGanymede/1,0,p|LGanymede>Callisto/1l|RCallisto/1:2|LCallisto>Ganymede/2h: 0 zeros 0 pass (0.1s) totals zeros=216 pass=2 eta 4.6 min
2026-10-07T10:26:02+00:00 [218/509] k4|HGanymede/1,0,p|LGanymede>Callisto/1l|HCallisto/1,0,p|LCallisto>Ganymede/1h: 1 zeros 0 pass (1.5s) totals zeros=217 pass=2 eta 4.6 min
2026-10-07T10:26:05+00:00 [219/509] k4|HGanymede/1,0,p|LGanymede>Callisto/1l|HCallisto/3,1,p|LCallisto>Ganymede/0s: 0 zeros 0 pass (2.4s) totals zeros=217 pass=2 eta 4.6 min
2026-10-07T10:26:05+00:00 [220/509] k4|HGanymede/1,0,p|LGanymede>Callisto/1l|HCallisto/3,1,a|LCallisto>Ganymede/2l: 0 zeros 0 pass (0.1s) totals zeros=217 pass=2 eta 4.5 min
2026-10-07T10:26:06+00:00 [221/509] k4|HGanymede/1,0,p|LGanymede>Callisto/1l|LCallisto>Callisto/1h|LCallisto>Ganymede/1l: 1 zeros 0 pass (0.9s) totals zeros=218 pass=2 eta 4.5 min
2026-10-07T10:26:06+00:00 [222/509] k4|HGanymede/1,0,p|LGanymede>Callisto/1l|LCallisto>Callisto/2l|LCallisto>Ganymede/2h: 0 zeros 0 pass (0.4s) totals zeros=218 pass=2 eta 4.5 min
2026-10-07T10:26:06+00:00 [223/509] k4|HGanymede/1,0,p|LGanymede>Callisto/1h|LCallisto>Ganymede/1h: 2 zeros 0 pass (0.4s) totals zeros=220 pass=2 eta 4.5 min
2026-10-07T10:26:07+00:00 [224/509] k4|HGanymede/1,0,p|LGanymede>Callisto/1h|RCallisto/2:1|LCallisto>Ganymede/0s: 0 zeros 0 pass (0.2s) totals zeros=220 pass=2 eta 4.4 min
2026-10-07T10:26:07+00:00 [225/509] k4|HGanymede/1,0,p|LGanymede>Callisto/1h|RCallisto/1:2|LCallisto>Ganymede/2l: 0 zeros 0 pass (0.1s) totals zeros=220 pass=2 eta 4.4 min
2026-10-07T10:26:09+00:00 [226/509] k4|HGanymede/1,0,p|LGanymede>Callisto/1h|HCallisto/1,0,p|LCallisto>Ganymede/1l: 2 zeros 0 pass (1.9s) totals zeros=222 pass=2 eta 4.4 min
2026-10-07T10:26:10+00:00 [227/509] k4|HGanymede/1,0,p|LGanymede>Callisto/1h|HCallisto/1,0,a|LCallisto>Ganymede/2h: 3 zeros 0 pass (0.9s) totals zeros=225 pass=2 eta 4.4 min
2026-10-07T10:26:10+00:00 [228/509] k4|HGanymede/1,0,p|LGanymede>Callisto/1h|HCallisto/3,1,a|LCallisto>Ganymede/1h: 2 zeros 0 pass (0.1s) totals zeros=227 pass=2 eta 4.4 min
2026-10-07T10:26:14+00:00 [229/509] k4|HGanymede/1,0,p|LGanymede>Callisto/1h|LCallisto>Callisto/1h|LCallisto>Ganymede/0s: 3 zeros 0 pass (4.6s) totals zeros=230 pass=2 eta 4.4 min
2026-10-07T10:26:15+00:00 [230/509] k4|HGanymede/1,0,p|LGanymede>Callisto/1h|LCallisto>Callisto/2l|LCallisto>Ganymede/2l: 0 zeros 0 pass (0.4s) totals zeros=230 pass=2 eta 4.4 min
2026-10-07T10:26:15+00:00 [231/509] k4|HGanymede/1,0,p|LGanymede>Callisto/2l|LCallisto>Ganymede/1l: 2 zeros 0 pass (0.5s) totals zeros=232 pass=2 eta 4.4 min
2026-10-07T10:26:15+00:00 [232/509] k4|HGanymede/1,0,p|LGanymede>Callisto/2l|RCallisto/1:1|LCallisto>Ganymede/2h: 0 zeros 0 pass (0.1s) totals zeros=232 pass=2 eta 4.3 min
2026-10-07T10:26:15+00:00 [233/509] k4|HGanymede/1,0,p|LGanymede>Callisto/2l|RCallisto/1:2|LCallisto>Ganymede/2h: 0 zeros 0 pass (0.1s) totals zeros=232 pass=2 eta 4.3 min
2026-10-07T10:26:17+00:00 [234/509] k4|HGanymede/1,0,p|LGanymede>Callisto/2l|HCallisto/1,0,p|LCallisto>Ganymede/2h: 1 zeros 0 pass (1.1s) totals zeros=233 pass=2 eta 4.3 min
2026-10-07T10:26:17+00:00 [235/509] k4|HGanymede/1,0,p|LGanymede>Callisto/2l|HCallisto/3,1,p|LCallisto>Ganymede/1h: 0 zeros 0 pass (0.1s) totals zeros=233 pass=2 eta 4.3 min
2026-10-07T10:26:20+00:00 [236/509] k4|HGanymede/1,0,p|LGanymede>Callisto/2l|LCallisto>Callisto/1l|LCallisto>Ganymede/0s: 0 zeros 0 pass (3.0s) totals zeros=233 pass=2 eta 4.3 min
2026-10-07T10:26:20+00:00 [237/509] k4|HGanymede/1,0,p|LGanymede>Callisto/2l|LCallisto>Callisto/1h|LCallisto>Ganymede/2l: 0 zeros 0 pass (0.6s) totals zeros=233 pass=2 eta 4.3 min
2026-10-07T10:26:21+00:00 [238/509] k4|HGanymede/1,0,p|LGanymede>Callisto/2l|LCallisto>Callisto/2h|LCallisto>Ganymede/1l: 0 zeros 0 pass (0.5s) totals zeros=233 pass=2 eta 4.2 min
2026-10-07T10:26:21+00:00 [239/509] k4|HGanymede/1,0,p|LGanymede>Callisto/2h|LCallisto>Ganymede/2h: 1 zeros 0 pass (0.4s) totals zeros=234 pass=2 eta 4.2 min
2026-10-07T10:26:21+00:00 [240/509] k4|HGanymede/1,0,p|LGanymede>Callisto/2h|RCallisto/2:1|LCallisto>Ganymede/1h: 0 zeros 0 pass (0.1s) totals zeros=234 pass=2 eta 4.2 min
2026-10-07T10:26:21+00:00 [241/509] k4|HGanymede/1,0,p|LGanymede>Callisto/2h|RCallisto/2:3|LCallisto>Ganymede/1h: 0 zeros 0 pass (0.1s) totals zeros=234 pass=2 eta 4.1 min
2026-10-07T10:26:22+00:00 [242/509] k4|HGanymede/1,0,p|LGanymede>Callisto/2h|HCallisto/1,0,a|LCallisto>Ganymede/1h: 2 zeros 0 pass (0.9s) totals zeros=236 pass=2 eta 4.1 min
2026-10-07T10:26:23+00:00 [243/509] k4|HGanymede/1,0,p|LGanymede>Callisto/2h|HCallisto/3,1,a|LCallisto>Ganymede/0s: 2 zeros 0 pass (0.6s) totals zeros=238 pass=2 eta 4.1 min
2026-10-07T10:26:23+00:00 [244/509] k4|HGanymede/1,0,p|LGanymede>Callisto/2h|LCallisto>Callisto/1l|LCallisto>Ganymede/2l: 0 zeros 0 pass (0.6s) totals zeros=238 pass=2 eta 4.1 min
2026-10-07T10:26:24+00:00 [245/509] k4|HGanymede/1,0,p|LGanymede>Callisto/2h|LCallisto>Callisto/2l|LCallisto>Ganymede/1l: 0 zeros 0 pass (0.5s) totals zeros=238 pass=2 eta 4.1 min
2026-10-07T10:26:24+00:00 [246/509] k4|HGanymede/1,0,p|LGanymede>Callisto/2h|LCallisto>Callisto/2h|LCallisto>Ganymede/2h: 0 zeros 0 pass (0.6s) totals zeros=238 pass=2 eta 4.0 min
2026-10-07T10:26:25+00:00 [247/509] k4|HGanymede/1,0,a|LGanymede>Callisto/0s|RCallisto/1:1|LCallisto>Ganymede/1h: 4 zeros 0 pass (0.7s) totals zeros=242 pass=2 eta 4.0 min
2026-10-07T10:26:25+00:00 [248/509] k4|HGanymede/1,0,a|LGanymede>Callisto/0s|RCallisto/1:2|LCallisto>Ganymede/0s: 4 zeros 0 pass (0.5s) totals zeros=246 pass=2 eta 4.0 min
2026-10-07T10:26:26+00:00 [249/509] k4|HGanymede/1,0,a|LGanymede>Callisto/0s|RCallisto/2:3|LCallisto>Ganymede/2l: 0 zeros 0 pass (0.1s) totals zeros=246 pass=2 eta 4.0 min
2026-10-07T10:26:26+00:00 [250/509] k4|HGanymede/1,0,a|LGanymede>Callisto/0s|HCallisto/1,0,a|LCallisto>Ganymede/1l: 2 zeros 0 pass (0.6s) totals zeros=248 pass=2 eta 4.0 min
2026-10-07T10:26:27+00:00 [251/509] k4|HGanymede/1,0,a|LGanymede>Callisto/0s|HCallisto/3,1,p|LCallisto>Ganymede/2h: 3 zeros 0 pass (0.5s) totals zeros=251 pass=2 eta 3.9 min
2026-10-07T10:26:30+00:00 [252/509] k4|HGanymede/1,0,a|LGanymede>Callisto/0s|LCallisto>Callisto/1l|LCallisto>Ganymede/1h: 7 zeros 0 pass (3.3s) totals zeros=258 pass=2 eta 4.0 min
2026-10-07T10:26:34+00:00 [253/509] k4|HGanymede/1,0,a|LGanymede>Callisto/0s|LCallisto>Callisto/2l|LCallisto>Ganymede/0s: 4 zeros 0 pass (3.9s) totals zeros=262 pass=2 eta 4.0 min
2026-10-07T10:26:34+00:00 [254/509] k4|HGanymede/1,0,a|LGanymede>Callisto/0s|LCallisto>Callisto/2h|LCallisto>Ganymede/2l: 0 zeros 0 pass (0.6s) totals zeros=262 pass=2 eta 4.0 min
2026-10-07T10:26:35+00:00 [255/509] k4|HGanymede/1,0,a|LGanymede>Callisto/1l|RCallisto/1:1|LCallisto>Ganymede/1l: 2 zeros 0 pass (0.4s) totals zeros=264 pass=2 eta 3.9 min
2026-10-07T10:26:35+00:00 [256/509] k4|HGanymede/1,0,a|LGanymede>Callisto/1l|RCallisto/2:1|LCallisto>Ganymede/2h: 0 zeros 0 pass (0.1s) totals zeros=264 pass=2 eta 3.9 min
2026-10-07T10:26:35+00:00 [257/509] k4|HGanymede/1,0,a|LGanymede>Callisto/1l|RCallisto/2:3|LCallisto>Ganymede/1h: 0 zeros 0 pass (0.1s) totals zeros=264 pass=2 eta 3.9 min
2026-10-07T10:26:36+00:00 [258/509] k4|HGanymede/1,0,a|LGanymede>Callisto/1l|HCallisto/1,0,a|LCallisto>Ganymede/0s: 2 zeros 0 pass (0.6s) totals zeros=266 pass=2 eta 3.9 min
2026-10-07T10:26:36+00:00 [259/509] k4|HGanymede/1,0,a|LGanymede>Callisto/1l|HCallisto/3,1,p|LCallisto>Ganymede/2l: 0 zeros 0 pass (0.1s) totals zeros=266 pass=2 eta 3.8 min
2026-10-07T10:26:37+00:00 [260/509] k4|HGanymede/1,0,a|LGanymede>Callisto/1l|LCallisto>Callisto/1l|LCallisto>Ganymede/1l: 0 zeros 0 pass (1.5s) totals zeros=266 pass=2 eta 3.8 min
2026-10-07T10:26:38+00:00 [261/509] k4|HGanymede/1,0,a|LGanymede>Callisto/1l|LCallisto>Callisto/1h|LCallisto>Ganymede/2h: 0 zeros 0 pass (0.5s) totals zeros=266 pass=2 eta 3.8 min
2026-10-07T10:26:38+00:00 [262/509] k4|HGanymede/1,0,a|LGanymede>Callisto/1l|LCallisto>Callisto/2h|LCallisto>Ganymede/1h: 0 zeros 0 pass (0.4s) totals zeros=266 pass=2 eta 3.8 min
2026-10-07T10:26:39+00:00 [263/509] k4|HGanymede/1,0,a|LGanymede>Callisto/1h|RCallisto/1:1|LCallisto>Ganymede/0s: 4 zeros 0 pass (0.6s) totals zeros=270 pass=2 eta 3.8 min
2026-10-07T10:26:39+00:00 [264/509] k4|HGanymede/1,0,a|LGanymede>Callisto/1h|RCallisto/2:1|LCallisto>Ganymede/2l: 0 zeros 0 pass (0.0s) totals zeros=270 pass=2 eta 3.7 min
2026-10-07T10:26:39+00:00 [265/509] k4|HGanymede/1,0,a|LGanymede>Callisto/1h|RCallisto/2:3|LCallisto>Ganymede/1l: 0 zeros 0 pass (0.1s) totals zeros=270 pass=2 eta 3.7 min
2026-10-07T10:26:40+00:00 [266/509] k4|HGanymede/1,0,a|LGanymede>Callisto/1h|HCallisto/1,0,p|LCallisto>Ganymede/2h: 3 zeros 0 pass (0.8s) totals zeros=273 pass=2 eta 3.7 min
2026-10-07T10:26:40+00:00 [267/509] k4|HGanymede/1,0,a|LGanymede>Callisto/1h|HCallisto/3,1,p|LCallisto>Ganymede/1h: 2 zeros 0 pass (0.2s) totals zeros=275 pass=2 eta 3.7 min
2026-10-07T10:26:43+00:00 [268/509] k4|HGanymede/1,0,a|LGanymede>Callisto/1h|LCallisto>Callisto/1l|LCallisto>Ganymede/0s: 7 zeros 0 pass (3.6s) totals zeros=282 pass=2 eta 3.7 min
2026-10-07T10:26:44+00:00 [269/509] k4|HGanymede/1,0,a|LGanymede>Callisto/1h|LCallisto>Callisto/1h|LCallisto>Ganymede/2l: 0 zeros 0 pass (0.5s) totals zeros=282 pass=2 eta 3.7 min
2026-10-07T10:26:44+00:00 [270/509] k4|HGanymede/1,0,a|LGanymede>Callisto/1h|LCallisto>Callisto/2h|LCallisto>Ganymede/1l: 0 zeros 0 pass (0.4s) totals zeros=282 pass=2 eta 3.6 min
2026-10-07T10:26:45+00:00 [271/509] k4|HGanymede/1,0,a|LGanymede>Callisto/2l|LCallisto>Ganymede/2h: 0 zeros 0 pass (1.0s) totals zeros=282 pass=2 eta 3.6 min
2026-10-07T10:26:45+00:00 [272/509] k4|HGanymede/1,0,a|LGanymede>Callisto/2l|RCallisto/2:1|LCallisto>Ganymede/1h: 0 zeros 0 pass (0.1s) totals zeros=282 pass=2 eta 3.6 min
2026-10-07T10:26:45+00:00 [273/509] k4|HGanymede/1,0,a|LGanymede>Callisto/2l|RCallisto/2:3|LCallisto>Ganymede/1h: 0 zeros 0 pass (0.1s) totals zeros=282 pass=2 eta 3.6 min
2026-10-07T10:26:47+00:00 [274/509] k4|HGanymede/1,0,a|LGanymede>Callisto/2l|HCallisto/1,0,a|LCallisto>Ganymede/1h: 1 zeros 0 pass (1.1s) totals zeros=283 pass=2 eta 3.6 min
2026-10-07T10:26:47+00:00 [275/509] k4|HGanymede/1,0,a|LGanymede>Callisto/2l|HCallisto/3,1,a|LCallisto>Ganymede/0s: 1 zeros 0 pass (0.5s) totals zeros=284 pass=2 eta 3.5 min
2026-10-07T10:26:48+00:00 [276/509] k4|HGanymede/1,0,a|LGanymede>Callisto/2l|LCallisto>Callisto/1l|LCallisto>Ganymede/2l: 0 zeros 0 pass (0.5s) totals zeros=284 pass=2 eta 3.5 min
2026-10-07T10:26:48+00:00 [277/509] k4|HGanymede/1,0,a|LGanymede>Callisto/2l|LCallisto>Callisto/2l|LCallisto>Ganymede/1l: 0 zeros 0 pass (0.6s) totals zeros=284 pass=2 eta 3.5 min
2026-10-07T10:26:49+00:00 [278/509] k4|HGanymede/1,0,a|LGanymede>Callisto/2l|LCallisto>Callisto/2h|LCallisto>Ganymede/2h: 0 zeros 0 pass (0.5s) totals zeros=284 pass=2 eta 3.5 min
2026-10-07T10:26:49+00:00 [279/509] k4|HGanymede/1,0,a|LGanymede>Callisto/2h|RCallisto/1:1|LCallisto>Ganymede/1h: 0 zeros 0 pass (0.1s) totals zeros=284 pass=2 eta 3.5 min
2026-10-07T10:26:49+00:00 [280/509] k4|HGanymede/1,0,a|LGanymede>Callisto/2h|RCallisto/1:2|LCallisto>Ganymede/1h: 0 zeros 0 pass (0.1s) totals zeros=284 pass=2 eta 3.4 min
2026-10-07T10:26:50+00:00 [281/509] k4|HGanymede/1,0,a|LGanymede>Callisto/2h|HCallisto/1,0,p|LCallisto>Ganymede/1h: 2 zeros 0 pass (0.9s) totals zeros=286 pass=2 eta 3.4 min
2026-10-07T10:26:50+00:00 [282/509] k4|HGanymede/1,0,a|LGanymede>Callisto/2h|HCallisto/3,1,p|LCallisto>Ganymede/0s: 2 zeros 0 pass (0.7s) totals zeros=288 pass=2 eta 3.4 min
2026-10-07T10:26:50+00:00 [283/509] k4|HGanymede/1,0,a|LGanymede>Callisto/2h|HCallisto/3,1,a|LCallisto>Ganymede/2l: 0 zeros 0 pass (0.1s) totals zeros=288 pass=2 eta 3.4 min
2026-10-07T10:26:51+00:00 [284/509] k4|HGanymede/1,0,a|LGanymede>Callisto/2h|LCallisto>Callisto/1h|LCallisto>Ganymede/1l: 0 zeros 0 pass (0.6s) totals zeros=288 pass=2 eta 3.4 min
2026-10-07T10:26:52+00:00 [285/509] k4|HGanymede/1,0,a|LGanymede>Callisto/2h|LCallisto>Callisto/2l|LCallisto>Ganymede/2h: 0 zeros 0 pass (0.6s) totals zeros=288 pass=2 eta 3.3 min
2026-10-07T10:26:52+00:00 [286/509] k4|HGanymede/3,1,p|LGanymede>Callisto/0s|LCallisto>Ganymede/1h: 4 zeros 0 pass (0.4s) totals zeros=292 pass=2 eta 3.3 min
2026-10-07T10:26:52+00:00 [287/509] k4|HGanymede/3,1,p|LGanymede>Callisto/0s|RCallisto/2:1|LCallisto>Ganymede/0s: 2 zeros 0 pass (0.3s) totals zeros=294 pass=2 eta 3.3 min
2026-10-07T10:26:53+00:00 [288/509] k4|HGanymede/3,1,p|LGanymede>Callisto/0s|RCallisto/2:3|LCallisto>Ganymede/0s: 2 zeros 0 pass (0.4s) totals zeros=296 pass=2 eta 3.3 min
2026-10-07T10:26:53+00:00 [289/509] k4|HGanymede/3,1,p|LGanymede>Callisto/0s|HCallisto/1,0,a|LCallisto>Ganymede/0s: 6 zeros 0 pass (0.7s) totals zeros=302 pass=2 eta 3.3 min
2026-10-07T10:26:54+00:00 [290/509] k4|HGanymede/3,1,p|LGanymede>Callisto/0s|HCallisto/3,1,p|LCallisto>Ganymede/2l: 0 zeros 0 pass (0.1s) totals zeros=302 pass=2 eta 3.2 min
2026-10-07T10:26:56+00:00 [291/509] k4|HGanymede/3,1,p|LGanymede>Callisto/0s|LCallisto>Callisto/1l|LCallisto>Ganymede/1l: 1 zeros 0 pass (2.6s) totals zeros=303 pass=2 eta 3.2 min
2026-10-07T10:26:58+00:00 [292/509] k4|HGanymede/3,1,p|LGanymede>Callisto/0s|LCallisto>Callisto/1h|LCallisto>Ganymede/2h: 0 zeros 0 pass (1.6s) totals zeros=303 pass=2 eta 3.2 min
2026-10-07T10:26:58+00:00 [293/509] k4|HGanymede/3,1,p|LGanymede>Callisto/0s|LCallisto>Callisto/2h|LCallisto>Ganymede/1h: 0 zeros 0 pass (0.6s) totals zeros=303 pass=2 eta 3.2 min
2026-10-07T10:26:59+00:00 [294/509] k4|HGanymede/3,1,p|LGanymede>Callisto/1l|RCallisto/1:1|LCallisto>Ganymede/0s: 3 zeros 0 pass (0.8s) totals zeros=306 pass=2 eta 3.2 min
2026-10-07T10:26:59+00:00 [295/509] k4|HGanymede/3,1,p|LGanymede>Callisto/1l|RCallisto/1:2|LCallisto>Ganymede/1h: 0 zeros 0 pass (0.1s) totals zeros=306 pass=2 eta 3.2 min
2026-10-07T10:27:00+00:00 [296/509] k4|HGanymede/3,1,p|LGanymede>Callisto/1l|HCallisto/1,0,p|LCallisto>Ganymede/2h: 0 zeros 0 pass (1.0s) totals zeros=306 pass=2 eta 3.2 min
2026-10-07T10:27:00+00:00 [297/509] k4|HGanymede/3,1,p|LGanymede>Callisto/1l|HCallisto/3,1,p|LCallisto>Ganymede/1h: 0 zeros 0 pass (0.0s) totals zeros=306 pass=2 eta 3.1 min
2026-10-07T10:27:03+00:00 [298/509] k4|HGanymede/3,1,p|LGanymede>Callisto/1l|LCallisto>Callisto/1l|LCallisto>Ganymede/0s: 1 zeros 0 pass (3.0s) totals zeros=307 pass=2 eta 3.1 min
2026-10-07T10:27:04+00:00 [299/509] k4|HGanymede/3,1,p|LGanymede>Callisto/1l|LCallisto>Callisto/1h|LCallisto>Ganymede/2l: 0 zeros 0 pass (0.4s) totals zeros=307 pass=2 eta 3.1 min
2026-10-07T10:27:04+00:00 [300/509] k4|HGanymede/3,1,p|LGanymede>Callisto/1l|LCallisto>Callisto/2h|LCallisto>Ganymede/1l: 0 zeros 0 pass (0.5s) totals zeros=307 pass=2 eta 3.1 min
2026-10-07T10:27:05+00:00 [301/509] k4|HGanymede/3,1,p|LGanymede>Callisto/1h|LCallisto>Ganymede/2h: 2 zeros 0 pass (0.7s) totals zeros=309 pass=2 eta 3.1 min
2026-10-07T10:27:05+00:00 [302/509] k4|HGanymede/3,1,p|LGanymede>Callisto/1h|RCallisto/1:2|LCallisto>Ganymede/1l: 0 zeros 0 pass (0.1s) totals zeros=309 pass=2 eta 3.1 min
2026-10-07T10:27:05+00:00 [303/509] k4|HGanymede/3,1,p|LGanymede>Callisto/1h|HCallisto/1,0,p|LCallisto>Ganymede/2l: 1 zeros 0 pass (0.4s) totals zeros=310 pass=2 eta 3.0 min
2026-10-07T10:27:05+00:00 [304/509] k4|HGanymede/3,1,p|LGanymede>Callisto/1h|HCallisto/3,1,p|LCallisto>Ganymede/1l: 0 zeros 0 pass (0.1s) totals zeros=310 pass=2 eta 3.0 min
2026-10-07T10:27:06+00:00 [305/509] k4|HGanymede/3,1,p|LGanymede>Callisto/1h|HCallisto/3,1,a|LCallisto>Ganymede/2h: 0 zeros 0 pass (0.1s) totals zeros=310 pass=2 eta 3.0 min
2026-10-07T10:27:06+00:00 [306/509] k4|HGanymede/3,1,p|LGanymede>Callisto/1h|LCallisto>Callisto/1h|LCallisto>Ganymede/1h: 0 zeros 0 pass (0.5s) totals zeros=310 pass=2 eta 3.0 min
2026-10-07T10:27:06+00:00 [307/509] k4|HGanymede/3,1,p|LGanymede>Callisto/1h|LCallisto>Callisto/2h|LCallisto>Ganymede/0s: 0 zeros 0 pass (0.4s) totals zeros=310 pass=2 eta 3.0 min
2026-10-07T10:27:07+00:00 [308/509] k4|HGanymede/3,1,p|LGanymede>Callisto/2l|LCallisto>Ganymede/2l: 0 zeros 0 pass (0.1s) totals zeros=310 pass=2 eta 2.9 min
2026-10-07T10:27:07+00:00 [309/509] k4|HGanymede/3,1,p|LGanymede>Callisto/2l|RCallisto/1:2|LCallisto>Ganymede/1l: 0 zeros 0 pass (0.1s) totals zeros=310 pass=2 eta 2.9 min
2026-10-07T10:27:07+00:00 [310/509] k4|HGanymede/3,1,p|LGanymede>Callisto/2l|HCallisto/1,0,p|LCallisto>Ganymede/2h: 0 zeros 0 pass (0.3s) totals zeros=310 pass=2 eta 2.9 min
2026-10-07T10:27:07+00:00 [311/509] k4|HGanymede/3,1,p|LGanymede>Callisto/2l|HCallisto/3,1,p|LCallisto>Ganymede/1h: 0 zeros 0 pass (0.0s) totals zeros=310 pass=2 eta 2.9 min
2026-10-07T10:27:07+00:00 [312/509] k4|HGanymede/3,1,p|LGanymede>Callisto/2l|LCallisto>Callisto/1l|LCallisto>Ganymede/2h: 0 zeros 0 pass (0.4s) totals zeros=310 pass=2 eta 2.8 min
2026-10-07T10:27:08+00:00 [313/509] k4|HGanymede/3,1,p|LGanymede>Callisto/2l|LCallisto>Callisto/2l|LCallisto>Ganymede/1h: 0 zeros 0 pass (0.5s) totals zeros=310 pass=2 eta 2.8 min
2026-10-07T10:27:09+00:00 [314/509] k4|HGanymede/3,1,p|LGanymede>Callisto/2h|LCallisto>Ganymede/0s: 4 zeros 0 pass (0.9s) totals zeros=314 pass=2 eta 2.8 min
2026-10-07T10:27:09+00:00 [315/509] k4|HGanymede/3,1,p|LGanymede>Callisto/2h|RCallisto/1:1|LCallisto>Ganymede/2l: 0 zeros 0 pass (0.1s) totals zeros=314 pass=2 eta 2.8 min
2026-10-07T10:27:09+00:00 [316/509] k4|HGanymede/3,1,p|LGanymede>Callisto/2h|HCallisto/1,0,p|LCallisto>Ganymede/1l: 0 zeros 0 pass (0.7s) totals zeros=314 pass=2 eta 2.8 min
2026-10-07T10:27:10+00:00 [317/509] k4|HGanymede/3,1,p|LGanymede>Callisto/2h|HCallisto/1,0,a|LCallisto>Ganymede/2h: 2 zeros 0 pass (0.3s) totals zeros=316 pass=2 eta 2.8 min
2026-10-07T10:27:10+00:00 [318/509] k4|HGanymede/3,1,p|LGanymede>Callisto/2h|LCallisto>Callisto/1l|LCallisto>Ganymede/1l: 0 zeros 0 pass (0.5s) totals zeros=316 pass=2 eta 2.7 min
2026-10-07T10:27:11+00:00 [319/509] k4|HGanymede/3,1,p|LGanymede>Callisto/2h|LCallisto>Callisto/1h|LCallisto>Ganymede/2h: 0 zeros 0 pass (0.5s) totals zeros=316 pass=2 eta 2.7 min
2026-10-07T10:27:11+00:00 [320/509] k4|HGanymede/3,1,p|LGanymede>Callisto/2h|LCallisto>Callisto/2h|LCallisto>Ganymede/1h: 0 zeros 0 pass (0.4s) totals zeros=316 pass=2 eta 2.7 min
2026-10-07T10:27:12+00:00 [321/509] k4|HGanymede/3,1,a|LGanymede>Callisto/0s|RCallisto/1:1|LCallisto>Ganymede/0s: 6 zeros 0 pass (0.5s) totals zeros=322 pass=2 eta 2.7 min
2026-10-07T10:27:13+00:00 [322/509] k4|HGanymede/3,1,a|LGanymede>Callisto/0s|RCallisto/1:2|LCallisto>Ganymede/0s: 6 zeros 0 pass (0.9s) totals zeros=328 pass=2 eta 2.7 min
2026-10-07T10:27:13+00:00 [323/509] k4|HGanymede/3,1,a|LGanymede>Callisto/0s|HCallisto/1,0,p|LCallisto>Ganymede/0s: 6 zeros 0 pass (0.9s) totals zeros=334 pass=2 eta 2.7 min
2026-10-07T10:27:15+00:00 [324/509] k4|HGanymede/3,1,a|LGanymede>Callisto/0s|HCallisto/1,0,a|LCallisto>Ganymede/2l: 1 zeros 0 pass (1.3s) totals zeros=335 pass=2 eta 2.6 min
2026-10-07T10:27:15+00:00 [325/509] k4|HGanymede/3,1,a|LGanymede>Callisto/0s|HCallisto/3,1,a|LCallisto>Ganymede/1l: 1 zeros 0 pass (0.4s) totals zeros=336 pass=2 eta 2.6 min
2026-10-07T10:27:16+00:00 [326/509] k4|HGanymede/3,1,a|LGanymede>Callisto/0s|LCallisto>Callisto/1l|LCallisto>Ganymede/2h: 0 zeros 0 pass (1.3s) totals zeros=336 pass=2 eta 2.6 min
2026-10-07T10:27:17+00:00 [327/509] k4|HGanymede/3,1,a|LGanymede>Callisto/0s|LCallisto>Callisto/2l|LCallisto>Ganymede/1h: 0 zeros 0 pass (0.6s) totals zeros=336 pass=2 eta 2.6 min
2026-10-07T10:27:18+00:00 [328/509] k4|HGanymede/3,1,a|LGanymede>Callisto/1l|LCallisto>Ganymede/0s: 4 zeros 0 pass (0.5s) totals zeros=340 pass=2 eta 2.6 min
2026-10-07T10:27:18+00:00 [329/509] k4|HGanymede/3,1,a|LGanymede>Callisto/1l|RCallisto/1:1|LCallisto>Ganymede/2l: 0 zeros 0 pass (0.1s) totals zeros=340 pass=2 eta 2.6 min
2026-10-07T10:27:18+00:00 [330/509] k4|HGanymede/3,1,a|LGanymede>Callisto/1l|RCallisto/2:3|LCallisto>Ganymede/0s: 0 zeros 0 pass (0.0s) totals zeros=340 pass=2 eta 2.5 min
2026-10-07T10:27:19+00:00 [331/509] k4|HGanymede/3,1,a|LGanymede>Callisto/1l|HCallisto/1,0,a|LCallisto>Ganymede/1h: 1 zeros 0 pass (1.1s) totals zeros=341 pass=2 eta 2.5 min
2026-10-07T10:27:19+00:00 [332/509] k4|HGanymede/3,1,a|LGanymede>Callisto/1l|HCallisto/3,1,a|LCallisto>Ganymede/0s: 1 zeros 0 pass (0.4s) totals zeros=342 pass=2 eta 2.5 min
2026-10-07T10:27:20+00:00 [333/509] k4|HGanymede/3,1,a|LGanymede>Callisto/1l|LCallisto>Callisto/1l|LCallisto>Ganymede/2l: 0 zeros 0 pass (0.4s) totals zeros=342 pass=2 eta 2.5 min
2026-10-07T10:27:20+00:00 [334/509] k4|HGanymede/3,1,a|LGanymede>Callisto/1l|LCallisto>Callisto/2l|LCallisto>Ganymede/1l: 0 zeros 0 pass (0.4s) totals zeros=342 pass=2 eta 2.5 min
2026-10-07T10:27:20+00:00 [335/509] k4|HGanymede/3,1,a|LGanymede>Callisto/1l|LCallisto>Callisto/2h|LCallisto>Ganymede/2h: 0 zeros 0 pass (0.4s) totals zeros=342 pass=2 eta 2.5 min
2026-10-07T10:27:20+00:00 [336/509] k4|HGanymede/3,1,a|LGanymede>Callisto/1h|RCallisto/1:1|LCallisto>Ganymede/1h: 0 zeros 0 pass (0.1s) totals zeros=342 pass=2 eta 2.4 min
2026-10-07T10:27:21+00:00 [337/509] k4|HGanymede/3,1,a|LGanymede>Callisto/1h|RCallisto/1:2|LCallisto>Ganymede/2h: 0 zeros 0 pass (0.1s) totals zeros=342 pass=2 eta 2.4 min
2026-10-07T10:27:22+00:00 [338/509] k4|HGanymede/3,1,a|LGanymede>Callisto/1h|HCallisto/1,0,a|LCallisto>Ganymede/1l: 1 zeros 0 pass (1.4s) totals zeros=343 pass=2 eta 2.4 min
2026-10-07T10:27:22+00:00 [339/509] k4|HGanymede/3,1,a|LGanymede>Callisto/1h|HCallisto/3,1,p|LCallisto>Ganymede/2h: 0 zeros 0 pass (0.1s) totals zeros=343 pass=2 eta 2.4 min
2026-10-07T10:27:22+00:00 [340/509] k4|HGanymede/3,1,a|LGanymede>Callisto/1h|LCallisto>Callisto/1l|LCallisto>Ganymede/1h: 0 zeros 0 pass (0.4s) totals zeros=343 pass=2 eta 2.4 min
2026-10-07T10:27:23+00:00 [341/509] k4|HGanymede/3,1,a|LGanymede>Callisto/1h|LCallisto>Callisto/2l|LCallisto>Ganymede/0s: 0 zeros 0 pass (0.4s) totals zeros=343 pass=2 eta 2.3 min
2026-10-07T10:27:23+00:00 [342/509] k4|HGanymede/3,1,a|LGanymede>Callisto/1h|LCallisto>Callisto/2h|LCallisto>Ganymede/2l: 0 zeros 0 pass (0.4s) totals zeros=343 pass=2 eta 2.3 min
2026-10-07T10:27:23+00:00 [343/509] k4|HGanymede/3,1,a|LGanymede>Callisto/2l|RCallisto/1:1|LCallisto>Ganymede/1l: 0 zeros 0 pass (0.1s) totals zeros=343 pass=2 eta 2.3 min
2026-10-07T10:27:23+00:00 [344/509] k4|HGanymede/3,1,a|LGanymede>Callisto/2l|RCallisto/1:2|LCallisto>Ganymede/2h: 0 zeros 0 pass (0.1s) totals zeros=343 pass=2 eta 2.3 min
2026-10-07T10:27:24+00:00 [345/509] k4|HGanymede/3,1,a|LGanymede>Callisto/2l|HCallisto/1,0,a|LCallisto>Ganymede/1h: 1 zeros 0 pass (0.6s) totals zeros=344 pass=2 eta 2.3 min
2026-10-07T10:27:24+00:00 [346/509] k4|HGanymede/3,1,a|LGanymede>Callisto/2l|HCallisto/3,1,a|LCallisto>Ganymede/1h: 0 zeros 0 pass (0.1s) totals zeros=344 pass=2 eta 2.3 min
2026-10-07T10:27:25+00:00 [347/509] k4|HGanymede/3,1,a|LGanymede>Callisto/2l|LCallisto>Callisto/1h|LCallisto>Ganymede/1h: 0 zeros 0 pass (0.5s) totals zeros=344 pass=2 eta 2.2 min
2026-10-07T10:27:25+00:00 [348/509] k4|HGanymede/3,1,a|LGanymede>Callisto/2l|LCallisto>Callisto/2h|LCallisto>Ganymede/0s: 0 zeros 0 pass (0.5s) totals zeros=344 pass=2 eta 2.2 min
2026-10-07T10:27:25+00:00 [349/509] k4|HGanymede/3,1,a|LGanymede>Callisto/2h|LCallisto>Ganymede/2l: 0 zeros 0 pass (0.1s) totals zeros=344 pass=2 eta 2.2 min
2026-10-07T10:27:25+00:00 [350/509] k4|HGanymede/3,1,a|LGanymede>Callisto/2h|RCallisto/1:2|LCallisto>Ganymede/1l: 0 zeros 0 pass (0.1s) totals zeros=344 pass=2 eta 2.2 min
2026-10-07T10:27:25+00:00 [351/509] k4|HGanymede/3,1,a|LGanymede>Callisto/2h|HCallisto/1,0,p|LCallisto>Ganymede/2h: 2 zeros 0 pass (0.2s) totals zeros=346 pass=2 eta 2.2 min
2026-10-07T10:27:26+00:00 [352/509] k4|HGanymede/3,1,a|LGanymede>Callisto/2h|HCallisto/3,1,p|LCallisto>Ganymede/1h: 0 zeros 0 pass (0.1s) totals zeros=346 pass=2 eta 2.1 min
2026-10-07T10:27:26+00:00 [353/509] k4|HGanymede/3,1,a|LGanymede>Callisto/2h|LCallisto>Callisto/1l|LCallisto>Ganymede/2h: 0 zeros 0 pass (0.4s) totals zeros=346 pass=2 eta 2.1 min
2026-10-07T10:27:26+00:00 [354/509] k4|HGanymede/3,1,a|LGanymede>Callisto/2h|LCallisto>Callisto/2l|LCallisto>Ganymede/1h: 0 zeros 0 pass (0.4s) totals zeros=346 pass=2 eta 2.1 min
2026-10-07T10:27:28+00:00 [355/509] k4|LGanymede>Ganymede/1l|LGanymede>Callisto/0s|LCallisto>Ganymede/0s: 11 zeros 0 pass (1.6s) totals zeros=357 pass=2 eta 2.1 min
2026-10-07T10:27:32+00:00 [356/509] k4|LGanymede>Ganymede/1l|LGanymede>Callisto/0s|RCallisto/1:1|LCallisto>Ganymede/2l: 0 zeros 0 pass (3.6s) totals zeros=357 pass=2 eta 2.1 min
2026-10-07T10:27:34+00:00 [357/509] k4|LGanymede>Ganymede/1l|LGanymede>Callisto/0s|RCallisto/1:2|LCallisto>Ganymede/1l: 3 zeros 0 pass (2.7s) totals zeros=360 pass=2 eta 2.1 min
2026-10-07T10:27:35+00:00 [358/509] k4|LGanymede>Ganymede/1l|LGanymede>Callisto/0s|RCallisto/2:3|LCallisto>Ganymede/2h: 0 zeros 0 pass (0.4s) totals zeros=360 pass=2 eta 2.1 min
2026-10-07T10:27:40+00:00 [359/509] k4|LGanymede>Ganymede/1l|LGanymede>Callisto/0s|HCallisto/1,0,a|LCallisto>Ganymede/1h: 14 zeros 0 pass (5.8s) totals zeros=374 pass=2 eta 2.1 min
2026-10-07T10:27:42+00:00 [360/509] k4|LGanymede>Ganymede/1l|LGanymede>Callisto/0s|HCallisto/3,1,a|LCallisto>Ganymede/0s: 10 zeros 0 pass (1.9s) totals zeros=384 pass=2 eta 2.1 min
2026-10-07T10:27:49+00:00 [361/509] k4|LGanymede>Ganymede/1l|LGanymede>Callisto/0s|LCallisto>Callisto/1l|LCallisto>Ganymede/2l: 0 zeros 0 pass (7.0s) totals zeros=384 pass=2 eta 2.1 min
2026-10-07T10:27:51+00:00 [362/509] k4|LGanymede>Ganymede/1l|LGanymede>Callisto/0s|LCallisto>Callisto/2l|LCallisto>Ganymede/1l: 0 zeros 0 pass (2.2s) totals zeros=384 pass=2 eta 2.1 min
2026-10-07T10:27:54+00:00 [363/509] k4|LGanymede>Ganymede/1l|LGanymede>Callisto/0s|LCallisto>Callisto/2h|LCallisto>Ganymede/2h: 0 zeros 0 pass (2.2s) totals zeros=384 pass=2 eta 2.1 min
2026-10-07T10:27:55+00:00 [364/509] k4|LGanymede>Ganymede/1l|LGanymede>Callisto/1l|RCallisto/1:1|LCallisto>Ganymede/1h: 0 zeros 0 pass (1.4s) totals zeros=384 pass=2 eta 2.1 min
2026-10-07T10:27:58+00:00 [365/509] k4|LGanymede>Ganymede/1l|LGanymede>Callisto/1l|RCallisto/1:2|LCallisto>Ganymede/0s: 3 zeros 0 pass (2.9s) totals zeros=387 pass=2 eta 2.1 min
2026-10-07T10:27:58+00:00 [366/509] k4|LGanymede>Ganymede/1l|LGanymede>Callisto/1l|RCallisto/2:3|LCallisto>Ganymede/2l: 0 zeros 0 pass (0.4s) totals zeros=387 pass=2 eta 2.1 min
2026-10-07T10:28:01+00:00 [367/509] k4|LGanymede>Ganymede/1l|LGanymede>Callisto/1l|HCallisto/1,0,a|LCallisto>Ganymede/1l: 4 zeros 0 pass (3.0s) totals zeros=391 pass=2 eta 2.1 min
2026-10-07T10:28:02+00:00 [368/509] k4|LGanymede>Ganymede/1l|LGanymede>Callisto/1l|HCallisto/3,1,p|LCallisto>Ganymede/2h: 0 zeros 0 pass (0.5s) totals zeros=391 pass=2 eta 2.1 min
2026-10-07T10:28:05+00:00 [369/509] k4|LGanymede>Ganymede/1l|LGanymede>Callisto/1l|LCallisto>Callisto/1l|LCallisto>Ganymede/1h: 0 zeros 0 pass (2.7s) totals zeros=391 pass=2 eta 2.1 min
2026-10-07T10:28:07+00:00 [370/509] k4|LGanymede>Ganymede/1l|LGanymede>Callisto/1l|LCallisto>Callisto/2l|LCallisto>Ganymede/0s: 0 zeros 0 pass (2.1s) totals zeros=391 pass=2 eta 2.1 min
2026-10-07T10:28:09+00:00 [371/509] k4|LGanymede>Ganymede/1l|LGanymede>Callisto/1l|LCallisto>Callisto/2h|LCallisto>Ganymede/2l: 0 zeros 0 pass (2.2s) totals zeros=391 pass=2 eta 2.1 min
2026-10-07T10:28:10+00:00 [372/509] k4|LGanymede>Ganymede/1l|LGanymede>Callisto/1h|RCallisto/1:1|LCallisto>Ganymede/1l: 0 zeros 0 pass (1.2s) totals zeros=391 pass=2 eta 2.0 min
2026-10-07T10:28:10+00:00 [373/509] k4|LGanymede>Ganymede/1l|LGanymede>Callisto/1h|RCallisto/2:1|LCallisto>Ganymede/2h: 0 zeros 0 pass (0.4s) totals zeros=391 pass=2 eta 2.0 min
2026-10-07T10:28:11+00:00 [374/509] k4|LGanymede>Ganymede/1l|LGanymede>Callisto/1h|RCallisto/2:3|LCallisto>Ganymede/1h: 0 zeros 0 pass (0.5s) totals zeros=391 pass=2 eta 2.0 min
2026-10-07T10:28:16+00:00 [375/509] k4|LGanymede>Ganymede/1l|LGanymede>Callisto/1h|HCallisto/1,0,a|LCallisto>Ganymede/0s: 15 zeros 0 pass (5.5s) totals zeros=406 pass=2 eta 2.0 min
2026-10-07T10:28:17+00:00 [376/509] k4|LGanymede>Ganymede/1l|LGanymede>Callisto/1h|HCallisto/3,1,p|LCallisto>Ganymede/2l: 0 zeros 0 pass (0.5s) totals zeros=406 pass=2 eta 2.0 min
2026-10-07T10:28:20+00:00 [377/509] k4|LGanymede>Ganymede/1l|LGanymede>Callisto/1h|LCallisto>Callisto/1l|LCallisto>Ganymede/1l: 0 zeros 0 pass (2.8s) totals zeros=406 pass=2 eta 2.0 min
2026-10-07T10:28:22+00:00 [378/509] k4|LGanymede>Ganymede/1l|LGanymede>Callisto/1h|LCallisto>Callisto/1h|LCallisto>Ganymede/2h: 0 zeros 0 pass (2.0s) totals zeros=406 pass=2 eta 2.0 min
2026-10-07T10:28:23+00:00 [379/509] k4|LGanymede>Ganymede/1l|LGanymede>Callisto/1h|LCallisto>Callisto/2h|LCallisto>Ganymede/1h: 0 zeros 0 pass (1.8s) totals zeros=406 pass=2 eta 2.0 min
2026-10-07T10:28:27+00:00 [380/509] k4|LGanymede>Ganymede/1l|LGanymede>Callisto/2l|RCallisto/1:1|LCallisto>Ganymede/0s: 0 zeros 0 pass (3.6s) totals zeros=406 pass=2 eta 2.0 min
2026-10-07T10:28:30+00:00 [381/509] k4|LGanymede>Ganymede/1l|LGanymede>Callisto/2l|RCallisto/1:2|LCallisto>Ganymede/0s: 0 zeros 0 pass (3.3s) totals zeros=406 pass=2 eta 2.0 min
2026-10-07T10:28:35+00:00 [382/509] k4|LGanymede>Ganymede/1l|LGanymede>Callisto/2l|HCallisto/1,0,p|LCallisto>Ganymede/0s: 7 zeros 0 pass (4.3s) totals zeros=413 pass=2 eta 2.0 min
2026-10-07T10:28:36+00:00 [383/509] k4|LGanymede>Ganymede/1l|LGanymede>Callisto/2l|HCallisto/1,0,a|LCallisto>Ganymede/2l: 0 zeros 0 pass (1.4s) totals zeros=413 pass=2 eta 2.0 min
2026-10-07T10:28:36+00:00 [384/509] k4|LGanymede>Ganymede/1l|LGanymede>Callisto/2l|HCallisto/3,1,a|LCallisto>Ganymede/1l: 0 zeros 0 pass (0.4s) totals zeros=413 pass=2 eta 1.9 min
2026-10-07T10:28:39+00:00 [385/509] k4|LGanymede>Ganymede/1l|LGanymede>Callisto/2l|LCallisto>Callisto/1l|LCallisto>Ganymede/2h: 0 zeros 0 pass (2.4s) totals zeros=413 pass=2 eta 1.9 min
2026-10-07T10:28:41+00:00 [386/509] k4|LGanymede>Ganymede/1l|LGanymede>Callisto/2l|LCallisto>Callisto/2l|LCallisto>Ganymede/1h: 0 zeros 0 pass (2.2s) totals zeros=413 pass=2 eta 1.9 min
2026-10-07T10:28:45+00:00 [387/509] k4|LGanymede>Ganymede/1l|LGanymede>Callisto/2h|LCallisto>Ganymede/0s: 5 zeros 0 pass (4.0s) totals zeros=418 pass=2 eta 1.9 min
2026-10-07T10:28:46+00:00 [388/509] k4|LGanymede>Ganymede/1l|LGanymede>Callisto/2h|RCallisto/1:1|LCallisto>Ganymede/2l: 0 zeros 0 pass (0.8s) totals zeros=418 pass=2 eta 1.9 min
2026-10-07T10:28:46+00:00 [389/509] k4|LGanymede>Ganymede/1l|LGanymede>Callisto/2h|RCallisto/1:2|LCallisto>Ganymede/2l: 0 zeros 0 pass (0.7s) totals zeros=418 pass=2 eta 1.9 min
2026-10-07T10:28:47+00:00 [390/509] k4|LGanymede>Ganymede/1l|LGanymede>Callisto/2h|HCallisto/1,0,p|LCallisto>Ganymede/2l: 0 zeros 0 pass (0.6s) totals zeros=418 pass=2 eta 1.9 min
2026-10-07T10:28:48+00:00 [391/509] k4|LGanymede>Ganymede/1l|LGanymede>Callisto/2h|HCallisto/3,1,p|LCallisto>Ganymede/1l: 0 zeros 0 pass (0.5s) totals zeros=418 pass=2 eta 1.9 min
2026-10-07T10:28:48+00:00 [392/509] k4|LGanymede>Ganymede/1l|LGanymede>Callisto/2h|HCallisto/3,1,a|LCallisto>Ganymede/2h: 0 zeros 0 pass (0.5s) totals zeros=418 pass=2 eta 1.8 min
2026-10-07T10:28:50+00:00 [393/509] k4|LGanymede>Ganymede/1l|LGanymede>Callisto/2h|LCallisto>Callisto/1h|LCallisto>Ganymede/1h: 0 zeros 0 pass (2.4s) totals zeros=418 pass=2 eta 1.8 min
2026-10-07T10:28:53+00:00 [394/509] k4|LGanymede>Ganymede/1l|LGanymede>Callisto/2h|LCallisto>Callisto/2h|LCallisto>Ganymede/0s: 0 zeros 0 pass (2.8s) totals zeros=418 pass=2 eta 1.8 min
2026-10-07T10:28:57+00:00 [395/509] k4|LGanymede>Ganymede/1h|LGanymede>Callisto/0s|LCallisto>Ganymede/2l: 9 zeros 0 pass (3.4s) totals zeros=427 pass=2 eta 1.8 min
2026-10-07T10:28:57+00:00 [396/509] k4|LGanymede>Ganymede/1h|LGanymede>Callisto/0s|RCallisto/2:1|LCallisto>Ganymede/1l: 0 zeros 0 pass (0.4s) totals zeros=427 pass=2 eta 1.8 min
2026-10-07T10:29:01+00:00 [397/509] k4|LGanymede>Ganymede/1h|LGanymede>Callisto/0s|RCallisto/1:2|LCallisto>Ganymede/2h: 1 zeros 0 pass (4.1s) totals zeros=428 pass=2 eta 1.8 min
2026-10-07T10:29:06+00:00 [398/509] k4|LGanymede>Ganymede/1h|LGanymede>Callisto/0s|HCallisto/1,0,p|LCallisto>Ganymede/1h: 10 zeros 0 pass (4.8s) totals zeros=438 pass=2 eta 1.8 min
2026-10-07T10:29:08+00:00 [399/509] k4|LGanymede>Ganymede/1h|LGanymede>Callisto/0s|HCallisto/3,1,p|LCallisto>Ganymede/0s: 12 zeros 0 pass (2.4s) totals zeros=450 pass=2 eta 1.8 min
2026-10-07T10:29:09+00:00 [400/509] k4|LGanymede>Ganymede/1h|LGanymede>Callisto/0s|HCallisto/3,1,a|LCallisto>Ganymede/2l: 0 zeros 0 pass (0.7s) totals zeros=450 pass=2 eta 1.8 min
2026-10-07T10:29:18+00:00 [401/509] k4|LGanymede>Ganymede/1h|LGanymede>Callisto/0s|LCallisto>Callisto/1h|LCallisto>Ganymede/1l: 8 zeros 1 pass (8.7s) totals zeros=458 pass=3 eta 1.8 min
2026-10-07T10:29:21+00:00 [402/509] k4|LGanymede>Ganymede/1h|LGanymede>Callisto/0s|LCallisto>Callisto/2l|LCallisto>Ganymede/2h: 0 zeros 0 pass (2.7s) totals zeros=458 pass=3 eta 1.8 min
2026-10-07T10:29:24+00:00 [403/509] k4|LGanymede>Ganymede/1h|LGanymede>Callisto/1l|LCallisto>Ganymede/1h: 4 zeros 0 pass (3.1s) totals zeros=462 pass=3 eta 1.8 min
2026-10-07T10:29:24+00:00 [404/509] k4|LGanymede>Ganymede/1h|LGanymede>Callisto/1l|RCallisto/2:1|LCallisto>Ganymede/0s: 0 zeros 0 pass (0.4s) totals zeros=462 pass=3 eta 1.8 min
2026-10-07T10:29:25+00:00 [405/509] k4|LGanymede>Ganymede/1h|LGanymede>Callisto/1l|RCallisto/1:2|LCallisto>Ganymede/2l: 1 zeros 0 pass (0.9s) totals zeros=463 pass=3 eta 1.7 min
2026-10-07T10:29:30+00:00 [406/509] k4|LGanymede>Ganymede/1h|LGanymede>Callisto/1l|HCallisto/1,0,p|LCallisto>Ganymede/1l: 2 zeros 0 pass (5.3s) totals zeros=465 pass=3 eta 1.7 min
2026-10-07T10:29:33+00:00 [407/509] k4|LGanymede>Ganymede/1h|LGanymede>Callisto/1l|HCallisto/1,0,a|LCallisto>Ganymede/2h: 1 zeros 0 pass (2.2s) totals zeros=466 pass=3 eta 1.7 min
2026-10-07T10:29:33+00:00 [408/509] k4|LGanymede>Ganymede/1h|LGanymede>Callisto/1l|HCallisto/3,1,a|LCallisto>Ganymede/1h: 0 zeros 0 pass (0.4s) totals zeros=466 pass=3 eta 1.7 min
2026-10-07T10:29:43+00:00 [409/509] k4|LGanymede>Ganymede/1h|LGanymede>Callisto/1l|LCallisto>Callisto/1h|LCallisto>Ganymede/0s: 9 zeros 1 pass (10.2s) totals zeros=475 pass=4 eta 1.7 min
2026-10-07T10:29:46+00:00 [410/509] k4|LGanymede>Ganymede/1h|LGanymede>Callisto/1l|LCallisto>Callisto/2l|LCallisto>Ganymede/2l: 0 zeros 0 pass (2.5s) totals zeros=475 pass=4 eta 1.7 min
2026-10-07T10:29:49+00:00 [411/509] k4|LGanymede>Ganymede/1h|LGanymede>Callisto/1h|LCallisto>Ganymede/1l: 5 zeros 0 pass (3.1s) totals zeros=480 pass=4 eta 1.7 min
2026-10-07T10:29:49+00:00 [412/509] k4|LGanymede>Ganymede/1h|LGanymede>Callisto/1h|RCallisto/1:1|LCallisto>Ganymede/2h: 0 zeros 0 pass (0.7s) totals zeros=480 pass=4 eta 1.7 min
2026-10-07T10:29:52+00:00 [413/509] k4|LGanymede>Ganymede/1h|LGanymede>Callisto/1h|RCallisto/1:2|LCallisto>Ganymede/1h: 0 zeros 0 pass (2.2s) totals zeros=480 pass=4 eta 1.7 min
2026-10-07T10:29:56+00:00 [414/509] k4|LGanymede>Ganymede/1h|LGanymede>Callisto/1h|HCallisto/1,0,p|LCallisto>Ganymede/0s: 11 zeros 0 pass (4.5s) totals zeros=491 pass=4 eta 1.7 min
2026-10-07T10:29:58+00:00 [415/509] k4|LGanymede>Ganymede/1h|LGanymede>Callisto/1h|HCallisto/1,0,a|LCallisto>Ganymede/2l: 1 zeros 0 pass (1.6s) totals zeros=492 pass=4 eta 1.7 min
2026-10-07T10:29:58+00:00 [416/509] k4|LGanymede>Ganymede/1h|LGanymede>Callisto/1h|HCallisto/3,1,a|LCallisto>Ganymede/1l: 0 zeros 0 pass (0.3s) totals zeros=492 pass=4 eta 1.6 min
2026-10-07T10:30:00+00:00 [417/509] k4|LGanymede>Ganymede/1h|LGanymede>Callisto/1h|LCallisto>Callisto/1l|LCallisto>Ganymede/2h: 0 zeros 0 pass (1.8s) totals zeros=492 pass=4 eta 1.6 min
2026-10-07T10:30:02+00:00 [418/509] k4|LGanymede>Ganymede/1h|LGanymede>Callisto/1h|LCallisto>Callisto/2l|LCallisto>Ganymede/1h: 0 zeros 0 pass (1.7s) totals zeros=492 pass=4 eta 1.6 min
2026-10-07T10:30:05+00:00 [419/509] k4|LGanymede>Ganymede/1h|LGanymede>Callisto/2l|LCallisto>Ganymede/0s: 8 zeros 0 pass (3.4s) totals zeros=500 pass=4 eta 1.6 min
2026-10-07T10:30:05+00:00 [420/509] k4|LGanymede>Ganymede/1h|LGanymede>Callisto/2l|RCallisto/1:1|LCallisto>Ganymede/2l: 0 zeros 0 pass (0.5s) totals zeros=500 pass=4 eta 1.6 min
2026-10-07T10:30:06+00:00 [421/509] k4|LGanymede>Ganymede/1h|LGanymede>Callisto/2l|RCallisto/1:2|LCallisto>Ganymede/2l: 0 zeros 0 pass (0.5s) totals zeros=500 pass=4 eta 1.6 min
2026-10-07T10:30:07+00:00 [422/509] k4|LGanymede>Ganymede/1h|LGanymede>Callisto/2l|HCallisto/1,0,p|LCallisto>Ganymede/2l: 0 zeros 0 pass (1.3s) totals zeros=500 pass=4 eta 1.5 min
2026-10-07T10:30:08+00:00 [423/509] k4|LGanymede>Ganymede/1h|LGanymede>Callisto/2l|HCallisto/3,1,p|LCallisto>Ganymede/1l: 0 zeros 0 pass (0.4s) totals zeros=500 pass=4 eta 1.5 min
2026-10-07T10:30:08+00:00 [424/509] k4|LGanymede>Ganymede/1h|LGanymede>Callisto/2l|HCallisto/3,1,a|LCallisto>Ganymede/2h: 0 zeros 0 pass (0.4s) totals zeros=500 pass=4 eta 1.5 min
2026-10-07T10:30:10+00:00 [425/509] k4|LGanymede>Ganymede/1h|LGanymede>Callisto/2l|LCallisto>Callisto/1h|LCallisto>Ganymede/1h: 1 zeros 0 pass (2.0s) totals zeros=501 pass=4 eta 1.5 min
2026-10-07T10:30:12+00:00 [426/509] k4|LGanymede>Ganymede/1h|LGanymede>Callisto/2l|LCallisto>Callisto/2h|LCallisto>Ganymede/0s: 0 zeros 0 pass (2.0s) totals zeros=501 pass=4 eta 1.5 min
2026-10-07T10:30:13+00:00 [427/509] k4|LGanymede>Ganymede/1h|LGanymede>Callisto/2h|LCallisto>Ganymede/2l: 1 zeros 0 pass (1.1s) totals zeros=502 pass=4 eta 1.5 min
2026-10-07T10:30:13+00:00 [428/509] k4|LGanymede>Ganymede/1h|LGanymede>Callisto/2h|RCallisto/2:1|LCallisto>Ganymede/1l: 0 zeros 0 pass (0.3s) totals zeros=502 pass=4 eta 1.4 min
2026-10-07T10:30:14+00:00 [429/509] k4|LGanymede>Ganymede/1h|LGanymede>Callisto/2h|RCallisto/2:3|LCallisto>Ganymede/1l: 0 zeros 0 pass (0.3s) totals zeros=502 pass=4 eta 1.4 min
2026-10-07T10:30:16+00:00 [430/509] k4|LGanymede>Ganymede/1h|LGanymede>Callisto/2h|HCallisto/1,0,a|LCallisto>Ganymede/1l: 1 zeros 0 pass (1.8s) totals zeros=503 pass=4 eta 1.4 min
2026-10-07T10:30:16+00:00 [431/509] k4|LGanymede>Ganymede/1h|LGanymede>Callisto/2h|HCallisto/3,1,p|LCallisto>Ganymede/2h: 0 zeros 0 pass (0.5s) totals zeros=503 pass=4 eta 1.4 min
2026-10-07T10:30:18+00:00 [432/509] k4|LGanymede>Ganymede/1h|LGanymede>Callisto/2h|LCallisto>Callisto/1l|LCallisto>Ganymede/1h: 0 zeros 0 pass (2.0s) totals zeros=503 pass=4 eta 1.4 min
2026-10-07T10:30:20+00:00 [433/509] k4|LGanymede>Ganymede/1h|LGanymede>Callisto/2h|LCallisto>Callisto/2l|LCallisto>Ganymede/0s: 0 zeros 0 pass (1.8s) totals zeros=503 pass=4 eta 1.4 min
2026-10-07T10:30:22+00:00 [434/509] k4|LGanymede>Ganymede/1h|LGanymede>Callisto/2h|LCallisto>Callisto/2h|LCallisto>Ganymede/2l: 0 zeros 0 pass (1.8s) totals zeros=503 pass=4 eta 1.3 min
2026-10-07T10:30:26+00:00 [435/509] k4|LGanymede>Ganymede/2l|LGanymede>Callisto/0s|RCallisto/1:1|LCallisto>Ganymede/1l: 0 zeros 0 pass (3.8s) totals zeros=503 pass=4 eta 1.3 min
2026-10-07T10:30:26+00:00 [436/509] k4|LGanymede>Ganymede/2l|LGanymede>Callisto/0s|RCallisto/2:1|LCallisto>Ganymede/2h: 0 zeros 0 pass (0.5s) totals zeros=503 pass=4 eta 1.3 min
2026-10-07T10:30:26+00:00 [437/509] k4|LGanymede>Ganymede/2l|LGanymede>Callisto/0s|RCallisto/2:3|LCallisto>Ganymede/1h: 0 zeros 0 pass (0.5s) totals zeros=503 pass=4 eta 1.3 min
2026-10-07T10:30:30+00:00 [438/509] k4|LGanymede>Ganymede/2l|LGanymede>Callisto/0s|HCallisto/1,0,a|LCallisto>Ganymede/0s: 19 zeros 0 pass (3.4s) totals zeros=522 pass=4 eta 1.3 min
2026-10-07T10:30:30+00:00 [439/509] k4|LGanymede>Ganymede/2l|LGanymede>Callisto/0s|HCallisto/3,1,p|LCallisto>Ganymede/2l: 0 zeros 0 pass (0.5s) totals zeros=522 pass=4 eta 1.3 min
2026-10-07T10:30:33+00:00 [440/509] k4|LGanymede>Ganymede/2l|LGanymede>Callisto/0s|LCallisto>Callisto/1l|LCallisto>Ganymede/1l: 0 zeros 0 pass (2.9s) totals zeros=522 pass=4 eta 1.2 min
2026-10-07T10:30:35+00:00 [441/509] k4|LGanymede>Ganymede/2l|LGanymede>Callisto/0s|LCallisto>Callisto/1h|LCallisto>Ganymede/2h: 0 zeros 0 pass (1.9s) totals zeros=522 pass=4 eta 1.2 min
2026-10-07T10:30:37+00:00 [442/509] k4|LGanymede>Ganymede/2l|LGanymede>Callisto/0s|LCallisto>Callisto/2h|LCallisto>Ganymede/1h: 0 zeros 0 pass (2.0s) totals zeros=522 pass=4 eta 1.2 min
2026-10-07T10:30:40+00:00 [443/509] k4|LGanymede>Ganymede/2l|LGanymede>Callisto/1l|RCallisto/1:1|LCallisto>Ganymede/0s: 0 zeros 0 pass (3.1s) totals zeros=522 pass=4 eta 1.2 min
2026-10-07T10:30:44+00:00 [444/509] k4|LGanymede>Ganymede/2l|LGanymede>Callisto/1l|RCallisto/1:2|LCallisto>Ganymede/0s: 0 zeros 0 pass (3.6s) totals zeros=522 pass=4 eta 1.2 min
2026-10-07T10:30:48+00:00 [445/509] k4|LGanymede>Ganymede/2l|LGanymede>Callisto/1l|HCallisto/1,0,p|LCallisto>Ganymede/0s: 10 zeros 0 pass (3.8s) totals zeros=532 pass=4 eta 1.2 min
2026-10-07T10:30:48+00:00 [446/509] k4|LGanymede>Ganymede/2l|LGanymede>Callisto/1l|HCallisto/1,0,a|LCallisto>Ganymede/2l: 0 zeros 0 pass (0.6s) totals zeros=532 pass=4 eta 1.2 min
2026-10-07T10:30:49+00:00 [447/509] k4|LGanymede>Ganymede/2l|LGanymede>Callisto/1l|HCallisto/3,1,a|LCallisto>Ganymede/1l: 0 zeros 0 pass (0.4s) totals zeros=532 pass=4 eta 1.1 min
2026-10-07T10:30:50+00:00 [448/509] k4|LGanymede>Ganymede/2l|LGanymede>Callisto/1l|LCallisto>Callisto/1l|LCallisto>Ganymede/2h: 0 zeros 0 pass (1.7s) totals zeros=532 pass=4 eta 1.1 min
2026-10-07T10:30:52+00:00 [449/509] k4|LGanymede>Ganymede/2l|LGanymede>Callisto/1l|LCallisto>Callisto/2l|LCallisto>Ganymede/1h: 0 zeros 0 pass (1.8s) totals zeros=532 pass=4 eta 1.1 min
2026-10-07T10:30:54+00:00 [450/509] k4|LGanymede>Ganymede/2l|LGanymede>Callisto/1h|LCallisto>Ganymede/0s: 6 zeros 0 pass (2.1s) totals zeros=538 pass=4 eta 1.1 min
2026-10-07T10:30:55+00:00 [451/509] k4|LGanymede>Ganymede/2l|LGanymede>Callisto/1h|RCallisto/1:1|LCallisto>Ganymede/2l: 0 zeros 0 pass (0.6s) totals zeros=538 pass=4 eta 1.1 min
2026-10-07T10:30:55+00:00 [452/509] k4|LGanymede>Ganymede/2l|LGanymede>Callisto/1h|RCallisto/1:2|LCallisto>Ganymede/2l: 0 zeros 0 pass (0.6s) totals zeros=538 pass=4 eta 1.0 min
2026-10-07T10:30:56+00:00 [453/509] k4|LGanymede>Ganymede/2l|LGanymede>Callisto/1h|HCallisto/1,0,p|LCallisto>Ganymede/2l: 0 zeros 0 pass (0.6s) totals zeros=538 pass=4 eta 1.0 min
2026-10-07T10:30:56+00:00 [454/509] k4|LGanymede>Ganymede/2l|LGanymede>Callisto/1h|HCallisto/3,1,p|LCallisto>Ganymede/1l: 0 zeros 0 pass (0.4s) totals zeros=538 pass=4 eta 1.0 min
2026-10-07T10:30:57+00:00 [455/509] k4|LGanymede>Ganymede/2l|LGanymede>Callisto/1h|HCallisto/3,1,a|LCallisto>Ganymede/2h: 0 zeros 0 pass (0.4s) totals zeros=538 pass=4 eta 1.0 min
2026-10-07T10:30:58+00:00 [456/509] k4|LGanymede>Ganymede/2l|LGanymede>Callisto/1h|LCallisto>Callisto/1h|LCallisto>Ganymede/1h: 0 zeros 0 pass (1.8s) totals zeros=538 pass=4 eta 1.0 min
2026-10-07T10:31:00+00:00 [457/509] k4|LGanymede>Ganymede/2l|LGanymede>Callisto/1h|LCallisto>Callisto/2h|LCallisto>Ganymede/0s: 0 zeros 0 pass (1.6s) totals zeros=538 pass=4 eta 1.0 min
2026-10-07T10:31:01+00:00 [458/509] k4|LGanymede>Ganymede/2l|LGanymede>Callisto/2l|LCallisto>Ganymede/2l: 0 zeros 0 pass (0.7s) totals zeros=538 pass=4 eta 0.9 min
2026-10-07T10:31:02+00:00 [459/509] k4|LGanymede>Ganymede/2l|LGanymede>Callisto/2l|RCallisto/1:2|LCallisto>Ganymede/0s: 0 zeros 0 pass (1.2s) totals zeros=538 pass=4 eta 0.9 min
2026-10-07T10:31:03+00:00 [460/509] k4|LGanymede>Ganymede/2l|LGanymede>Callisto/2l|HCallisto/1,0,p|LCallisto>Ganymede/1h: 0 zeros 0 pass (0.6s) totals zeros=538 pass=4 eta 0.9 min
2026-10-07T10:31:03+00:00 [461/509] k4|LGanymede>Ganymede/2l|LGanymede>Callisto/2l|HCallisto/3,1,p|LCallisto>Ganymede/0s: 0 zeros 0 pass (0.4s) totals zeros=538 pass=4 eta 0.9 min
2026-10-07T10:31:03+00:00 [462/509] k4|LGanymede>Ganymede/2l|LGanymede>Callisto/2l|HCallisto/3,1,a|LCallisto>Ganymede/2l: 0 zeros 0 pass (0.4s) totals zeros=538 pass=4 eta 0.9 min
2026-10-07T10:31:05+00:00 [463/509] k4|LGanymede>Ganymede/2l|LGanymede>Callisto/2l|LCallisto>Callisto/1h|LCallisto>Ganymede/1l: 0 zeros 0 pass (1.9s) totals zeros=538 pass=4 eta 0.8 min
2026-10-07T10:31:07+00:00 [464/509] k4|LGanymede>Ganymede/2l|LGanymede>Callisto/2l|LCallisto>Callisto/2l|LCallisto>Ganymede/2h: 0 zeros 0 pass (2.1s) totals zeros=538 pass=4 eta 0.8 min
2026-10-07T10:31:10+00:00 [465/509] k4|LGanymede>Ganymede/2l|LGanymede>Callisto/2h|LCallisto>Ganymede/1h: 1 zeros 0 pass (2.2s) totals zeros=539 pass=4 eta 0.8 min
2026-10-07T10:31:10+00:00 [466/509] k4|LGanymede>Ganymede/2l|LGanymede>Callisto/2h|RCallisto/2:1|LCallisto>Ganymede/0s: 0 zeros 0 pass (0.4s) totals zeros=539 pass=4 eta 0.8 min
2026-10-07T10:31:11+00:00 [467/509] k4|LGanymede>Ganymede/2l|LGanymede>Callisto/2h|HCallisto/1,0,p|LCallisto>Ganymede/1l: 0 zeros 0 pass (0.7s) totals zeros=539 pass=4 eta 0.8 min
2026-10-07T10:31:11+00:00 [468/509] k4|LGanymede>Ganymede/2l|LGanymede>Callisto/2h|HCallisto/1,0,a|LCallisto>Ganymede/2h: 0 zeros 0 pass (0.6s) totals zeros=539 pass=4 eta 0.8 min
2026-10-07T10:31:12+00:00 [469/509] k4|LGanymede>Ganymede/2l|LGanymede>Callisto/2h|HCallisto/3,1,a|LCallisto>Ganymede/1h: 0 zeros 0 pass (0.4s) totals zeros=539 pass=4 eta 0.7 min
2026-10-07T10:31:14+00:00 [470/509] k4|LGanymede>Ganymede/2l|LGanymede>Callisto/2h|LCallisto>Callisto/1h|LCallisto>Ganymede/0s: 0 zeros 0 pass (2.0s) totals zeros=539 pass=4 eta 0.7 min
2026-10-07T10:31:16+00:00 [471/509] k4|LGanymede>Ganymede/2l|LGanymede>Callisto/2h|LCallisto>Callisto/2l|LCallisto>Ganymede/2l: 0 zeros 0 pass (1.8s) totals zeros=539 pass=4 eta 0.7 min
2026-10-07T10:31:18+00:00 [472/509] k4|LGanymede>Ganymede/2h|LGanymede>Callisto/0s|LCallisto>Ganymede/1l: 11 zeros 0 pass (2.0s) totals zeros=550 pass=4 eta 0.7 min
2026-10-07T10:31:18+00:00 [473/509] k4|LGanymede>Ganymede/2h|LGanymede>Callisto/0s|RCallisto/1:1|LCallisto>Ganymede/2h: 1 zeros 0 pass (0.9s) totals zeros=551 pass=4 eta 0.7 min
2026-10-07T10:31:24+00:00 [474/509] k4|LGanymede>Ganymede/2h|LGanymede>Callisto/0s|RCallisto/1:2|LCallisto>Ganymede/1h: 1 zeros 0 pass (6.0s) totals zeros=552 pass=4 eta 0.6 min
2026-10-07T10:31:26+00:00 [475/509] k4|LGanymede>Ganymede/2h|LGanymede>Callisto/0s|HCallisto/1,0,p|LCallisto>Ganymede/0s: 16 zeros 0 pass (2.0s) totals zeros=568 pass=4 eta 0.6 min
2026-10-07T10:31:32+00:00 [476/509] k4|LGanymede>Ganymede/2h|LGanymede>Callisto/0s|HCallisto/1,0,a|LCallisto>Ganymede/2l: 1 zeros 0 pass (5.7s) totals zeros=569 pass=4 eta 0.6 min
2026-10-07T10:31:33+00:00 [477/509] k4|LGanymede>Ganymede/2h|LGanymede>Callisto/0s|HCallisto/3,1,a|LCallisto>Ganymede/1l: 0 zeros 0 pass (0.7s) totals zeros=569 pass=4 eta 0.6 min
2026-10-07T10:31:35+00:00 [478/509] k4|LGanymede>Ganymede/2h|LGanymede>Callisto/0s|LCallisto>Callisto/1l|LCallisto>Ganymede/2h: 0 zeros 0 pass (1.9s) totals zeros=569 pass=4 eta 0.6 min
2026-10-07T10:31:36+00:00 [479/509] k4|LGanymede>Ganymede/2h|LGanymede>Callisto/0s|LCallisto>Callisto/2l|LCallisto>Ganymede/1h: 0 zeros 0 pass (1.8s) totals zeros=569 pass=4 eta 0.6 min
2026-10-07T10:31:39+00:00 [480/509] k4|LGanymede>Ganymede/2h|LGanymede>Callisto/1l|LCallisto>Ganymede/0s: 11 zeros 0 pass (2.2s) totals zeros=580 pass=4 eta 0.5 min
2026-10-07T10:31:39+00:00 [481/509] k4|LGanymede>Ganymede/2h|LGanymede>Callisto/1l|RCallisto/1:1|LCallisto>Ganymede/2l: 0 zeros 0 pass (0.7s) totals zeros=580 pass=4 eta 0.5 min
2026-10-07T10:31:40+00:00 [482/509] k4|LGanymede>Ganymede/2h|LGanymede>Callisto/1l|RCallisto/1:2|LCallisto>Ganymede/2l: 0 zeros 0 pass (0.6s) totals zeros=580 pass=4 eta 0.5 min
2026-10-07T10:31:41+00:00 [483/509] k4|LGanymede>Ganymede/2h|LGanymede>Callisto/1l|HCallisto/1,0,p|LCallisto>Ganymede/2l: 0 zeros 0 pass (0.8s) totals zeros=580 pass=4 eta 0.5 min
2026-10-07T10:31:41+00:00 [484/509] k4|LGanymede>Ganymede/2h|LGanymede>Callisto/1l|HCallisto/3,1,p|LCallisto>Ganymede/1l: 0 zeros 0 pass (0.4s) totals zeros=580 pass=4 eta 0.5 min
2026-10-07T10:31:42+00:00 [485/509] k4|LGanymede>Ganymede/2h|LGanymede>Callisto/1l|HCallisto/3,1,a|LCallisto>Ganymede/2h: 0 zeros 0 pass (0.4s) totals zeros=580 pass=4 eta 0.4 min
2026-10-07T10:31:43+00:00 [486/509] k4|LGanymede>Ganymede/2h|LGanymede>Callisto/1l|LCallisto>Callisto/1h|LCallisto>Ganymede/1h: 0 zeros 0 pass (1.7s) totals zeros=580 pass=4 eta 0.4 min
2026-10-07T10:31:45+00:00 [487/509] k4|LGanymede>Ganymede/2h|LGanymede>Callisto/1l|LCallisto>Callisto/2h|LCallisto>Ganymede/0s: 0 zeros 0 pass (1.7s) totals zeros=580 pass=4 eta 0.4 min
2026-10-07T10:31:46+00:00 [488/509] k4|LGanymede>Ganymede/2h|LGanymede>Callisto/1h|LCallisto>Ganymede/2l: 1 zeros 0 pass (1.4s) totals zeros=581 pass=4 eta 0.4 min
2026-10-07T10:31:47+00:00 [489/509] k4|LGanymede>Ganymede/2h|LGanymede>Callisto/1h|RCallisto/2:1|LCallisto>Ganymede/1l: 0 zeros 0 pass (0.4s) totals zeros=581 pass=4 eta 0.4 min
2026-10-07T10:31:47+00:00 [490/509] k4|LGanymede>Ganymede/2h|LGanymede>Callisto/1h|RCallisto/2:3|LCallisto>Ganymede/1l: 0 zeros 0 pass (0.6s) totals zeros=581 pass=4 eta 0.4 min
2026-10-07T10:31:50+00:00 [491/509] k4|LGanymede>Ganymede/2h|LGanymede>Callisto/1h|HCallisto/1,0,a|LCallisto>Ganymede/1l: 1 zeros 0 pass (2.4s) totals zeros=582 pass=4 eta 0.3 min
2026-10-07T10:31:50+00:00 [492/509] k4|LGanymede>Ganymede/2h|LGanymede>Callisto/1h|HCallisto/3,1,p|LCallisto>Ganymede/2h: 0 zeros 0 pass (0.5s) totals zeros=582 pass=4 eta 0.3 min
2026-10-07T10:31:52+00:00 [493/509] k4|LGanymede>Ganymede/2h|LGanymede>Callisto/1h|LCallisto>Callisto/1l|LCallisto>Ganymede/1h: 0 zeros 0 pass (1.8s) totals zeros=582 pass=4 eta 0.3 min
2026-10-07T10:31:54+00:00 [494/509] k4|LGanymede>Ganymede/2h|LGanymede>Callisto/1h|LCallisto>Callisto/2l|LCallisto>Ganymede/0s: 0 zeros 0 pass (1.8s) totals zeros=582 pass=4 eta 0.3 min
2026-10-07T10:31:56+00:00 [495/509] k4|LGanymede>Ganymede/2h|LGanymede>Callisto/1h|LCallisto>Callisto/2h|LCallisto>Ganymede/2l: 0 zeros 0 pass (2.0s) totals zeros=582 pass=4 eta 0.3 min
2026-10-07T10:31:57+00:00 [496/509] k4|LGanymede>Ganymede/2h|LGanymede>Callisto/2l|RCallisto/1:1|LCallisto>Ganymede/1l: 0 zeros 0 pass (0.5s) totals zeros=582 pass=4 eta 0.2 min
2026-10-07T10:31:57+00:00 [497/509] k4|LGanymede>Ganymede/2h|LGanymede>Callisto/2l|RCallisto/1:2|LCallisto>Ganymede/2l: 0 zeros 0 pass (0.5s) totals zeros=582 pass=4 eta 0.2 min
2026-10-07T10:32:01+00:00 [498/509] k4|LGanymede>Ganymede/2h|LGanymede>Callisto/2l|HCallisto/1,0,a|LCallisto>Ganymede/0s: 1 zeros 0 pass (4.2s) totals zeros=583 pass=4 eta 0.2 min
2026-10-07T10:32:02+00:00 [499/509] k4|LGanymede>Ganymede/2h|LGanymede>Callisto/2l|HCallisto/3,1,p|LCallisto>Ganymede/2l: 0 zeros 0 pass (0.4s) totals zeros=583 pass=4 eta 0.2 min
2026-10-07T10:32:03+00:00 [500/509] k4|LGanymede>Ganymede/2h|LGanymede>Callisto/2l|LCallisto>Callisto/1l|LCallisto>Ganymede/1l: 0 zeros 0 pass (1.6s) totals zeros=583 pass=4 eta 0.2 min
2026-10-07T10:32:05+00:00 [501/509] k4|LGanymede>Ganymede/2h|LGanymede>Callisto/2l|LCallisto>Callisto/1h|LCallisto>Ganymede/2h: 0 zeros 0 pass (1.6s) totals zeros=583 pass=4 eta 0.2 min
2026-10-07T10:32:06+00:00 [502/509] k4|LGanymede>Ganymede/2h|LGanymede>Callisto/2l|LCallisto>Callisto/2h|LCallisto>Ganymede/1h: 0 zeros 0 pass (1.7s) totals zeros=583 pass=4 eta 0.1 min
2026-10-07T10:32:07+00:00 [503/509] k4|LGanymede>Ganymede/2h|LGanymede>Callisto/2h|RCallisto/1:1|LCallisto>Ganymede/0s: 1 zeros 0 pass (0.8s) totals zeros=584 pass=4 eta 0.1 min
2026-10-07T10:32:08+00:00 [504/509] k4|LGanymede>Ganymede/2h|LGanymede>Callisto/2h|RCallisto/1:2|LCallisto>Ganymede/1h: 0 zeros 0 pass (0.5s) totals zeros=584 pass=4 eta 0.1 min
2026-10-07T10:32:08+00:00 [505/509] k4|LGanymede>Ganymede/2h|LGanymede>Callisto/2h|HCallisto/1,0,p|LCallisto>Ganymede/2h: 0 zeros 0 pass (0.5s) totals zeros=584 pass=4 eta 0.1 min
2026-10-07T10:32:09+00:00 [506/509] k4|LGanymede>Ganymede/2h|LGanymede>Callisto/2h|HCallisto/3,1,p|LCallisto>Ganymede/1h: 0 zeros 0 pass (0.4s) totals zeros=584 pass=4 eta 0.1 min
2026-10-07T10:32:10+00:00 [507/509] k4|LGanymede>Ganymede/2h|LGanymede>Callisto/2h|LCallisto>Callisto/1l|LCallisto>Ganymede/0s: 0 zeros 0 pass (1.6s) totals zeros=584 pass=4 eta 0.0 min
2026-10-07T10:32:12+00:00 [508/509] k4|LGanymede>Ganymede/2h|LGanymede>Callisto/2h|LCallisto>Callisto/1h|LCallisto>Ganymede/2l: 0 zeros 0 pass (1.6s) totals zeros=584 pass=4 eta 0.0 min
2026-10-07T10:32:13+00:00 [509/509] k4|LGanymede>Ganymede/2h|LGanymede>Callisto/2h|LCallisto>Callisto/2h|LCallisto>Ganymede/1l: 0 zeros 0 pass (1.6s) totals zeros=584 pass=4 eta 0.0 min
2026-10-07T10:32:13+00:00 DONE structures=509 zeros=584 pass=4 structure_errors=0 zero_assessment_errors=0
