2026-10-07T10:43:36+00:00 cell gc k=4: 4068 structures (T = 50.09 d)
2026-10-07T10:43:36+00:00 total to run: 254 (shard 12/16)
2026-10-07T10:43:38+00:00 [1/254] k4|LGanymede>Callisto/0s|RCallisto/2:1|LCallisto>Ganymede/1h: 3 zeros 0 pass (1.4s) totals zeros=3 pass=0 eta 6.0 min
2026-10-07T10:43:38+00:00 [2/254] k4|LGanymede>Callisto/0s|HCallisto/1,0,p|LCallisto>Ganymede/2l: 4 zeros 0 pass (0.6s) totals zeros=7 pass=0 eta 4.2 min
2026-10-07T10:43:39+00:00 [3/254] k4|LGanymede>Callisto/0s|HCallisto/3,1,a|LCallisto>Ganymede/2h: 0 zeros 0 pass (0.9s) totals zeros=7 pass=0 eta 4.0 min
2026-10-07T10:43:43+00:00 [4/254] k4|LGanymede>Callisto/0s|LCallisto>Callisto/2h|LCallisto>Ganymede/0s: 7 zeros 0 pass (3.7s) totals zeros=14 pass=0 eta 6.8 min
2026-10-07T10:43:43+00:00 [5/254] k4|LGanymede>Callisto/1l|RCallisto/2:1|LCallisto>Ganymede/1l: 0 zeros 0 pass (0.1s) totals zeros=14 pass=0 eta 5.5 min
2026-10-07T10:43:44+00:00 [6/254] k4|LGanymede>Callisto/1l|HCallisto/1,0,p|LCallisto>Ganymede/1h: 2 zeros 0 pass (0.8s) totals zeros=16 pass=0 eta 5.1 min
2026-10-07T10:43:44+00:00 [7/254] k4|LGanymede>Callisto/1l|HCallisto/3,1,a|LCallisto>Ganymede/2l: 0 zeros 0 pass (0.1s) totals zeros=16 pass=0 eta 4.4 min
2026-10-07T10:43:44+00:00 [8/254] k4|LGanymede>Callisto/1l|LCallisto>Callisto/2l|LCallisto>Ganymede/2h: 0 zeros 0 pass (0.7s) totals zeros=16 pass=0 eta 4.2 min
2026-10-07T10:43:45+00:00 [9/254] k4|LGanymede>Callisto/1h|RCallisto/2:1|LCallisto>Ganymede/0s: 3 zeros 0 pass (1.0s) totals zeros=19 pass=0 eta 4.2 min
2026-10-07T10:43:46+00:00 [10/254] k4|LGanymede>Callisto/1h|HCallisto/1,0,p|LCallisto>Ganymede/1l: 2 zeros 0 pass (0.8s) totals zeros=21 pass=0 eta 4.1 min
2026-10-07T10:43:46+00:00 [11/254] k4|LGanymede>Callisto/1h|HCallisto/3,1,a|LCallisto>Ganymede/1h: 0 zeros 0 pass (0.1s) totals zeros=21 pass=0 eta 3.7 min
2026-10-07T10:43:47+00:00 [12/254] k4|LGanymede>Callisto/1h|LCallisto>Callisto/2l|LCallisto>Ganymede/2l: 0 zeros 0 pass (0.5s) totals zeros=21 pass=0 eta 3.6 min
2026-10-07T10:43:47+00:00 [13/254] k4|LGanymede>Callisto/2l|RCallisto/1:1|LCallisto>Ganymede/2h: 0 zeros 0 pass (0.4s) totals zeros=21 pass=0 eta 3.4 min
2026-10-07T10:43:48+00:00 [14/254] k4|LGanymede>Callisto/2l|HCallisto/1,0,p|LCallisto>Ganymede/0s: 4 zeros 0 pass (0.7s) totals zeros=25 pass=0 eta 3.3 min
2026-10-07T10:43:48+00:00 [15/254] k4|LGanymede>Callisto/2l|HCallisto/3,1,a|LCallisto>Ganymede/1l: 0 zeros 0 pass (0.1s) totals zeros=25 pass=0 eta 3.1 min
2026-10-07T10:43:48+00:00 [16/254] k4|LGanymede>Callisto/2l|LCallisto>Callisto/2l|LCallisto>Ganymede/1h: 0 zeros 0 pass (0.5s) totals zeros=25 pass=0 eta 3.1 min
2026-10-07T10:43:49+00:00 [17/254] k4|LGanymede>Callisto/2h|RCallisto/1:1|LCallisto>Ganymede/2l: 0 zeros 0 pass (0.5s) totals zeros=25 pass=0 eta 3.0 min
2026-10-07T10:43:49+00:00 [18/254] k4|LGanymede>Callisto/2h|RCallisto/2:3|LCallisto>Ganymede/2h: 0 zeros 0 pass (0.1s) totals zeros=25 pass=0 eta 2.8 min
2026-10-07T10:43:50+00:00 [19/254] k4|LGanymede>Callisto/2h|HCallisto/3,1,a|LCallisto>Ganymede/0s: 0 zeros 0 pass (0.8s) totals zeros=25 pass=0 eta 2.8 min
2026-10-07T10:43:50+00:00 [20/254] k4|LGanymede>Callisto/2h|LCallisto>Callisto/2l|LCallisto>Ganymede/1l: 0 zeros 0 pass (0.6s) totals zeros=25 pass=0 eta 2.8 min
2026-10-07T10:43:51+00:00 [21/254] k4|RGanymede/1:1|LGanymede>Callisto/0s|RCallisto/1:1|LCallisto>Ganymede/1h: 4 zeros 0 pass (1.0s) totals zeros=29 pass=0 eta 2.8 min
2026-10-07T10:43:51+00:00 [22/254] k4|RGanymede/1:1|LGanymede>Callisto/0s|RCallisto/2:3|LCallisto>Ganymede/2l: 0 zeros 0 pass (0.1s) totals zeros=29 pass=0 eta 2.7 min
2026-10-07T10:43:52+00:00 [23/254] k4|RGanymede/1:1|LGanymede>Callisto/0s|HCallisto/3,1,p|LCallisto>Ganymede/2h: 0 zeros 0 pass (0.1s) totals zeros=29 pass=0 eta 2.6 min
2026-10-07T10:43:54+00:00 [24/254] k4|RGanymede/1:1|LGanymede>Callisto/0s|LCallisto>Callisto/2l|LCallisto>Ganymede/0s: 3 zeros 0 pass (2.0s) totals zeros=32 pass=0 eta 2.8 min
2026-10-07T10:43:54+00:00 [25/254] k4|RGanymede/1:1|LGanymede>Callisto/1l|RCallisto/1:1|LCallisto>Ganymede/1l: 1 zeros 0 pass (0.5s) totals zeros=33 pass=0 eta 2.7 min
2026-10-07T10:43:55+00:00 [26/254] k4|RGanymede/1:1|LGanymede>Callisto/1l|HCallisto/1,0,p|LCallisto>Ganymede/1l: 2 zeros 0 pass (0.6s) totals zeros=35 pass=0 eta 2.7 min
2026-10-07T10:43:55+00:00 [27/254] k4|RGanymede/1:1|LGanymede>Callisto/1l|HCallisto/3,1,a|LCallisto>Ganymede/1h: 0 zeros 0 pass (0.1s) totals zeros=35 pass=0 eta 2.6 min
2026-10-07T10:43:55+00:00 [28/254] k4|RGanymede/1:1|LGanymede>Callisto/1l|LCallisto>Callisto/2l|LCallisto>Ganymede/2l: 0 zeros 0 pass (0.8s) totals zeros=35 pass=0 eta 2.6 min
2026-10-07T10:43:56+00:00 [29/254] k4|RGanymede/1:1|LGanymede>Callisto/1h|RCallisto/1:1|LCallisto>Ganymede/2h: 2 zeros 0 pass (0.4s) totals zeros=37 pass=0 eta 2.6 min
2026-10-07T10:43:56+00:00 [30/254] k4|RGanymede/1:1|LGanymede>Callisto/1h|HCallisto/1,0,p|LCallisto>Ganymede/2h: 0 zeros 0 pass (0.2s) totals zeros=37 pass=0 eta 2.5 min
2026-10-07T10:44:02+00:00 [31/254] k4|RGanymede/1:1|LGanymede>Callisto/1h|LCallisto>Callisto/1l|LCallisto>Ganymede/0s: 5 zeros 0 pass (6.1s) totals zeros=42 pass=0 eta 3.1 min
2026-10-07T10:44:03+00:00 [32/254] k4|RGanymede/1:1|LGanymede>Callisto/1h|LCallisto>Callisto/2h|LCallisto>Ganymede/1l: 0 zeros 0 pass (0.5s) totals zeros=42 pass=0 eta 3.1 min
2026-10-07T10:44:03+00:00 [33/254] k4|RGanymede/1:1|LGanymede>Callisto/2l|RCallisto/1:2|LCallisto>Ganymede/1l: 0 zeros 0 pass (0.4s) totals zeros=42 pass=0 eta 3.0 min
2026-10-07T10:44:03+00:00 [34/254] k4|RGanymede/1:1|LGanymede>Callisto/2l|HCallisto/3,1,p|LCallisto>Ganymede/1l: 0 zeros 0 pass (0.1s) totals zeros=42 pass=0 eta 2.9 min
2026-10-07T10:44:05+00:00 [35/254] k4|RGanymede/1:1|LGanymede>Callisto/2l|LCallisto>Callisto/1h|LCallisto>Ganymede/1h: 0 zeros 0 pass (1.4s) totals zeros=42 pass=0 eta 3.0 min
2026-10-07T10:44:06+00:00 [36/254] k4|RGanymede/1:1|LGanymede>Callisto/2h|LCallisto>Ganymede/2l: 1 zeros 1 pass (1.3s) totals zeros=43 pass=1 eta 3.0 min
2026-10-07T10:44:06+00:00 [37/254] k4|RGanymede/1:1|LGanymede>Callisto/2h|HCallisto/1,0,p|LCallisto>Ganymede/1h: 0 zeros 0 pass (0.3s) totals zeros=43 pass=1 eta 2.9 min
2026-10-07T10:44:06+00:00 [38/254] k4|RGanymede/1:1|LGanymede>Callisto/2h|HCallisto/3,1,a|LCallisto>Ganymede/2l: 0 zeros 0 pass (0.1s) totals zeros=43 pass=1 eta 2.9 min
2026-10-07T10:44:07+00:00 [39/254] k4|RGanymede/1:1|LGanymede>Callisto/2h|LCallisto>Callisto/2l|LCallisto>Ganymede/2h: 0 zeros 0 pass (0.7s) totals zeros=43 pass=1 eta 2.8 min
2026-10-07T10:44:07+00:00 [40/254] k4|RGanymede/2:1|LGanymede>Callisto/0s|RCallisto/2:1|LCallisto>Ganymede/0s: 1 zeros 0 pass (0.2s) totals zeros=44 pass=1 eta 2.8 min
2026-10-07T10:44:09+00:00 [41/254] k4|RGanymede/2:1|LGanymede>Callisto/0s|HCallisto/1,0,a|LCallisto>Ganymede/2h: 2 zeros 0 pass (1.6s) totals zeros=46 pass=1 eta 2.8 min
2026-10-07T10:44:11+00:00 [42/254] k4|RGanymede/2:1|LGanymede>Callisto/0s|LCallisto>Callisto/1h|LCallisto>Ganymede/0s: 9 zeros 0 pass (2.5s) totals zeros=55 pass=1 eta 3.0 min
2026-10-07T10:44:12+00:00 [43/254] k4|RGanymede/2:1|LGanymede>Callisto/1l|LCallisto>Ganymede/1l: 2 zeros 0 pass (0.7s) totals zeros=57 pass=1 eta 2.9 min
2026-10-07T10:44:13+00:00 [44/254] k4|RGanymede/2:1|LGanymede>Callisto/1l|HCallisto/1,0,p|LCallisto>Ganymede/1h: 1 zeros 0 pass (0.8s) totals zeros=58 pass=1 eta 2.9 min
2026-10-07T10:44:13+00:00 [45/254] k4|RGanymede/2:1|LGanymede>Callisto/1l|LCallisto>Callisto/1l|LCallisto>Ganymede/1h: 1 zeros 0 pass (0.7s) totals zeros=59 pass=1 eta 2.9 min
2026-10-07T10:44:14+00:00 [46/254] k4|RGanymede/2:1|LGanymede>Callisto/1l|LCallisto>Callisto/2h|LCallisto>Ganymede/2l: 0 zeros 0 pass (0.4s) totals zeros=59 pass=1 eta 2.8 min
2026-10-07T10:44:14+00:00 [47/254] k4|RGanymede/2:1|LGanymede>Callisto/1h|RCallisto/1:2|LCallisto>Ganymede/2h: 0 zeros 0 pass (0.1s) totals zeros=59 pass=1 eta 2.8 min
2026-10-07T10:44:14+00:00 [48/254] k4|RGanymede/2:1|LGanymede>Callisto/1h|HCallisto/3,1,a|LCallisto>Ganymede/1h: 0 zeros 0 pass (0.1s) totals zeros=59 pass=1 eta 2.7 min
2026-10-07T10:44:14+00:00 [49/254] k4|RGanymede/2:1|LGanymede>Callisto/1h|LCallisto>Callisto/2h|LCallisto>Ganymede/0s: 0 zeros 0 pass (0.5s) totals zeros=59 pass=1 eta 2.7 min
2026-10-07T10:44:14+00:00 [50/254] k4|RGanymede/2:1|LGanymede>Callisto/2l|RCallisto/1:2|LCallisto>Ganymede/1l: 0 zeros 0 pass (0.1s) totals zeros=59 pass=1 eta 2.6 min
2026-10-07T10:44:15+00:00 [51/254] k4|RGanymede/2:1|LGanymede>Callisto/2l|LCallisto>Callisto/1l|LCallisto>Ganymede/0s: 1 zeros 0 pass (0.6s) totals zeros=60 pass=1 eta 2.6 min
2026-10-07T10:44:16+00:00 [52/254] k4|RGanymede/2:1|LGanymede>Callisto/2l|LCallisto>Callisto/2h|LCallisto>Ganymede/1l: 0 zeros 0 pass (0.6s) totals zeros=60 pass=1 eta 2.6 min
2026-10-07T10:44:16+00:00 [53/254] k4|RGanymede/2:1|LGanymede>Callisto/2h|RCallisto/1:2|LCallisto>Ganymede/1h: 0 zeros 0 pass (0.1s) totals zeros=60 pass=1 eta 2.5 min
2026-10-07T10:44:16+00:00 [54/254] k4|RGanymede/2:1|LGanymede>Callisto/2h|LCallisto>Callisto/1l|LCallisto>Ganymede/1l: 0 zeros 0 pass (0.4s) totals zeros=60 pass=1 eta 2.5 min
2026-10-07T10:44:17+00:00 [55/254] k4|RGanymede/2:1|LGanymede>Callisto/2h|LCallisto>Callisto/2h|LCallisto>Ganymede/1h: 0 zeros 0 pass (0.5s) totals zeros=60 pass=1 eta 2.4 min
2026-10-07T10:44:17+00:00 [56/254] k4|RGanymede/1:2|LGanymede>Callisto/0s|RCallisto/2:1|LCallisto>Ganymede/2l: 0 zeros 0 pass (0.1s) totals zeros=60 pass=1 eta 2.4 min
2026-10-07T10:44:18+00:00 [57/254] k4|RGanymede/1:2|LGanymede>Callisto/0s|HCallisto/1,0,p|LCallisto>Ganymede/2h: 4 zeros 0 pass (0.8s) totals zeros=64 pass=1 eta 2.4 min
2026-10-07T10:44:19+00:00 [58/254] k4|RGanymede/1:2|LGanymede>Callisto/0s|LCallisto>Callisto/1l|LCallisto>Ganymede/0s: 4 zeros 0 pass (1.7s) totals zeros=68 pass=1 eta 2.4 min
2026-10-07T10:44:20+00:00 [59/254] k4|RGanymede/1:2|LGanymede>Callisto/0s|LCallisto>Callisto/2h|LCallisto>Ganymede/1l: 0 zeros 0 pass (0.6s) totals zeros=68 pass=1 eta 2.4 min
2026-10-07T10:44:20+00:00 [60/254] k4|RGanymede/1:2|LGanymede>Callisto/1l|RCallisto/2:1|LCallisto>Ganymede/1h: 0 zeros 0 pass (0.0s) totals zeros=68 pass=1 eta 2.4 min
2026-10-07T10:44:21+00:00 [61/254] k4|RGanymede/1:2|LGanymede>Callisto/1l|HCallisto/1,0,a|LCallisto>Ganymede/1h: 1 zeros 0 pass (1.2s) totals zeros=69 pass=1 eta 2.4 min
2026-10-07T10:44:22+00:00 [62/254] k4|RGanymede/1:2|LGanymede>Callisto/1l|LCallisto>Callisto/1l|LCallisto>Ganymede/2l: 0 zeros 0 pass (0.5s) totals zeros=69 pass=1 eta 2.3 min
2026-10-07T10:44:22+00:00 [63/254] k4|RGanymede/1:2|LGanymede>Callisto/1l|LCallisto>Callisto/2h|LCallisto>Ganymede/2h: 0 zeros 0 pass (0.5s) totals zeros=69 pass=1 eta 2.3 min
2026-10-07T10:44:23+00:00 [64/254] k4|RGanymede/1:2|LGanymede>Callisto/1h|RCallisto/1:2|LCallisto>Ganymede/1h: 2 zeros 0 pass (0.8s) totals zeros=71 pass=1 eta 2.3 min
2026-10-07T10:44:23+00:00 [65/254] k4|RGanymede/1:2|LGanymede>Callisto/1h|HCallisto/3,1,p|LCallisto>Ganymede/0s: 3 zeros 0 pass (0.4s) totals zeros=74 pass=1 eta 2.3 min
2026-10-07T10:44:25+00:00 [66/254] k4|RGanymede/1:2|LGanymede>Callisto/1h|LCallisto>Callisto/1h|LCallisto>Ganymede/1l: 0 zeros 0 pass (1.2s) totals zeros=74 pass=1 eta 2.3 min
2026-10-07T10:44:26+00:00 [67/254] k4|RGanymede/1:2|LGanymede>Callisto/2l|LCallisto>Ganymede/1h: 1 zeros 0 pass (1.6s) totals zeros=75 pass=1 eta 2.3 min
2026-10-07T10:44:26+00:00 [68/254] k4|RGanymede/1:2|LGanymede>Callisto/2l|HCallisto/1,0,p|LCallisto>Ganymede/1l: 0 zeros 0 pass (0.4s) totals zeros=75 pass=1 eta 2.3 min
2026-10-07T10:44:27+00:00 [69/254] k4|RGanymede/1:2|LGanymede>Callisto/2l|HCallisto/3,1,a|LCallisto>Ganymede/1h: 0 zeros 0 pass (0.0s) totals zeros=75 pass=1 eta 2.3 min
2026-10-07T10:44:27+00:00 [70/254] k4|RGanymede/1:2|LGanymede>Callisto/2l|LCallisto>Callisto/2l|LCallisto>Ganymede/2l: 0 zeros 0 pass (0.8s) totals zeros=75 pass=1 eta 2.2 min
2026-10-07T10:44:27+00:00 [71/254] k4|RGanymede/1:2|LGanymede>Callisto/2h|RCallisto/1:1|LCallisto>Ganymede/2h: 0 zeros 0 pass (0.1s) totals zeros=75 pass=1 eta 2.2 min
2026-10-07T10:44:28+00:00 [72/254] k4|RGanymede/1:2|LGanymede>Callisto/2h|HCallisto/1,0,a|LCallisto>Ganymede/2l: 0 zeros 0 pass (0.1s) totals zeros=75 pass=1 eta 2.2 min
2026-10-07T10:44:28+00:00 [73/254] k4|RGanymede/1:2|LGanymede>Callisto/2h|LCallisto>Callisto/1l|LCallisto>Ganymede/2h: 0 zeros 0 pass (0.5s) totals zeros=75 pass=1 eta 2.1 min
2026-10-07T10:44:29+00:00 [74/254] k4|RGanymede/3:2|LGanymede>Callisto/0s|LCallisto>Ganymede/0s: 6 zeros 0 pass (0.7s) totals zeros=81 pass=1 eta 2.1 min
2026-10-07T10:44:29+00:00 [75/254] k4|RGanymede/3:2|LGanymede>Callisto/0s|HCallisto/1,0,p|LCallisto>Ganymede/1l: 3 zeros 0 pass (0.5s) totals zeros=84 pass=1 eta 2.1 min
2026-10-07T10:44:32+00:00 [76/254] k4|RGanymede/3:2|LGanymede>Callisto/0s|LCallisto>Callisto/1h|LCallisto>Ganymede/0s: 8 zeros 3 pass (2.3s) totals zeros=92 pass=4 eta 2.2 min
2026-10-07T10:44:32+00:00 [77/254] k4|RGanymede/3:2|LGanymede>Callisto/1l|LCallisto>Ganymede/1l: 1 zeros 0 pass (0.5s) totals zeros=93 pass=4 eta 2.1 min
2026-10-07T10:44:32+00:00 [78/254] k4|RGanymede/3:2|LGanymede>Callisto/1l|HCallisto/1,0,p|LCallisto>Ganymede/1h: 0 zeros 0 pass (0.0s) totals zeros=93 pass=4 eta 2.1 min
2026-10-07T10:44:32+00:00 [79/254] k4|RGanymede/3:2|LGanymede>Callisto/1l|LCallisto>Callisto/1h|LCallisto>Ganymede/2l: 0 zeros 0 pass (0.3s) totals zeros=93 pass=4 eta 2.1 min
2026-10-07T10:44:33+00:00 [80/254] k4|RGanymede/3:2|LGanymede>Callisto/1h|LCallisto>Ganymede/2h: 3 zeros 0 pass (0.5s) totals zeros=96 pass=4 eta 2.1 min
2026-10-07T10:44:33+00:00 [81/254] k4|RGanymede/3:2|LGanymede>Callisto/1h|HCallisto/1,0,a|LCallisto>Ganymede/0s: 3 zeros 0 pass (0.6s) totals zeros=99 pass=4 eta 2.0 min
2026-10-07T10:44:34+00:00 [82/254] k4|RGanymede/3:2|LGanymede>Callisto/1h|LCallisto>Callisto/2l|LCallisto>Ganymede/1l: 0 zeros 0 pass (0.3s) totals zeros=99 pass=4 eta 2.0 min
2026-10-07T10:44:34+00:00 [83/254] k4|RGanymede/3:2|LGanymede>Callisto/2l|RCallisto/1:1|LCallisto>Ganymede/1h: 0 zeros 0 pass (0.1s) totals zeros=99 pass=4 eta 2.0 min
2026-10-07T10:44:34+00:00 [84/254] k4|RGanymede/3:2|LGanymede>Callisto/2l|LCallisto>Callisto/1l|LCallisto>Ganymede/1h: 0 zeros 0 pass (0.5s) totals zeros=99 pass=4 eta 2.0 min
2026-10-07T10:44:35+00:00 [85/254] k4|RGanymede/3:2|LGanymede>Callisto/2h|LCallisto>Ganymede/1h: 3 zeros 0 pass (0.3s) totals zeros=102 pass=4 eta 1.9 min
2026-10-07T10:44:35+00:00 [86/254] k4|RGanymede/3:2|LGanymede>Callisto/2h|HCallisto/1,0,a|LCallisto>Ganymede/1h: 0 zeros 0 pass (0.1s) totals zeros=102 pass=4 eta 1.9 min
2026-10-07T10:44:35+00:00 [87/254] k4|RGanymede/3:2|LGanymede>Callisto/2h|LCallisto>Callisto/2h|LCallisto>Ganymede/0s: 0 zeros 0 pass (0.4s) totals zeros=102 pass=4 eta 1.9 min
2026-10-07T10:44:36+00:00 [88/254] k4|RGanymede/2:3|LGanymede>Callisto/0s|RCallisto/1:2|LCallisto>Ganymede/1h: 3 zeros 0 pass (1.1s) totals zeros=105 pass=4 eta 1.9 min
2026-10-07T10:44:36+00:00 [89/254] k4|RGanymede/2:3|LGanymede>Callisto/0s|HCallisto/3,1,p|LCallisto>Ganymede/1h: 0 zeros 0 pass (0.1s) totals zeros=105 pass=4 eta 1.9 min
2026-10-07T10:44:37+00:00 [90/254] k4|RGanymede/2:3|LGanymede>Callisto/0s|LCallisto>Callisto/1h|LCallisto>Ganymede/2l: 0 zeros 0 pass (0.7s) totals zeros=105 pass=4 eta 1.8 min
2026-10-07T10:44:38+00:00 [91/254] k4|RGanymede/2:3|LGanymede>Callisto/1l|LCallisto>Ganymede/2h: 1 zeros 0 pass (1.0s) totals zeros=106 pass=4 eta 1.8 min
2026-10-07T10:44:39+00:00 [92/254] k4|RGanymede/2:3|LGanymede>Callisto/1l|HCallisto/1,0,a|LCallisto>Ganymede/0s: 4 zeros 0 pass (0.5s) totals zeros=110 pass=4 eta 1.8 min
2026-10-07T10:44:40+00:00 [93/254] k4|RGanymede/2:3|LGanymede>Callisto/1l|LCallisto>Callisto/1h|LCallisto>Ganymede/0s: 2 zeros 0 pass (1.4s) totals zeros=112 pass=4 eta 1.8 min
2026-10-07T10:44:42+00:00 [94/254] k4|RGanymede/2:3|LGanymede>Callisto/1h|LCallisto>Ganymede/1l: 2 zeros 0 pass (1.9s) totals zeros=114 pass=4 eta 1.9 min
2026-10-07T10:44:42+00:00 [95/254] k4|RGanymede/2:3|LGanymede>Callisto/1h|HCallisto/1,0,p|LCallisto>Ganymede/1h: 1 zeros 0 pass (0.2s) totals zeros=115 pass=4 eta 1.8 min
2026-10-07T10:44:42+00:00 [96/254] k4|RGanymede/2:3|LGanymede>Callisto/1h|LCallisto>Callisto/1l|LCallisto>Ganymede/1h: 1 zeros 0 pass (0.4s) totals zeros=116 pass=4 eta 1.8 min
2026-10-07T10:44:43+00:00 [97/254] k4|RGanymede/2:3|LGanymede>Callisto/1h|LCallisto>Callisto/2h|LCallisto>Ganymede/2l: 0 zeros 0 pass (0.4s) totals zeros=116 pass=4 eta 1.8 min
2026-10-07T10:44:43+00:00 [98/254] k4|RGanymede/2:3|LGanymede>Callisto/2l|RCallisto/1:2|LCallisto>Ganymede/2h: 0 zeros 0 pass (0.1s) totals zeros=116 pass=4 eta 1.8 min
2026-10-07T10:44:43+00:00 [99/254] k4|RGanymede/2:3|LGanymede>Callisto/2l|LCallisto>Callisto/1l|LCallisto>Ganymede/2l: 0 zeros 0 pass (0.3s) totals zeros=116 pass=4 eta 1.8 min
2026-10-07T10:44:44+00:00 [100/254] k4|RGanymede/2:3|LGanymede>Callisto/2l|LCallisto>Callisto/2h|LCallisto>Ganymede/2h: 0 zeros 0 pass (0.4s) totals zeros=116 pass=4 eta 1.7 min
2026-10-07T10:44:44+00:00 [101/254] k4|RGanymede/2:3|LGanymede>Callisto/2h|HCallisto/1,0,p|LCallisto>Ganymede/0s: 2 zeros 0 pass (0.7s) totals zeros=118 pass=4 eta 1.7 min
2026-10-07T10:44:45+00:00 [102/254] k4|RGanymede/2:3|LGanymede>Callisto/2h|LCallisto>Callisto/1l|LCallisto>Ganymede/2h: 0 zeros 0 pass (0.4s) totals zeros=118 pass=4 eta 1.7 min
2026-10-07T10:44:45+00:00 [103/254] k4|HGanymede/1,0,p|LGanymede>Callisto/0s|LCallisto>Ganymede/0s: 4 zeros 0 pass (0.3s) totals zeros=122 pass=4 eta 1.7 min
2026-10-07T10:44:46+00:00 [104/254] k4|HGanymede/1,0,p|LGanymede>Callisto/0s|RCallisto/1:2|LCallisto>Ganymede/1l: 4 zeros 0 pass (0.5s) totals zeros=126 pass=4 eta 1.7 min
2026-10-07T10:44:46+00:00 [105/254] k4|HGanymede/1,0,p|LGanymede>Callisto/0s|HCallisto/1,0,a|LCallisto>Ganymede/1h: 5 zeros 0 pass (0.6s) totals zeros=131 pass=4 eta 1.7 min
2026-10-07T10:44:49+00:00 [106/254] k4|HGanymede/1,0,p|LGanymede>Callisto/0s|LCallisto>Callisto/1l|LCallisto>Ganymede/2l: 0 zeros 0 pass (2.8s) totals zeros=131 pass=4 eta 1.7 min
2026-10-07T10:44:49+00:00 [107/254] k4|HGanymede/1,0,p|LGanymede>Callisto/0s|LCallisto>Callisto/2h|LCallisto>Ganymede/2h: 0 zeros 0 pass (0.4s) totals zeros=131 pass=4 eta 1.7 min
2026-10-07T10:44:50+00:00 [108/254] k4|HGanymede/1,0,p|LGanymede>Callisto/1l|RCallisto/1:2|LCallisto>Ganymede/0s: 4 zeros 0 pass (0.4s) totals zeros=135 pass=4 eta 1.7 min
2026-10-07T10:44:50+00:00 [109/254] k4|HGanymede/1,0,p|LGanymede>Callisto/1l|HCallisto/1,0,a|LCallisto>Ganymede/1l: 2 zeros 0 pass (0.4s) totals zeros=137 pass=4 eta 1.6 min
2026-10-07T10:44:52+00:00 [110/254] k4|HGanymede/1,0,p|LGanymede>Callisto/1l|LCallisto>Callisto/1l|LCallisto>Ganymede/1h: 0 zeros 0 pass (1.4s) totals zeros=137 pass=4 eta 1.6 min
2026-10-07T10:44:52+00:00 [111/254] k4|HGanymede/1,0,p|LGanymede>Callisto/1l|LCallisto>Callisto/2h|LCallisto>Ganymede/2l: 0 zeros 0 pass (0.4s) totals zeros=137 pass=4 eta 1.6 min
2026-10-07T10:44:52+00:00 [112/254] k4|HGanymede/1,0,p|LGanymede>Callisto/1h|RCallisto/2:1|LCallisto>Ganymede/2h: 0 zeros 0 pass (0.1s) totals zeros=137 pass=4 eta 1.6 min
2026-10-07T10:44:52+00:00 [113/254] k4|HGanymede/1,0,p|LGanymede>Callisto/1h|HCallisto/1,0,a|LCallisto>Ganymede/0s: 5 zeros 0 pass (0.4s) totals zeros=142 pass=4 eta 1.6 min
2026-10-07T10:44:54+00:00 [114/254] k4|HGanymede/1,0,p|LGanymede>Callisto/1h|LCallisto>Callisto/1l|LCallisto>Ganymede/1l: 0 zeros 0 pass (1.6s) totals zeros=142 pass=4 eta 1.6 min
2026-10-07T10:44:54+00:00 [115/254] k4|HGanymede/1,0,p|LGanymede>Callisto/1h|LCallisto>Callisto/2h|LCallisto>Ganymede/1h: 0 zeros 0 pass (0.4s) totals zeros=142 pass=4 eta 1.6 min
2026-10-07T10:44:55+00:00 [116/254] k4|HGanymede/1,0,p|LGanymede>Callisto/2l|RCallisto/1:2|LCallisto>Ganymede/0s: 3 zeros 0 pass (0.4s) totals zeros=145 pass=4 eta 1.6 min
2026-10-07T10:44:55+00:00 [117/254] k4|HGanymede/1,0,p|LGanymede>Callisto/2l|HCallisto/1,0,a|LCallisto>Ganymede/2l: 1 zeros 0 pass (0.3s) totals zeros=146 pass=4 eta 1.5 min
2026-10-07T10:44:55+00:00 [118/254] k4|HGanymede/1,0,p|LGanymede>Callisto/2l|LCallisto>Callisto/1l|LCallisto>Ganymede/2h: 0 zeros 0 pass (0.4s) totals zeros=146 pass=4 eta 1.5 min
2026-10-07T10:44:56+00:00 [119/254] k4|HGanymede/1,0,p|LGanymede>Callisto/2h|LCallisto>Ganymede/0s: 4 zeros 0 pass (0.4s) totals zeros=150 pass=4 eta 1.5 min
2026-10-07T10:44:56+00:00 [120/254] k4|HGanymede/1,0,p|LGanymede>Callisto/2h|RCallisto/1:2|LCallisto>Ganymede/2l: 0 zeros 0 pass (0.1s) totals zeros=150 pass=4 eta 1.5 min
2026-10-07T10:44:56+00:00 [121/254] k4|HGanymede/1,0,p|LGanymede>Callisto/2h|HCallisto/3,1,p|LCallisto>Ganymede/1l: 0 zeros 0 pass (0.0s) totals zeros=150 pass=4 eta 1.5 min
2026-10-07T10:44:56+00:00 [122/254] k4|HGanymede/1,0,p|LGanymede>Callisto/2h|LCallisto>Callisto/1h|LCallisto>Ganymede/1h: 0 zeros 0 pass (0.3s) totals zeros=150 pass=4 eta 1.4 min
2026-10-07T10:44:57+00:00 [123/254] k4|HGanymede/1,0,a|LGanymede>Callisto/0s|LCallisto>Ganymede/2l: 4 zeros 0 pass (0.5s) totals zeros=154 pass=4 eta 1.4 min
2026-10-07T10:44:57+00:00 [124/254] k4|HGanymede/1,0,a|LGanymede>Callisto/0s|RCallisto/1:2|LCallisto>Ganymede/2h: 3 zeros 0 pass (0.5s) totals zeros=157 pass=4 eta 1.4 min
2026-10-07T10:44:58+00:00 [125/254] k4|HGanymede/1,0,a|LGanymede>Callisto/0s|HCallisto/3,1,p|LCallisto>Ganymede/0s: 5 zeros 0 pass (0.5s) totals zeros=162 pass=4 eta 1.4 min
2026-10-07T10:45:00+00:00 [126/254] k4|HGanymede/1,0,a|LGanymede>Callisto/0s|LCallisto>Callisto/1h|LCallisto>Ganymede/1l: 3 zeros 0 pass (2.3s) totals zeros=165 pass=4 eta 1.4 min
2026-10-07T10:45:01+00:00 [127/254] k4|HGanymede/1,0,a|LGanymede>Callisto/1l|LCallisto>Ganymede/1h: 2 zeros 0 pass (0.4s) totals zeros=167 pass=4 eta 1.4 min
2026-10-07T10:45:01+00:00 [128/254] k4|HGanymede/1,0,a|LGanymede>Callisto/1l|RCallisto/1:2|LCallisto>Ganymede/2l: 0 zeros 0 pass (0.1s) totals zeros=167 pass=4 eta 1.4 min
2026-10-07T10:45:02+00:00 [129/254] k4|HGanymede/1,0,a|LGanymede>Callisto/1l|HCallisto/1,0,a|LCallisto>Ganymede/2h: 1 zeros 0 pass (1.1s) totals zeros=168 pass=4 eta 1.4 min
2026-10-07T10:45:04+00:00 [130/254] k4|HGanymede/1,0,a|LGanymede>Callisto/1l|LCallisto>Callisto/1h|LCallisto>Ganymede/0s: 2 zeros 0 pass (2.5s) totals zeros=170 pass=4 eta 1.4 min
2026-10-07T10:45:05+00:00 [131/254] k4|HGanymede/1,0,a|LGanymede>Callisto/1h|LCallisto>Ganymede/1l: 2 zeros 0 pass (0.4s) totals zeros=172 pass=4 eta 1.4 min
2026-10-07T10:45:05+00:00 [132/254] k4|HGanymede/1,0,a|LGanymede>Callisto/1h|RCallisto/1:2|LCallisto>Ganymede/1h: 2 zeros 0 pass (0.2s) totals zeros=174 pass=4 eta 1.4 min
2026-10-07T10:45:06+00:00 [133/254] k4|HGanymede/1,0,a|LGanymede>Callisto/1h|HCallisto/1,0,a|LCallisto>Ganymede/2l: 1 zeros 0 pass (1.0s) totals zeros=175 pass=4 eta 1.4 min
2026-10-07T10:45:06+00:00 [134/254] k4|HGanymede/1,0,a|LGanymede>Callisto/1h|LCallisto>Callisto/1l|LCallisto>Ganymede/2h: 0 zeros 0 pass (0.3s) totals zeros=175 pass=4 eta 1.3 min
2026-10-07T10:45:07+00:00 [135/254] k4|HGanymede/1,0,a|LGanymede>Callisto/2l|LCallisto>Ganymede/0s: 4 zeros 0 pass (0.5s) totals zeros=179 pass=4 eta 1.3 min
2026-10-07T10:45:07+00:00 [136/254] k4|HGanymede/1,0,a|LGanymede>Callisto/2l|RCallisto/1:2|LCallisto>Ganymede/2l: 0 zeros 0 pass (0.1s) totals zeros=179 pass=4 eta 1.3 min
2026-10-07T10:45:07+00:00 [137/254] k4|HGanymede/1,0,a|LGanymede>Callisto/2l|HCallisto/3,1,p|LCallisto>Ganymede/1l: 0 zeros 0 pass (0.1s) totals zeros=179 pass=4 eta 1.3 min
2026-10-07T10:45:07+00:00 [138/254] k4|HGanymede/1,0,a|LGanymede>Callisto/2l|LCallisto>Callisto/1h|LCallisto>Ganymede/1h: 0 zeros 0 pass (0.5s) totals zeros=179 pass=4 eta 1.3 min
2026-10-07T10:45:08+00:00 [139/254] k4|HGanymede/1,0,a|LGanymede>Callisto/2h|LCallisto>Ganymede/2l: 0 zeros 0 pass (0.9s) totals zeros=179 pass=4 eta 1.3 min
2026-10-07T10:45:08+00:00 [140/254] k4|HGanymede/1,0,a|LGanymede>Callisto/2h|RCallisto/2:3|LCallisto>Ganymede/1l: 0 zeros 0 pass (0.0s) totals zeros=179 pass=4 eta 1.2 min
2026-10-07T10:45:08+00:00 [141/254] k4|HGanymede/1,0,a|LGanymede>Callisto/2h|HCallisto/3,1,p|LCallisto>Ganymede/2h: 0 zeros 0 pass (0.1s) totals zeros=179 pass=4 eta 1.2 min
2026-10-07T10:45:09+00:00 [142/254] k4|HGanymede/1,0,a|LGanymede>Callisto/2h|LCallisto>Callisto/2l|LCallisto>Ganymede/0s: 0 zeros 0 pass (0.4s) totals zeros=179 pass=4 eta 1.2 min
2026-10-07T10:45:09+00:00 [143/254] k4|HGanymede/3,1,p|LGanymede>Callisto/0s|RCallisto/1:1|LCallisto>Ganymede/1l: 3 zeros 0 pass (0.4s) totals zeros=182 pass=4 eta 1.2 min
2026-10-07T10:45:10+00:00 [144/254] k4|HGanymede/3,1,p|LGanymede>Callisto/0s|HCallisto/1,0,p|LCallisto>Ganymede/1l: 3 zeros 0 pass (1.1s) totals zeros=185 pass=4 eta 1.2 min
2026-10-07T10:45:11+00:00 [145/254] k4|HGanymede/3,1,p|LGanymede>Callisto/0s|HCallisto/3,1,a|LCallisto>Ganymede/1h: 4 zeros 0 pass (0.3s) totals zeros=189 pass=4 eta 1.2 min
2026-10-07T10:45:11+00:00 [146/254] k4|HGanymede/3,1,p|LGanymede>Callisto/0s|LCallisto>Callisto/2l|LCallisto>Ganymede/2l: 0 zeros 0 pass (0.4s) totals zeros=189 pass=4 eta 1.2 min
2026-10-07T10:45:11+00:00 [147/254] k4|HGanymede/3,1,p|LGanymede>Callisto/1l|RCallisto/1:1|LCallisto>Ganymede/2h: 0 zeros 0 pass (0.0s) totals zeros=189 pass=4 eta 1.2 min
2026-10-07T10:45:11+00:00 [148/254] k4|HGanymede/3,1,p|LGanymede>Callisto/1l|HCallisto/1,0,a|LCallisto>Ganymede/2l: 1 zeros 0 pass (0.3s) totals zeros=190 pass=4 eta 1.1 min
2026-10-07T10:45:12+00:00 [149/254] k4|HGanymede/3,1,p|LGanymede>Callisto/1l|LCallisto>Callisto/1l|LCallisto>Ganymede/2h: 0 zeros 0 pass (0.3s) totals zeros=190 pass=4 eta 1.1 min
2026-10-07T10:45:12+00:00 [150/254] k4|HGanymede/3,1,p|LGanymede>Callisto/1h|LCallisto>Ganymede/0s: 3 zeros 0 pass (0.3s) totals zeros=193 pass=4 eta 1.1 min
2026-10-07T10:45:12+00:00 [151/254] k4|HGanymede/3,1,p|LGanymede>Callisto/1h|RCallisto/2:3|LCallisto>Ganymede/0s: 0 zeros 0 pass (0.0s) totals zeros=193 pass=4 eta 1.1 min
2026-10-07T10:45:12+00:00 [152/254] k4|HGanymede/3,1,p|LGanymede>Callisto/1h|HCallisto/3,1,a|LCallisto>Ganymede/0s: 3 zeros 0 pass (0.3s) totals zeros=196 pass=4 eta 1.1 min
2026-10-07T10:45:13+00:00 [153/254] k4|HGanymede/3,1,p|LGanymede>Callisto/1h|LCallisto>Callisto/2l|LCallisto>Ganymede/1l: 0 zeros 0 pass (0.4s) totals zeros=196 pass=4 eta 1.1 min
2026-10-07T10:45:13+00:00 [154/254] k4|HGanymede/3,1,p|LGanymede>Callisto/2l|RCallisto/1:1|LCallisto>Ganymede/1h: 0 zeros 0 pass (0.1s) totals zeros=196 pass=4 eta 1.0 min
2026-10-07T10:45:13+00:00 [155/254] k4|HGanymede/3,1,p|LGanymede>Callisto/2l|HCallisto/1,0,a|LCallisto>Ganymede/2l: 1 zeros 0 pass (0.2s) totals zeros=197 pass=4 eta 1.0 min
2026-10-07T10:45:13+00:00 [156/254] k4|HGanymede/3,1,p|LGanymede>Callisto/2l|LCallisto>Callisto/1h|LCallisto>Ganymede/2l: 0 zeros 0 pass (0.3s) totals zeros=197 pass=4 eta 1.0 min
2026-10-07T10:45:13+00:00 [157/254] k4|HGanymede/3,1,p|LGanymede>Callisto/2h|LCallisto>Ganymede/2h: 0 zeros 0 pass (0.1s) totals zeros=197 pass=4 eta 1.0 min
2026-10-07T10:45:15+00:00 [158/254] k4|HGanymede/3,1,p|LGanymede>Callisto/2h|HCallisto/1,0,a|LCallisto>Ganymede/0s: 3 zeros 0 pass (1.7s) totals zeros=200 pass=4 eta 1.0 min
2026-10-07T10:45:16+00:00 [159/254] k4|HGanymede/3,1,p|LGanymede>Callisto/2h|LCallisto>Callisto/1h|LCallisto>Ganymede/0s: 0 zeros 0 pass (1.3s) totals zeros=200 pass=4 eta 1.0 min
2026-10-07T10:45:17+00:00 [160/254] k4|HGanymede/3,1,a|LGanymede>Callisto/0s|LCallisto>Ganymede/1l: 4 zeros 0 pass (0.6s) totals zeros=204 pass=4 eta 1.0 min
2026-10-07T10:45:18+00:00 [161/254] k4|HGanymede/3,1,a|LGanymede>Callisto/0s|RCallisto/1:2|LCallisto>Ganymede/2h: 0 zeros 0 pass (0.8s) totals zeros=204 pass=4 eta 1.0 min
2026-10-07T10:45:18+00:00 [162/254] k4|HGanymede/3,1,a|LGanymede>Callisto/0s|HCallisto/3,1,p|LCallisto>Ganymede/1h: 4 zeros 0 pass (0.4s) totals zeros=208 pass=4 eta 1.0 min
2026-10-07T10:45:21+00:00 [163/254] k4|HGanymede/3,1,a|LGanymede>Callisto/0s|LCallisto>Callisto/1h|LCallisto>Ganymede/2l: 0 zeros 0 pass (2.9s) totals zeros=208 pass=4 eta 1.0 min
2026-10-07T10:45:22+00:00 [164/254] k4|HGanymede/3,1,a|LGanymede>Callisto/1l|LCallisto>Ganymede/2h: 1 zeros 0 pass (0.6s) totals zeros=209 pass=4 eta 1.0 min
2026-10-07T10:45:22+00:00 [165/254] k4|HGanymede/3,1,a|LGanymede>Callisto/1l|HCallisto/1,0,p|LCallisto>Ganymede/2l: 1 zeros 0 pass (0.6s) totals zeros=210 pass=4 eta 1.0 min
2026-10-07T10:45:22+00:00 [166/254] k4|HGanymede/3,1,a|LGanymede>Callisto/1l|HCallisto/3,1,a|LCallisto>Ganymede/2h: 0 zeros 0 pass (0.0s) totals zeros=210 pass=4 eta 0.9 min
2026-10-07T10:45:23+00:00 [167/254] k4|HGanymede/3,1,a|LGanymede>Callisto/1l|LCallisto>Callisto/2h|LCallisto>Ganymede/0s: 0 zeros 0 pass (0.5s) totals zeros=210 pass=4 eta 0.9 min
2026-10-07T10:45:23+00:00 [168/254] k4|HGanymede/3,1,a|LGanymede>Callisto/1h|RCallisto/1:2|LCallisto>Ganymede/0s: 5 zeros 0 pass (0.5s) totals zeros=215 pass=4 eta 0.9 min
2026-10-07T10:45:23+00:00 [169/254] k4|HGanymede/3,1,a|LGanymede>Callisto/1h|HCallisto/3,1,p|LCallisto>Ganymede/0s: 3 zeros 0 pass (0.3s) totals zeros=218 pass=4 eta 0.9 min
2026-10-07T10:45:24+00:00 [170/254] k4|HGanymede/3,1,a|LGanymede>Callisto/1h|LCallisto>Callisto/1h|LCallisto>Ganymede/1l: 0 zeros 0 pass (0.4s) totals zeros=218 pass=4 eta 0.9 min
2026-10-07T10:45:24+00:00 [171/254] k4|HGanymede/3,1,a|LGanymede>Callisto/2l|LCallisto>Ganymede/1h: 1 zeros 0 pass (0.4s) totals zeros=219 pass=4 eta 0.9 min
2026-10-07T10:45:24+00:00 [172/254] k4|HGanymede/3,1,a|LGanymede>Callisto/2l|HCallisto/1,0,p|LCallisto>Ganymede/2l: 1 zeros 0 pass (0.1s) totals zeros=220 pass=4 eta 0.9 min
2026-10-07T10:45:25+00:00 [173/254] k4|HGanymede/3,1,a|LGanymede>Callisto/2l|LCallisto>Callisto/1l|LCallisto>Ganymede/2l: 0 zeros 0 pass (0.4s) totals zeros=220 pass=4 eta 0.8 min
2026-10-07T10:45:25+00:00 [174/254] k4|HGanymede/3,1,a|LGanymede>Callisto/2l|LCallisto>Callisto/2h|LCallisto>Ganymede/2h: 0 zeros 0 pass (0.4s) totals zeros=220 pass=4 eta 0.8 min
2026-10-07T10:45:26+00:00 [175/254] k4|HGanymede/3,1,a|LGanymede>Callisto/2h|HCallisto/1,0,p|LCallisto>Ganymede/0s: 3 zeros 0 pass (1.2s) totals zeros=223 pass=4 eta 0.8 min
2026-10-07T10:45:28+00:00 [176/254] k4|HGanymede/3,1,a|LGanymede>Callisto/2h|LCallisto>Callisto/1l|LCallisto>Ganymede/0s: 0 zeros 0 pass (1.4s) totals zeros=223 pass=4 eta 0.8 min
2026-10-07T10:45:28+00:00 [177/254] k4|HGanymede/3,1,a|LGanymede>Callisto/2h|LCallisto>Callisto/2h|LCallisto>Ganymede/1l: 0 zeros 0 pass (0.5s) totals zeros=223 pass=4 eta 0.8 min
2026-10-07T10:45:29+00:00 [178/254] k4|LGanymede>Ganymede/1l|LGanymede>Callisto/0s|RCallisto/2:1|LCallisto>Ganymede/1h: 0 zeros 0 pass (0.5s) totals zeros=223 pass=4 eta 0.8 min
2026-10-07T10:45:32+00:00 [179/254] k4|LGanymede>Ganymede/1l|LGanymede>Callisto/0s|HCallisto/1,0,p|LCallisto>Ganymede/2l: 7 zeros 0 pass (3.7s) totals zeros=230 pass=4 eta 0.8 min
2026-10-07T10:45:33+00:00 [180/254] k4|LGanymede>Ganymede/1l|LGanymede>Callisto/0s|HCallisto/3,1,a|LCallisto>Ganymede/2h: 0 zeros 0 pass (0.5s) totals zeros=230 pass=4 eta 0.8 min
2026-10-07T10:45:38+00:00 [181/254] k4|LGanymede>Ganymede/1l|LGanymede>Callisto/0s|LCallisto>Callisto/2h|LCallisto>Ganymede/0s: 2 zeros 0 pass (4.8s) totals zeros=232 pass=4 eta 0.8 min
2026-10-07T10:45:38+00:00 [182/254] k4|LGanymede>Ganymede/1l|LGanymede>Callisto/1l|RCallisto/2:1|LCallisto>Ganymede/1l: 0 zeros 0 pass (0.3s) totals zeros=232 pass=4 eta 0.8 min
2026-10-07T10:45:43+00:00 [183/254] k4|LGanymede>Ganymede/1l|LGanymede>Callisto/1l|HCallisto/1,0,p|LCallisto>Ganymede/1h: 4 zeros 0 pass (5.2s) totals zeros=236 pass=4 eta 0.8 min
2026-10-07T10:45:44+00:00 [184/254] k4|LGanymede>Ganymede/1l|LGanymede>Callisto/1l|HCallisto/3,1,a|LCallisto>Ganymede/2l: 0 zeros 0 pass (0.4s) totals zeros=236 pass=4 eta 0.8 min
2026-10-07T10:45:46+00:00 [185/254] k4|LGanymede>Ganymede/1l|LGanymede>Callisto/1l|LCallisto>Callisto/2l|LCallisto>Ganymede/2h: 0 zeros 0 pass (2.4s) totals zeros=236 pass=4 eta 0.8 min
2026-10-07T10:45:46+00:00 [186/254] k4|LGanymede>Ganymede/1l|LGanymede>Callisto/1h|RCallisto/2:1|LCallisto>Ganymede/0s: 0 zeros 0 pass (0.4s) totals zeros=236 pass=4 eta 0.8 min
2026-10-07T10:45:52+00:00 [187/254] k4|LGanymede>Ganymede/1l|LGanymede>Callisto/1h|HCallisto/1,0,p|LCallisto>Ganymede/1l: 3 zeros 0 pass (5.9s) totals zeros=239 pass=4 eta 0.8 min
2026-10-07T10:45:53+00:00 [188/254] k4|LGanymede>Ganymede/1l|LGanymede>Callisto/1h|HCallisto/3,1,a|LCallisto>Ganymede/1h: 0 zeros 0 pass (0.5s) totals zeros=239 pass=4 eta 0.8 min
2026-10-07T10:45:55+00:00 [189/254] k4|LGanymede>Ganymede/1l|LGanymede>Callisto/1h|LCallisto>Callisto/2l|LCallisto>Ganymede/2l: 0 zeros 0 pass (2.1s) totals zeros=239 pass=4 eta 0.8 min
2026-10-07T10:45:56+00:00 [190/254] k4|LGanymede>Ganymede/1l|LGanymede>Callisto/2l|RCallisto/1:1|LCallisto>Ganymede/2h: 0 zeros 0 pass (0.6s) totals zeros=239 pass=4 eta 0.8 min
2026-10-07T10:45:56+00:00 [191/254] k4|LGanymede>Ganymede/1l|LGanymede>Callisto/2l|HCallisto/1,0,p|LCallisto>Ganymede/2h: 0 zeros 0 pass (0.7s) totals zeros=239 pass=4 eta 0.8 min
2026-10-07T10:46:03+00:00 [192/254] k4|LGanymede>Ganymede/1l|LGanymede>Callisto/2l|LCallisto>Callisto/1l|LCallisto>Ganymede/0s: 0 zeros 0 pass (6.2s) totals zeros=239 pass=4 eta 0.8 min
2026-10-07T10:46:05+00:00 [193/254] k4|LGanymede>Ganymede/1l|LGanymede>Callisto/2l|LCallisto>Callisto/2h|LCallisto>Ganymede/1l: 0 zeros 0 pass (2.4s) totals zeros=239 pass=4 eta 0.8 min
2026-10-07T10:46:05+00:00 [194/254] k4|LGanymede>Ganymede/1l|LGanymede>Callisto/2h|RCallisto/2:1|LCallisto>Ganymede/1h: 0 zeros 0 pass (0.4s) totals zeros=239 pass=4 eta 0.8 min
2026-10-07T10:46:07+00:00 [195/254] k4|LGanymede>Ganymede/1l|LGanymede>Callisto/2h|HCallisto/1,0,a|LCallisto>Ganymede/1h: 0 zeros 0 pass (1.3s) totals zeros=239 pass=4 eta 0.8 min
2026-10-07T10:46:09+00:00 [196/254] k4|LGanymede>Ganymede/1l|LGanymede>Callisto/2h|LCallisto>Callisto/1l|LCallisto>Ganymede/2l: 0 zeros 0 pass (2.3s) totals zeros=239 pass=4 eta 0.8 min
2026-10-07T10:46:11+00:00 [197/254] k4|LGanymede>Ganymede/1l|LGanymede>Callisto/2h|LCallisto>Callisto/2h|LCallisto>Ganymede/2h: 0 zeros 0 pass (2.5s) totals zeros=239 pass=4 eta 0.7 min
2026-10-07T10:46:16+00:00 [198/254] k4|LGanymede>Ganymede/1h|LGanymede>Callisto/0s|RCallisto/1:2|LCallisto>Ganymede/0s: 10 zeros 0 pass (4.7s) totals zeros=249 pass=4 eta 0.8 min
2026-10-07T10:46:19+00:00 [199/254] k4|LGanymede>Ganymede/1h|LGanymede>Callisto/0s|HCallisto/1,0,a|LCallisto>Ganymede/1l: 7 zeros 0 pass (3.2s) totals zeros=256 pass=4 eta 0.8 min
2026-10-07T10:46:29+00:00 [200/254] k4|LGanymede>Ganymede/1h|LGanymede>Callisto/0s|LCallisto>Callisto/1l|LCallisto>Ganymede/1h: 7 zeros 0 pass (9.4s) totals zeros=263 pass=4 eta 0.8 min
2026-10-07T10:46:31+00:00 [201/254] k4|LGanymede>Ganymede/1h|LGanymede>Callisto/0s|LCallisto>Callisto/2h|LCallisto>Ganymede/2l: 0 zeros 0 pass (2.5s) totals zeros=263 pass=4 eta 0.8 min
2026-10-07T10:46:31+00:00 [202/254] k4|LGanymede>Ganymede/1h|LGanymede>Callisto/1l|RCallisto/2:1|LCallisto>Ganymede/2h: 0 zeros 0 pass (0.4s) totals zeros=263 pass=4 eta 0.8 min
2026-10-07T10:46:35+00:00 [203/254] k4|LGanymede>Ganymede/1h|LGanymede>Callisto/1l|HCallisto/1,0,a|LCallisto>Ganymede/0s: 8 zeros 0 pass (3.2s) totals zeros=271 pass=4 eta 0.7 min
2026-10-07T10:46:37+00:00 [204/254] k4|LGanymede>Ganymede/1h|LGanymede>Callisto/1l|LCallisto>Callisto/1l|LCallisto>Ganymede/1l: 0 zeros 0 pass (2.7s) totals zeros=271 pass=4 eta 0.7 min
2026-10-07T10:46:40+00:00 [205/254] k4|LGanymede>Ganymede/1h|LGanymede>Callisto/1l|LCallisto>Callisto/2h|LCallisto>Ganymede/1h: 0 zeros 0 pass (2.5s) totals zeros=271 pass=4 eta 0.7 min
2026-10-07T10:46:40+00:00 [206/254] k4|LGanymede>Ganymede/1h|LGanymede>Callisto/1h|RCallisto/2:1|LCallisto>Ganymede/2l: 0 zeros 0 pass (0.4s) totals zeros=271 pass=4 eta 0.7 min
2026-10-07T10:46:43+00:00 [207/254] k4|LGanymede>Ganymede/1h|LGanymede>Callisto/1h|HCallisto/1,0,p|LCallisto>Ganymede/2h: 2 zeros 0 pass (2.8s) totals zeros=273 pass=4 eta 0.7 min
2026-10-07T10:46:52+00:00 [208/254] k4|LGanymede>Ganymede/1h|LGanymede>Callisto/1h|LCallisto>Callisto/1l|LCallisto>Ganymede/0s: 7 zeros 0 pass (8.9s) totals zeros=280 pass=4 eta 0.7 min
2026-10-07T10:46:54+00:00 [209/254] k4|LGanymede>Ganymede/1h|LGanymede>Callisto/1h|LCallisto>Callisto/2h|LCallisto>Ganymede/1l: 0 zeros 0 pass (2.0s) totals zeros=280 pass=4 eta 0.7 min
2026-10-07T10:46:54+00:00 [210/254] k4|LGanymede>Ganymede/1h|LGanymede>Callisto/2l|RCallisto/2:1|LCallisto>Ganymede/1h: 0 zeros 0 pass (0.3s) totals zeros=280 pass=4 eta 0.7 min
2026-10-07T10:46:56+00:00 [211/254] k4|LGanymede>Ganymede/1h|LGanymede>Callisto/2l|HCallisto/1,0,a|LCallisto>Ganymede/1h: 1 zeros 0 pass (1.9s) totals zeros=281 pass=4 eta 0.7 min
2026-10-07T10:46:58+00:00 [212/254] k4|LGanymede>Ganymede/1h|LGanymede>Callisto/2l|LCallisto>Callisto/1l|LCallisto>Ganymede/2l: 0 zeros 0 pass (2.1s) totals zeros=281 pass=4 eta 0.7 min
2026-10-07T10:47:00+00:00 [213/254] k4|LGanymede>Ganymede/1h|LGanymede>Callisto/2l|LCallisto>Callisto/2h|LCallisto>Ganymede/2h: 0 zeros 0 pass (1.8s) totals zeros=281 pass=4 eta 0.7 min
2026-10-07T10:47:01+00:00 [214/254] k4|LGanymede>Ganymede/1h|LGanymede>Callisto/2h|RCallisto/1:2|LCallisto>Ganymede/1h: 0 zeros 0 pass (0.8s) totals zeros=281 pass=4 eta 0.6 min
2026-10-07T10:47:01+00:00 [215/254] k4|LGanymede>Ganymede/1h|LGanymede>Callisto/2h|HCallisto/3,1,p|LCallisto>Ganymede/0s: 0 zeros 0 pass (0.5s) totals zeros=281 pass=4 eta 0.6 min
2026-10-07T10:47:04+00:00 [216/254] k4|LGanymede>Ganymede/1h|LGanymede>Callisto/2h|LCallisto>Callisto/1h|LCallisto>Ganymede/1l: 0 zeros 0 pass (2.0s) totals zeros=281 pass=4 eta 0.6 min
2026-10-07T10:47:06+00:00 [217/254] k4|LGanymede>Ganymede/2l|LGanymede>Callisto/0s|LCallisto>Ganymede/1h: 6 zeros 0 pass (2.4s) totals zeros=287 pass=4 eta 0.6 min
2026-10-07T10:47:08+00:00 [218/254] k4|LGanymede>Ganymede/2l|LGanymede>Callisto/0s|RCallisto/1:2|LCallisto>Ganymede/2l: 0 zeros 0 pass (1.6s) totals zeros=287 pass=4 eta 0.6 min
2026-10-07T10:47:11+00:00 [219/254] k4|LGanymede>Ganymede/2l|LGanymede>Callisto/0s|HCallisto/1,0,a|LCallisto>Ganymede/2h: 3 zeros 0 pass (3.0s) totals zeros=290 pass=4 eta 0.6 min
2026-10-07T10:47:15+00:00 [220/254] k4|LGanymede>Ganymede/2l|LGanymede>Callisto/0s|LCallisto>Callisto/1h|LCallisto>Ganymede/0s: 5 zeros 0 pass (4.6s) totals zeros=295 pass=4 eta 0.6 min
2026-10-07T10:47:20+00:00 [221/254] k4|LGanymede>Ganymede/2l|LGanymede>Callisto/1l|LCallisto>Ganymede/1l: 2 zeros 0 pass (5.0s) totals zeros=297 pass=4 eta 0.6 min
2026-10-07T10:47:21+00:00 [222/254] k4|LGanymede>Ganymede/2l|LGanymede>Callisto/1l|RCallisto/1:2|LCallisto>Ganymede/2h: 0 zeros 0 pass (0.7s) totals zeros=297 pass=4 eta 0.5 min
2026-10-07T10:47:21+00:00 [223/254] k4|LGanymede>Ganymede/2l|LGanymede>Callisto/1l|HCallisto/3,1,p|LCallisto>Ganymede/1h: 0 zeros 0 pass (0.4s) totals zeros=297 pass=4 eta 0.5 min
2026-10-07T10:47:24+00:00 [224/254] k4|LGanymede>Ganymede/2l|LGanymede>Callisto/1l|LCallisto>Callisto/1h|LCallisto>Ganymede/2l: 0 zeros 0 pass (2.3s) totals zeros=297 pass=4 eta 0.5 min
2026-10-07T10:47:26+00:00 [225/254] k4|LGanymede>Ganymede/2l|LGanymede>Callisto/1h|LCallisto>Ganymede/2h: 2 zeros 0 pass (2.7s) totals zeros=299 pass=4 eta 0.5 min
2026-10-07T10:47:27+00:00 [226/254] k4|LGanymede>Ganymede/2l|LGanymede>Callisto/1h|RCallisto/2:3|LCallisto>Ganymede/1h: 0 zeros 0 pass (0.3s) totals zeros=299 pass=4 eta 0.5 min
2026-10-07T10:47:27+00:00 [227/254] k4|LGanymede>Ganymede/2l|LGanymede>Callisto/1h|HCallisto/3,1,a|LCallisto>Ganymede/0s: 0 zeros 0 pass (0.5s) totals zeros=299 pass=4 eta 0.5 min
2026-10-07T10:47:30+00:00 [228/254] k4|LGanymede>Ganymede/2l|LGanymede>Callisto/1h|LCallisto>Callisto/2l|LCallisto>Ganymede/1l: 0 zeros 0 pass (2.6s) totals zeros=299 pass=4 eta 0.4 min
2026-10-07T10:47:30+00:00 [229/254] k4|LGanymede>Ganymede/2l|LGanymede>Callisto/2l|RCallisto/1:1|LCallisto>Ganymede/1h: 0 zeros 0 pass (0.7s) totals zeros=299 pass=4 eta 0.4 min
2026-10-07T10:47:31+00:00 [230/254] k4|LGanymede>Ganymede/2l|LGanymede>Callisto/2l|HCallisto/1,0,a|LCallisto>Ganymede/1l: 0 zeros 0 pass (0.8s) totals zeros=299 pass=4 eta 0.4 min
2026-10-07T10:47:34+00:00 [231/254] k4|LGanymede>Ganymede/2l|LGanymede>Callisto/2l|LCallisto>Callisto/1l|LCallisto>Ganymede/1h: 0 zeros 0 pass (2.7s) totals zeros=299 pass=4 eta 0.4 min
2026-10-07T10:47:36+00:00 [232/254] k4|LGanymede>Ganymede/2l|LGanymede>Callisto/2l|LCallisto>Callisto/2h|LCallisto>Ganymede/2l: 0 zeros 0 pass (2.2s) totals zeros=299 pass=4 eta 0.4 min
2026-10-07T10:47:37+00:00 [233/254] k4|LGanymede>Ganymede/2l|LGanymede>Callisto/2h|RCallisto/1:2|LCallisto>Ganymede/2l: 0 zeros 0 pass (0.6s) totals zeros=299 pass=4 eta 0.4 min
2026-10-07T10:47:37+00:00 [234/254] k4|LGanymede>Ganymede/2l|LGanymede>Callisto/2h|HCallisto/3,1,p|LCallisto>Ganymede/2l: 0 zeros 0 pass (0.4s) totals zeros=299 pass=4 eta 0.3 min
2026-10-07T10:47:39+00:00 [235/254] k4|LGanymede>Ganymede/2l|LGanymede>Callisto/2h|LCallisto>Callisto/1h|LCallisto>Ganymede/2h: 0 zeros 0 pass (1.8s) totals zeros=299 pass=4 eta 0.3 min
2026-10-07T10:47:42+00:00 [236/254] k4|LGanymede>Ganymede/2h|LGanymede>Callisto/0s|RCallisto/1:1|LCallisto>Ganymede/0s: 11 zeros 0 pass (3.3s) totals zeros=310 pass=4 eta 0.3 min
2026-10-07T10:47:43+00:00 [237/254] k4|LGanymede>Ganymede/2h|LGanymede>Callisto/0s|RCallisto/2:3|LCallisto>Ganymede/1l: 0 zeros 0 pass (0.3s) totals zeros=310 pass=4 eta 0.3 min
2026-10-07T10:47:43+00:00 [238/254] k4|LGanymede>Ganymede/2h|LGanymede>Callisto/0s|HCallisto/3,1,p|LCallisto>Ganymede/1h: 0 zeros 0 pass (0.6s) totals zeros=310 pass=4 eta 0.3 min
2026-10-07T10:47:45+00:00 [239/254] k4|LGanymede>Ganymede/2h|LGanymede>Callisto/0s|LCallisto>Callisto/1h|LCallisto>Ganymede/2l: 1 zeros 0 pass (2.0s) totals zeros=311 pass=4 eta 0.3 min
2026-10-07T10:47:47+00:00 [240/254] k4|LGanymede>Ganymede/2h|LGanymede>Callisto/1l|LCallisto>Ganymede/2h: 1 zeros 0 pass (1.5s) totals zeros=312 pass=4 eta 0.2 min
2026-10-07T10:47:47+00:00 [241/254] k4|LGanymede>Ganymede/2h|LGanymede>Callisto/1l|RCallisto/2:3|LCallisto>Ganymede/1h: 0 zeros 0 pass (0.3s) totals zeros=312 pass=4 eta 0.2 min
2026-10-07T10:47:48+00:00 [242/254] k4|LGanymede>Ganymede/2h|LGanymede>Callisto/1l|HCallisto/3,1,a|LCallisto>Ganymede/0s: 0 zeros 0 pass (0.6s) totals zeros=312 pass=4 eta 0.2 min
2026-10-07T10:47:50+00:00 [243/254] k4|LGanymede>Ganymede/2h|LGanymede>Callisto/1l|LCallisto>Callisto/2l|LCallisto>Ganymede/1l: 0 zeros 0 pass (1.9s) totals zeros=312 pass=4 eta 0.2 min
2026-10-07T10:47:50+00:00 [244/254] k4|LGanymede>Ganymede/2h|LGanymede>Callisto/1h|RCallisto/1:1|LCallisto>Ganymede/1h: 0 zeros 0 pass (0.5s) totals zeros=312 pass=4 eta 0.2 min
2026-10-07T10:47:53+00:00 [245/254] k4|LGanymede>Ganymede/2h|LGanymede>Callisto/1h|HCallisto/1,0,p|LCallisto>Ganymede/1h: 1 zeros 0 pass (3.2s) totals zeros=313 pass=4 eta 0.2 min
2026-10-07T10:47:54+00:00 [246/254] k4|LGanymede>Ganymede/2h|LGanymede>Callisto/1h|HCallisto/3,1,a|LCallisto>Ganymede/2l: 0 zeros 0 pass (0.5s) totals zeros=313 pass=4 eta 0.1 min
2026-10-07T10:47:56+00:00 [247/254] k4|LGanymede>Ganymede/2h|LGanymede>Callisto/1h|LCallisto>Callisto/2l|LCallisto>Ganymede/2h: 0 zeros 0 pass (1.9s) totals zeros=313 pass=4 eta 0.1 min
2026-10-07T10:47:56+00:00 [248/254] k4|LGanymede>Ganymede/2h|LGanymede>Callisto/2l|RCallisto/2:1|LCallisto>Ganymede/0s: 0 zeros 0 pass (0.3s) totals zeros=313 pass=4 eta 0.1 min
2026-10-07T10:47:57+00:00 [249/254] k4|LGanymede>Ganymede/2h|LGanymede>Callisto/2l|HCallisto/1,0,a|LCallisto>Ganymede/2h: 0 zeros 0 pass (0.6s) totals zeros=313 pass=4 eta 0.1 min
2026-10-07T10:47:59+00:00 [250/254] k4|LGanymede>Ganymede/2h|LGanymede>Callisto/2l|LCallisto>Callisto/1h|LCallisto>Ganymede/0s: 1 zeros 0 pass (2.0s) totals zeros=314 pass=4 eta 0.1 min
2026-10-07T10:48:01+00:00 [251/254] k4|LGanymede>Ganymede/2h|LGanymede>Callisto/2h|LCallisto>Ganymede/1l: 1 zeros 0 pass (1.9s) totals zeros=315 pass=4 eta 0.1 min
2026-10-07T10:48:05+00:00 [252/254] k4|LGanymede>Ganymede/2h|LGanymede>Callisto/2h|HCallisto/1,0,p|LCallisto>Ganymede/0s: 1 zeros 0 pass (4.3s) totals zeros=316 pass=4 eta 0.0 min
2026-10-07T10:48:06+00:00 [253/254] k4|LGanymede>Ganymede/2h|LGanymede>Callisto/2h|HCallisto/3,1,a|LCallisto>Ganymede/1l: 0 zeros 0 pass (0.7s) totals zeros=316 pass=4 eta 0.0 min
2026-10-07T10:48:08+00:00 [254/254] k4|LGanymede>Ganymede/2h|LGanymede>Callisto/2h|LCallisto>Callisto/2l|LCallisto>Ganymede/1h: 0 zeros 0 pass (2.2s) totals zeros=316 pass=4 eta 0.0 min
2026-10-07T10:48:08+00:00 DONE structures=254 zeros=316 pass=4 structure_errors=0 zero_assessment_errors=0
