2026-10-07T10:48:17+00:00 cell gc k=4: 4068 structures (T = 50.09 d)
2026-10-07T10:48:17+00:00 total to run: 254 (shard 13/16)
2026-10-07T10:48:17+00:00 [1/254] k4|LGanymede>Callisto/0s|RCallisto/2:1|LCallisto>Ganymede/2l: 1 zeros 0 pass (0.5s) totals zeros=1 pass=0 eta 2.2 min
2026-10-07T10:48:18+00:00 [2/254] k4|LGanymede>Callisto/0s|HCallisto/1,0,p|LCallisto>Ganymede/2h: 4 zeros 0 pass (0.7s) totals zeros=5 pass=0 eta 2.5 min
2026-10-07T10:48:20+00:00 [3/254] k4|LGanymede>Callisto/0s|LCallisto>Callisto/1l|LCallisto>Ganymede/0s: 10 zeros 0 pass (1.9s) totals zeros=15 pass=0 eta 4.3 min
2026-10-07T10:48:21+00:00 [4/254] k4|LGanymede>Callisto/0s|LCallisto>Callisto/2h|LCallisto>Ganymede/1l: 2 zeros 1 pass (1.1s) totals zeros=17 pass=1 eta 4.3 min
2026-10-07T10:48:21+00:00 [5/254] k4|LGanymede>Callisto/1l|RCallisto/2:1|LCallisto>Ganymede/1h: 0 zeros 0 pass (0.0s) totals zeros=17 pass=1 eta 3.5 min
2026-10-07T10:48:22+00:00 [6/254] k4|LGanymede>Callisto/1l|HCallisto/1,0,p|LCallisto>Ganymede/2l: 2 zeros 0 pass (0.8s) totals zeros=19 pass=1 eta 3.4 min
2026-10-07T10:48:22+00:00 [7/254] k4|LGanymede>Callisto/1l|HCallisto/3,1,a|LCallisto>Ganymede/2h: 0 zeros 0 pass (0.1s) totals zeros=19 pass=1 eta 3.0 min
2026-10-07T10:48:23+00:00 [8/254] k4|LGanymede>Callisto/1l|LCallisto>Callisto/2h|LCallisto>Ganymede/0s: 2 zeros 1 pass (1.0s) totals zeros=21 pass=2 eta 3.1 min
2026-10-07T10:48:23+00:00 [9/254] k4|LGanymede>Callisto/1h|RCallisto/2:1|LCallisto>Ganymede/1l: 0 zeros 0 pass (0.0s) totals zeros=21 pass=2 eta 2.7 min
2026-10-07T10:48:23+00:00 [10/254] k4|LGanymede>Callisto/1h|HCallisto/1,0,p|LCallisto>Ganymede/1h: 2 zeros 0 pass (0.3s) totals zeros=23 pass=2 eta 2.6 min
2026-10-07T10:48:23+00:00 [11/254] k4|LGanymede>Callisto/1h|HCallisto/3,1,a|LCallisto>Ganymede/2l: 0 zeros 0 pass (0.1s) totals zeros=23 pass=2 eta 2.4 min
2026-10-07T10:48:24+00:00 [12/254] k4|LGanymede>Callisto/1h|LCallisto>Callisto/2l|LCallisto>Ganymede/2h: 0 zeros 0 pass (0.4s) totals zeros=23 pass=2 eta 2.3 min
2026-10-07T10:48:24+00:00 [13/254] k4|LGanymede>Callisto/2l|RCallisto/2:1|LCallisto>Ganymede/0s: 1 zeros 0 pass (0.2s) totals zeros=24 pass=2 eta 2.2 min
2026-10-07T10:48:25+00:00 [14/254] k4|LGanymede>Callisto/2l|HCallisto/1,0,p|LCallisto>Ganymede/1l: 2 zeros 0 pass (0.7s) totals zeros=26 pass=2 eta 2.2 min
2026-10-07T10:48:25+00:00 [15/254] k4|LGanymede>Callisto/2l|HCallisto/3,1,a|LCallisto>Ganymede/1h: 0 zeros 0 pass (0.1s) totals zeros=26 pass=2 eta 2.1 min
2026-10-07T10:48:25+00:00 [16/254] k4|LGanymede>Callisto/2l|LCallisto>Callisto/2l|LCallisto>Ganymede/2l: 0 zeros 0 pass (0.5s) totals zeros=26 pass=2 eta 2.1 min
2026-10-07T10:48:25+00:00 [17/254] k4|LGanymede>Callisto/2h|RCallisto/1:1|LCallisto>Ganymede/2h: 2 zeros 0 pass (0.2s) totals zeros=28 pass=2 eta 2.0 min
2026-10-07T10:48:26+00:00 [18/254] k4|LGanymede>Callisto/2h|HCallisto/1,0,p|LCallisto>Ganymede/0s: 4 zeros 0 pass (0.5s) totals zeros=32 pass=2 eta 2.0 min
2026-10-07T10:48:26+00:00 [19/254] k4|LGanymede>Callisto/2h|HCallisto/3,1,a|LCallisto>Ganymede/1l: 0 zeros 0 pass (0.1s) totals zeros=32 pass=2 eta 1.9 min
2026-10-07T10:48:27+00:00 [20/254] k4|LGanymede>Callisto/2h|LCallisto>Callisto/2l|LCallisto>Ganymede/1h: 0 zeros 0 pass (0.6s) totals zeros=32 pass=2 eta 1.9 min
2026-10-07T10:48:27+00:00 [21/254] k4|RGanymede/1:1|LGanymede>Callisto/0s|RCallisto/1:1|LCallisto>Ganymede/2l: 1 zeros 0 pass (0.9s) totals zeros=33 pass=2 eta 1.9 min
2026-10-07T10:48:27+00:00 [22/254] k4|RGanymede/1:1|LGanymede>Callisto/0s|RCallisto/2:3|LCallisto>Ganymede/2h: 0 zeros 0 pass (0.1s) totals zeros=33 pass=2 eta 1.9 min
2026-10-07T10:48:28+00:00 [23/254] k4|RGanymede/1:1|LGanymede>Callisto/0s|HCallisto/3,1,a|LCallisto>Ganymede/0s: 6 zeros 0 pass (0.7s) totals zeros=39 pass=2 eta 1.9 min
2026-10-07T10:48:29+00:00 [24/254] k4|RGanymede/1:1|LGanymede>Callisto/0s|LCallisto>Callisto/2l|LCallisto>Ganymede/1l: 0 zeros 0 pass (0.5s) totals zeros=39 pass=2 eta 1.9 min
2026-10-07T10:48:30+00:00 [25/254] k4|RGanymede/1:1|LGanymede>Callisto/1l|RCallisto/1:1|LCallisto>Ganymede/1h: 1 zeros 0 pass (1.1s) totals zeros=40 pass=2 eta 1.9 min
2026-10-07T10:48:31+00:00 [26/254] k4|RGanymede/1:1|LGanymede>Callisto/1l|HCallisto/1,0,p|LCallisto>Ganymede/1h: 1 zeros 0 pass (1.5s) totals zeros=41 pass=2 eta 2.1 min
2026-10-07T10:48:31+00:00 [27/254] k4|RGanymede/1:1|LGanymede>Callisto/1l|HCallisto/3,1,a|LCallisto>Ganymede/2l: 0 zeros 0 pass (0.1s) totals zeros=41 pass=2 eta 2.0 min
2026-10-07T10:48:32+00:00 [28/254] k4|RGanymede/1:1|LGanymede>Callisto/1l|LCallisto>Callisto/2l|LCallisto>Ganymede/2h: 0 zeros 0 pass (0.5s) totals zeros=41 pass=2 eta 2.0 min
2026-10-07T10:48:32+00:00 [29/254] k4|RGanymede/1:1|LGanymede>Callisto/1h|RCallisto/2:1|LCallisto>Ganymede/0s: 0 zeros 0 pass (0.1s) totals zeros=41 pass=2 eta 1.9 min
2026-10-07T10:48:32+00:00 [30/254] k4|RGanymede/1:1|LGanymede>Callisto/1h|HCallisto/1,0,a|LCallisto>Ganymede/0s: 4 zeros 0 pass (0.6s) totals zeros=45 pass=2 eta 1.9 min
2026-10-07T10:48:33+00:00 [31/254] k4|RGanymede/1:1|LGanymede>Callisto/1h|LCallisto>Callisto/1l|LCallisto>Ganymede/1l: 1 zeros 0 pass (0.7s) totals zeros=46 pass=2 eta 1.9 min
2026-10-07T10:48:33+00:00 [32/254] k4|RGanymede/1:1|LGanymede>Callisto/1h|LCallisto>Callisto/2h|LCallisto>Ganymede/1h: 0 zeros 0 pass (0.4s) totals zeros=46 pass=2 eta 1.9 min
2026-10-07T10:48:34+00:00 [33/254] k4|RGanymede/1:1|LGanymede>Callisto/2l|RCallisto/1:2|LCallisto>Ganymede/1h: 0 zeros 0 pass (0.8s) totals zeros=46 pass=2 eta 1.9 min
2026-10-07T10:48:34+00:00 [34/254] k4|RGanymede/1:1|LGanymede>Callisto/2l|HCallisto/3,1,p|LCallisto>Ganymede/1h: 0 zeros 0 pass (0.1s) totals zeros=46 pass=2 eta 1.9 min
2026-10-07T10:48:35+00:00 [35/254] k4|RGanymede/1:1|LGanymede>Callisto/2l|LCallisto>Callisto/1h|LCallisto>Ganymede/2l: 0 zeros 0 pass (0.5s) totals zeros=46 pass=2 eta 1.9 min
2026-10-07T10:48:35+00:00 [36/254] k4|RGanymede/1:1|LGanymede>Callisto/2h|LCallisto>Ganymede/2h: 3 zeros 0 pass (0.6s) totals zeros=49 pass=2 eta 1.9 min
2026-10-07T10:48:35+00:00 [37/254] k4|RGanymede/1:1|LGanymede>Callisto/2h|HCallisto/1,0,p|LCallisto>Ganymede/2l: 0 zeros 0 pass (0.1s) totals zeros=49 pass=2 eta 1.8 min
2026-10-07T10:48:36+00:00 [38/254] k4|RGanymede/1:1|LGanymede>Callisto/2h|HCallisto/3,1,a|LCallisto>Ganymede/2h: 0 zeros 0 pass (0.1s) totals zeros=49 pass=2 eta 1.8 min
2026-10-07T10:48:36+00:00 [39/254] k4|RGanymede/1:1|LGanymede>Callisto/2h|LCallisto>Callisto/2h|LCallisto>Ganymede/0s: 0 zeros 0 pass (0.5s) totals zeros=49 pass=2 eta 1.8 min
2026-10-07T10:48:37+00:00 [40/254] k4|RGanymede/2:1|LGanymede>Callisto/0s|RCallisto/1:2|LCallisto>Ganymede/0s: 6 zeros 0 pass (0.9s) totals zeros=55 pass=2 eta 1.8 min
2026-10-07T10:48:37+00:00 [41/254] k4|RGanymede/2:1|LGanymede>Callisto/0s|HCallisto/3,1,p|LCallisto>Ganymede/0s: 4 zeros 0 pass (0.4s) totals zeros=59 pass=2 eta 1.8 min
2026-10-07T10:48:40+00:00 [42/254] k4|RGanymede/2:1|LGanymede>Callisto/0s|LCallisto>Callisto/1h|LCallisto>Ganymede/1l: 2 zeros 2 pass (2.2s) totals zeros=61 pass=4 eta 1.9 min
2026-10-07T10:48:43+00:00 [43/254] k4|RGanymede/2:1|LGanymede>Callisto/1l|LCallisto>Ganymede/1h: 2 zeros 0 pass (2.8s) totals zeros=63 pass=4 eta 2.1 min
2026-10-07T10:48:43+00:00 [44/254] k4|RGanymede/2:1|LGanymede>Callisto/1l|HCallisto/1,0,p|LCallisto>Ganymede/2l: 0 zeros 0 pass (0.1s) totals zeros=63 pass=4 eta 2.0 min
2026-10-07T10:48:43+00:00 [45/254] k4|RGanymede/2:1|LGanymede>Callisto/1l|LCallisto>Callisto/1l|LCallisto>Ganymede/2l: 0 zeros 0 pass (0.3s) totals zeros=63 pass=4 eta 2.0 min
2026-10-07T10:48:43+00:00 [46/254] k4|RGanymede/2:1|LGanymede>Callisto/1l|LCallisto>Callisto/2h|LCallisto>Ganymede/2h: 0 zeros 0 pass (0.4s) totals zeros=63 pass=4 eta 2.0 min
2026-10-07T10:48:44+00:00 [47/254] k4|RGanymede/2:1|LGanymede>Callisto/1h|HCallisto/1,0,p|LCallisto>Ganymede/0s: 4 zeros 0 pass (0.4s) totals zeros=67 pass=4 eta 2.0 min
2026-10-07T10:48:46+00:00 [48/254] k4|RGanymede/2:1|LGanymede>Callisto/1h|LCallisto>Callisto/1l|LCallisto>Ganymede/0s: 2 zeros 0 pass (2.2s) totals zeros=69 pass=4 eta 2.1 min
2026-10-07T10:48:46+00:00 [49/254] k4|RGanymede/2:1|LGanymede>Callisto/1h|LCallisto>Callisto/2h|LCallisto>Ganymede/1l: 0 zeros 0 pass (0.4s) totals zeros=69 pass=4 eta 2.1 min
2026-10-07T10:48:46+00:00 [50/254] k4|RGanymede/2:1|LGanymede>Callisto/2l|RCallisto/1:2|LCallisto>Ganymede/1h: 0 zeros 0 pass (0.1s) totals zeros=69 pass=4 eta 2.0 min
2026-10-07T10:48:47+00:00 [51/254] k4|RGanymede/2:1|LGanymede>Callisto/2l|LCallisto>Callisto/1l|LCallisto>Ganymede/1l: 0 zeros 0 pass (0.4s) totals zeros=69 pass=4 eta 2.0 min
2026-10-07T10:48:47+00:00 [52/254] k4|RGanymede/2:1|LGanymede>Callisto/2l|LCallisto>Callisto/2h|LCallisto>Ganymede/1h: 0 zeros 0 pass (0.5s) totals zeros=69 pass=4 eta 2.0 min
2026-10-07T10:48:47+00:00 [53/254] k4|RGanymede/2:1|LGanymede>Callisto/2h|RCallisto/1:2|LCallisto>Ganymede/2l: 0 zeros 0 pass (0.1s) totals zeros=69 pass=4 eta 1.9 min
2026-10-07T10:48:48+00:00 [54/254] k4|RGanymede/2:1|LGanymede>Callisto/2h|LCallisto>Callisto/1l|LCallisto>Ganymede/1h: 0 zeros 0 pass (0.5s) totals zeros=69 pass=4 eta 1.9 min
2026-10-07T10:48:48+00:00 [55/254] k4|RGanymede/2:1|LGanymede>Callisto/2h|LCallisto>Callisto/2h|LCallisto>Ganymede/2l: 0 zeros 0 pass (0.4s) totals zeros=69 pass=4 eta 1.9 min
2026-10-07T10:48:48+00:00 [56/254] k4|RGanymede/1:2|LGanymede>Callisto/0s|RCallisto/2:1|LCallisto>Ganymede/2h: 0 zeros 0 pass (0.1s) totals zeros=69 pass=4 eta 1.9 min
2026-10-07T10:48:49+00:00 [57/254] k4|RGanymede/1:2|LGanymede>Callisto/0s|HCallisto/1,0,a|LCallisto>Ganymede/0s: 5 zeros 0 pass (0.5s) totals zeros=74 pass=4 eta 1.8 min
2026-10-07T10:48:53+00:00 [58/254] k4|RGanymede/1:2|LGanymede>Callisto/0s|LCallisto>Callisto/1l|LCallisto>Ganymede/1l: 3 zeros 0 pass (3.9s) totals zeros=77 pass=4 eta 2.0 min
2026-10-07T10:48:53+00:00 [59/254] k4|RGanymede/1:2|LGanymede>Callisto/0s|LCallisto>Callisto/2h|LCallisto>Ganymede/1h: 0 zeros 0 pass (0.5s) totals zeros=77 pass=4 eta 2.0 min
2026-10-07T10:48:55+00:00 [60/254] k4|RGanymede/1:2|LGanymede>Callisto/1l|RCallisto/1:2|LCallisto>Ganymede/0s: 3 zeros 0 pass (1.3s) totals zeros=80 pass=4 eta 2.0 min
2026-10-07T10:48:55+00:00 [61/254] k4|RGanymede/1:2|LGanymede>Callisto/1l|HCallisto/1,0,a|LCallisto>Ganymede/2l: 0 zeros 0 pass (0.4s) totals zeros=80 pass=4 eta 2.0 min
2026-10-07T10:48:56+00:00 [62/254] k4|RGanymede/1:2|LGanymede>Callisto/1l|LCallisto>Callisto/1l|LCallisto>Ganymede/2h: 1 zeros 0 pass (0.7s) totals zeros=81 pass=4 eta 2.0 min
2026-10-07T10:48:57+00:00 [63/254] k4|RGanymede/1:2|LGanymede>Callisto/1h|LCallisto>Ganymede/0s: 5 zeros 0 pass (1.0s) totals zeros=86 pass=4 eta 2.0 min
2026-10-07T10:48:57+00:00 [64/254] k4|RGanymede/1:2|LGanymede>Callisto/1h|RCallisto/1:2|LCallisto>Ganymede/2l: 0 zeros 0 pass (0.8s) totals zeros=86 pass=4 eta 2.0 min
2026-10-07T10:48:58+00:00 [65/254] k4|RGanymede/1:2|LGanymede>Callisto/1h|HCallisto/3,1,p|LCallisto>Ganymede/1l: 0 zeros 0 pass (0.1s) totals zeros=86 pass=4 eta 2.0 min
2026-10-07T10:48:59+00:00 [66/254] k4|RGanymede/1:2|LGanymede>Callisto/1h|LCallisto>Callisto/1h|LCallisto>Ganymede/1h: 2 zeros 0 pass (1.6s) totals zeros=88 pass=4 eta 2.0 min
2026-10-07T10:49:00+00:00 [67/254] k4|RGanymede/1:2|LGanymede>Callisto/2l|LCallisto>Ganymede/2l: 1 zeros 0 pass (0.6s) totals zeros=89 pass=4 eta 2.0 min
2026-10-07T10:49:01+00:00 [68/254] k4|RGanymede/1:2|LGanymede>Callisto/2l|HCallisto/1,0,p|LCallisto>Ganymede/1h: 0 zeros 0 pass (0.9s) totals zeros=89 pass=4 eta 2.0 min
2026-10-07T10:49:01+00:00 [69/254] k4|RGanymede/1:2|LGanymede>Callisto/2l|HCallisto/3,1,a|LCallisto>Ganymede/2l: 0 zeros 0 pass (0.1s) totals zeros=89 pass=4 eta 2.0 min
2026-10-07T10:49:01+00:00 [70/254] k4|RGanymede/1:2|LGanymede>Callisto/2l|LCallisto>Callisto/2l|LCallisto>Ganymede/2h: 0 zeros 0 pass (0.6s) totals zeros=89 pass=4 eta 1.9 min
2026-10-07T10:49:01+00:00 [71/254] k4|RGanymede/1:2|LGanymede>Callisto/2h|RCallisto/2:1|LCallisto>Ganymede/0s: 0 zeros 0 pass (0.1s) totals zeros=89 pass=4 eta 1.9 min
2026-10-07T10:49:01+00:00 [72/254] k4|RGanymede/1:2|LGanymede>Callisto/2h|HCallisto/1,0,a|LCallisto>Ganymede/2h: 0 zeros 0 pass (0.1s) totals zeros=89 pass=4 eta 1.9 min
2026-10-07T10:49:04+00:00 [73/254] k4|RGanymede/1:2|LGanymede>Callisto/2h|LCallisto>Callisto/1h|LCallisto>Ganymede/0s: 2 zeros 0 pass (2.3s) totals zeros=91 pass=4 eta 1.9 min
2026-10-07T10:49:06+00:00 [74/254] k4|RGanymede/3:2|LGanymede>Callisto/0s|LCallisto>Ganymede/1l: 3 zeros 1 pass (1.9s) totals zeros=94 pass=5 eta 2.0 min
2026-10-07T10:49:06+00:00 [75/254] k4|RGanymede/3:2|LGanymede>Callisto/0s|HCallisto/1,0,p|LCallisto>Ganymede/1h: 3 zeros 0 pass (0.5s) totals zeros=97 pass=5 eta 2.0 min
2026-10-07T10:49:07+00:00 [76/254] k4|RGanymede/3:2|LGanymede>Callisto/0s|LCallisto>Callisto/1h|LCallisto>Ganymede/1l: 0 zeros 0 pass (0.9s) totals zeros=97 pass=5 eta 2.0 min
2026-10-07T10:49:09+00:00 [77/254] k4|RGanymede/3:2|LGanymede>Callisto/1l|LCallisto>Ganymede/1h: 1 zeros 1 pass (1.5s) totals zeros=98 pass=6 eta 2.0 min
2026-10-07T10:49:09+00:00 [78/254] k4|RGanymede/3:2|LGanymede>Callisto/1l|HCallisto/1,0,p|LCallisto>Ganymede/2l: 0 zeros 0 pass (0.1s) totals zeros=98 pass=6 eta 1.9 min
2026-10-07T10:49:09+00:00 [79/254] k4|RGanymede/3:2|LGanymede>Callisto/1l|LCallisto>Callisto/1h|LCallisto>Ganymede/2h: 0 zeros 0 pass (0.3s) totals zeros=98 pass=6 eta 1.9 min
2026-10-07T10:49:09+00:00 [80/254] k4|RGanymede/3:2|LGanymede>Callisto/1h|RCallisto/1:1|LCallisto>Ganymede/0s: 0 zeros 0 pass (0.3s) totals zeros=98 pass=6 eta 1.9 min
2026-10-07T10:49:09+00:00 [81/254] k4|RGanymede/3:2|LGanymede>Callisto/1h|HCallisto/1,0,a|LCallisto>Ganymede/1l: 0 zeros 0 pass (0.1s) totals zeros=98 pass=6 eta 1.9 min
2026-10-07T10:49:10+00:00 [82/254] k4|RGanymede/3:2|LGanymede>Callisto/1h|LCallisto>Callisto/2l|LCallisto>Ganymede/1h: 0 zeros 0 pass (0.6s) totals zeros=98 pass=6 eta 1.8 min
2026-10-07T10:49:10+00:00 [83/254] k4|RGanymede/3:2|LGanymede>Callisto/2l|RCallisto/1:2|LCallisto>Ganymede/0s: 0 zeros 0 pass (0.1s) totals zeros=98 pass=6 eta 1.8 min
2026-10-07T10:49:10+00:00 [84/254] k4|RGanymede/3:2|LGanymede>Callisto/2l|LCallisto>Callisto/1l|LCallisto>Ganymede/2l: 0 zeros 0 pass (0.5s) totals zeros=98 pass=6 eta 1.8 min
2026-10-07T10:49:10+00:00 [85/254] k4|RGanymede/3:2|LGanymede>Callisto/2h|LCallisto>Ganymede/2l: 0 zeros 0 pass (0.1s) totals zeros=98 pass=6 eta 1.8 min
2026-10-07T10:49:11+00:00 [86/254] k4|RGanymede/3:2|LGanymede>Callisto/2h|HCallisto/1,0,a|LCallisto>Ganymede/2l: 0 zeros 0 pass (0.1s) totals zeros=98 pass=6 eta 1.7 min
2026-10-07T10:49:11+00:00 [87/254] k4|RGanymede/3:2|LGanymede>Callisto/2h|LCallisto>Callisto/2h|LCallisto>Ganymede/1l: 0 zeros 0 pass (0.5s) totals zeros=98 pass=6 eta 1.7 min
2026-10-07T10:49:11+00:00 [88/254] k4|RGanymede/2:3|LGanymede>Callisto/0s|RCallisto/1:2|LCallisto>Ganymede/2l: 0 zeros 0 pass (0.2s) totals zeros=98 pass=6 eta 1.7 min
2026-10-07T10:49:11+00:00 [89/254] k4|RGanymede/2:3|LGanymede>Callisto/0s|HCallisto/3,1,p|LCallisto>Ganymede/2l: 0 zeros 0 pass (0.1s) totals zeros=98 pass=6 eta 1.7 min
2026-10-07T10:49:13+00:00 [90/254] k4|RGanymede/2:3|LGanymede>Callisto/0s|LCallisto>Callisto/1h|LCallisto>Ganymede/2h: 0 zeros 0 pass (1.9s) totals zeros=98 pass=6 eta 1.7 min
2026-10-07T10:49:14+00:00 [91/254] k4|RGanymede/2:3|LGanymede>Callisto/1l|RCallisto/1:1|LCallisto>Ganymede/0s: 1 zeros 0 pass (1.3s) totals zeros=99 pass=6 eta 1.7 min
2026-10-07T10:49:15+00:00 [92/254] k4|RGanymede/2:3|LGanymede>Callisto/1l|HCallisto/1,0,a|LCallisto>Ganymede/1l: 1 zeros 0 pass (0.6s) totals zeros=100 pass=6 eta 1.7 min
2026-10-07T10:49:16+00:00 [93/254] k4|RGanymede/2:3|LGanymede>Callisto/1l|LCallisto>Callisto/1h|LCallisto>Ganymede/1l: 0 zeros 0 pass (0.4s) totals zeros=100 pass=6 eta 1.7 min
2026-10-07T10:49:17+00:00 [94/254] k4|RGanymede/2:3|LGanymede>Callisto/1h|LCallisto>Ganymede/1h: 4 zeros 0 pass (1.2s) totals zeros=104 pass=6 eta 1.7 min
2026-10-07T10:49:17+00:00 [95/254] k4|RGanymede/2:3|LGanymede>Callisto/1h|HCallisto/1,0,p|LCallisto>Ganymede/2l: 0 zeros 0 pass (0.2s) totals zeros=104 pass=6 eta 1.7 min
2026-10-07T10:49:17+00:00 [96/254] k4|RGanymede/2:3|LGanymede>Callisto/1h|LCallisto>Callisto/1l|LCallisto>Ganymede/2l: 0 zeros 0 pass (0.4s) totals zeros=104 pass=6 eta 1.7 min
2026-10-07T10:49:18+00:00 [97/254] k4|RGanymede/2:3|LGanymede>Callisto/1h|LCallisto>Callisto/2h|LCallisto>Ganymede/2h: 0 zeros 0 pass (0.4s) totals zeros=104 pass=6 eta 1.6 min
2026-10-07T10:49:18+00:00 [98/254] k4|RGanymede/2:3|LGanymede>Callisto/2l|HCallisto/1,0,p|LCallisto>Ganymede/0s: 4 zeros 0 pass (0.4s) totals zeros=108 pass=6 eta 1.6 min
2026-10-07T10:49:19+00:00 [99/254] k4|RGanymede/2:3|LGanymede>Callisto/2l|LCallisto>Callisto/1l|LCallisto>Ganymede/2h: 0 zeros 0 pass (0.6s) totals zeros=108 pass=6 eta 1.6 min
2026-10-07T10:49:20+00:00 [100/254] k4|RGanymede/2:3|LGanymede>Callisto/2h|LCallisto>Ganymede/0s: 4 zeros 0 pass (1.1s) totals zeros=112 pass=6 eta 1.6 min
2026-10-07T10:49:20+00:00 [101/254] k4|RGanymede/2:3|LGanymede>Callisto/2h|HCallisto/1,0,p|LCallisto>Ganymede/1l: 0 zeros 0 pass (0.1s) totals zeros=112 pass=6 eta 1.6 min
2026-10-07T10:49:21+00:00 [102/254] k4|RGanymede/2:3|LGanymede>Callisto/2h|LCallisto>Callisto/1h|LCallisto>Ganymede/0s: 0 zeros 0 pass (1.5s) totals zeros=112 pass=6 eta 1.6 min
2026-10-07T10:49:22+00:00 [103/254] k4|HGanymede/1,0,p|LGanymede>Callisto/0s|LCallisto>Ganymede/1l: 4 zeros 0 pass (0.8s) totals zeros=116 pass=6 eta 1.6 min
2026-10-07T10:49:23+00:00 [104/254] k4|HGanymede/1,0,p|LGanymede>Callisto/0s|RCallisto/1:2|LCallisto>Ganymede/1h: 4 zeros 0 pass (0.6s) totals zeros=120 pass=6 eta 1.6 min
2026-10-07T10:49:24+00:00 [105/254] k4|HGanymede/1,0,p|LGanymede>Callisto/0s|HCallisto/1,0,a|LCallisto>Ganymede/2l: 3 zeros 0 pass (1.4s) totals zeros=123 pass=6 eta 1.6 min
2026-10-07T10:49:29+00:00 [106/254] k4|HGanymede/1,0,p|LGanymede>Callisto/0s|LCallisto>Callisto/1l|LCallisto>Ganymede/2h: 0 zeros 0 pass (4.6s) totals zeros=123 pass=6 eta 1.7 min
2026-10-07T10:49:30+00:00 [107/254] k4|HGanymede/1,0,p|LGanymede>Callisto/1l|LCallisto>Ganymede/0s: 4 zeros 0 pass (0.8s) totals zeros=127 pass=6 eta 1.7 min
2026-10-07T10:49:30+00:00 [108/254] k4|HGanymede/1,0,p|LGanymede>Callisto/1l|RCallisto/1:2|LCallisto>Ganymede/1l: 2 zeros 0 pass (0.6s) totals zeros=129 pass=6 eta 1.6 min
2026-10-07T10:49:33+00:00 [109/254] k4|HGanymede/1,0,p|LGanymede>Callisto/1l|HCallisto/1,0,a|LCallisto>Ganymede/1h: 1 zeros 0 pass (2.5s) totals zeros=130 pass=6 eta 1.7 min
2026-10-07T10:49:33+00:00 [110/254] k4|HGanymede/1,0,p|LGanymede>Callisto/1l|LCallisto>Callisto/1l|LCallisto>Ganymede/2l: 0 zeros 0 pass (0.5s) totals zeros=130 pass=6 eta 1.7 min
2026-10-07T10:49:34+00:00 [111/254] k4|HGanymede/1,0,p|LGanymede>Callisto/1l|LCallisto>Callisto/2h|LCallisto>Ganymede/2h: 0 zeros 0 pass (0.7s) totals zeros=130 pass=6 eta 1.7 min
2026-10-07T10:49:34+00:00 [112/254] k4|HGanymede/1,0,p|LGanymede>Callisto/1h|RCallisto/1:2|LCallisto>Ganymede/0s: 4 zeros 0 pass (0.5s) totals zeros=134 pass=6 eta 1.6 min
2026-10-07T10:49:36+00:00 [113/254] k4|HGanymede/1,0,p|LGanymede>Callisto/1h|HCallisto/1,0,a|LCallisto>Ganymede/1l: 2 zeros 0 pass (1.7s) totals zeros=136 pass=6 eta 1.6 min
2026-10-07T10:49:38+00:00 [114/254] k4|HGanymede/1,0,p|LGanymede>Callisto/1h|LCallisto>Callisto/1l|LCallisto>Ganymede/1h: 0 zeros 0 pass (1.9s) totals zeros=136 pass=6 eta 1.7 min
2026-10-07T10:49:38+00:00 [115/254] k4|HGanymede/1,0,p|LGanymede>Callisto/1h|LCallisto>Callisto/2h|LCallisto>Ganymede/2l: 0 zeros 0 pass (0.5s) totals zeros=136 pass=6 eta 1.6 min
2026-10-07T10:49:38+00:00 [116/254] k4|HGanymede/1,0,p|LGanymede>Callisto/2l|RCallisto/1:2|LCallisto>Ganymede/1l: 0 zeros 0 pass (0.1s) totals zeros=136 pass=6 eta 1.6 min
2026-10-07T10:49:40+00:00 [117/254] k4|HGanymede/1,0,p|LGanymede>Callisto/2l|HCallisto/1,0,a|LCallisto>Ganymede/2h: 1 zeros 0 pass (1.2s) totals zeros=137 pass=6 eta 1.6 min
2026-10-07T10:49:42+00:00 [118/254] k4|HGanymede/1,0,p|LGanymede>Callisto/2l|LCallisto>Callisto/1h|LCallisto>Ganymede/0s: 2 zeros 0 pass (2.6s) totals zeros=139 pass=6 eta 1.6 min
2026-10-07T10:49:43+00:00 [119/254] k4|HGanymede/1,0,p|LGanymede>Callisto/2h|LCallisto>Ganymede/1l: 2 zeros 0 pass (0.8s) totals zeros=141 pass=6 eta 1.6 min
2026-10-07T10:49:43+00:00 [120/254] k4|HGanymede/1,0,p|LGanymede>Callisto/2h|RCallisto/1:2|LCallisto>Ganymede/2h: 0 zeros 0 pass (0.1s) totals zeros=141 pass=6 eta 1.6 min
2026-10-07T10:49:43+00:00 [121/254] k4|HGanymede/1,0,p|LGanymede>Callisto/2h|HCallisto/3,1,p|LCallisto>Ganymede/1h: 0 zeros 0 pass (0.1s) totals zeros=141 pass=6 eta 1.6 min
2026-10-07T10:49:44+00:00 [122/254] k4|HGanymede/1,0,p|LGanymede>Callisto/2h|LCallisto>Callisto/1h|LCallisto>Ganymede/2l: 0 zeros 0 pass (0.6s) totals zeros=141 pass=6 eta 1.6 min
2026-10-07T10:49:44+00:00 [123/254] k4|HGanymede/1,0,a|LGanymede>Callisto/0s|LCallisto>Ganymede/2h: 4 zeros 0 pass (0.7s) totals zeros=145 pass=6 eta 1.6 min
2026-10-07T10:49:45+00:00 [124/254] k4|HGanymede/1,0,a|LGanymede>Callisto/0s|RCallisto/2:3|LCallisto>Ganymede/0s: 6 zeros 0 pass (0.7s) totals zeros=151 pass=6 eta 1.5 min
2026-10-07T10:49:48+00:00 [125/254] k4|HGanymede/1,0,a|LGanymede>Callisto/0s|HCallisto/3,1,p|LCallisto>Ganymede/1l: 1 zeros 0 pass (2.8s) totals zeros=152 pass=6 eta 1.6 min
2026-10-07T10:49:53+00:00 [126/254] k4|HGanymede/1,0,a|LGanymede>Callisto/0s|LCallisto>Callisto/1h|LCallisto>Ganymede/1h: 4 zeros 0 pass (5.1s) totals zeros=156 pass=6 eta 1.6 min
2026-10-07T10:49:53+00:00 [127/254] k4|HGanymede/1,0,a|LGanymede>Callisto/1l|LCallisto>Ganymede/2l: 2 zeros 0 pass (0.4s) totals zeros=158 pass=6 eta 1.6 min
2026-10-07T10:49:53+00:00 [128/254] k4|HGanymede/1,0,a|LGanymede>Callisto/1l|RCallisto/1:2|LCallisto>Ganymede/2h: 0 zeros 0 pass (0.1s) totals zeros=158 pass=6 eta 1.6 min
2026-10-07T10:49:56+00:00 [129/254] k4|HGanymede/1,0,a|LGanymede>Callisto/1l|HCallisto/3,1,p|LCallisto>Ganymede/0s: 0 zeros 0 pass (2.4s) totals zeros=158 pass=6 eta 1.6 min
2026-10-07T10:49:57+00:00 [130/254] k4|HGanymede/1,0,a|LGanymede>Callisto/1l|LCallisto>Callisto/1h|LCallisto>Ganymede/1l: 1 zeros 0 pass (1.3s) totals zeros=159 pass=6 eta 1.6 min
2026-10-07T10:49:58+00:00 [131/254] k4|HGanymede/1,0,a|LGanymede>Callisto/1h|LCallisto>Ganymede/1h: 2 zeros 0 pass (0.9s) totals zeros=161 pass=6 eta 1.6 min
2026-10-07T10:49:58+00:00 [132/254] k4|HGanymede/1,0,a|LGanymede>Callisto/1h|RCallisto/1:2|LCallisto>Ganymede/2l: 0 zeros 0 pass (0.2s) totals zeros=161 pass=6 eta 1.6 min
2026-10-07T10:50:00+00:00 [133/254] k4|HGanymede/1,0,a|LGanymede>Callisto/1h|HCallisto/1,0,a|LCallisto>Ganymede/2h: 3 zeros 0 pass (1.3s) totals zeros=164 pass=6 eta 1.6 min
2026-10-07T10:50:06+00:00 [134/254] k4|HGanymede/1,0,a|LGanymede>Callisto/1h|LCallisto>Callisto/1h|LCallisto>Ganymede/0s: 3 zeros 0 pass (6.6s) totals zeros=167 pass=6 eta 1.6 min
2026-10-07T10:50:07+00:00 [135/254] k4|HGanymede/1,0,a|LGanymede>Callisto/2l|LCallisto>Ganymede/1l: 2 zeros 0 pass (0.4s) totals zeros=169 pass=6 eta 1.6 min
2026-10-07T10:50:07+00:00 [136/254] k4|HGanymede/1,0,a|LGanymede>Callisto/2l|RCallisto/1:2|LCallisto>Ganymede/2h: 0 zeros 0 pass (0.1s) totals zeros=169 pass=6 eta 1.6 min
2026-10-07T10:50:07+00:00 [137/254] k4|HGanymede/1,0,a|LGanymede>Callisto/2l|HCallisto/3,1,p|LCallisto>Ganymede/1h: 0 zeros 0 pass (0.2s) totals zeros=169 pass=6 eta 1.6 min
2026-10-07T10:50:07+00:00 [138/254] k4|HGanymede/1,0,a|LGanymede>Callisto/2l|LCallisto>Callisto/1h|LCallisto>Ganymede/2l: 0 zeros 0 pass (0.5s) totals zeros=169 pass=6 eta 1.5 min
2026-10-07T10:50:08+00:00 [139/254] k4|HGanymede/1,0,a|LGanymede>Callisto/2h|LCallisto>Ganymede/2h: 1 zeros 0 pass (0.5s) totals zeros=170 pass=6 eta 1.5 min
2026-10-07T10:50:08+00:00 [140/254] k4|HGanymede/1,0,a|LGanymede>Callisto/2h|RCallisto/2:3|LCallisto>Ganymede/1h: 0 zeros 0 pass (0.1s) totals zeros=170 pass=6 eta 1.5 min
2026-10-07T10:50:09+00:00 [141/254] k4|HGanymede/1,0,a|LGanymede>Callisto/2h|HCallisto/3,1,a|LCallisto>Ganymede/0s: 2 zeros 0 pass (0.9s) totals zeros=172 pass=6 eta 1.5 min
2026-10-07T10:50:09+00:00 [142/254] k4|HGanymede/1,0,a|LGanymede>Callisto/2h|LCallisto>Callisto/2l|LCallisto>Ganymede/1l: 0 zeros 0 pass (0.7s) totals zeros=172 pass=6 eta 1.5 min
2026-10-07T10:50:10+00:00 [143/254] k4|HGanymede/3,1,p|LGanymede>Callisto/0s|RCallisto/1:1|LCallisto>Ganymede/1h: 5 zeros 0 pass (0.8s) totals zeros=177 pass=6 eta 1.5 min
2026-10-07T10:50:12+00:00 [144/254] k4|HGanymede/3,1,p|LGanymede>Callisto/0s|HCallisto/1,0,p|LCallisto>Ganymede/1h: 4 zeros 0 pass (1.9s) totals zeros=181 pass=6 eta 1.5 min
2026-10-07T10:50:12+00:00 [145/254] k4|HGanymede/3,1,p|LGanymede>Callisto/0s|HCallisto/3,1,a|LCallisto>Ganymede/2l: 0 zeros 0 pass (0.1s) totals zeros=181 pass=6 eta 1.4 min
2026-10-07T10:50:13+00:00 [146/254] k4|HGanymede/3,1,p|LGanymede>Callisto/0s|LCallisto>Callisto/2l|LCallisto>Ganymede/2h: 0 zeros 0 pass (1.2s) totals zeros=181 pass=6 eta 1.4 min
2026-10-07T10:50:13+00:00 [147/254] k4|HGanymede/3,1,p|LGanymede>Callisto/1l|RCallisto/2:1|LCallisto>Ganymede/0s: 0 zeros 0 pass (0.0s) totals zeros=181 pass=6 eta 1.4 min
2026-10-07T10:50:15+00:00 [148/254] k4|HGanymede/3,1,p|LGanymede>Callisto/1l|HCallisto/1,0,a|LCallisto>Ganymede/2h: 0 zeros 0 pass (1.6s) totals zeros=181 pass=6 eta 1.4 min
2026-10-07T10:50:19+00:00 [149/254] k4|HGanymede/3,1,p|LGanymede>Callisto/1l|LCallisto>Callisto/1h|LCallisto>Ganymede/0s: 5 zeros 0 pass (3.7s) totals zeros=186 pass=6 eta 1.4 min
2026-10-07T10:50:20+00:00 [150/254] k4|HGanymede/3,1,p|LGanymede>Callisto/1h|LCallisto>Ganymede/1l: 2 zeros 0 pass (1.1s) totals zeros=188 pass=6 eta 1.4 min
2026-10-07T10:50:22+00:00 [151/254] k4|HGanymede/3,1,p|LGanymede>Callisto/1h|HCallisto/1,0,p|LCallisto>Ganymede/0s: 4 zeros 0 pass (1.7s) totals zeros=192 pass=6 eta 1.4 min
2026-10-07T10:50:22+00:00 [152/254] k4|HGanymede/3,1,p|LGanymede>Callisto/1h|HCallisto/3,1,a|LCallisto>Ganymede/1l: 0 zeros 0 pass (0.1s) totals zeros=192 pass=6 eta 1.4 min
2026-10-07T10:50:22+00:00 [153/254] k4|HGanymede/3,1,p|LGanymede>Callisto/1h|LCallisto>Callisto/2l|LCallisto>Ganymede/1h: 0 zeros 0 pass (0.6s) totals zeros=192 pass=6 eta 1.4 min
2026-10-07T10:50:22+00:00 [154/254] k4|HGanymede/3,1,p|LGanymede>Callisto/2l|RCallisto/1:1|LCallisto>Ganymede/2l: 0 zeros 0 pass (0.1s) totals zeros=192 pass=6 eta 1.4 min
2026-10-07T10:50:23+00:00 [155/254] k4|HGanymede/3,1,p|LGanymede>Callisto/2l|HCallisto/1,0,a|LCallisto>Ganymede/2h: 0 zeros 0 pass (0.4s) totals zeros=192 pass=6 eta 1.3 min
2026-10-07T10:50:23+00:00 [156/254] k4|HGanymede/3,1,p|LGanymede>Callisto/2l|LCallisto>Callisto/1h|LCallisto>Ganymede/2h: 0 zeros 0 pass (0.6s) totals zeros=192 pass=6 eta 1.3 min
2026-10-07T10:50:24+00:00 [157/254] k4|HGanymede/3,1,p|LGanymede>Callisto/2h|RCallisto/1:1|LCallisto>Ganymede/0s: 0 zeros 0 pass (0.9s) totals zeros=192 pass=6 eta 1.3 min
2026-10-07T10:50:26+00:00 [158/254] k4|HGanymede/3,1,p|LGanymede>Callisto/2h|HCallisto/1,0,a|LCallisto>Ganymede/1l: 0 zeros 0 pass (1.3s) totals zeros=192 pass=6 eta 1.3 min
2026-10-07T10:50:26+00:00 [159/254] k4|HGanymede/3,1,p|LGanymede>Callisto/2h|LCallisto>Callisto/1h|LCallisto>Ganymede/1l: 0 zeros 0 pass (0.7s) totals zeros=192 pass=6 eta 1.3 min
2026-10-07T10:50:27+00:00 [160/254] k4|HGanymede/3,1,a|LGanymede>Callisto/0s|LCallisto>Ganymede/1h: 4 zeros 0 pass (0.7s) totals zeros=196 pass=6 eta 1.3 min
2026-10-07T10:50:28+00:00 [161/254] k4|HGanymede/3,1,a|LGanymede>Callisto/0s|RCallisto/2:3|LCallisto>Ganymede/0s: 2 zeros 0 pass (0.6s) totals zeros=198 pass=6 eta 1.3 min
2026-10-07T10:50:28+00:00 [162/254] k4|HGanymede/3,1,a|LGanymede>Callisto/0s|HCallisto/3,1,p|LCallisto>Ganymede/2l: 0 zeros 0 pass (0.2s) totals zeros=198 pass=6 eta 1.2 min
2026-10-07T10:50:30+00:00 [163/254] k4|HGanymede/3,1,a|LGanymede>Callisto/0s|LCallisto>Callisto/1h|LCallisto>Ganymede/2h: 0 zeros 0 pass (2.4s) totals zeros=198 pass=6 eta 1.2 min
2026-10-07T10:50:32+00:00 [164/254] k4|HGanymede/3,1,a|LGanymede>Callisto/1l|RCallisto/1:1|LCallisto>Ganymede/0s: 3 zeros 0 pass (1.6s) totals zeros=201 pass=6 eta 1.2 min
2026-10-07T10:50:33+00:00 [165/254] k4|HGanymede/3,1,a|LGanymede>Callisto/1l|HCallisto/1,0,p|LCallisto>Ganymede/2h: 0 zeros 0 pass (1.3s) totals zeros=201 pass=6 eta 1.2 min
2026-10-07T10:50:38+00:00 [166/254] k4|HGanymede/3,1,a|LGanymede>Callisto/1l|LCallisto>Callisto/1l|LCallisto>Ganymede/0s: 1 zeros 0 pass (5.4s) totals zeros=202 pass=6 eta 1.3 min
2026-10-07T10:50:39+00:00 [167/254] k4|HGanymede/3,1,a|LGanymede>Callisto/1l|LCallisto>Callisto/2h|LCallisto>Ganymede/1l: 0 zeros 0 pass (0.6s) totals zeros=202 pass=6 eta 1.2 min
2026-10-07T10:50:39+00:00 [168/254] k4|HGanymede/3,1,a|LGanymede>Callisto/1h|RCallisto/1:2|LCallisto>Ganymede/1l: 0 zeros 0 pass (0.1s) totals zeros=202 pass=6 eta 1.2 min
2026-10-07T10:50:39+00:00 [169/254] k4|HGanymede/3,1,a|LGanymede>Callisto/1h|HCallisto/3,1,p|LCallisto>Ganymede/1l: 0 zeros 0 pass (0.0s) totals zeros=202 pass=6 eta 1.2 min
2026-10-07T10:50:40+00:00 [170/254] k4|HGanymede/3,1,a|LGanymede>Callisto/1h|LCallisto>Callisto/1h|LCallisto>Ganymede/1h: 0 zeros 0 pass (0.5s) totals zeros=202 pass=6 eta 1.2 min
2026-10-07T10:50:40+00:00 [171/254] k4|HGanymede/3,1,a|LGanymede>Callisto/2l|LCallisto>Ganymede/2l: 0 zeros 0 pass (0.1s) totals zeros=202 pass=6 eta 1.2 min
2026-10-07T10:50:40+00:00 [172/254] k4|HGanymede/3,1,a|LGanymede>Callisto/2l|HCallisto/1,0,p|LCallisto>Ganymede/2h: 0 zeros 0 pass (0.5s) totals zeros=202 pass=6 eta 1.1 min
2026-10-07T10:50:41+00:00 [173/254] k4|HGanymede/3,1,a|LGanymede>Callisto/2l|LCallisto>Callisto/1l|LCallisto>Ganymede/2h: 0 zeros 0 pass (0.5s) totals zeros=202 pass=6 eta 1.1 min
2026-10-07T10:50:42+00:00 [174/254] k4|HGanymede/3,1,a|LGanymede>Callisto/2h|LCallisto>Ganymede/0s: 4 zeros 0 pass (1.2s) totals zeros=206 pass=6 eta 1.1 min
2026-10-07T10:50:43+00:00 [175/254] k4|HGanymede/3,1,a|LGanymede>Callisto/2h|HCallisto/1,0,p|LCallisto>Ganymede/1l: 0 zeros 0 pass (1.3s) totals zeros=206 pass=6 eta 1.1 min
2026-10-07T10:50:44+00:00 [176/254] k4|HGanymede/3,1,a|LGanymede>Callisto/2h|LCallisto>Callisto/1l|LCallisto>Ganymede/1l: 0 zeros 0 pass (0.6s) totals zeros=206 pass=6 eta 1.1 min
2026-10-07T10:50:44+00:00 [177/254] k4|HGanymede/3,1,a|LGanymede>Callisto/2h|LCallisto>Callisto/2h|LCallisto>Ganymede/1h: 0 zeros 0 pass (0.8s) totals zeros=206 pass=6 eta 1.1 min
2026-10-07T10:50:45+00:00 [178/254] k4|LGanymede>Ganymede/1l|LGanymede>Callisto/0s|RCallisto/2:1|LCallisto>Ganymede/2l: 0 zeros 0 pass (0.6s) totals zeros=206 pass=6 eta 1.1 min
2026-10-07T10:50:51+00:00 [179/254] k4|LGanymede>Ganymede/1l|LGanymede>Callisto/0s|HCallisto/1,0,p|LCallisto>Ganymede/2h: 6 zeros 0 pass (6.0s) totals zeros=212 pass=6 eta 1.1 min
2026-10-07T10:51:01+00:00 [180/254] k4|LGanymede>Ganymede/1l|LGanymede>Callisto/0s|LCallisto>Callisto/1l|LCallisto>Ganymede/0s: 10 zeros 2 pass (10.1s) totals zeros=222 pass=8 eta 1.1 min
2026-10-07T10:51:04+00:00 [181/254] k4|LGanymede>Ganymede/1l|LGanymede>Callisto/0s|LCallisto>Callisto/2h|LCallisto>Ganymede/1l: 0 zeros 0 pass (3.3s) totals zeros=222 pass=8 eta 1.1 min
2026-10-07T10:51:05+00:00 [182/254] k4|LGanymede>Ganymede/1l|LGanymede>Callisto/1l|RCallisto/2:1|LCallisto>Ganymede/1h: 0 zeros 0 pass (0.7s) totals zeros=222 pass=8 eta 1.1 min
2026-10-07T10:51:10+00:00 [183/254] k4|LGanymede>Ganymede/1l|LGanymede>Callisto/1l|HCallisto/1,0,p|LCallisto>Ganymede/2l: 1 zeros 0 pass (4.4s) totals zeros=223 pass=8 eta 1.1 min
2026-10-07T10:51:10+00:00 [184/254] k4|LGanymede>Ganymede/1l|LGanymede>Callisto/1l|HCallisto/3,1,a|LCallisto>Ganymede/2h: 0 zeros 0 pass (0.7s) totals zeros=223 pass=8 eta 1.1 min
2026-10-07T10:51:13+00:00 [185/254] k4|LGanymede>Ganymede/1l|LGanymede>Callisto/1l|LCallisto>Callisto/2h|LCallisto>Ganymede/0s: 0 zeros 0 pass (2.6s) totals zeros=223 pass=8 eta 1.1 min
2026-10-07T10:51:13+00:00 [186/254] k4|LGanymede>Ganymede/1l|LGanymede>Callisto/1h|RCallisto/2:1|LCallisto>Ganymede/1l: 0 zeros 0 pass (0.5s) totals zeros=223 pass=8 eta 1.1 min
2026-10-07T10:51:24+00:00 [187/254] k4|LGanymede>Ganymede/1l|LGanymede>Callisto/1h|HCallisto/1,0,p|LCallisto>Ganymede/1h: 2 zeros 0 pass (10.3s) totals zeros=225 pass=8 eta 1.1 min
2026-10-07T10:51:24+00:00 [188/254] k4|LGanymede>Ganymede/1l|LGanymede>Callisto/1h|HCallisto/3,1,a|LCallisto>Ganymede/2l: 0 zeros 0 pass (0.6s) totals zeros=225 pass=8 eta 1.1 min
2026-10-07T10:51:28+00:00 [189/254] k4|LGanymede>Ganymede/1l|LGanymede>Callisto/1h|LCallisto>Callisto/2l|LCallisto>Ganymede/2h: 0 zeros 0 pass (3.4s) totals zeros=225 pass=8 eta 1.1 min
2026-10-07T10:51:28+00:00 [190/254] k4|LGanymede>Ganymede/1l|LGanymede>Callisto/2l|RCallisto/2:1|LCallisto>Ganymede/0s: 0 zeros 0 pass (0.5s) totals zeros=225 pass=8 eta 1.1 min
2026-10-07T10:51:33+00:00 [191/254] k4|LGanymede>Ganymede/1l|LGanymede>Callisto/2l|HCallisto/1,0,a|LCallisto>Ganymede/0s: 7 zeros 0 pass (4.8s) totals zeros=232 pass=8 eta 1.1 min
2026-10-07T10:51:36+00:00 [192/254] k4|LGanymede>Ganymede/1l|LGanymede>Callisto/2l|LCallisto>Callisto/1l|LCallisto>Ganymede/1l: 0 zeros 0 pass (3.1s) totals zeros=232 pass=8 eta 1.1 min
2026-10-07T10:51:39+00:00 [193/254] k4|LGanymede>Ganymede/1l|LGanymede>Callisto/2l|LCallisto>Callisto/2h|LCallisto>Ganymede/1h: 0 zeros 0 pass (3.1s) totals zeros=232 pass=8 eta 1.1 min
2026-10-07T10:51:44+00:00 [194/254] k4|LGanymede>Ganymede/1l|LGanymede>Callisto/2h|RCallisto/1:2|LCallisto>Ganymede/0s: 2 zeros 0 pass (4.3s) totals zeros=234 pass=8 eta 1.1 min
2026-10-07T10:51:44+00:00 [195/254] k4|LGanymede>Ganymede/1l|LGanymede>Callisto/2h|HCallisto/1,0,a|LCallisto>Ganymede/2l: 0 zeros 0 pass (0.7s) totals zeros=234 pass=8 eta 1.0 min
2026-10-07T10:51:47+00:00 [196/254] k4|LGanymede>Ganymede/1l|LGanymede>Callisto/2h|LCallisto>Callisto/1l|LCallisto>Ganymede/2h: 0 zeros 0 pass (2.6s) totals zeros=234 pass=8 eta 1.0 min
2026-10-07T10:51:52+00:00 [197/254] k4|LGanymede>Ganymede/1h|LGanymede>Callisto/0s|LCallisto>Ganymede/0s: 10 zeros 1 pass (5.2s) totals zeros=244 pass=9 eta 1.0 min
2026-10-07T10:51:55+00:00 [198/254] k4|LGanymede>Ganymede/1h|LGanymede>Callisto/0s|RCallisto/1:2|LCallisto>Ganymede/1l: 9 zeros 1 pass (3.3s) totals zeros=253 pass=10 eta 1.0 min
2026-10-07T10:52:01+00:00 [199/254] k4|LGanymede>Ganymede/1h|LGanymede>Callisto/0s|HCallisto/1,0,a|LCallisto>Ganymede/1h: 10 zeros 0 pass (5.2s) totals zeros=263 pass=10 eta 1.0 min
2026-10-07T10:52:06+00:00 [200/254] k4|LGanymede>Ganymede/1h|LGanymede>Callisto/0s|LCallisto>Callisto/1l|LCallisto>Ganymede/2l: 1 zeros 0 pass (5.4s) totals zeros=264 pass=10 eta 1.0 min
2026-10-07T10:52:08+00:00 [201/254] k4|LGanymede>Ganymede/1h|LGanymede>Callisto/0s|LCallisto>Callisto/2h|LCallisto>Ganymede/2h: 0 zeros 0 pass (2.4s) totals zeros=264 pass=10 eta 1.0 min
2026-10-07T10:52:11+00:00 [202/254] k4|LGanymede>Ganymede/1h|LGanymede>Callisto/1l|RCallisto/1:2|LCallisto>Ganymede/0s: 9 zeros 1 pass (2.2s) totals zeros=273 pass=11 eta 1.0 min
2026-10-07T10:52:14+00:00 [203/254] k4|LGanymede>Ganymede/1h|LGanymede>Callisto/1l|HCallisto/1,0,a|LCallisto>Ganymede/1l: 2 zeros 0 pass (3.8s) totals zeros=275 pass=11 eta 1.0 min
2026-10-07T10:52:19+00:00 [204/254] k4|LGanymede>Ganymede/1h|LGanymede>Callisto/1l|LCallisto>Callisto/1l|LCallisto>Ganymede/1h: 0 zeros 0 pass (4.1s) totals zeros=275 pass=11 eta 1.0 min
2026-10-07T10:52:21+00:00 [205/254] k4|LGanymede>Ganymede/1h|LGanymede>Callisto/1l|LCallisto>Callisto/2h|LCallisto>Ganymede/2l: 0 zeros 0 pass (2.2s) totals zeros=275 pass=11 eta 1.0 min
2026-10-07T10:52:21+00:00 [206/254] k4|LGanymede>Ganymede/1h|LGanymede>Callisto/1h|RCallisto/2:1|LCallisto>Ganymede/2h: 0 zeros 0 pass (0.7s) totals zeros=275 pass=11 eta 0.9 min
2026-10-07T10:52:26+00:00 [207/254] k4|LGanymede>Ganymede/1h|LGanymede>Callisto/1h|HCallisto/1,0,a|LCallisto>Ganymede/0s: 11 zeros 0 pass (4.6s) totals zeros=286 pass=11 eta 0.9 min
2026-10-07T10:52:29+00:00 [208/254] k4|LGanymede>Ganymede/1h|LGanymede>Callisto/1h|LCallisto>Callisto/1l|LCallisto>Ganymede/1l: 0 zeros 0 pass (3.0s) totals zeros=286 pass=11 eta 0.9 min
2026-10-07T10:52:32+00:00 [209/254] k4|LGanymede>Ganymede/1h|LGanymede>Callisto/1h|LCallisto>Callisto/2h|LCallisto>Ganymede/1h: 0 zeros 0 pass (3.1s) totals zeros=286 pass=11 eta 0.9 min
2026-10-07T10:52:38+00:00 [210/254] k4|LGanymede>Ganymede/1h|LGanymede>Callisto/2l|RCallisto/1:2|LCallisto>Ganymede/0s: 3 zeros 0 pass (5.7s) totals zeros=289 pass=11 eta 0.9 min
2026-10-07T10:52:40+00:00 [211/254] k4|LGanymede>Ganymede/1h|LGanymede>Callisto/2l|HCallisto/1,0,a|LCallisto>Ganymede/2l: 0 zeros 0 pass (2.5s) totals zeros=289 pass=11 eta 0.9 min
2026-10-07T10:52:44+00:00 [212/254] k4|LGanymede>Ganymede/1h|LGanymede>Callisto/2l|LCallisto>Callisto/1l|LCallisto>Ganymede/2h: 0 zeros 0 pass (3.5s) totals zeros=289 pass=11 eta 0.9 min
2026-10-07T10:52:57+00:00 [213/254] k4|LGanymede>Ganymede/1h|LGanymede>Callisto/2h|LCallisto>Ganymede/0s: 6 zeros 2 pass (13.2s) totals zeros=295 pass=13 eta 0.9 min
2026-10-07T10:52:58+00:00 [214/254] k4|LGanymede>Ganymede/1h|LGanymede>Callisto/2h|RCallisto/1:2|LCallisto>Ganymede/2l: 0 zeros 0 pass (1.1s) totals zeros=295 pass=13 eta 0.9 min
2026-10-07T10:52:59+00:00 [215/254] k4|LGanymede>Ganymede/1h|LGanymede>Callisto/2h|HCallisto/3,1,p|LCallisto>Ganymede/1l: 0 zeros 0 pass (0.8s) totals zeros=295 pass=13 eta 0.9 min
2026-10-07T10:53:03+00:00 [216/254] k4|LGanymede>Ganymede/1h|LGanymede>Callisto/2h|LCallisto>Callisto/1h|LCallisto>Ganymede/1h: 0 zeros 0 pass (3.7s) totals zeros=295 pass=13 eta 0.8 min
2026-10-07T10:53:11+00:00 [217/254] k4|LGanymede>Ganymede/2l|LGanymede>Callisto/0s|LCallisto>Ganymede/2l: 3 zeros 1 pass (8.6s) totals zeros=298 pass=14 eta 0.8 min
2026-10-07T10:53:13+00:00 [218/254] k4|LGanymede>Ganymede/2l|LGanymede>Callisto/0s|RCallisto/1:2|LCallisto>Ganymede/2h: 1 zeros 0 pass (1.8s) totals zeros=299 pass=14 eta 0.8 min
2026-10-07T10:53:19+00:00 [219/254] k4|LGanymede>Ganymede/2l|LGanymede>Callisto/0s|HCallisto/3,1,p|LCallisto>Ganymede/0s: 6 zeros 0 pass (6.1s) totals zeros=305 pass=14 eta 0.8 min
2026-10-07T10:53:25+00:00 [220/254] k4|LGanymede>Ganymede/2l|LGanymede>Callisto/0s|LCallisto>Callisto/1h|LCallisto>Ganymede/1l: 1 zeros 0 pass (5.9s) totals zeros=306 pass=14 eta 0.8 min
2026-10-07T10:53:31+00:00 [221/254] k4|LGanymede>Ganymede/2l|LGanymede>Callisto/1l|LCallisto>Ganymede/1h: 1 zeros 1 pass (5.7s) totals zeros=307 pass=15 eta 0.8 min
2026-10-07T10:53:31+00:00 [222/254] k4|LGanymede>Ganymede/2l|LGanymede>Callisto/1l|RCallisto/2:3|LCallisto>Ganymede/0s: 0 zeros 0 pass (0.6s) totals zeros=307 pass=15 eta 0.8 min
2026-10-07T10:53:32+00:00 [223/254] k4|LGanymede>Ganymede/2l|LGanymede>Callisto/1l|HCallisto/3,1,p|LCallisto>Ganymede/2l: 0 zeros 0 pass (0.7s) totals zeros=307 pass=15 eta 0.7 min
2026-10-07T10:53:35+00:00 [224/254] k4|LGanymede>Ganymede/2l|LGanymede>Callisto/1l|LCallisto>Callisto/1h|LCallisto>Ganymede/2h: 0 zeros 0 pass (3.0s) totals zeros=307 pass=15 eta 0.7 min
2026-10-07T10:53:41+00:00 [225/254] k4|LGanymede>Ganymede/2l|LGanymede>Callisto/1h|RCallisto/1:1|LCallisto>Ganymede/0s: 2 zeros 0 pass (5.5s) totals zeros=309 pass=15 eta 0.7 min
2026-10-07T10:53:46+00:00 [226/254] k4|LGanymede>Ganymede/2l|LGanymede>Callisto/1h|HCallisto/1,0,p|LCallisto>Ganymede/0s: 11 zeros 0 pass (5.7s) totals zeros=320 pass=15 eta 0.7 min
2026-10-07T10:53:47+00:00 [227/254] k4|LGanymede>Ganymede/2l|LGanymede>Callisto/1h|HCallisto/3,1,a|LCallisto>Ganymede/1l: 0 zeros 0 pass (0.8s) totals zeros=320 pass=15 eta 0.7 min
2026-10-07T10:53:51+00:00 [228/254] k4|LGanymede>Ganymede/2l|LGanymede>Callisto/1h|LCallisto>Callisto/2l|LCallisto>Ganymede/1h: 0 zeros 0 pass (3.7s) totals zeros=320 pass=15 eta 0.6 min
2026-10-07T10:53:52+00:00 [229/254] k4|LGanymede>Ganymede/2l|LGanymede>Callisto/2l|RCallisto/1:1|LCallisto>Ganymede/2l: 0 zeros 0 pass (1.0s) totals zeros=320 pass=15 eta 0.6 min
2026-10-07T10:53:53+00:00 [230/254] k4|LGanymede>Ganymede/2l|LGanymede>Callisto/2l|HCallisto/1,0,a|LCallisto>Ganymede/1h: 0 zeros 0 pass (1.2s) totals zeros=320 pass=15 eta 0.6 min
2026-10-07T10:53:56+00:00 [231/254] k4|LGanymede>Ganymede/2l|LGanymede>Callisto/2l|LCallisto>Callisto/1l|LCallisto>Ganymede/2l: 0 zeros 0 pass (3.4s) totals zeros=320 pass=15 eta 0.6 min
2026-10-07T10:54:00+00:00 [232/254] k4|LGanymede>Ganymede/2l|LGanymede>Callisto/2l|LCallisto>Callisto/2h|LCallisto>Ganymede/2h: 0 zeros 0 pass (3.2s) totals zeros=320 pass=15 eta 0.5 min
2026-10-07T10:54:01+00:00 [233/254] k4|LGanymede>Ganymede/2l|LGanymede>Callisto/2h|RCallisto/1:2|LCallisto>Ganymede/2h: 0 zeros 0 pass (1.1s) totals zeros=320 pass=15 eta 0.5 min
2026-10-07T10:54:02+00:00 [234/254] k4|LGanymede>Ganymede/2l|LGanymede>Callisto/2h|HCallisto/3,1,p|LCallisto>Ganymede/2h: 0 zeros 0 pass (1.2s) totals zeros=320 pass=15 eta 0.5 min
2026-10-07T10:54:05+00:00 [235/254] k4|LGanymede>Ganymede/2l|LGanymede>Callisto/2h|LCallisto>Callisto/2l|LCallisto>Ganymede/0s: 0 zeros 0 pass (3.1s) totals zeros=320 pass=15 eta 0.5 min
2026-10-07T10:54:08+00:00 [236/254] k4|LGanymede>Ganymede/2h|LGanymede>Callisto/0s|RCallisto/1:1|LCallisto>Ganymede/1l: 2 zeros 0 pass (3.1s) totals zeros=322 pass=15 eta 0.4 min
2026-10-07T10:54:09+00:00 [237/254] k4|LGanymede>Ganymede/2h|LGanymede>Callisto/0s|RCallisto/2:3|LCallisto>Ganymede/1h: 0 zeros 0 pass (0.4s) totals zeros=322 pass=15 eta 0.4 min
2026-10-07T10:54:09+00:00 [238/254] k4|LGanymede>Ganymede/2h|LGanymede>Callisto/0s|HCallisto/3,1,p|LCallisto>Ganymede/2l: 0 zeros 0 pass (0.6s) totals zeros=322 pass=15 eta 0.4 min
2026-10-07T10:54:12+00:00 [239/254] k4|LGanymede>Ganymede/2h|LGanymede>Callisto/0s|LCallisto>Callisto/1h|LCallisto>Ganymede/2h: 0 zeros 0 pass (2.9s) totals zeros=322 pass=15 eta 0.4 min
2026-10-07T10:54:15+00:00 [240/254] k4|LGanymede>Ganymede/2h|LGanymede>Callisto/1l|RCallisto/1:1|LCallisto>Ganymede/0s: 2 zeros 0 pass (2.7s) totals zeros=324 pass=15 eta 0.3 min
2026-10-07T10:54:18+00:00 [241/254] k4|LGanymede>Ganymede/2h|LGanymede>Callisto/1l|HCallisto/1,0,p|LCallisto>Ganymede/0s: 6 zeros 0 pass (3.4s) totals zeros=330 pass=15 eta 0.3 min
2026-10-07T10:54:19+00:00 [242/254] k4|LGanymede>Ganymede/2h|LGanymede>Callisto/1l|HCallisto/3,1,a|LCallisto>Ganymede/1l: 0 zeros 0 pass (0.5s) totals zeros=330 pass=15 eta 0.3 min
2026-10-07T10:54:21+00:00 [243/254] k4|LGanymede>Ganymede/2h|LGanymede>Callisto/1l|LCallisto>Callisto/2l|LCallisto>Ganymede/1h: 0 zeros 0 pass (2.0s) totals zeros=330 pass=15 eta 0.3 min
2026-10-07T10:54:21+00:00 [244/254] k4|LGanymede>Ganymede/2h|LGanymede>Callisto/1h|RCallisto/1:1|LCallisto>Ganymede/2l: 0 zeros 0 pass (0.7s) totals zeros=330 pass=15 eta 0.2 min
2026-10-07T10:54:22+00:00 [245/254] k4|LGanymede>Ganymede/2h|LGanymede>Callisto/1h|HCallisto/1,0,p|LCallisto>Ganymede/2l: 0 zeros 0 pass (0.8s) totals zeros=330 pass=15 eta 0.2 min
2026-10-07T10:54:23+00:00 [246/254] k4|LGanymede>Ganymede/2h|LGanymede>Callisto/1h|HCallisto/3,1,a|LCallisto>Ganymede/2h: 0 zeros 0 pass (0.5s) totals zeros=330 pass=15 eta 0.2 min
2026-10-07T10:54:25+00:00 [247/254] k4|LGanymede>Ganymede/2h|LGanymede>Callisto/1h|LCallisto>Callisto/2h|LCallisto>Ganymede/0s: 0 zeros 0 pass (2.1s) totals zeros=330 pass=15 eta 0.2 min
2026-10-07T10:54:26+00:00 [248/254] k4|LGanymede>Ganymede/2h|LGanymede>Callisto/2l|RCallisto/1:2|LCallisto>Ganymede/0s: 1 zeros 0 pass (0.9s) totals zeros=331 pass=15 eta 0.1 min
2026-10-07T10:54:26+00:00 [249/254] k4|LGanymede>Ganymede/2h|LGanymede>Callisto/2l|HCallisto/3,1,p|LCallisto>Ganymede/0s: 0 zeros 0 pass (0.5s) totals zeros=331 pass=15 eta 0.1 min
2026-10-07T10:54:29+00:00 [250/254] k4|LGanymede>Ganymede/2h|LGanymede>Callisto/2l|LCallisto>Callisto/1h|LCallisto>Ganymede/1l: 0 zeros 0 pass (2.6s) totals zeros=331 pass=15 eta 0.1 min
2026-10-07T10:54:30+00:00 [251/254] k4|LGanymede>Ganymede/2h|LGanymede>Callisto/2h|LCallisto>Ganymede/1h: 0 zeros 0 pass (1.6s) totals zeros=331 pass=15 eta 0.1 min
2026-10-07T10:54:31+00:00 [252/254] k4|LGanymede>Ganymede/2h|LGanymede>Callisto/2h|HCallisto/1,0,p|LCallisto>Ganymede/1l: 0 zeros 0 pass (0.8s) totals zeros=331 pass=15 eta 0.0 min
2026-10-07T10:54:32+00:00 [253/254] k4|LGanymede>Ganymede/2h|LGanymede>Callisto/2h|HCallisto/3,1,a|LCallisto>Ganymede/1h: 0 zeros 0 pass (0.6s) totals zeros=331 pass=15 eta 0.0 min
2026-10-07T10:54:34+00:00 [254/254] k4|LGanymede>Ganymede/2h|LGanymede>Callisto/2h|LCallisto>Callisto/2l|LCallisto>Ganymede/2l: 0 zeros 0 pass (2.0s) totals zeros=331 pass=15 eta 0.0 min
2026-10-07T10:54:34+00:00 DONE structures=254 zeros=331 pass=15 structure_errors=0 zero_assessment_errors=0
