2026-10-07T11:00:16+00:00 cell gc k=4: 4068 structures (T = 50.09 d)
2026-10-07T11:00:16+00:00 total to run: 254 (shard 15/16)
2026-10-07T11:00:17+00:00 [1/254] k4|LGanymede>Callisto/0s|RCallisto/1:2|LCallisto>Ganymede/0s: 5 zeros 0 pass (0.5s) totals zeros=5 pass=0 eta 2.1 min
2026-10-07T11:00:17+00:00 [2/254] k4|LGanymede>Callisto/0s|HCallisto/1,0,a|LCallisto>Ganymede/1l: 4 zeros 0 pass (0.3s) totals zeros=9 pass=0 eta 1.6 min
2026-10-07T11:00:19+00:00 [3/254] k4|LGanymede>Callisto/0s|LCallisto>Callisto/1l|LCallisto>Ganymede/1h: 6 zeros 2 pass (1.9s) totals zeros=15 pass=2 eta 3.8 min
2026-10-07T11:00:19+00:00 [4/254] k4|LGanymede>Callisto/0s|LCallisto>Callisto/2h|LCallisto>Ganymede/2l: 0 zeros 0 pass (0.4s) totals zeros=15 pass=2 eta 3.2 min
2026-10-07T11:00:19+00:00 [5/254] k4|LGanymede>Callisto/1l|RCallisto/2:1|LCallisto>Ganymede/2h: 0 zeros 0 pass (0.0s) totals zeros=15 pass=2 eta 2.6 min
2026-10-07T11:00:20+00:00 [6/254] k4|LGanymede>Callisto/1l|HCallisto/1,0,a|LCallisto>Ganymede/0s: 4 zeros 0 pass (0.2s) totals zeros=19 pass=2 eta 2.3 min
2026-10-07T11:00:22+00:00 [7/254] k4|LGanymede>Callisto/1l|LCallisto>Callisto/1l|LCallisto>Ganymede/1l: 0 zeros 0 pass (2.3s) totals zeros=19 pass=2 eta 3.3 min
2026-10-07T11:00:22+00:00 [8/254] k4|LGanymede>Callisto/1l|LCallisto>Callisto/2h|LCallisto>Ganymede/1h: 0 zeros 0 pass (0.3s) totals zeros=19 pass=2 eta 3.0 min
2026-10-07T11:00:22+00:00 [9/254] k4|LGanymede>Callisto/1h|RCallisto/2:1|LCallisto>Ganymede/2l: 0 zeros 0 pass (0.0s) totals zeros=19 pass=2 eta 2.7 min
2026-10-07T11:00:23+00:00 [10/254] k4|LGanymede>Callisto/1h|HCallisto/1,0,p|LCallisto>Ganymede/2h: 3 zeros 0 pass (0.4s) totals zeros=22 pass=2 eta 2.6 min
2026-10-07T11:00:24+00:00 [11/254] k4|LGanymede>Callisto/1h|LCallisto>Callisto/1l|LCallisto>Ganymede/0s: 6 zeros 2 pass (1.6s) totals zeros=28 pass=4 eta 3.0 min
2026-10-07T11:00:25+00:00 [12/254] k4|LGanymede>Callisto/1h|LCallisto>Callisto/2h|LCallisto>Ganymede/1l: 0 zeros 0 pass (0.3s) totals zeros=28 pass=4 eta 2.8 min
2026-10-07T11:00:25+00:00 [13/254] k4|LGanymede>Callisto/2l|RCallisto/2:1|LCallisto>Ganymede/1h: 0 zeros 0 pass (0.0s) totals zeros=28 pass=4 eta 2.6 min
2026-10-07T11:00:25+00:00 [14/254] k4|LGanymede>Callisto/2l|HCallisto/1,0,p|LCallisto>Ganymede/2l: 0 zeros 0 pass (0.1s) totals zeros=28 pass=4 eta 2.4 min
2026-10-07T11:00:25+00:00 [15/254] k4|LGanymede>Callisto/2l|HCallisto/3,1,a|LCallisto>Ganymede/2h: 0 zeros 0 pass (0.0s) totals zeros=28 pass=4 eta 2.3 min
2026-10-07T11:00:25+00:00 [16/254] k4|LGanymede>Callisto/2l|LCallisto>Callisto/2h|LCallisto>Ganymede/0s: 0 zeros 0 pass (0.4s) totals zeros=28 pass=4 eta 2.2 min
2026-10-07T11:00:25+00:00 [17/254] k4|LGanymede>Callisto/2h|RCallisto/2:1|LCallisto>Ganymede/1l: 0 zeros 0 pass (0.1s) totals zeros=28 pass=4 eta 2.1 min
2026-10-07T11:00:26+00:00 [18/254] k4|LGanymede>Callisto/2h|HCallisto/1,0,p|LCallisto>Ganymede/1h: 3 zeros 0 pass (0.5s) totals zeros=31 pass=4 eta 2.1 min
2026-10-07T11:00:26+00:00 [19/254] k4|LGanymede>Callisto/2h|HCallisto/3,1,a|LCallisto>Ganymede/2l: 0 zeros 0 pass (0.1s) totals zeros=31 pass=4 eta 2.0 min
2026-10-07T11:00:26+00:00 [20/254] k4|LGanymede>Callisto/2h|LCallisto>Callisto/2l|LCallisto>Ganymede/2h: 0 zeros 0 pass (0.3s) totals zeros=31 pass=4 eta 1.9 min
2026-10-07T11:00:27+00:00 [21/254] k4|RGanymede/1:1|LGanymede>Callisto/0s|RCallisto/2:1|LCallisto>Ganymede/0s: 5 zeros 0 pass (0.6s) totals zeros=36 pass=4 eta 1.9 min
2026-10-07T11:00:27+00:00 [22/254] k4|RGanymede/1:1|LGanymede>Callisto/0s|HCallisto/1,0,p|LCallisto>Ganymede/1l: 4 zeros 0 pass (0.3s) totals zeros=40 pass=4 eta 1.9 min
2026-10-07T11:00:27+00:00 [23/254] k4|RGanymede/1:1|LGanymede>Callisto/0s|HCallisto/3,1,a|LCallisto>Ganymede/1h: 3 zeros 0 pass (0.3s) totals zeros=43 pass=4 eta 1.8 min
2026-10-07T11:00:28+00:00 [24/254] k4|RGanymede/1:1|LGanymede>Callisto/0s|LCallisto>Callisto/2l|LCallisto>Ganymede/2l: 0 zeros 0 pass (0.3s) totals zeros=43 pass=4 eta 1.8 min
2026-10-07T11:00:28+00:00 [25/254] k4|RGanymede/1:1|LGanymede>Callisto/1l|RCallisto/1:1|LCallisto>Ganymede/2h: 0 zeros 0 pass (0.2s) totals zeros=43 pass=4 eta 1.8 min
2026-10-07T11:00:28+00:00 [26/254] k4|RGanymede/1:1|LGanymede>Callisto/1l|HCallisto/1,0,p|LCallisto>Ganymede/2h: 0 zeros 0 pass (0.1s) totals zeros=43 pass=4 eta 1.7 min
2026-10-07T11:00:30+00:00 [27/254] k4|RGanymede/1:1|LGanymede>Callisto/1l|LCallisto>Callisto/1l|LCallisto>Ganymede/0s: 3 zeros 0 pass (2.3s) totals zeros=46 pass=4 eta 2.0 min
2026-10-07T11:00:31+00:00 [28/254] k4|RGanymede/1:1|LGanymede>Callisto/1l|LCallisto>Callisto/2h|LCallisto>Ganymede/1l: 0 zeros 0 pass (0.4s) totals zeros=46 pass=4 eta 1.9 min
2026-10-07T11:00:31+00:00 [29/254] k4|RGanymede/1:1|LGanymede>Callisto/1h|RCallisto/2:1|LCallisto>Ganymede/1h: 0 zeros 0 pass (0.0s) totals zeros=46 pass=4 eta 1.9 min
2026-10-07T11:00:31+00:00 [30/254] k4|RGanymede/1:1|LGanymede>Callisto/1h|HCallisto/1,0,a|LCallisto>Ganymede/1h: 3 zeros 0 pass (0.4s) totals zeros=49 pass=4 eta 1.8 min
2026-10-07T11:00:31+00:00 [31/254] k4|RGanymede/1:1|LGanymede>Callisto/1h|LCallisto>Callisto/1l|LCallisto>Ganymede/2l: 1 zeros 0 pass (0.3s) totals zeros=50 pass=4 eta 1.8 min
2026-10-07T11:00:32+00:00 [32/254] k4|RGanymede/1:1|LGanymede>Callisto/1h|LCallisto>Callisto/2h|LCallisto>Ganymede/2h: 0 zeros 0 pass (0.3s) totals zeros=50 pass=4 eta 1.8 min
2026-10-07T11:00:32+00:00 [33/254] k4|RGanymede/1:1|LGanymede>Callisto/2l|RCallisto/1:2|LCallisto>Ganymede/2h: 0 zeros 0 pass (0.0s) totals zeros=50 pass=4 eta 1.7 min
2026-10-07T11:00:32+00:00 [34/254] k4|RGanymede/1:1|LGanymede>Callisto/2l|HCallisto/3,1,p|LCallisto>Ganymede/2h: 0 zeros 0 pass (0.0s) totals zeros=50 pass=4 eta 1.7 min
2026-10-07T11:00:32+00:00 [35/254] k4|RGanymede/1:1|LGanymede>Callisto/2l|LCallisto>Callisto/2l|LCallisto>Ganymede/0s: 0 zeros 0 pass (0.3s) totals zeros=50 pass=4 eta 1.6 min
2026-10-07T11:00:32+00:00 [36/254] k4|RGanymede/1:1|LGanymede>Callisto/2h|RCallisto/1:1|LCallisto>Ganymede/1l: 0 zeros 0 pass (0.1s) totals zeros=50 pass=4 eta 1.6 min
2026-10-07T11:00:33+00:00 [37/254] k4|RGanymede/1:1|LGanymede>Callisto/2h|HCallisto/1,0,a|LCallisto>Ganymede/0s: 4 zeros 0 pass (0.6s) totals zeros=54 pass=4 eta 1.6 min
2026-10-07T11:00:33+00:00 [38/254] k4|RGanymede/1:1|LGanymede>Callisto/2h|LCallisto>Callisto/1l|LCallisto>Ganymede/1l: 1 zeros 0 pass (0.3s) totals zeros=55 pass=4 eta 1.6 min
2026-10-07T11:00:33+00:00 [39/254] k4|RGanymede/1:1|LGanymede>Callisto/2h|LCallisto>Callisto/2h|LCallisto>Ganymede/1h: 0 zeros 0 pass (0.3s) totals zeros=55 pass=4 eta 1.6 min
2026-10-07T11:00:34+00:00 [40/254] k4|RGanymede/2:1|LGanymede>Callisto/0s|RCallisto/1:2|LCallisto>Ganymede/1h: 3 zeros 0 pass (0.7s) totals zeros=58 pass=4 eta 1.6 min
2026-10-07T11:00:34+00:00 [41/254] k4|RGanymede/2:1|LGanymede>Callisto/0s|HCallisto/3,1,p|LCallisto>Ganymede/1h: 0 zeros 0 pass (0.1s) totals zeros=58 pass=4 eta 1.5 min
2026-10-07T11:00:35+00:00 [42/254] k4|RGanymede/2:1|LGanymede>Callisto/0s|LCallisto>Callisto/1h|LCallisto>Ganymede/2l: 0 zeros 0 pass (0.4s) totals zeros=58 pass=4 eta 1.5 min
2026-10-07T11:00:35+00:00 [43/254] k4|RGanymede/2:1|LGanymede>Callisto/1l|LCallisto>Ganymede/2h: 1 zeros 0 pass (0.6s) totals zeros=59 pass=4 eta 1.5 min
2026-10-07T11:00:35+00:00 [44/254] k4|RGanymede/2:1|LGanymede>Callisto/1l|HCallisto/1,0,a|LCallisto>Ganymede/0s: 4 zeros 0 pass (0.3s) totals zeros=63 pass=4 eta 1.5 min
2026-10-07T11:00:36+00:00 [45/254] k4|RGanymede/2:1|LGanymede>Callisto/1l|LCallisto>Callisto/1h|LCallisto>Ganymede/0s: 2 zeros 2 pass (0.8s) totals zeros=65 pass=6 eta 1.5 min
2026-10-07T11:00:37+00:00 [46/254] k4|RGanymede/2:1|LGanymede>Callisto/1h|LCallisto>Ganymede/1l: 2 zeros 0 pass (1.1s) totals zeros=67 pass=6 eta 1.6 min
2026-10-07T11:00:38+00:00 [47/254] k4|RGanymede/2:1|LGanymede>Callisto/1h|HCallisto/1,0,p|LCallisto>Ganymede/1h: 1 zeros 0 pass (0.2s) totals zeros=68 pass=6 eta 1.6 min
2026-10-07T11:00:38+00:00 [48/254] k4|RGanymede/2:1|LGanymede>Callisto/1h|LCallisto>Callisto/1l|LCallisto>Ganymede/1h: 1 zeros 0 pass (0.3s) totals zeros=69 pass=6 eta 1.5 min
2026-10-07T11:00:38+00:00 [49/254] k4|RGanymede/2:1|LGanymede>Callisto/1h|LCallisto>Callisto/2h|LCallisto>Ganymede/2l: 0 zeros 0 pass (0.2s) totals zeros=69 pass=6 eta 1.5 min
2026-10-07T11:00:38+00:00 [50/254] k4|RGanymede/2:1|LGanymede>Callisto/2l|RCallisto/1:2|LCallisto>Ganymede/2h: 0 zeros 0 pass (0.0s) totals zeros=69 pass=6 eta 1.5 min
2026-10-07T11:00:38+00:00 [51/254] k4|RGanymede/2:1|LGanymede>Callisto/2l|LCallisto>Callisto/1l|LCallisto>Ganymede/2l: 0 zeros 0 pass (0.2s) totals zeros=69 pass=6 eta 1.5 min
2026-10-07T11:00:39+00:00 [52/254] k4|RGanymede/2:1|LGanymede>Callisto/2l|LCallisto>Callisto/2h|LCallisto>Ganymede/2h: 0 zeros 0 pass (0.2s) totals zeros=69 pass=6 eta 1.4 min
2026-10-07T11:00:39+00:00 [53/254] k4|RGanymede/2:1|LGanymede>Callisto/2h|HCallisto/1,0,p|LCallisto>Ganymede/0s: 2 zeros 0 pass (0.5s) totals zeros=71 pass=6 eta 1.4 min
2026-10-07T11:00:39+00:00 [54/254] k4|RGanymede/2:1|LGanymede>Callisto/2h|LCallisto>Callisto/1l|LCallisto>Ganymede/2h: 0 zeros 0 pass (0.2s) totals zeros=71 pass=6 eta 1.4 min
2026-10-07T11:00:40+00:00 [55/254] k4|RGanymede/1:2|LGanymede>Callisto/0s|LCallisto>Ganymede/0s: 4 zeros 0 pass (0.3s) totals zeros=75 pass=6 eta 1.4 min
2026-10-07T11:00:40+00:00 [56/254] k4|RGanymede/1:2|LGanymede>Callisto/0s|RCallisto/1:2|LCallisto>Ganymede/1l: 2 zeros 0 pass (0.7s) totals zeros=77 pass=6 eta 1.4 min
2026-10-07T11:00:41+00:00 [57/254] k4|RGanymede/1:2|LGanymede>Callisto/0s|HCallisto/1,0,a|LCallisto>Ganymede/1h: 4 zeros 0 pass (0.3s) totals zeros=81 pass=6 eta 1.4 min
2026-10-07T11:00:42+00:00 [58/254] k4|RGanymede/1:2|LGanymede>Callisto/0s|LCallisto>Callisto/1l|LCallisto>Ganymede/2l: 1 zeros 0 pass (1.1s) totals zeros=82 pass=6 eta 1.4 min
2026-10-07T11:00:42+00:00 [59/254] k4|RGanymede/1:2|LGanymede>Callisto/0s|LCallisto>Callisto/2h|LCallisto>Ganymede/2h: 0 zeros 0 pass (0.3s) totals zeros=82 pass=6 eta 1.4 min
2026-10-07T11:00:43+00:00 [60/254] k4|RGanymede/1:2|LGanymede>Callisto/1l|RCallisto/1:2|LCallisto>Ganymede/1h: 1 zeros 0 pass (0.5s) totals zeros=83 pass=6 eta 1.4 min
2026-10-07T11:00:43+00:00 [61/254] k4|RGanymede/1:2|LGanymede>Callisto/1l|HCallisto/3,1,p|LCallisto>Ganymede/0s: 3 zeros 0 pass (0.2s) totals zeros=86 pass=6 eta 1.4 min
2026-10-07T11:00:43+00:00 [62/254] k4|RGanymede/1:2|LGanymede>Callisto/1l|LCallisto>Callisto/1h|LCallisto>Ganymede/1l: 2 zeros 0 pass (0.5s) totals zeros=88 pass=6 eta 1.4 min
2026-10-07T11:00:44+00:00 [63/254] k4|RGanymede/1:2|LGanymede>Callisto/1h|LCallisto>Ganymede/1h: 3 zeros 0 pass (0.3s) totals zeros=91 pass=6 eta 1.4 min
2026-10-07T11:00:44+00:00 [64/254] k4|RGanymede/1:2|LGanymede>Callisto/1h|RCallisto/2:3|LCallisto>Ganymede/0s: 0 zeros 0 pass (0.0s) totals zeros=91 pass=6 eta 1.4 min
2026-10-07T11:00:44+00:00 [65/254] k4|RGanymede/1:2|LGanymede>Callisto/1h|HCallisto/3,1,p|LCallisto>Ganymede/2l: 0 zeros 0 pass (0.0s) totals zeros=91 pass=6 eta 1.3 min
2026-10-07T11:00:45+00:00 [66/254] k4|RGanymede/1:2|LGanymede>Callisto/1h|LCallisto>Callisto/1h|LCallisto>Ganymede/2h: 0 zeros 0 pass (0.9s) totals zeros=91 pass=6 eta 1.3 min
2026-10-07T11:00:45+00:00 [67/254] k4|RGanymede/1:2|LGanymede>Callisto/2l|RCallisto/1:1|LCallisto>Ganymede/0s: 3 zeros 0 pass (0.7s) totals zeros=94 pass=6 eta 1.3 min
2026-10-07T11:00:45+00:00 [68/254] k4|RGanymede/1:2|LGanymede>Callisto/2l|HCallisto/1,0,p|LCallisto>Ganymede/2h: 0 zeros 0 pass (0.1s) totals zeros=94 pass=6 eta 1.3 min
2026-10-07T11:00:47+00:00 [69/254] k4|RGanymede/1:2|LGanymede>Callisto/2l|LCallisto>Callisto/1l|LCallisto>Ganymede/0s: 1 zeros 0 pass (1.2s) totals zeros=95 pass=6 eta 1.4 min
2026-10-07T11:00:47+00:00 [70/254] k4|RGanymede/1:2|LGanymede>Callisto/2l|LCallisto>Callisto/2h|LCallisto>Ganymede/1l: 0 zeros 0 pass (0.2s) totals zeros=95 pass=6 eta 1.3 min
2026-10-07T11:00:47+00:00 [71/254] k4|RGanymede/1:2|LGanymede>Callisto/2h|RCallisto/1:2|LCallisto>Ganymede/1l: 0 zeros 0 pass (0.1s) totals zeros=95 pass=6 eta 1.3 min
2026-10-07T11:00:47+00:00 [72/254] k4|RGanymede/1:2|LGanymede>Callisto/2h|HCallisto/3,1,p|LCallisto>Ganymede/1l: 0 zeros 0 pass (0.0s) totals zeros=95 pass=6 eta 1.3 min
2026-10-07T11:00:48+00:00 [73/254] k4|RGanymede/1:2|LGanymede>Callisto/2h|LCallisto>Callisto/1h|LCallisto>Ganymede/1h: 0 zeros 0 pass (0.8s) totals zeros=95 pass=6 eta 1.3 min
2026-10-07T11:00:48+00:00 [74/254] k4|RGanymede/3:2|LGanymede>Callisto/0s|LCallisto>Ganymede/2l: 2 zeros 1 pass (0.7s) totals zeros=97 pass=7 eta 1.3 min
2026-10-07T11:00:49+00:00 [75/254] k4|RGanymede/3:2|LGanymede>Callisto/0s|HCallisto/1,0,p|LCallisto>Ganymede/2h: 0 zeros 0 pass (0.2s) totals zeros=97 pass=7 eta 1.3 min
2026-10-07T11:00:49+00:00 [76/254] k4|RGanymede/3:2|LGanymede>Callisto/0s|LCallisto>Callisto/1h|LCallisto>Ganymede/2l: 0 zeros 0 pass (0.2s) totals zeros=97 pass=7 eta 1.3 min
2026-10-07T11:00:49+00:00 [77/254] k4|RGanymede/3:2|LGanymede>Callisto/1l|LCallisto>Ganymede/2h: 1 zeros 0 pass (0.2s) totals zeros=98 pass=7 eta 1.3 min
2026-10-07T11:00:49+00:00 [78/254] k4|RGanymede/3:2|LGanymede>Callisto/1l|HCallisto/1,0,a|LCallisto>Ganymede/0s: 3 zeros 0 pass (0.3s) totals zeros=101 pass=7 eta 1.2 min
2026-10-07T11:00:49+00:00 [79/254] k4|RGanymede/3:2|LGanymede>Callisto/1l|LCallisto>Callisto/2l|LCallisto>Ganymede/1l: 0 zeros 0 pass (0.2s) totals zeros=101 pass=7 eta 1.2 min
2026-10-07T11:00:49+00:00 [80/254] k4|RGanymede/3:2|LGanymede>Callisto/1h|RCallisto/1:1|LCallisto>Ganymede/1h: 0 zeros 0 pass (0.0s) totals zeros=101 pass=7 eta 1.2 min
2026-10-07T11:00:50+00:00 [81/254] k4|RGanymede/3:2|LGanymede>Callisto/1h|HCallisto/1,0,a|LCallisto>Ganymede/2l: 0 zeros 0 pass (0.0s) totals zeros=101 pass=7 eta 1.2 min
2026-10-07T11:00:50+00:00 [82/254] k4|RGanymede/3:2|LGanymede>Callisto/1h|LCallisto>Callisto/2l|LCallisto>Ganymede/2h: 0 zeros 0 pass (0.2s) totals zeros=101 pass=7 eta 1.2 min
2026-10-07T11:00:50+00:00 [83/254] k4|RGanymede/3:2|LGanymede>Callisto/2l|RCallisto/1:2|LCallisto>Ganymede/1h: 0 zeros 0 pass (0.0s) totals zeros=101 pass=7 eta 1.1 min
2026-10-07T11:00:50+00:00 [84/254] k4|RGanymede/3:2|LGanymede>Callisto/2l|LCallisto>Callisto/1h|LCallisto>Ganymede/0s: 0 zeros 0 pass (0.2s) totals zeros=101 pass=7 eta 1.1 min
2026-10-07T11:00:50+00:00 [85/254] k4|RGanymede/3:2|LGanymede>Callisto/2h|RCallisto/1:1|LCallisto>Ganymede/0s: 0 zeros 0 pass (0.0s) totals zeros=101 pass=7 eta 1.1 min
2026-10-07T11:00:50+00:00 [86/254] k4|RGanymede/3:2|LGanymede>Callisto/2h|LCallisto>Callisto/1l|LCallisto>Ganymede/0s: 0 zeros 0 pass (0.2s) totals zeros=101 pass=7 eta 1.1 min
2026-10-07T11:00:50+00:00 [87/254] k4|RGanymede/2:3|LGanymede>Callisto/0s|LCallisto>Ganymede/0s: 5 zeros 0 pass (0.3s) totals zeros=106 pass=7 eta 1.1 min
2026-10-07T11:00:51+00:00 [88/254] k4|RGanymede/2:3|LGanymede>Callisto/0s|RCallisto/2:3|LCallisto>Ganymede/0s: 1 zeros 0 pass (0.1s) totals zeros=107 pass=7 eta 1.1 min
2026-10-07T11:00:51+00:00 [89/254] k4|RGanymede/2:3|LGanymede>Callisto/0s|HCallisto/3,1,a|LCallisto>Ganymede/0s: 4 zeros 0 pass (0.2s) totals zeros=111 pass=7 eta 1.1 min
2026-10-07T11:00:51+00:00 [90/254] k4|RGanymede/2:3|LGanymede>Callisto/0s|LCallisto>Callisto/2l|LCallisto>Ganymede/1l: 0 zeros 0 pass (0.2s) totals zeros=111 pass=7 eta 1.1 min
2026-10-07T11:00:51+00:00 [91/254] k4|RGanymede/2:3|LGanymede>Callisto/1l|RCallisto/1:1|LCallisto>Ganymede/1h: 0 zeros 0 pass (0.1s) totals zeros=111 pass=7 eta 1.0 min
2026-10-07T11:00:51+00:00 [92/254] k4|RGanymede/2:3|LGanymede>Callisto/1l|HCallisto/1,0,a|LCallisto>Ganymede/2l: 0 zeros 0 pass (0.0s) totals zeros=111 pass=7 eta 1.0 min
2026-10-07T11:00:51+00:00 [93/254] k4|RGanymede/2:3|LGanymede>Callisto/1l|LCallisto>Callisto/1h|LCallisto>Ganymede/2l: 0 zeros 0 pass (0.2s) totals zeros=111 pass=7 eta 1.0 min
2026-10-07T11:00:52+00:00 [94/254] k4|RGanymede/2:3|LGanymede>Callisto/1h|LCallisto>Ganymede/2h: 2 zeros 0 pass (0.5s) totals zeros=113 pass=7 eta 1.0 min
2026-10-07T11:00:52+00:00 [95/254] k4|RGanymede/2:3|LGanymede>Callisto/1h|HCallisto/1,0,a|LCallisto>Ganymede/0s: 4 zeros 0 pass (0.3s) totals zeros=117 pass=7 eta 1.0 min
2026-10-07T11:00:53+00:00 [96/254] k4|RGanymede/2:3|LGanymede>Callisto/1h|LCallisto>Callisto/1h|LCallisto>Ganymede/0s: 3 zeros 0 pass (0.8s) totals zeros=120 pass=7 eta 1.0 min
2026-10-07T11:00:53+00:00 [97/254] k4|RGanymede/2:3|LGanymede>Callisto/2l|LCallisto>Ganymede/1l: 1 zeros 0 pass (0.2s) totals zeros=121 pass=7 eta 1.0 min
2026-10-07T11:00:53+00:00 [98/254] k4|RGanymede/2:3|LGanymede>Callisto/2l|HCallisto/1,0,p|LCallisto>Ganymede/1h: 0 zeros 0 pass (0.0s) totals zeros=121 pass=7 eta 1.0 min
2026-10-07T11:00:53+00:00 [99/254] k4|RGanymede/2:3|LGanymede>Callisto/2l|LCallisto>Callisto/1h|LCallisto>Ganymede/1l: 0 zeros 0 pass (0.2s) totals zeros=121 pass=7 eta 1.0 min
2026-10-07T11:00:54+00:00 [100/254] k4|RGanymede/2:3|LGanymede>Callisto/2h|LCallisto>Ganymede/1h: 2 zeros 0 pass (0.5s) totals zeros=123 pass=7 eta 1.0 min
2026-10-07T11:00:54+00:00 [101/254] k4|RGanymede/2:3|LGanymede>Callisto/2h|HCallisto/1,0,p|LCallisto>Ganymede/2l: 0 zeros 0 pass (0.0s) totals zeros=123 pass=7 eta 1.0 min
2026-10-07T11:00:54+00:00 [102/254] k4|RGanymede/2:3|LGanymede>Callisto/2h|LCallisto>Callisto/1h|LCallisto>Ganymede/1h: 0 zeros 0 pass (0.3s) totals zeros=123 pass=7 eta 0.9 min
2026-10-07T11:00:55+00:00 [103/254] k4|HGanymede/1,0,p|LGanymede>Callisto/0s|LCallisto>Ganymede/2l: 4 zeros 0 pass (0.4s) totals zeros=127 pass=7 eta 0.9 min
2026-10-07T11:00:55+00:00 [104/254] k4|HGanymede/1,0,p|LGanymede>Callisto/0s|RCallisto/1:2|LCallisto>Ganymede/2h: 3 zeros 0 pass (0.4s) totals zeros=130 pass=7 eta 0.9 min
2026-10-07T11:00:55+00:00 [105/254] k4|HGanymede/1,0,p|LGanymede>Callisto/0s|HCallisto/3,1,p|LCallisto>Ganymede/0s: 5 zeros 0 pass (0.4s) totals zeros=135 pass=7 eta 0.9 min
2026-10-07T11:00:57+00:00 [106/254] k4|HGanymede/1,0,p|LGanymede>Callisto/0s|LCallisto>Callisto/1h|LCallisto>Ganymede/1l: 3 zeros 0 pass (1.7s) totals zeros=138 pass=7 eta 0.9 min
2026-10-07T11:00:57+00:00 [107/254] k4|HGanymede/1,0,p|LGanymede>Callisto/1l|LCallisto>Ganymede/1h: 2 zeros 0 pass (0.3s) totals zeros=140 pass=7 eta 0.9 min
2026-10-07T11:00:57+00:00 [108/254] k4|HGanymede/1,0,p|LGanymede>Callisto/1l|RCallisto/1:2|LCallisto>Ganymede/2l: 0 zeros 0 pass (0.1s) totals zeros=140 pass=7 eta 0.9 min
2026-10-07T11:00:58+00:00 [109/254] k4|HGanymede/1,0,p|LGanymede>Callisto/1l|HCallisto/1,0,a|LCallisto>Ganymede/2h: 1 zeros 0 pass (1.0s) totals zeros=141 pass=7 eta 0.9 min
2026-10-07T11:01:00+00:00 [110/254] k4|HGanymede/1,0,p|LGanymede>Callisto/1l|LCallisto>Callisto/1h|LCallisto>Ganymede/0s: 2 zeros 0 pass (1.9s) totals zeros=143 pass=7 eta 1.0 min
2026-10-07T11:01:01+00:00 [111/254] k4|HGanymede/1,0,p|LGanymede>Callisto/1h|LCallisto>Ganymede/1l: 2 zeros 0 pass (0.3s) totals zeros=145 pass=7 eta 0.9 min
2026-10-07T11:01:01+00:00 [112/254] k4|HGanymede/1,0,p|LGanymede>Callisto/1h|RCallisto/1:2|LCallisto>Ganymede/1h: 2 zeros 0 pass (0.1s) totals zeros=147 pass=7 eta 0.9 min
2026-10-07T11:01:01+00:00 [113/254] k4|HGanymede/1,0,p|LGanymede>Callisto/1h|HCallisto/1,0,a|LCallisto>Ganymede/2l: 1 zeros 0 pass (0.8s) totals zeros=148 pass=7 eta 0.9 min
2026-10-07T11:01:02+00:00 [114/254] k4|HGanymede/1,0,p|LGanymede>Callisto/1h|LCallisto>Callisto/1l|LCallisto>Ganymede/2h: 0 zeros 0 pass (0.3s) totals zeros=148 pass=7 eta 0.9 min
2026-10-07T11:01:02+00:00 [115/254] k4|HGanymede/1,0,p|LGanymede>Callisto/2l|LCallisto>Ganymede/0s: 4 zeros 0 pass (0.4s) totals zeros=152 pass=7 eta 0.9 min
2026-10-07T11:01:02+00:00 [116/254] k4|HGanymede/1,0,p|LGanymede>Callisto/2l|RCallisto/1:2|LCallisto>Ganymede/2l: 0 zeros 0 pass (0.0s) totals zeros=152 pass=7 eta 0.9 min
2026-10-07T11:01:02+00:00 [117/254] k4|HGanymede/1,0,p|LGanymede>Callisto/2l|HCallisto/3,1,p|LCallisto>Ganymede/1l: 0 zeros 0 pass (0.0s) totals zeros=152 pass=7 eta 0.9 min
2026-10-07T11:01:02+00:00 [118/254] k4|HGanymede/1,0,p|LGanymede>Callisto/2l|LCallisto>Callisto/1h|LCallisto>Ganymede/1h: 0 zeros 0 pass (0.3s) totals zeros=152 pass=7 eta 0.9 min
2026-10-07T11:01:03+00:00 [119/254] k4|HGanymede/1,0,p|LGanymede>Callisto/2h|LCallisto>Ganymede/2l: 0 zeros 0 pass (0.6s) totals zeros=152 pass=7 eta 0.9 min
2026-10-07T11:01:03+00:00 [120/254] k4|HGanymede/1,0,p|LGanymede>Callisto/2h|RCallisto/2:3|LCallisto>Ganymede/1l: 0 zeros 0 pass (0.0s) totals zeros=152 pass=7 eta 0.9 min
2026-10-07T11:01:03+00:00 [121/254] k4|HGanymede/1,0,p|LGanymede>Callisto/2h|HCallisto/3,1,p|LCallisto>Ganymede/2h: 0 zeros 0 pass (0.0s) totals zeros=152 pass=7 eta 0.9 min
2026-10-07T11:01:03+00:00 [122/254] k4|HGanymede/1,0,p|LGanymede>Callisto/2h|LCallisto>Callisto/2l|LCallisto>Ganymede/0s: 0 zeros 0 pass (0.3s) totals zeros=152 pass=7 eta 0.8 min
2026-10-07T11:01:04+00:00 [123/254] k4|HGanymede/1,0,a|LGanymede>Callisto/0s|RCallisto/1:1|LCallisto>Ganymede/1l: 4 zeros 0 pass (0.3s) totals zeros=156 pass=7 eta 0.8 min
2026-10-07T11:01:04+00:00 [124/254] k4|HGanymede/1,0,a|LGanymede>Callisto/0s|RCallisto/2:3|LCallisto>Ganymede/1h: 0 zeros 0 pass (0.1s) totals zeros=156 pass=7 eta 0.8 min
2026-10-07T11:01:04+00:00 [125/254] k4|HGanymede/1,0,a|LGanymede>Callisto/0s|HCallisto/3,1,p|LCallisto>Ganymede/2l: 1 zeros 0 pass (0.3s) totals zeros=157 pass=7 eta 0.8 min
2026-10-07T11:01:06+00:00 [126/254] k4|HGanymede/1,0,a|LGanymede>Callisto/0s|LCallisto>Callisto/1h|LCallisto>Ganymede/2h: 2 zeros 0 pass (1.9s) totals zeros=159 pass=7 eta 0.8 min
2026-10-07T11:01:06+00:00 [127/254] k4|HGanymede/1,0,a|LGanymede>Callisto/1l|RCallisto/1:1|LCallisto>Ganymede/0s: 4 zeros 0 pass (0.3s) totals zeros=163 pass=7 eta 0.8 min
2026-10-07T11:01:06+00:00 [128/254] k4|HGanymede/1,0,a|LGanymede>Callisto/1l|RCallisto/2:3|LCallisto>Ganymede/1l: 0 zeros 0 pass (0.0s) totals zeros=163 pass=7 eta 0.8 min
2026-10-07T11:01:07+00:00 [129/254] k4|HGanymede/1,0,a|LGanymede>Callisto/1l|HCallisto/3,1,p|LCallisto>Ganymede/1h: 0 zeros 0 pass (0.3s) totals zeros=163 pass=7 eta 0.8 min
2026-10-07T11:01:07+00:00 [130/254] k4|HGanymede/1,0,a|LGanymede>Callisto/1l|LCallisto>Callisto/1h|LCallisto>Ganymede/2l: 0 zeros 0 pass (0.2s) totals zeros=163 pass=7 eta 0.8 min
2026-10-07T11:01:07+00:00 [131/254] k4|HGanymede/1,0,a|LGanymede>Callisto/1h|LCallisto>Ganymede/2h: 2 zeros 0 pass (0.5s) totals zeros=165 pass=7 eta 0.8 min
2026-10-07T11:01:07+00:00 [132/254] k4|HGanymede/1,0,a|LGanymede>Callisto/1h|RCallisto/2:3|LCallisto>Ganymede/0s: 0 zeros 0 pass (0.1s) totals zeros=165 pass=7 eta 0.8 min
2026-10-07T11:01:08+00:00 [133/254] k4|HGanymede/1,0,a|LGanymede>Callisto/1h|HCallisto/3,1,p|LCallisto>Ganymede/1l: 0 zeros 0 pass (0.4s) totals zeros=165 pass=7 eta 0.8 min
2026-10-07T11:01:10+00:00 [134/254] k4|HGanymede/1,0,a|LGanymede>Callisto/1h|LCallisto>Callisto/1h|LCallisto>Ganymede/1h: 1 zeros 0 pass (1.8s) totals zeros=166 pass=7 eta 0.8 min
2026-10-07T11:01:10+00:00 [135/254] k4|HGanymede/1,0,a|LGanymede>Callisto/2l|LCallisto>Ganymede/2l: 2 zeros 0 pass (0.5s) totals zeros=168 pass=7 eta 0.8 min
2026-10-07T11:01:10+00:00 [136/254] k4|HGanymede/1,0,a|LGanymede>Callisto/2l|RCallisto/2:3|LCallisto>Ganymede/1l: 0 zeros 0 pass (0.0s) totals zeros=168 pass=7 eta 0.8 min
2026-10-07T11:01:10+00:00 [137/254] k4|HGanymede/1,0,a|LGanymede>Callisto/2l|HCallisto/3,1,p|LCallisto>Ganymede/2h: 0 zeros 0 pass (0.0s) totals zeros=168 pass=7 eta 0.8 min
2026-10-07T11:01:10+00:00 [138/254] k4|HGanymede/1,0,a|LGanymede>Callisto/2l|LCallisto>Callisto/2l|LCallisto>Ganymede/0s: 0 zeros 0 pass (0.3s) totals zeros=168 pass=7 eta 0.8 min
2026-10-07T11:01:10+00:00 [139/254] k4|HGanymede/1,0,a|LGanymede>Callisto/2h|RCallisto/1:1|LCallisto>Ganymede/1l: 0 zeros 0 pass (0.0s) totals zeros=168 pass=7 eta 0.7 min
2026-10-07T11:01:11+00:00 [140/254] k4|HGanymede/1,0,a|LGanymede>Callisto/2h|HCallisto/1,0,p|LCallisto>Ganymede/1l: 1 zeros 0 pass (0.8s) totals zeros=169 pass=7 eta 0.7 min
2026-10-07T11:01:11+00:00 [141/254] k4|HGanymede/1,0,a|LGanymede>Callisto/2h|HCallisto/3,1,a|LCallisto>Ganymede/1h: 0 zeros 0 pass (0.0s) totals zeros=169 pass=7 eta 0.7 min
2026-10-07T11:01:12+00:00 [142/254] k4|HGanymede/1,0,a|LGanymede>Callisto/2h|LCallisto>Callisto/2l|LCallisto>Ganymede/2l: 0 zeros 0 pass (0.3s) totals zeros=169 pass=7 eta 0.7 min
2026-10-07T11:01:12+00:00 [143/254] k4|HGanymede/3,1,p|LGanymede>Callisto/0s|RCallisto/1:1|LCallisto>Ganymede/2h: 0 zeros 0 pass (0.4s) totals zeros=169 pass=7 eta 0.7 min
2026-10-07T11:01:13+00:00 [144/254] k4|HGanymede/3,1,p|LGanymede>Callisto/0s|HCallisto/1,0,p|LCallisto>Ganymede/2h: 4 zeros 0 pass (0.7s) totals zeros=173 pass=7 eta 0.7 min
2026-10-07T11:01:13+00:00 [145/254] k4|HGanymede/3,1,p|LGanymede>Callisto/0s|LCallisto>Callisto/1l|LCallisto>Ganymede/0s: 9 zeros 0 pass (0.9s) totals zeros=182 pass=7 eta 0.7 min
2026-10-07T11:01:14+00:00 [146/254] k4|HGanymede/3,1,p|LGanymede>Callisto/0s|LCallisto>Callisto/2h|LCallisto>Ganymede/1l: 0 zeros 0 pass (0.3s) totals zeros=182 pass=7 eta 0.7 min
2026-10-07T11:01:14+00:00 [147/254] k4|HGanymede/3,1,p|LGanymede>Callisto/1l|RCallisto/1:2|LCallisto>Ganymede/1l: 0 zeros 0 pass (0.0s) totals zeros=182 pass=7 eta 0.7 min
2026-10-07T11:01:14+00:00 [148/254] k4|HGanymede/3,1,p|LGanymede>Callisto/1l|HCallisto/3,1,p|LCallisto>Ganymede/1l: 0 zeros 0 pass (0.0s) totals zeros=182 pass=7 eta 0.7 min
2026-10-07T11:01:14+00:00 [149/254] k4|HGanymede/3,1,p|LGanymede>Callisto/1l|LCallisto>Callisto/1h|LCallisto>Ganymede/1h: 0 zeros 0 pass (0.2s) totals zeros=182 pass=7 eta 0.7 min
2026-10-07T11:01:14+00:00 [150/254] k4|HGanymede/3,1,p|LGanymede>Callisto/1h|LCallisto>Ganymede/2l: 1 zeros 0 pass (0.3s) totals zeros=183 pass=7 eta 0.7 min
2026-10-07T11:01:15+00:00 [151/254] k4|HGanymede/3,1,p|LGanymede>Callisto/1h|HCallisto/1,0,p|LCallisto>Ganymede/1h: 3 zeros 0 pass (0.6s) totals zeros=186 pass=7 eta 0.7 min
2026-10-07T11:01:15+00:00 [152/254] k4|HGanymede/3,1,p|LGanymede>Callisto/1h|HCallisto/3,1,a|LCallisto>Ganymede/2l: 0 zeros 0 pass (0.0s) totals zeros=186 pass=7 eta 0.7 min
2026-10-07T11:01:15+00:00 [153/254] k4|HGanymede/3,1,p|LGanymede>Callisto/1h|LCallisto>Callisto/2l|LCallisto>Ganymede/2h: 0 zeros 0 pass (0.2s) totals zeros=186 pass=7 eta 0.6 min
2026-10-07T11:01:16+00:00 [154/254] k4|HGanymede/3,1,p|LGanymede>Callisto/2l|RCallisto/1:2|LCallisto>Ganymede/0s: 0 zeros 0 pass (0.4s) totals zeros=186 pass=7 eta 0.6 min
2026-10-07T11:01:16+00:00 [155/254] k4|HGanymede/3,1,p|LGanymede>Callisto/2l|HCallisto/3,1,p|LCallisto>Ganymede/1l: 0 zeros 0 pass (0.0s) totals zeros=186 pass=7 eta 0.6 min
2026-10-07T11:01:16+00:00 [156/254] k4|HGanymede/3,1,p|LGanymede>Callisto/2l|LCallisto>Callisto/2l|LCallisto>Ganymede/1l: 0 zeros 0 pass (0.2s) totals zeros=186 pass=7 eta 0.6 min
2026-10-07T11:01:16+00:00 [157/254] k4|HGanymede/3,1,p|LGanymede>Callisto/2h|RCallisto/1:1|LCallisto>Ganymede/1h: 0 zeros 0 pass (0.0s) totals zeros=186 pass=7 eta 0.6 min
2026-10-07T11:01:16+00:00 [158/254] k4|HGanymede/3,1,p|LGanymede>Callisto/2h|HCallisto/1,0,a|LCallisto>Ganymede/2l: 0 zeros 0 pass (0.1s) totals zeros=186 pass=7 eta 0.6 min
2026-10-07T11:01:16+00:00 [159/254] k4|HGanymede/3,1,p|LGanymede>Callisto/2h|LCallisto>Callisto/1h|LCallisto>Ganymede/2l: 0 zeros 0 pass (0.3s) totals zeros=186 pass=7 eta 0.6 min
2026-10-07T11:01:17+00:00 [160/254] k4|HGanymede/3,1,a|LGanymede>Callisto/0s|LCallisto>Ganymede/2h: 4 zeros 0 pass (0.4s) totals zeros=190 pass=7 eta 0.6 min
2026-10-07T11:01:17+00:00 [161/254] k4|HGanymede/3,1,a|LGanymede>Callisto/0s|RCallisto/2:3|LCallisto>Ganymede/1h: 0 zeros 0 pass (0.0s) totals zeros=190 pass=7 eta 0.6 min
2026-10-07T11:01:17+00:00 [162/254] k4|HGanymede/3,1,a|LGanymede>Callisto/0s|HCallisto/3,1,a|LCallisto>Ganymede/0s: 6 zeros 0 pass (0.6s) totals zeros=196 pass=7 eta 0.6 min
2026-10-07T11:01:18+00:00 [163/254] k4|HGanymede/3,1,a|LGanymede>Callisto/0s|LCallisto>Callisto/2l|LCallisto>Ganymede/1l: 0 zeros 0 pass (0.3s) totals zeros=196 pass=7 eta 0.6 min
2026-10-07T11:01:18+00:00 [164/254] k4|HGanymede/3,1,a|LGanymede>Callisto/1l|RCallisto/1:1|LCallisto>Ganymede/1h: 0 zeros 0 pass (0.0s) totals zeros=196 pass=7 eta 0.6 min
2026-10-07T11:01:18+00:00 [165/254] k4|HGanymede/3,1,a|LGanymede>Callisto/1l|HCallisto/1,0,a|LCallisto>Ganymede/1l: 1 zeros 0 pass (0.3s) totals zeros=197 pass=7 eta 0.6 min
2026-10-07T11:01:18+00:00 [166/254] k4|HGanymede/3,1,a|LGanymede>Callisto/1l|LCallisto>Callisto/1l|LCallisto>Ganymede/1h: 0 zeros 0 pass (0.2s) totals zeros=197 pass=7 eta 0.5 min
2026-10-07T11:01:18+00:00 [167/254] k4|HGanymede/3,1,a|LGanymede>Callisto/1l|LCallisto>Callisto/2h|LCallisto>Ganymede/2l: 0 zeros 0 pass (0.2s) totals zeros=197 pass=7 eta 0.5 min
2026-10-07T11:01:18+00:00 [168/254] k4|HGanymede/3,1,a|LGanymede>Callisto/1h|RCallisto/1:2|LCallisto>Ganymede/2l: 0 zeros 0 pass (0.0s) totals zeros=197 pass=7 eta 0.5 min
2026-10-07T11:01:18+00:00 [169/254] k4|HGanymede/3,1,a|LGanymede>Callisto/1h|HCallisto/3,1,p|LCallisto>Ganymede/2l: 0 zeros 0 pass (0.0s) totals zeros=197 pass=7 eta 0.5 min
2026-10-07T11:01:19+00:00 [170/254] k4|HGanymede/3,1,a|LGanymede>Callisto/1h|LCallisto>Callisto/1h|LCallisto>Ganymede/2h: 0 zeros 0 pass (0.2s) totals zeros=197 pass=7 eta 0.5 min
2026-10-07T11:01:19+00:00 [171/254] k4|HGanymede/3,1,a|LGanymede>Callisto/2l|RCallisto/1:1|LCallisto>Ganymede/0s: 0 zeros 0 pass (0.4s) totals zeros=197 pass=7 eta 0.5 min
2026-10-07T11:01:19+00:00 [172/254] k4|HGanymede/3,1,a|LGanymede>Callisto/2l|HCallisto/1,0,a|LCallisto>Ganymede/1l: 1 zeros 0 pass (0.2s) totals zeros=198 pass=7 eta 0.5 min
2026-10-07T11:01:20+00:00 [173/254] k4|HGanymede/3,1,a|LGanymede>Callisto/2l|LCallisto>Callisto/1h|LCallisto>Ganymede/1l: 0 zeros 0 pass (0.2s) totals zeros=198 pass=7 eta 0.5 min
2026-10-07T11:01:20+00:00 [174/254] k4|HGanymede/3,1,a|LGanymede>Callisto/2h|LCallisto>Ganymede/1h: 2 zeros 0 pass (0.4s) totals zeros=200 pass=7 eta 0.5 min
2026-10-07T11:01:20+00:00 [175/254] k4|HGanymede/3,1,a|LGanymede>Callisto/2h|HCallisto/1,0,p|LCallisto>Ganymede/2l: 0 zeros 0 pass (0.2s) totals zeros=200 pass=7 eta 0.5 min
2026-10-07T11:01:20+00:00 [176/254] k4|HGanymede/3,1,a|LGanymede>Callisto/2h|LCallisto>Callisto/1l|LCallisto>Ganymede/2l: 0 zeros 0 pass (0.3s) totals zeros=200 pass=7 eta 0.5 min
2026-10-07T11:01:21+00:00 [177/254] k4|HGanymede/3,1,a|LGanymede>Callisto/2h|LCallisto>Callisto/2h|LCallisto>Ganymede/2h: 0 zeros 0 pass (0.3s) totals zeros=200 pass=7 eta 0.5 min
2026-10-07T11:01:21+00:00 [178/254] k4|LGanymede>Ganymede/1l|LGanymede>Callisto/0s|RCallisto/1:2|LCallisto>Ganymede/0s: 7 zeros 0 pass (0.9s) totals zeros=207 pass=7 eta 0.5 min
2026-10-07T11:01:23+00:00 [179/254] k4|LGanymede>Ganymede/1l|LGanymede>Callisto/0s|HCallisto/1,0,a|LCallisto>Ganymede/1l: 15 zeros 0 pass (1.3s) totals zeros=222 pass=7 eta 0.5 min
2026-10-07T11:01:29+00:00 [180/254] k4|LGanymede>Ganymede/1l|LGanymede>Callisto/0s|LCallisto>Callisto/1l|LCallisto>Ganymede/1h: 0 zeros 0 pass (6.5s) totals zeros=222 pass=7 eta 0.5 min
2026-10-07T11:01:31+00:00 [181/254] k4|LGanymede>Ganymede/1l|LGanymede>Callisto/0s|LCallisto>Callisto/2h|LCallisto>Ganymede/2l: 0 zeros 0 pass (1.4s) totals zeros=222 pass=7 eta 0.5 min
2026-10-07T11:01:31+00:00 [182/254] k4|LGanymede>Ganymede/1l|LGanymede>Callisto/1l|RCallisto/2:1|LCallisto>Ganymede/2h: 0 zeros 0 pass (0.2s) totals zeros=222 pass=7 eta 0.5 min
2026-10-07T11:01:33+00:00 [183/254] k4|LGanymede>Ganymede/1l|LGanymede>Callisto/1l|HCallisto/1,0,a|LCallisto>Ganymede/0s: 14 zeros 0 pass (1.6s) totals zeros=236 pass=7 eta 0.5 min
2026-10-07T11:01:34+00:00 [184/254] k4|LGanymede>Ganymede/1l|LGanymede>Callisto/1l|LCallisto>Callisto/1l|LCallisto>Ganymede/1l: 0 zeros 0 pass (1.6s) totals zeros=236 pass=7 eta 0.5 min
2026-10-07T11:01:36+00:00 [185/254] k4|LGanymede>Ganymede/1l|LGanymede>Callisto/1l|LCallisto>Callisto/2h|LCallisto>Ganymede/1h: 0 zeros 0 pass (1.3s) totals zeros=236 pass=7 eta 0.5 min
2026-10-07T11:01:36+00:00 [186/254] k4|LGanymede>Ganymede/1l|LGanymede>Callisto/1h|RCallisto/2:1|LCallisto>Ganymede/2l: 0 zeros 0 pass (0.2s) totals zeros=236 pass=7 eta 0.5 min
2026-10-07T11:01:37+00:00 [187/254] k4|LGanymede>Ganymede/1l|LGanymede>Callisto/1h|HCallisto/1,0,p|LCallisto>Ganymede/2h: 0 zeros 0 pass (1.1s) totals zeros=236 pass=7 eta 0.5 min
2026-10-07T11:01:43+00:00 [188/254] k4|LGanymede>Ganymede/1l|LGanymede>Callisto/1h|LCallisto>Callisto/1l|LCallisto>Ganymede/0s: 0 zeros 0 pass (5.7s) totals zeros=236 pass=7 eta 0.5 min
2026-10-07T11:01:44+00:00 [189/254] k4|LGanymede>Ganymede/1l|LGanymede>Callisto/1h|LCallisto>Callisto/2h|LCallisto>Ganymede/1l: 0 zeros 0 pass (1.1s) totals zeros=236 pass=7 eta 0.5 min
2026-10-07T11:01:44+00:00 [190/254] k4|LGanymede>Ganymede/1l|LGanymede>Callisto/2l|RCallisto/2:1|LCallisto>Ganymede/1h: 0 zeros 0 pass (0.2s) totals zeros=236 pass=7 eta 0.5 min
2026-10-07T11:01:45+00:00 [191/254] k4|LGanymede>Ganymede/1l|LGanymede>Callisto/2l|HCallisto/1,0,a|LCallisto>Ganymede/1h: 0 zeros 0 pass (1.0s) totals zeros=236 pass=7 eta 0.5 min
2026-10-07T11:01:46+00:00 [192/254] k4|LGanymede>Ganymede/1l|LGanymede>Callisto/2l|LCallisto>Callisto/1l|LCallisto>Ganymede/2l: 0 zeros 0 pass (1.1s) totals zeros=236 pass=7 eta 0.5 min
2026-10-07T11:01:47+00:00 [193/254] k4|LGanymede>Ganymede/1l|LGanymede>Callisto/2l|LCallisto>Callisto/2h|LCallisto>Ganymede/2h: 0 zeros 0 pass (1.1s) totals zeros=236 pass=7 eta 0.5 min
2026-10-07T11:01:47+00:00 [194/254] k4|LGanymede>Ganymede/1l|LGanymede>Callisto/2h|RCallisto/1:2|LCallisto>Ganymede/1h: 1 zeros 0 pass (0.3s) totals zeros=237 pass=7 eta 0.5 min
2026-10-07T11:01:48+00:00 [195/254] k4|LGanymede>Ganymede/1l|LGanymede>Callisto/2h|HCallisto/3,1,p|LCallisto>Ganymede/0s: 0 zeros 0 pass (0.3s) totals zeros=237 pass=7 eta 0.5 min
2026-10-07T11:01:49+00:00 [196/254] k4|LGanymede>Ganymede/1l|LGanymede>Callisto/2h|LCallisto>Callisto/1h|LCallisto>Ganymede/1l: 0 zeros 0 pass (1.3s) totals zeros=237 pass=7 eta 0.5 min
2026-10-07T11:01:53+00:00 [197/254] k4|LGanymede>Ganymede/1h|LGanymede>Callisto/0s|LCallisto>Ganymede/1h: 5 zeros 1 pass (4.0s) totals zeros=242 pass=8 eta 0.5 min
2026-10-07T11:01:54+00:00 [198/254] k4|LGanymede>Ganymede/1h|LGanymede>Callisto/0s|RCallisto/1:2|LCallisto>Ganymede/2l: 3 zeros 0 pass (1.3s) totals zeros=245 pass=8 eta 0.5 min
2026-10-07T11:01:58+00:00 [199/254] k4|LGanymede>Ganymede/1h|LGanymede>Callisto/0s|HCallisto/1,0,a|LCallisto>Ganymede/2h: 4 zeros 0 pass (3.9s) totals zeros=249 pass=8 eta 0.5 min
2026-10-07T11:02:02+00:00 [200/254] k4|LGanymede>Ganymede/1h|LGanymede>Callisto/0s|LCallisto>Callisto/1h|LCallisto>Ganymede/0s: 10 zeros 3 pass (3.8s) totals zeros=259 pass=11 eta 0.5 min
2026-10-07T11:02:04+00:00 [201/254] k4|LGanymede>Ganymede/1h|LGanymede>Callisto/1l|LCallisto>Ganymede/1l: 6 zeros 0 pass (1.6s) totals zeros=265 pass=11 eta 0.5 min
2026-10-07T11:02:05+00:00 [202/254] k4|LGanymede>Ganymede/1h|LGanymede>Callisto/1l|RCallisto/1:2|LCallisto>Ganymede/1h: 2 zeros 0 pass (1.2s) totals zeros=267 pass=11 eta 0.5 min
2026-10-07T11:02:07+00:00 [203/254] k4|LGanymede>Ganymede/1h|LGanymede>Callisto/1l|HCallisto/1,0,a|LCallisto>Ganymede/2l: 1 zeros 0 pass (1.8s) totals zeros=268 pass=11 eta 0.5 min
2026-10-07T11:02:08+00:00 [204/254] k4|LGanymede>Ganymede/1h|LGanymede>Callisto/1l|LCallisto>Callisto/1l|LCallisto>Ganymede/2h: 0 zeros 0 pass (1.4s) totals zeros=268 pass=11 eta 0.5 min
2026-10-07T11:02:13+00:00 [205/254] k4|LGanymede>Ganymede/1h|LGanymede>Callisto/1h|LCallisto>Ganymede/0s: 5 zeros 1 pass (5.1s) totals zeros=273 pass=12 eta 0.5 min
2026-10-07T11:02:14+00:00 [206/254] k4|LGanymede>Ganymede/1h|LGanymede>Callisto/1h|RCallisto/1:2|LCallisto>Ganymede/1l: 2 zeros 0 pass (0.7s) totals zeros=275 pass=12 eta 0.5 min
2026-10-07T11:02:20+00:00 [207/254] k4|LGanymede>Ganymede/1h|LGanymede>Callisto/1h|HCallisto/1,0,a|LCallisto>Ganymede/1h: 4 zeros 0 pass (5.8s) totals zeros=279 pass=12 eta 0.5 min
2026-10-07T11:02:21+00:00 [208/254] k4|LGanymede>Ganymede/1h|LGanymede>Callisto/1h|LCallisto>Callisto/1l|LCallisto>Ganymede/2l: 0 zeros 0 pass (1.3s) totals zeros=279 pass=12 eta 0.5 min
2026-10-07T11:02:22+00:00 [209/254] k4|LGanymede>Ganymede/1h|LGanymede>Callisto/1h|LCallisto>Callisto/2h|LCallisto>Ganymede/2h: 0 zeros 0 pass (1.3s) totals zeros=279 pass=12 eta 0.5 min
2026-10-07T11:02:23+00:00 [210/254] k4|LGanymede>Ganymede/1h|LGanymede>Callisto/2l|RCallisto/1:2|LCallisto>Ganymede/1h: 0 zeros 0 pass (0.4s) totals zeros=279 pass=12 eta 0.4 min
2026-10-07T11:02:23+00:00 [211/254] k4|LGanymede>Ganymede/1h|LGanymede>Callisto/2l|HCallisto/3,1,p|LCallisto>Ganymede/0s: 0 zeros 0 pass (0.3s) totals zeros=279 pass=12 eta 0.4 min
2026-10-07T11:02:24+00:00 [212/254] k4|LGanymede>Ganymede/1h|LGanymede>Callisto/2l|LCallisto>Callisto/1h|LCallisto>Ganymede/1l: 0 zeros 0 pass (1.4s) totals zeros=279 pass=12 eta 0.4 min
2026-10-07T11:02:27+00:00 [213/254] k4|LGanymede>Ganymede/1h|LGanymede>Callisto/2h|LCallisto>Ganymede/1h: 1 zeros 0 pass (3.3s) totals zeros=280 pass=12 eta 0.4 min
2026-10-07T11:02:28+00:00 [214/254] k4|LGanymede>Ganymede/1h|LGanymede>Callisto/2h|RCallisto/2:3|LCallisto>Ganymede/0s: 0 zeros 0 pass (0.3s) totals zeros=280 pass=12 eta 0.4 min
2026-10-07T11:02:28+00:00 [215/254] k4|LGanymede>Ganymede/1h|LGanymede>Callisto/2h|HCallisto/3,1,p|LCallisto>Ganymede/2l: 0 zeros 0 pass (0.3s) totals zeros=280 pass=12 eta 0.4 min
2026-10-07T11:02:29+00:00 [216/254] k4|LGanymede>Ganymede/1h|LGanymede>Callisto/2h|LCallisto>Callisto/1h|LCallisto>Ganymede/2h: 0 zeros 0 pass (1.4s) totals zeros=280 pass=12 eta 0.4 min
2026-10-07T11:02:31+00:00 [217/254] k4|LGanymede>Ganymede/2l|LGanymede>Callisto/0s|RCallisto/1:1|LCallisto>Ganymede/0s: 7 zeros 2 pass (1.5s) totals zeros=287 pass=14 eta 0.4 min
2026-10-07T11:02:31+00:00 [218/254] k4|LGanymede>Ganymede/2l|LGanymede>Callisto/0s|RCallisto/2:3|LCallisto>Ganymede/1l: 0 zeros 0 pass (0.3s) totals zeros=287 pass=14 eta 0.4 min
2026-10-07T11:02:32+00:00 [219/254] k4|LGanymede>Ganymede/2l|LGanymede>Callisto/0s|HCallisto/3,1,p|LCallisto>Ganymede/1h: 0 zeros 0 pass (0.4s) totals zeros=287 pass=14 eta 0.4 min
2026-10-07T11:02:34+00:00 [220/254] k4|LGanymede>Ganymede/2l|LGanymede>Callisto/0s|LCallisto>Callisto/1h|LCallisto>Ganymede/2l: 0 zeros 0 pass (2.5s) totals zeros=287 pass=14 eta 0.4 min
2026-10-07T11:02:35+00:00 [221/254] k4|LGanymede>Ganymede/2l|LGanymede>Callisto/1l|LCallisto>Ganymede/2h: 0 zeros 0 pass (1.0s) totals zeros=287 pass=14 eta 0.3 min
2026-10-07T11:02:35+00:00 [222/254] k4|LGanymede>Ganymede/2l|LGanymede>Callisto/1l|RCallisto/2:3|LCallisto>Ganymede/1h: 0 zeros 0 pass (0.3s) totals zeros=287 pass=14 eta 0.3 min
2026-10-07T11:02:36+00:00 [223/254] k4|LGanymede>Ganymede/2l|LGanymede>Callisto/1l|HCallisto/3,1,a|LCallisto>Ganymede/0s: 0 zeros 0 pass (0.8s) totals zeros=287 pass=14 eta 0.3 min
2026-10-07T11:02:38+00:00 [224/254] k4|LGanymede>Ganymede/2l|LGanymede>Callisto/1l|LCallisto>Callisto/2l|LCallisto>Ganymede/1l: 0 zeros 0 pass (1.6s) totals zeros=287 pass=14 eta 0.3 min
2026-10-07T11:02:38+00:00 [225/254] k4|LGanymede>Ganymede/2l|LGanymede>Callisto/1h|RCallisto/1:1|LCallisto>Ganymede/1h: 1 zeros 0 pass (0.4s) totals zeros=288 pass=14 eta 0.3 min
2026-10-07T11:02:40+00:00 [226/254] k4|LGanymede>Ganymede/2l|LGanymede>Callisto/1h|HCallisto/1,0,p|LCallisto>Ganymede/1h: 1 zeros 0 pass (1.7s) totals zeros=289 pass=14 eta 0.3 min
2026-10-07T11:02:40+00:00 [227/254] k4|LGanymede>Ganymede/2l|LGanymede>Callisto/1h|HCallisto/3,1,a|LCallisto>Ganymede/2l: 0 zeros 0 pass (0.3s) totals zeros=289 pass=14 eta 0.3 min
2026-10-07T11:02:41+00:00 [228/254] k4|LGanymede>Ganymede/2l|LGanymede>Callisto/1h|LCallisto>Callisto/2l|LCallisto>Ganymede/2h: 0 zeros 0 pass (1.2s) totals zeros=289 pass=14 eta 0.3 min
2026-10-07T11:02:42+00:00 [229/254] k4|LGanymede>Ganymede/2l|LGanymede>Callisto/2l|RCallisto/2:1|LCallisto>Ganymede/0s: 0 zeros 0 pass (0.2s) totals zeros=289 pass=14 eta 0.3 min
2026-10-07T11:02:42+00:00 [230/254] k4|LGanymede>Ganymede/2l|LGanymede>Callisto/2l|HCallisto/1,0,a|LCallisto>Ganymede/2h: 0 zeros 0 pass (0.4s) totals zeros=289 pass=14 eta 0.3 min
2026-10-07T11:02:44+00:00 [231/254] k4|LGanymede>Ganymede/2l|LGanymede>Callisto/2l|LCallisto>Callisto/1h|LCallisto>Ganymede/0s: 0 zeros 0 pass (2.0s) totals zeros=289 pass=14 eta 0.2 min
2026-10-07T11:02:45+00:00 [232/254] k4|LGanymede>Ganymede/2l|LGanymede>Callisto/2h|LCallisto>Ganymede/1l: 0 zeros 0 pass (0.7s) totals zeros=289 pass=14 eta 0.2 min
2026-10-07T11:02:49+00:00 [233/254] k4|LGanymede>Ganymede/2l|LGanymede>Callisto/2h|HCallisto/1,0,p|LCallisto>Ganymede/0s: 3 zeros 0 pass (4.5s) totals zeros=292 pass=14 eta 0.2 min
2026-10-07T11:02:50+00:00 [234/254] k4|LGanymede>Ganymede/2l|LGanymede>Callisto/2h|HCallisto/3,1,a|LCallisto>Ganymede/1l: 0 zeros 0 pass (0.3s) totals zeros=292 pass=14 eta 0.2 min
2026-10-07T11:02:51+00:00 [235/254] k4|LGanymede>Ganymede/2l|LGanymede>Callisto/2h|LCallisto>Callisto/2l|LCallisto>Ganymede/1h: 0 zeros 0 pass (1.3s) totals zeros=292 pass=14 eta 0.2 min
2026-10-07T11:02:51+00:00 [236/254] k4|LGanymede>Ganymede/2h|LGanymede>Callisto/0s|RCallisto/1:1|LCallisto>Ganymede/2l: 1 zeros 0 pass (0.5s) totals zeros=293 pass=14 eta 0.2 min
2026-10-07T11:02:52+00:00 [237/254] k4|LGanymede>Ganymede/2h|LGanymede>Callisto/0s|RCallisto/2:3|LCallisto>Ganymede/2h: 0 zeros 0 pass (0.2s) totals zeros=293 pass=14 eta 0.2 min
2026-10-07T11:02:53+00:00 [238/254] k4|LGanymede>Ganymede/2h|LGanymede>Callisto/0s|HCallisto/3,1,a|LCallisto>Ganymede/0s: 8 zeros 0 pass (1.0s) totals zeros=301 pass=14 eta 0.2 min
2026-10-07T11:02:54+00:00 [239/254] k4|LGanymede>Ganymede/2h|LGanymede>Callisto/0s|LCallisto>Callisto/2l|LCallisto>Ganymede/1l: 0 zeros 0 pass (1.3s) totals zeros=301 pass=14 eta 0.2 min
2026-10-07T11:02:54+00:00 [240/254] k4|LGanymede>Ganymede/2h|LGanymede>Callisto/1l|RCallisto/1:1|LCallisto>Ganymede/1h: 0 zeros 0 pass (0.4s) totals zeros=301 pass=14 eta 0.2 min
2026-10-07T11:02:56+00:00 [241/254] k4|LGanymede>Ganymede/2h|LGanymede>Callisto/1l|HCallisto/1,0,p|LCallisto>Ganymede/1h: 1 zeros 0 pass (1.3s) totals zeros=302 pass=14 eta 0.1 min
2026-10-07T11:02:56+00:00 [242/254] k4|LGanymede>Ganymede/2h|LGanymede>Callisto/1l|HCallisto/3,1,a|LCallisto>Ganymede/2l: 0 zeros 0 pass (0.3s) totals zeros=302 pass=14 eta 0.1 min
2026-10-07T11:02:57+00:00 [243/254] k4|LGanymede>Ganymede/2h|LGanymede>Callisto/1l|LCallisto>Callisto/2l|LCallisto>Ganymede/2h: 0 zeros 0 pass (1.2s) totals zeros=302 pass=14 eta 0.1 min
2026-10-07T11:02:57+00:00 [244/254] k4|LGanymede>Ganymede/2h|LGanymede>Callisto/1h|RCallisto/2:1|LCallisto>Ganymede/0s: 0 zeros 0 pass (0.2s) totals zeros=302 pass=14 eta 0.1 min
2026-10-07T11:03:00+00:00 [245/254] k4|LGanymede>Ganymede/2h|LGanymede>Callisto/1h|HCallisto/1,0,a|LCallisto>Ganymede/0s: 5 zeros 0 pass (2.3s) totals zeros=307 pass=14 eta 0.1 min
2026-10-07T11:03:01+00:00 [246/254] k4|LGanymede>Ganymede/2h|LGanymede>Callisto/1h|LCallisto>Callisto/1l|LCallisto>Ganymede/1l: 0 zeros 0 pass (1.2s) totals zeros=307 pass=14 eta 0.1 min
2026-10-07T11:03:02+00:00 [247/254] k4|LGanymede>Ganymede/2h|LGanymede>Callisto/1h|LCallisto>Callisto/2h|LCallisto>Ganymede/1h: 0 zeros 0 pass (1.2s) totals zeros=307 pass=14 eta 0.1 min
2026-10-07T11:03:02+00:00 [248/254] k4|LGanymede>Ganymede/2h|LGanymede>Callisto/2l|RCallisto/1:2|LCallisto>Ganymede/1h: 0 zeros 0 pass (0.3s) totals zeros=307 pass=14 eta 0.1 min
2026-10-07T11:03:03+00:00 [249/254] k4|LGanymede>Ganymede/2h|LGanymede>Callisto/2l|HCallisto/3,1,p|LCallisto>Ganymede/1h: 0 zeros 0 pass (0.3s) totals zeros=307 pass=14 eta 0.1 min
2026-10-07T11:03:04+00:00 [250/254] k4|LGanymede>Ganymede/2h|LGanymede>Callisto/2l|LCallisto>Callisto/1h|LCallisto>Ganymede/2l: 0 zeros 0 pass (1.3s) totals zeros=307 pass=14 eta 0.0 min
2026-10-07T11:03:05+00:00 [251/254] k4|LGanymede>Ganymede/2h|LGanymede>Callisto/2h|LCallisto>Ganymede/2h: 0 zeros 0 pass (1.0s) totals zeros=307 pass=14 eta 0.0 min
2026-10-07T11:03:05+00:00 [252/254] k4|LGanymede>Ganymede/2h|LGanymede>Callisto/2h|HCallisto/1,0,p|LCallisto>Ganymede/2l: 0 zeros 0 pass (0.4s) totals zeros=307 pass=14 eta 0.0 min
2026-10-07T11:03:06+00:00 [253/254] k4|LGanymede>Ganymede/2h|LGanymede>Callisto/2h|HCallisto/3,1,a|LCallisto>Ganymede/2h: 0 zeros 0 pass (0.3s) totals zeros=307 pass=14 eta 0.0 min
2026-10-07T11:03:07+00:00 [254/254] k4|LGanymede>Ganymede/2h|LGanymede>Callisto/2h|LCallisto>Callisto/2h|LCallisto>Ganymede/0s: 0 zeros 0 pass (1.6s) totals zeros=307 pass=14 eta 0.0 min
2026-10-07T11:03:07+00:00 DONE structures=254 zeros=307 pass=14 structure_errors=0 zero_assessment_errors=0
