2026-10-07T10:32:43+00:00 cell gc k=4: 4068 structures (T = 50.09 d)
2026-10-07T10:32:43+00:00 total to run: 509 (shard 3/8)
2026-10-07T10:32:44+00:00 [1/509] k4|LGanymede>Callisto/0s|LCallisto>Ganymede/2l: 2 zeros 1 pass (0.8s) totals zeros=2 pass=1 eta 6.4 min
2026-10-07T10:32:44+00:00 [2/509] k4|LGanymede>Callisto/0s|RCallisto/2:1|LCallisto>Ganymede/1l: 1 zeros 0 pass (0.5s) totals zeros=3 pass=1 eta 5.5 min
2026-10-07T10:32:46+00:00 [3/509] k4|LGanymede>Callisto/0s|RCallisto/1:2|LCallisto>Ganymede/2h: 3 zeros 0 pass (1.3s) totals zeros=6 pass=1 eta 7.3 min
2026-10-07T10:32:46+00:00 [4/509] k4|LGanymede>Callisto/0s|HCallisto/1,0,p|LCallisto>Ganymede/1h: 3 zeros 0 pass (0.3s) totals zeros=9 pass=1 eta 6.1 min
2026-10-07T10:32:46+00:00 [5/509] k4|LGanymede>Callisto/0s|HCallisto/3,1,p|LCallisto>Ganymede/0s: 6 zeros 0 pass (0.3s) totals zeros=15 pass=1 eta 5.4 min
2026-10-07T10:32:47+00:00 [6/509] k4|LGanymede>Callisto/0s|HCallisto/3,1,a|LCallisto>Ganymede/2l: 0 zeros 0 pass (0.7s) totals zeros=15 pass=1 eta 5.4 min
2026-10-07T10:32:49+00:00 [7/509] k4|LGanymede>Callisto/0s|LCallisto>Callisto/1h|LCallisto>Ganymede/1l: 5 zeros 0 pass (1.6s) totals zeros=20 pass=1 eta 6.6 min
2026-10-07T10:32:49+00:00 [8/509] k4|LGanymede>Callisto/0s|LCallisto>Callisto/2l|LCallisto>Ganymede/2h: 1 zeros 0 pass (0.5s) totals zeros=21 pass=1 eta 6.3 min
2026-10-07T10:32:50+00:00 [9/509] k4|LGanymede>Callisto/1l|LCallisto>Ganymede/1h: 1 zeros 1 pass (0.6s) totals zeros=22 pass=2 eta 6.1 min
2026-10-07T10:32:50+00:00 [10/509] k4|LGanymede>Callisto/1l|RCallisto/2:1|LCallisto>Ganymede/0s: 1 zeros 0 pass (0.7s) totals zeros=23 pass=2 eta 6.0 min
2026-10-07T10:32:51+00:00 [11/509] k4|LGanymede>Callisto/1l|RCallisto/1:2|LCallisto>Ganymede/2l: 1 zeros 0 pass (0.3s) totals zeros=24 pass=2 eta 5.7 min
2026-10-07T10:32:51+00:00 [12/509] k4|LGanymede>Callisto/1l|HCallisto/1,0,p|LCallisto>Ganymede/1l: 2 zeros 0 pass (0.3s) totals zeros=26 pass=2 eta 5.4 min
2026-10-07T10:32:52+00:00 [13/509] k4|LGanymede>Callisto/1l|HCallisto/1,0,a|LCallisto>Ganymede/2h: 1 zeros 0 pass (0.8s) totals zeros=27 pass=2 eta 5.5 min
2026-10-07T10:32:52+00:00 [14/509] k4|LGanymede>Callisto/1l|HCallisto/3,1,a|LCallisto>Ganymede/1h: 0 zeros 0 pass (0.1s) totals zeros=27 pass=2 eta 5.1 min
2026-10-07T10:32:53+00:00 [15/509] k4|LGanymede>Callisto/1l|LCallisto>Callisto/1h|LCallisto>Ganymede/0s: 5 zeros 0 pass (1.3s) totals zeros=32 pass=2 eta 5.5 min
2026-10-07T10:32:54+00:00 [16/509] k4|LGanymede>Callisto/1l|LCallisto>Callisto/2l|LCallisto>Ganymede/2l: 0 zeros 0 pass (0.5s) totals zeros=32 pass=2 eta 5.4 min
2026-10-07T10:32:54+00:00 [17/509] k4|LGanymede>Callisto/1h|LCallisto>Ganymede/1l: 1 zeros 1 pass (0.8s) totals zeros=33 pass=3 eta 5.4 min
2026-10-07T10:32:55+00:00 [18/509] k4|LGanymede>Callisto/1h|RCallisto/1:1|LCallisto>Ganymede/2h: 2 zeros 0 pass (0.7s) totals zeros=35 pass=3 eta 5.5 min
2026-10-07T10:32:56+00:00 [19/509] k4|LGanymede>Callisto/1h|RCallisto/1:2|LCallisto>Ganymede/1h: 4 zeros 0 pass (0.7s) totals zeros=39 pass=3 eta 5.5 min
2026-10-07T10:32:56+00:00 [20/509] k4|LGanymede>Callisto/1h|HCallisto/1,0,p|LCallisto>Ganymede/0s: 3 zeros 0 pass (0.3s) totals zeros=42 pass=3 eta 5.3 min
2026-10-07T10:32:57+00:00 [21/509] k4|LGanymede>Callisto/1h|HCallisto/1,0,a|LCallisto>Ganymede/2l: 1 zeros 0 pass (0.6s) totals zeros=43 pass=3 eta 5.3 min
2026-10-07T10:32:57+00:00 [22/509] k4|LGanymede>Callisto/1h|HCallisto/3,1,a|LCallisto>Ganymede/1l: 0 zeros 0 pass (0.1s) totals zeros=43 pass=3 eta 5.1 min
2026-10-07T10:32:58+00:00 [23/509] k4|LGanymede>Callisto/1h|LCallisto>Callisto/1l|LCallisto>Ganymede/2h: 1 zeros 0 pass (1.2s) totals zeros=44 pass=3 eta 5.2 min
2026-10-07T10:32:58+00:00 [24/509] k4|LGanymede>Callisto/1h|LCallisto>Callisto/2l|LCallisto>Ganymede/1h: 0 zeros 0 pass (0.4s) totals zeros=44 pass=3 eta 5.1 min
2026-10-07T10:32:59+00:00 [25/509] k4|LGanymede>Callisto/2l|LCallisto>Ganymede/0s: 2 zeros 1 pass (0.5s) totals zeros=46 pass=4 eta 5.1 min
2026-10-07T10:32:59+00:00 [26/509] k4|LGanymede>Callisto/2l|RCallisto/1:1|LCallisto>Ganymede/2l: 0 zeros 0 pass (0.2s) totals zeros=46 pass=4 eta 4.9 min
2026-10-07T10:32:59+00:00 [27/509] k4|LGanymede>Callisto/2l|RCallisto/1:2|LCallisto>Ganymede/1l: 1 zeros 0 pass (0.3s) totals zeros=47 pass=4 eta 4.8 min
2026-10-07T10:32:59+00:00 [28/509] k4|LGanymede>Callisto/2l|RCallisto/2:3|LCallisto>Ganymede/2h: 0 zeros 0 pass (0.1s) totals zeros=47 pass=4 eta 4.7 min
2026-10-07T10:33:00+00:00 [29/509] k4|LGanymede>Callisto/2l|HCallisto/1,0,a|LCallisto>Ganymede/1h: 1 zeros 0 pass (0.8s) totals zeros=48 pass=4 eta 4.7 min
2026-10-07T10:33:01+00:00 [30/509] k4|LGanymede>Callisto/2l|HCallisto/3,1,a|LCallisto>Ganymede/0s: 0 zeros 0 pass (0.6s) totals zeros=48 pass=4 eta 4.7 min
2026-10-07T10:33:01+00:00 [31/509] k4|LGanymede>Callisto/2l|LCallisto>Callisto/1l|LCallisto>Ganymede/2l: 1 zeros 0 pass (0.6s) totals zeros=49 pass=4 eta 4.7 min
2026-10-07T10:33:02+00:00 [32/509] k4|LGanymede>Callisto/2l|LCallisto>Callisto/2l|LCallisto>Ganymede/1l: 0 zeros 0 pass (0.4s) totals zeros=49 pass=4 eta 4.6 min
2026-10-07T10:33:02+00:00 [33/509] k4|LGanymede>Callisto/2l|LCallisto>Callisto/2h|LCallisto>Ganymede/2h: 0 zeros 0 pass (0.4s) totals zeros=49 pass=4 eta 4.6 min
2026-10-07T10:33:03+00:00 [34/509] k4|LGanymede>Callisto/2h|RCallisto/1:1|LCallisto>Ganymede/1h: 2 zeros 0 pass (0.5s) totals zeros=51 pass=4 eta 4.6 min
2026-10-07T10:33:04+00:00 [35/509] k4|LGanymede>Callisto/2h|RCallisto/1:2|LCallisto>Ganymede/0s: 3 zeros 0 pass (1.4s) totals zeros=54 pass=4 eta 4.7 min
2026-10-07T10:33:04+00:00 [36/509] k4|LGanymede>Callisto/2h|RCallisto/2:3|LCallisto>Ganymede/2l: 0 zeros 0 pass (0.0s) totals zeros=54 pass=4 eta 4.6 min
2026-10-07T10:33:05+00:00 [37/509] k4|LGanymede>Callisto/2h|HCallisto/1,0,a|LCallisto>Ganymede/1l: 1 zeros 0 pass (0.4s) totals zeros=55 pass=4 eta 4.6 min
2026-10-07T10:33:05+00:00 [38/509] k4|LGanymede>Callisto/2h|HCallisto/3,1,p|LCallisto>Ganymede/2h: 0 zeros 0 pass (0.1s) totals zeros=55 pass=4 eta 4.5 min
2026-10-07T10:33:06+00:00 [39/509] k4|LGanymede>Callisto/2h|LCallisto>Callisto/1l|LCallisto>Ganymede/1h: 1 zeros 0 pass (1.6s) totals zeros=56 pass=4 eta 4.7 min
2026-10-07T10:33:07+00:00 [40/509] k4|LGanymede>Callisto/2h|LCallisto>Callisto/2l|LCallisto>Ganymede/0s: 1 zeros 0 pass (0.5s) totals zeros=57 pass=4 eta 4.6 min
2026-10-07T10:33:07+00:00 [41/509] k4|LGanymede>Callisto/2h|LCallisto>Callisto/2h|LCallisto>Ganymede/2l: 0 zeros 0 pass (0.5s) totals zeros=57 pass=4 eta 4.6 min
2026-10-07T10:33:09+00:00 [42/509] k4|RGanymede/1:1|LGanymede>Callisto/0s|RCallisto/1:1|LCallisto>Ganymede/1l: 2 zeros 0 pass (1.4s) totals zeros=59 pass=4 eta 4.7 min
2026-10-07T10:33:09+00:00 [43/509] k4|RGanymede/1:1|LGanymede>Callisto/0s|RCallisto/2:1|LCallisto>Ganymede/2h: 0 zeros 0 pass (0.1s) totals zeros=59 pass=4 eta 4.6 min
2026-10-07T10:33:09+00:00 [44/509] k4|RGanymede/1:1|LGanymede>Callisto/0s|RCallisto/2:3|LCallisto>Ganymede/1h: 0 zeros 0 pass (0.1s) totals zeros=59 pass=4 eta 4.5 min
2026-10-07T10:33:09+00:00 [45/509] k4|RGanymede/1:1|LGanymede>Callisto/0s|HCallisto/1,0,a|LCallisto>Ganymede/0s: 5 zeros 0 pass (0.4s) totals zeros=64 pass=4 eta 4.5 min
2026-10-07T10:33:09+00:00 [46/509] k4|RGanymede/1:1|LGanymede>Callisto/0s|HCallisto/3,1,p|LCallisto>Ganymede/2l: 0 zeros 0 pass (0.1s) totals zeros=64 pass=4 eta 4.4 min
2026-10-07T10:33:12+00:00 [47/509] k4|RGanymede/1:1|LGanymede>Callisto/0s|LCallisto>Callisto/1l|LCallisto>Ganymede/1l: 3 zeros 0 pass (2.6s) totals zeros=67 pass=4 eta 4.7 min
2026-10-07T10:33:13+00:00 [48/509] k4|RGanymede/1:1|LGanymede>Callisto/0s|LCallisto>Callisto/1h|LCallisto>Ganymede/2h: 2 zeros 2 pass (1.2s) totals zeros=69 pass=6 eta 4.8 min
2026-10-07T10:33:14+00:00 [49/509] k4|RGanymede/1:1|LGanymede>Callisto/0s|LCallisto>Callisto/2h|LCallisto>Ganymede/1h: 0 zeros 0 pass (0.4s) totals zeros=69 pass=6 eta 4.8 min
2026-10-07T10:33:15+00:00 [50/509] k4|RGanymede/1:1|LGanymede>Callisto/1l|RCallisto/1:1|LCallisto>Ganymede/0s: 3 zeros 0 pass (1.1s) totals zeros=72 pass=6 eta 4.8 min
2026-10-07T10:33:16+00:00 [51/509] k4|RGanymede/1:1|LGanymede>Callisto/1l|RCallisto/1:2|LCallisto>Ganymede/0s: 3 zeros 0 pass (1.2s) totals zeros=75 pass=6 eta 4.9 min
2026-10-07T10:33:16+00:00 [52/509] k4|RGanymede/1:1|LGanymede>Callisto/1l|HCallisto/1,0,p|LCallisto>Ganymede/0s: 4 zeros 0 pass (0.5s) totals zeros=79 pass=6 eta 4.9 min
2026-10-07T10:33:17+00:00 [53/509] k4|RGanymede/1:1|LGanymede>Callisto/1l|HCallisto/1,0,a|LCallisto>Ganymede/2l: 0 zeros 0 pass (0.3s) totals zeros=79 pass=6 eta 4.8 min
2026-10-07T10:33:17+00:00 [54/509] k4|RGanymede/1:1|LGanymede>Callisto/1l|HCallisto/3,1,a|LCallisto>Ganymede/1l: 0 zeros 0 pass (0.1s) totals zeros=79 pass=6 eta 4.7 min
2026-10-07T10:33:17+00:00 [55/509] k4|RGanymede/1:1|LGanymede>Callisto/1l|LCallisto>Callisto/1l|LCallisto>Ganymede/2h: 1 zeros 0 pass (0.4s) totals zeros=80 pass=6 eta 4.7 min
2026-10-07T10:33:18+00:00 [56/509] k4|RGanymede/1:1|LGanymede>Callisto/1l|LCallisto>Callisto/2l|LCallisto>Ganymede/1h: 0 zeros 0 pass (0.4s) totals zeros=80 pass=6 eta 4.6 min
2026-10-07T10:33:18+00:00 [57/509] k4|RGanymede/1:1|LGanymede>Callisto/1h|LCallisto>Ganymede/0s: 5 zeros 0 pass (0.7s) totals zeros=85 pass=6 eta 4.6 min
2026-10-07T10:33:19+00:00 [58/509] k4|RGanymede/1:1|LGanymede>Callisto/1h|RCallisto/1:1|LCallisto>Ganymede/2l: 0 zeros 0 pass (0.4s) totals zeros=85 pass=6 eta 4.6 min
2026-10-07T10:33:19+00:00 [59/509] k4|RGanymede/1:1|LGanymede>Callisto/1h|RCallisto/1:2|LCallisto>Ganymede/2l: 0 zeros 0 pass (0.4s) totals zeros=85 pass=6 eta 4.6 min
2026-10-07T10:33:20+00:00 [60/509] k4|RGanymede/1:1|LGanymede>Callisto/1h|HCallisto/1,0,p|LCallisto>Ganymede/2l: 0 zeros 0 pass (0.4s) totals zeros=85 pass=6 eta 4.5 min
2026-10-07T10:33:20+00:00 [61/509] k4|RGanymede/1:1|LGanymede>Callisto/1h|HCallisto/3,1,p|LCallisto>Ganymede/1l: 0 zeros 0 pass (0.0s) totals zeros=85 pass=6 eta 4.5 min
2026-10-07T10:33:20+00:00 [62/509] k4|RGanymede/1:1|LGanymede>Callisto/1h|HCallisto/3,1,a|LCallisto>Ganymede/2h: 0 zeros 0 pass (0.1s) totals zeros=85 pass=6 eta 4.4 min
2026-10-07T10:33:21+00:00 [63/509] k4|RGanymede/1:1|LGanymede>Callisto/1h|LCallisto>Callisto/1h|LCallisto>Ganymede/1h: 2 zeros 2 pass (0.9s) totals zeros=87 pass=8 eta 4.4 min
2026-10-07T10:33:21+00:00 [64/509] k4|RGanymede/1:1|LGanymede>Callisto/1h|LCallisto>Callisto/2h|LCallisto>Ganymede/0s: 0 zeros 0 pass (0.4s) totals zeros=87 pass=8 eta 4.4 min
2026-10-07T10:33:21+00:00 [65/509] k4|RGanymede/1:1|LGanymede>Callisto/2l|LCallisto>Ganymede/2l: 1 zeros 0 pass (0.5s) totals zeros=88 pass=8 eta 4.4 min
2026-10-07T10:33:22+00:00 [66/509] k4|RGanymede/1:1|LGanymede>Callisto/2l|RCallisto/1:2|LCallisto>Ganymede/0s: 3 zeros 0 pass (1.0s) totals zeros=91 pass=8 eta 4.4 min
2026-10-07T10:33:23+00:00 [67/509] k4|RGanymede/1:1|LGanymede>Callisto/2l|HCallisto/1,0,p|LCallisto>Ganymede/1h: 0 zeros 0 pass (0.5s) totals zeros=91 pass=8 eta 4.4 min
2026-10-07T10:33:23+00:00 [68/509] k4|RGanymede/1:1|LGanymede>Callisto/2l|HCallisto/3,1,p|LCallisto>Ganymede/0s: 0 zeros 0 pass (0.2s) totals zeros=91 pass=8 eta 4.3 min
2026-10-07T10:33:23+00:00 [69/509] k4|RGanymede/1:1|LGanymede>Callisto/2l|HCallisto/3,1,a|LCallisto>Ganymede/2l: 0 zeros 0 pass (0.1s) totals zeros=91 pass=8 eta 4.3 min
2026-10-07T10:33:24+00:00 [70/509] k4|RGanymede/1:1|LGanymede>Callisto/2l|LCallisto>Callisto/1h|LCallisto>Ganymede/1l: 0 zeros 0 pass (0.5s) totals zeros=91 pass=8 eta 4.2 min
2026-10-07T10:33:24+00:00 [71/509] k4|RGanymede/1:1|LGanymede>Callisto/2l|LCallisto>Callisto/2l|LCallisto>Ganymede/2h: 0 zeros 0 pass (0.4s) totals zeros=91 pass=8 eta 4.2 min
2026-10-07T10:33:25+00:00 [72/509] k4|RGanymede/1:1|LGanymede>Callisto/2h|LCallisto>Ganymede/1h: 3 zeros 1 pass (0.9s) totals zeros=94 pass=9 eta 4.2 min
2026-10-07T10:33:25+00:00 [73/509] k4|RGanymede/1:1|LGanymede>Callisto/2h|RCallisto/2:1|LCallisto>Ganymede/0s: 0 zeros 0 pass (0.1s) totals zeros=94 pass=9 eta 4.2 min
2026-10-07T10:33:25+00:00 [74/509] k4|RGanymede/1:1|LGanymede>Callisto/2h|HCallisto/1,0,p|LCallisto>Ganymede/1l: 0 zeros 0 pass (0.4s) totals zeros=94 pass=9 eta 4.1 min
2026-10-07T10:33:25+00:00 [75/509] k4|RGanymede/1:1|LGanymede>Callisto/2h|HCallisto/1,0,a|LCallisto>Ganymede/2h: 0 zeros 0 pass (0.1s) totals zeros=94 pass=9 eta 4.1 min
2026-10-07T10:33:26+00:00 [76/509] k4|RGanymede/1:1|LGanymede>Callisto/2h|HCallisto/3,1,a|LCallisto>Ganymede/1h: 0 zeros 0 pass (0.0s) totals zeros=94 pass=9 eta 4.0 min
2026-10-07T10:33:27+00:00 [77/509] k4|RGanymede/1:1|LGanymede>Callisto/2h|LCallisto>Callisto/1h|LCallisto>Ganymede/0s: 2 zeros 2 pass (1.3s) totals zeros=96 pass=11 eta 4.1 min
2026-10-07T10:33:27+00:00 [78/509] k4|RGanymede/1:1|LGanymede>Callisto/2h|LCallisto>Callisto/2l|LCallisto>Ganymede/2l: 0 zeros 0 pass (0.4s) totals zeros=96 pass=11 eta 4.1 min
2026-10-07T10:33:28+00:00 [79/509] k4|RGanymede/2:1|LGanymede>Callisto/0s|LCallisto>Ganymede/1l: 3 zeros 1 pass (0.9s) totals zeros=99 pass=12 eta 4.1 min
2026-10-07T10:33:28+00:00 [80/509] k4|RGanymede/2:1|LGanymede>Callisto/0s|RCallisto/1:1|LCallisto>Ganymede/2h: 2 zeros 0 pass (0.3s) totals zeros=101 pass=12 eta 4.0 min
2026-10-07T10:33:29+00:00 [81/509] k4|RGanymede/2:1|LGanymede>Callisto/0s|HCallisto/1,0,p|LCallisto>Ganymede/0s: 6 zeros 0 pass (0.3s) totals zeros=107 pass=12 eta 4.0 min
2026-10-07T10:33:29+00:00 [82/509] k4|RGanymede/2:1|LGanymede>Callisto/0s|HCallisto/1,0,a|LCallisto>Ganymede/2l: 3 zeros 0 pass (0.4s) totals zeros=110 pass=12 eta 4.0 min
2026-10-07T10:33:29+00:00 [83/509] k4|RGanymede/2:1|LGanymede>Callisto/0s|HCallisto/3,1,a|LCallisto>Ganymede/1l: 0 zeros 0 pass (0.1s) totals zeros=110 pass=12 eta 3.9 min
2026-10-07T10:33:30+00:00 [84/509] k4|RGanymede/2:1|LGanymede>Callisto/0s|LCallisto>Callisto/1l|LCallisto>Ganymede/2h: 0 zeros 0 pass (0.4s) totals zeros=110 pass=12 eta 3.9 min
2026-10-07T10:33:30+00:00 [85/509] k4|RGanymede/2:1|LGanymede>Callisto/0s|LCallisto>Callisto/2l|LCallisto>Ganymede/1h: 0 zeros 0 pass (0.5s) totals zeros=110 pass=12 eta 3.9 min
2026-10-07T10:33:31+00:00 [86/509] k4|RGanymede/2:1|LGanymede>Callisto/1l|LCallisto>Ganymede/0s: 3 zeros 1 pass (0.6s) totals zeros=113 pass=13 eta 3.9 min
2026-10-07T10:33:31+00:00 [87/509] k4|RGanymede/2:1|LGanymede>Callisto/1l|RCallisto/1:1|LCallisto>Ganymede/2l: 0 zeros 0 pass (0.1s) totals zeros=113 pass=13 eta 3.8 min
2026-10-07T10:33:31+00:00 [88/509] k4|RGanymede/2:1|LGanymede>Callisto/1l|HCallisto/1,0,p|LCallisto>Ganymede/1l: 1 zeros 0 pass (0.5s) totals zeros=114 pass=13 eta 3.8 min
2026-10-07T10:33:31+00:00 [89/509] k4|RGanymede/2:1|LGanymede>Callisto/1l|HCallisto/1,0,a|LCallisto>Ganymede/2h: 0 zeros 0 pass (0.1s) totals zeros=114 pass=13 eta 3.8 min
2026-10-07T10:33:32+00:00 [90/509] k4|RGanymede/2:1|LGanymede>Callisto/1l|LCallisto>Callisto/1l|LCallisto>Ganymede/1l: 1 zeros 0 pass (0.4s) totals zeros=115 pass=13 eta 3.8 min
2026-10-07T10:33:32+00:00 [91/509] k4|RGanymede/2:1|LGanymede>Callisto/1l|LCallisto>Callisto/1h|LCallisto>Ganymede/2h: 0 zeros 0 pass (0.3s) totals zeros=115 pass=13 eta 3.7 min
2026-10-07T10:33:32+00:00 [92/509] k4|RGanymede/2:1|LGanymede>Callisto/1l|LCallisto>Callisto/2h|LCallisto>Ganymede/1h: 0 zeros 0 pass (0.3s) totals zeros=115 pass=13 eta 3.7 min
2026-10-07T10:33:33+00:00 [93/509] k4|RGanymede/2:1|LGanymede>Callisto/1h|RCallisto/1:1|LCallisto>Ganymede/0s: 3 zeros 0 pass (1.2s) totals zeros=118 pass=13 eta 3.8 min
2026-10-07T10:33:34+00:00 [94/509] k4|RGanymede/2:1|LGanymede>Callisto/1h|RCallisto/1:2|LCallisto>Ganymede/2l: 0 zeros 0 pass (0.1s) totals zeros=118 pass=13 eta 3.7 min
2026-10-07T10:33:34+00:00 [95/509] k4|RGanymede/2:1|LGanymede>Callisto/1h|HCallisto/1,0,a|LCallisto>Ganymede/1l: 1 zeros 0 pass (0.5s) totals zeros=119 pass=13 eta 3.7 min
2026-10-07T10:33:34+00:00 [96/509] k4|RGanymede/2:1|LGanymede>Callisto/1h|HCallisto/3,1,a|LCallisto>Ganymede/1l: 0 zeros 0 pass (0.0s) totals zeros=119 pass=13 eta 3.6 min
2026-10-07T10:33:34+00:00 [97/509] k4|RGanymede/2:1|LGanymede>Callisto/1h|LCallisto>Callisto/1h|LCallisto>Ganymede/1l: 0 zeros 0 pass (0.4s) totals zeros=119 pass=13 eta 3.6 min
2026-10-07T10:33:35+00:00 [98/509] k4|RGanymede/2:1|LGanymede>Callisto/1h|LCallisto>Callisto/2l|LCallisto>Ganymede/2h: 0 zeros 0 pass (0.5s) totals zeros=119 pass=13 eta 3.6 min
2026-10-07T10:33:36+00:00 [99/509] k4|RGanymede/2:1|LGanymede>Callisto/2l|LCallisto>Ganymede/1h: 1 zeros 0 pass (1.1s) totals zeros=120 pass=13 eta 3.7 min
2026-10-07T10:33:37+00:00 [100/509] k4|RGanymede/2:1|LGanymede>Callisto/2l|RCallisto/1:2|LCallisto>Ganymede/0s: 1 zeros 0 pass (0.7s) totals zeros=121 pass=13 eta 3.7 min
2026-10-07T10:33:37+00:00 [101/509] k4|RGanymede/2:1|LGanymede>Callisto/2l|HCallisto/1,0,p|LCallisto>Ganymede/2l: 0 zeros 0 pass (0.1s) totals zeros=121 pass=13 eta 3.6 min
2026-10-07T10:33:37+00:00 [102/509] k4|RGanymede/2:1|LGanymede>Callisto/2l|HCallisto/3,1,a|LCallisto>Ganymede/0s: 0 zeros 0 pass (0.0s) totals zeros=121 pass=13 eta 3.6 min
2026-10-07T10:33:37+00:00 [103/509] k4|RGanymede/2:1|LGanymede>Callisto/2l|LCallisto>Callisto/1h|LCallisto>Ganymede/1h: 0 zeros 0 pass (0.4s) totals zeros=121 pass=13 eta 3.6 min
2026-10-07T10:33:38+00:00 [104/509] k4|RGanymede/2:1|LGanymede>Callisto/2l|LCallisto>Callisto/2h|LCallisto>Ganymede/0s: 0 zeros 0 pass (0.4s) totals zeros=121 pass=13 eta 3.5 min
2026-10-07T10:33:38+00:00 [105/509] k4|RGanymede/2:1|LGanymede>Callisto/2h|LCallisto>Ganymede/2l: 1 zeros 0 pass (0.5s) totals zeros=122 pass=13 eta 3.5 min
2026-10-07T10:33:38+00:00 [106/509] k4|RGanymede/2:1|LGanymede>Callisto/2h|RCallisto/1:2|LCallisto>Ganymede/1l: 0 zeros 0 pass (0.1s) totals zeros=122 pass=13 eta 3.5 min
2026-10-07T10:33:38+00:00 [107/509] k4|RGanymede/2:1|LGanymede>Callisto/2h|HCallisto/1,0,p|LCallisto>Ganymede/2h: 0 zeros 0 pass (0.1s) totals zeros=122 pass=13 eta 3.5 min
2026-10-07T10:33:39+00:00 [108/509] k4|RGanymede/2:1|LGanymede>Callisto/2h|LCallisto>Callisto/1l|LCallisto>Ganymede/0s: 0 zeros 0 pass (0.4s) totals zeros=122 pass=13 eta 3.4 min
2026-10-07T10:33:39+00:00 [109/509] k4|RGanymede/2:1|LGanymede>Callisto/2h|LCallisto>Callisto/1h|LCallisto>Ganymede/2l: 0 zeros 0 pass (0.3s) totals zeros=122 pass=13 eta 3.4 min
2026-10-07T10:33:39+00:00 [110/509] k4|RGanymede/2:1|LGanymede>Callisto/2h|LCallisto>Callisto/2h|LCallisto>Ganymede/1l: 0 zeros 0 pass (0.4s) totals zeros=122 pass=13 eta 3.4 min
2026-10-07T10:33:40+00:00 [111/509] k4|RGanymede/1:2|LGanymede>Callisto/0s|LCallisto>Ganymede/2h: 4 zeros 0 pass (0.7s) totals zeros=126 pass=13 eta 3.4 min
2026-10-07T10:33:40+00:00 [112/509] k4|RGanymede/1:2|LGanymede>Callisto/0s|RCallisto/2:1|LCallisto>Ganymede/1h: 0 zeros 0 pass (0.1s) totals zeros=126 pass=13 eta 3.4 min
2026-10-07T10:33:41+00:00 [113/509] k4|RGanymede/1:2|LGanymede>Callisto/0s|RCallisto/2:3|LCallisto>Ganymede/0s: 5 zeros 0 pass (1.0s) totals zeros=131 pass=13 eta 3.4 min
2026-10-07T10:33:42+00:00 [114/509] k4|RGanymede/1:2|LGanymede>Callisto/0s|HCallisto/1,0,p|LCallisto>Ganymede/2l: 4 zeros 0 pass (0.4s) totals zeros=135 pass=13 eta 3.4 min
2026-10-07T10:33:42+00:00 [115/509] k4|RGanymede/1:2|LGanymede>Callisto/0s|HCallisto/3,1,p|LCallisto>Ganymede/1l: 3 zeros 0 pass (0.3s) totals zeros=138 pass=13 eta 3.4 min
2026-10-07T10:33:42+00:00 [116/509] k4|RGanymede/1:2|LGanymede>Callisto/0s|HCallisto/3,1,a|LCallisto>Ganymede/2h: 0 zeros 0 pass (0.1s) totals zeros=138 pass=13 eta 3.3 min
2026-10-07T10:33:45+00:00 [117/509] k4|RGanymede/1:2|LGanymede>Callisto/0s|LCallisto>Callisto/1h|LCallisto>Ganymede/1h: 4 zeros 0 pass (3.3s) totals zeros=142 pass=13 eta 3.5 min
2026-10-07T10:33:47+00:00 [118/509] k4|RGanymede/1:2|LGanymede>Callisto/0s|LCallisto>Callisto/2h|LCallisto>Ganymede/0s: 5 zeros 0 pass (1.2s) totals zeros=147 pass=13 eta 3.5 min
2026-10-07T10:33:47+00:00 [119/509] k4|RGanymede/1:2|LGanymede>Callisto/1l|LCallisto>Ganymede/2l: 1 zeros 0 pass (0.4s) totals zeros=148 pass=13 eta 3.5 min
2026-10-07T10:33:47+00:00 [120/509] k4|RGanymede/1:2|LGanymede>Callisto/1l|RCallisto/2:1|LCallisto>Ganymede/1l: 0 zeros 0 pass (0.0s) totals zeros=148 pass=13 eta 3.5 min
2026-10-07T10:33:47+00:00 [121/509] k4|RGanymede/1:2|LGanymede>Callisto/1l|RCallisto/2:3|LCallisto>Ganymede/1l: 0 zeros 0 pass (0.0s) totals zeros=148 pass=13 eta 3.4 min
2026-10-07T10:33:48+00:00 [122/509] k4|RGanymede/1:2|LGanymede>Callisto/1l|HCallisto/1,0,a|LCallisto>Ganymede/1l: 2 zeros 0 pass (0.4s) totals zeros=150 pass=13 eta 3.4 min
2026-10-07T10:33:48+00:00 [123/509] k4|RGanymede/1:2|LGanymede>Callisto/1l|HCallisto/3,1,p|LCallisto>Ganymede/2h: 0 zeros 0 pass (0.1s) totals zeros=150 pass=13 eta 3.4 min
2026-10-07T10:33:48+00:00 [124/509] k4|RGanymede/1:2|LGanymede>Callisto/1l|LCallisto>Callisto/1l|LCallisto>Ganymede/1h: 1 zeros 0 pass (0.7s) totals zeros=151 pass=13 eta 3.4 min
2026-10-07T10:33:49+00:00 [125/509] k4|RGanymede/1:2|LGanymede>Callisto/1l|LCallisto>Callisto/2l|LCallisto>Ganymede/0s: 0 zeros 0 pass (0.3s) totals zeros=151 pass=13 eta 3.4 min
2026-10-07T10:33:49+00:00 [126/509] k4|RGanymede/1:2|LGanymede>Callisto/1l|LCallisto>Callisto/2h|LCallisto>Ganymede/2l: 0 zeros 0 pass (0.4s) totals zeros=151 pass=13 eta 3.3 min
2026-10-07T10:33:50+00:00 [127/509] k4|RGanymede/1:2|LGanymede>Callisto/1h|RCallisto/1:1|LCallisto>Ganymede/1l: 1 zeros 0 pass (0.8s) totals zeros=152 pass=13 eta 3.3 min
2026-10-07T10:33:51+00:00 [128/509] k4|RGanymede/1:2|LGanymede>Callisto/1h|RCallisto/1:2|LCallisto>Ganymede/1l: 1 zeros 0 pass (0.9s) totals zeros=153 pass=13 eta 3.4 min
2026-10-07T10:33:52+00:00 [129/509] k4|RGanymede/1:2|LGanymede>Callisto/1h|HCallisto/1,0,p|LCallisto>Ganymede/1l: 1 zeros 0 pass (1.0s) totals zeros=154 pass=13 eta 3.4 min
2026-10-07T10:33:52+00:00 [130/509] k4|RGanymede/1:2|LGanymede>Callisto/1h|HCallisto/1,0,a|LCallisto>Ganymede/2h: 0 zeros 0 pass (0.2s) totals zeros=154 pass=13 eta 3.3 min
2026-10-07T10:33:52+00:00 [131/509] k4|RGanymede/1:2|LGanymede>Callisto/1h|HCallisto/3,1,a|LCallisto>Ganymede/1h: 0 zeros 0 pass (0.0s) totals zeros=154 pass=13 eta 3.3 min
2026-10-07T10:33:55+00:00 [132/509] k4|RGanymede/1:2|LGanymede>Callisto/1h|LCallisto>Callisto/1h|LCallisto>Ganymede/0s: 4 zeros 0 pass (3.5s) totals zeros=158 pass=13 eta 3.4 min
2026-10-07T10:33:56+00:00 [133/509] k4|RGanymede/1:2|LGanymede>Callisto/1h|LCallisto>Callisto/2l|LCallisto>Ganymede/2l: 0 zeros 0 pass (0.4s) totals zeros=158 pass=13 eta 3.4 min
2026-10-07T10:33:56+00:00 [134/509] k4|RGanymede/1:2|LGanymede>Callisto/2l|LCallisto>Ganymede/1l: 1 zeros 0 pass (0.4s) totals zeros=159 pass=13 eta 3.4 min
2026-10-07T10:33:56+00:00 [135/509] k4|RGanymede/1:2|LGanymede>Callisto/2l|RCallisto/1:1|LCallisto>Ganymede/2h: 0 zeros 0 pass (0.1s) totals zeros=159 pass=13 eta 3.4 min
2026-10-07T10:33:57+00:00 [136/509] k4|RGanymede/1:2|LGanymede>Callisto/2l|HCallisto/1,0,p|LCallisto>Ganymede/0s: 4 zeros 0 pass (0.5s) totals zeros=163 pass=13 eta 3.4 min
2026-10-07T10:33:57+00:00 [137/509] k4|RGanymede/1:2|LGanymede>Callisto/2l|HCallisto/1,0,a|LCallisto>Ganymede/2l: 0 zeros 0 pass (0.1s) totals zeros=163 pass=13 eta 3.3 min
2026-10-07T10:33:57+00:00 [138/509] k4|RGanymede/1:2|LGanymede>Callisto/2l|HCallisto/3,1,a|LCallisto>Ganymede/1l: 0 zeros 0 pass (0.1s) totals zeros=163 pass=13 eta 3.3 min
2026-10-07T10:33:57+00:00 [139/509] k4|RGanymede/1:2|LGanymede>Callisto/2l|LCallisto>Callisto/1l|LCallisto>Ganymede/2h: 0 zeros 0 pass (0.4s) totals zeros=163 pass=13 eta 3.3 min
2026-10-07T10:33:58+00:00 [140/509] k4|RGanymede/1:2|LGanymede>Callisto/2l|LCallisto>Callisto/2l|LCallisto>Ganymede/1h: 0 zeros 0 pass (0.4s) totals zeros=163 pass=13 eta 3.3 min
2026-10-07T10:33:59+00:00 [141/509] k4|RGanymede/1:2|LGanymede>Callisto/2h|LCallisto>Ganymede/0s: 4 zeros 0 pass (0.7s) totals zeros=167 pass=13 eta 3.3 min
2026-10-07T10:33:59+00:00 [142/509] k4|RGanymede/1:2|LGanymede>Callisto/2h|RCallisto/1:1|LCallisto>Ganymede/2l: 0 zeros 0 pass (0.1s) totals zeros=167 pass=13 eta 3.3 min
2026-10-07T10:33:59+00:00 [143/509] k4|RGanymede/1:2|LGanymede>Callisto/2h|RCallisto/2:3|LCallisto>Ganymede/0s: 0 zeros 0 pass (0.0s) totals zeros=167 pass=13 eta 3.2 min
2026-10-07T10:33:59+00:00 [144/509] k4|RGanymede/1:2|LGanymede>Callisto/2h|HCallisto/1,0,a|LCallisto>Ganymede/1h: 0 zeros 0 pass (0.2s) totals zeros=167 pass=13 eta 3.2 min
2026-10-07T10:33:59+00:00 [145/509] k4|RGanymede/1:2|LGanymede>Callisto/2h|HCallisto/3,1,a|LCallisto>Ganymede/0s: 0 zeros 0 pass (0.1s) totals zeros=167 pass=13 eta 3.2 min
2026-10-07T10:33:59+00:00 [146/509] k4|RGanymede/1:2|LGanymede>Callisto/2h|LCallisto>Callisto/1l|LCallisto>Ganymede/2l: 0 zeros 0 pass (0.4s) totals zeros=167 pass=13 eta 3.2 min
2026-10-07T10:34:00+00:00 [147/509] k4|RGanymede/1:2|LGanymede>Callisto/2h|LCallisto>Callisto/2l|LCallisto>Ganymede/1l: 0 zeros 0 pass (0.5s) totals zeros=167 pass=13 eta 3.1 min
2026-10-07T10:34:00+00:00 [148/509] k4|RGanymede/1:2|LGanymede>Callisto/2h|LCallisto>Callisto/2h|LCallisto>Ganymede/2h: 0 zeros 0 pass (0.5s) totals zeros=167 pass=13 eta 3.1 min
2026-10-07T10:34:01+00:00 [149/509] k4|RGanymede/3:2|LGanymede>Callisto/0s|RCallisto/1:1|LCallisto>Ganymede/1h: 1 zeros 0 pass (0.3s) totals zeros=168 pass=13 eta 3.1 min
2026-10-07T10:34:01+00:00 [150/509] k4|RGanymede/3:2|LGanymede>Callisto/0s|HCallisto/1,0,p|LCallisto>Ganymede/0s: 6 zeros 0 pass (0.3s) totals zeros=174 pass=13 eta 3.1 min
2026-10-07T10:34:01+00:00 [151/509] k4|RGanymede/3:2|LGanymede>Callisto/0s|HCallisto/1,0,a|LCallisto>Ganymede/2l: 0 zeros 0 pass (0.5s) totals zeros=174 pass=13 eta 3.1 min
2026-10-07T10:34:02+00:00 [152/509] k4|RGanymede/3:2|LGanymede>Callisto/0s|LCallisto>Callisto/1l|LCallisto>Ganymede/2h: 0 zeros 0 pass (0.5s) totals zeros=174 pass=13 eta 3.1 min
2026-10-07T10:34:02+00:00 [153/509] k4|RGanymede/3:2|LGanymede>Callisto/0s|LCallisto>Callisto/2l|LCallisto>Ganymede/1h: 0 zeros 0 pass (0.4s) totals zeros=174 pass=13 eta 3.1 min
2026-10-07T10:34:03+00:00 [154/509] k4|RGanymede/3:2|LGanymede>Callisto/1l|LCallisto>Ganymede/0s: 3 zeros 1 pass (1.2s) totals zeros=177 pass=14 eta 3.1 min
2026-10-07T10:34:03+00:00 [155/509] k4|RGanymede/3:2|LGanymede>Callisto/1l|RCallisto/1:1|LCallisto>Ganymede/2l: 0 zeros 0 pass (0.0s) totals zeros=177 pass=14 eta 3.1 min
2026-10-07T10:34:03+00:00 [156/509] k4|RGanymede/3:2|LGanymede>Callisto/1l|HCallisto/1,0,p|LCallisto>Ganymede/1l: 0 zeros 0 pass (0.1s) totals zeros=177 pass=14 eta 3.0 min
2026-10-07T10:34:04+00:00 [157/509] k4|RGanymede/3:2|LGanymede>Callisto/1l|HCallisto/1,0,a|LCallisto>Ganymede/2h: 0 zeros 0 pass (0.1s) totals zeros=177 pass=14 eta 3.0 min
2026-10-07T10:34:04+00:00 [158/509] k4|RGanymede/3:2|LGanymede>Callisto/1l|LCallisto>Callisto/1h|LCallisto>Ganymede/1h: 0 zeros 0 pass (0.3s) totals zeros=177 pass=14 eta 3.0 min
2026-10-07T10:34:04+00:00 [159/509] k4|RGanymede/3:2|LGanymede>Callisto/1l|LCallisto>Callisto/2h|LCallisto>Ganymede/0s: 1 zeros 0 pass (0.3s) totals zeros=178 pass=14 eta 3.0 min
2026-10-07T10:34:05+00:00 [160/509] k4|RGanymede/3:2|LGanymede>Callisto/1h|LCallisto>Ganymede/2l: 2 zeros 0 pass (0.4s) totals zeros=180 pass=14 eta 3.0 min
2026-10-07T10:34:05+00:00 [161/509] k4|RGanymede/3:2|LGanymede>Callisto/1h|RCallisto/1:2|LCallisto>Ganymede/1l: 0 zeros 0 pass (0.0s) totals zeros=180 pass=14 eta 2.9 min
2026-10-07T10:34:05+00:00 [162/509] k4|RGanymede/3:2|LGanymede>Callisto/1h|HCallisto/1,0,p|LCallisto>Ganymede/2h: 0 zeros 0 pass (0.1s) totals zeros=180 pass=14 eta 2.9 min
2026-10-07T10:34:05+00:00 [163/509] k4|RGanymede/3:2|LGanymede>Callisto/1h|LCallisto>Callisto/1l|LCallisto>Ganymede/1h: 0 zeros 0 pass (0.3s) totals zeros=180 pass=14 eta 2.9 min
2026-10-07T10:34:05+00:00 [164/509] k4|RGanymede/3:2|LGanymede>Callisto/1h|LCallisto>Callisto/2l|LCallisto>Ganymede/0s: 0 zeros 0 pass (0.3s) totals zeros=180 pass=14 eta 2.9 min
2026-10-07T10:34:06+00:00 [165/509] k4|RGanymede/3:2|LGanymede>Callisto/1h|LCallisto>Callisto/2h|LCallisto>Ganymede/2l: 0 zeros 0 pass (0.3s) totals zeros=180 pass=14 eta 2.9 min
2026-10-07T10:34:06+00:00 [166/509] k4|RGanymede/3:2|LGanymede>Callisto/2l|RCallisto/1:1|LCallisto>Ganymede/1l: 0 zeros 0 pass (0.0s) totals zeros=180 pass=14 eta 2.8 min
2026-10-07T10:34:06+00:00 [167/509] k4|RGanymede/3:2|LGanymede>Callisto/2l|HCallisto/1,0,p|LCallisto>Ganymede/2l: 0 zeros 0 pass (0.1s) totals zeros=180 pass=14 eta 2.8 min
2026-10-07T10:34:06+00:00 [168/509] k4|RGanymede/3:2|LGanymede>Callisto/2l|LCallisto>Callisto/1l|LCallisto>Ganymede/1l: 0 zeros 0 pass (0.3s) totals zeros=180 pass=14 eta 2.8 min
2026-10-07T10:34:06+00:00 [169/509] k4|RGanymede/3:2|LGanymede>Callisto/2l|LCallisto>Callisto/1h|LCallisto>Ganymede/2h: 0 zeros 0 pass (0.3s) totals zeros=180 pass=14 eta 2.8 min
2026-10-07T10:34:07+00:00 [170/509] k4|RGanymede/3:2|LGanymede>Callisto/2h|LCallisto>Ganymede/1l: 0 zeros 0 pass (0.3s) totals zeros=180 pass=14 eta 2.8 min
2026-10-07T10:34:07+00:00 [171/509] k4|RGanymede/3:2|LGanymede>Callisto/2h|RCallisto/1:2|LCallisto>Ganymede/1l: 0 zeros 0 pass (0.0s) totals zeros=180 pass=14 eta 2.7 min
2026-10-07T10:34:07+00:00 [172/509] k4|RGanymede/3:2|LGanymede>Callisto/2h|HCallisto/1,0,a|LCallisto>Ganymede/1l: 0 zeros 0 pass (0.0s) totals zeros=180 pass=14 eta 2.7 min
2026-10-07T10:34:07+00:00 [173/509] k4|RGanymede/3:2|LGanymede>Callisto/2h|LCallisto>Callisto/1l|LCallisto>Ganymede/2h: 0 zeros 0 pass (0.3s) totals zeros=180 pass=14 eta 2.7 min
2026-10-07T10:34:07+00:00 [174/509] k4|RGanymede/3:2|LGanymede>Callisto/2h|LCallisto>Callisto/2l|LCallisto>Ganymede/1h: 0 zeros 0 pass (0.3s) totals zeros=180 pass=14 eta 2.7 min
2026-10-07T10:34:08+00:00 [175/509] k4|RGanymede/2:3|LGanymede>Callisto/0s|LCallisto>Ganymede/2h: 4 zeros 0 pass (0.8s) totals zeros=184 pass=14 eta 2.7 min
2026-10-07T10:34:09+00:00 [176/509] k4|RGanymede/2:3|LGanymede>Callisto/0s|RCallisto/1:2|LCallisto>Ganymede/1l: 1 zeros 0 pass (0.8s) totals zeros=185 pass=14 eta 2.7 min
2026-10-07T10:34:09+00:00 [177/509] k4|RGanymede/2:3|LGanymede>Callisto/0s|HCallisto/1,0,p|LCallisto>Ganymede/2l: 3 zeros 0 pass (0.3s) totals zeros=188 pass=14 eta 2.7 min
2026-10-07T10:34:09+00:00 [178/509] k4|RGanymede/2:3|LGanymede>Callisto/0s|HCallisto/3,1,p|LCallisto>Ganymede/1l: 0 zeros 0 pass (0.1s) totals zeros=188 pass=14 eta 2.7 min
2026-10-07T10:34:09+00:00 [179/509] k4|RGanymede/2:3|LGanymede>Callisto/0s|HCallisto/3,1,a|LCallisto>Ganymede/2h: 0 zeros 0 pass (0.1s) totals zeros=188 pass=14 eta 2.7 min
2026-10-07T10:34:11+00:00 [180/509] k4|RGanymede/2:3|LGanymede>Callisto/0s|LCallisto>Callisto/1h|LCallisto>Ganymede/1h: 3 zeros 0 pass (1.2s) totals zeros=191 pass=14 eta 2.7 min
2026-10-07T10:34:11+00:00 [181/509] k4|RGanymede/2:3|LGanymede>Callisto/0s|LCallisto>Callisto/2h|LCallisto>Ganymede/0s: 0 zeros 0 pass (0.7s) totals zeros=191 pass=14 eta 2.7 min
2026-10-07T10:34:12+00:00 [182/509] k4|RGanymede/2:3|LGanymede>Callisto/1l|LCallisto>Ganymede/2l: 1 zeros 0 pass (0.3s) totals zeros=192 pass=14 eta 2.7 min
2026-10-07T10:34:12+00:00 [183/509] k4|RGanymede/2:3|LGanymede>Callisto/1l|RCallisto/1:2|LCallisto>Ganymede/1l: 1 zeros 0 pass (0.1s) totals zeros=193 pass=14 eta 2.6 min
2026-10-07T10:34:12+00:00 [184/509] k4|RGanymede/2:3|LGanymede>Callisto/1l|HCallisto/1,0,p|LCallisto>Ganymede/2h: 0 zeros 0 pass (0.1s) totals zeros=193 pass=14 eta 2.6 min
2026-10-07T10:34:12+00:00 [185/509] k4|RGanymede/2:3|LGanymede>Callisto/1l|HCallisto/3,1,p|LCallisto>Ganymede/1h: 0 zeros 0 pass (0.0s) totals zeros=193 pass=14 eta 2.6 min
2026-10-07T10:34:12+00:00 [186/509] k4|RGanymede/2:3|LGanymede>Callisto/1l|LCallisto>Callisto/1l|LCallisto>Ganymede/2h: 0 zeros 0 pass (0.3s) totals zeros=193 pass=14 eta 2.6 min
2026-10-07T10:34:13+00:00 [187/509] k4|RGanymede/2:3|LGanymede>Callisto/1l|LCallisto>Callisto/2l|LCallisto>Ganymede/1h: 0 zeros 0 pass (0.4s) totals zeros=193 pass=14 eta 2.6 min
2026-10-07T10:34:13+00:00 [188/509] k4|RGanymede/2:3|LGanymede>Callisto/1h|LCallisto>Ganymede/0s: 5 zeros 0 pass (0.8s) totals zeros=198 pass=14 eta 2.6 min
2026-10-07T10:34:14+00:00 [189/509] k4|RGanymede/2:3|LGanymede>Callisto/1h|RCallisto/1:1|LCallisto>Ganymede/2l: 0 zeros 0 pass (0.1s) totals zeros=198 pass=14 eta 2.6 min
2026-10-07T10:34:14+00:00 [190/509] k4|RGanymede/2:3|LGanymede>Callisto/1h|HCallisto/1,0,p|LCallisto>Ganymede/1l: 1 zeros 0 pass (0.4s) totals zeros=199 pass=14 eta 2.5 min
2026-10-07T10:34:14+00:00 [191/509] k4|RGanymede/2:3|LGanymede>Callisto/1h|HCallisto/1,0,a|LCallisto>Ganymede/2h: 0 zeros 0 pass (0.1s) totals zeros=199 pass=14 eta 2.5 min
2026-10-07T10:34:14+00:00 [192/509] k4|RGanymede/2:3|LGanymede>Callisto/1h|LCallisto>Callisto/1l|LCallisto>Ganymede/1l: 1 zeros 0 pass (0.4s) totals zeros=200 pass=14 eta 2.5 min
2026-10-07T10:34:15+00:00 [193/509] k4|RGanymede/2:3|LGanymede>Callisto/1h|LCallisto>Callisto/1h|LCallisto>Ganymede/2h: 0 zeros 0 pass (0.3s) totals zeros=200 pass=14 eta 2.5 min
2026-10-07T10:34:15+00:00 [194/509] k4|RGanymede/2:3|LGanymede>Callisto/1h|LCallisto>Callisto/2h|LCallisto>Ganymede/1h: 0 zeros 0 pass (0.3s) totals zeros=200 pass=14 eta 2.5 min
2026-10-07T10:34:16+00:00 [195/509] k4|RGanymede/2:3|LGanymede>Callisto/2l|RCallisto/1:1|LCallisto>Ganymede/0s: 1 zeros 0 pass (0.5s) totals zeros=201 pass=14 eta 2.5 min
2026-10-07T10:34:16+00:00 [196/509] k4|RGanymede/2:3|LGanymede>Callisto/2l|RCallisto/1:2|LCallisto>Ganymede/2l: 0 zeros 0 pass (0.1s) totals zeros=201 pass=14 eta 2.5 min
2026-10-07T10:34:16+00:00 [197/509] k4|RGanymede/2:3|LGanymede>Callisto/2l|HCallisto/1,0,a|LCallisto>Ganymede/1l: 0 zeros 0 pass (0.1s) totals zeros=201 pass=14 eta 2.4 min
2026-10-07T10:34:16+00:00 [198/509] k4|RGanymede/2:3|LGanymede>Callisto/2l|LCallisto>Callisto/1l|LCallisto>Ganymede/1h: 0 zeros 0 pass (0.4s) totals zeros=201 pass=14 eta 2.4 min
2026-10-07T10:34:16+00:00 [199/509] k4|RGanymede/2:3|LGanymede>Callisto/2l|LCallisto>Callisto/2l|LCallisto>Ganymede/0s: 0 zeros 0 pass (0.3s) totals zeros=201 pass=14 eta 2.4 min
2026-10-07T10:34:17+00:00 [200/509] k4|RGanymede/2:3|LGanymede>Callisto/2l|LCallisto>Callisto/2h|LCallisto>Ganymede/2l: 0 zeros 0 pass (0.4s) totals zeros=201 pass=14 eta 2.4 min
2026-10-07T10:34:17+00:00 [201/509] k4|RGanymede/2:3|LGanymede>Callisto/2h|RCallisto/1:1|LCallisto>Ganymede/1l: 0 zeros 0 pass (0.1s) totals zeros=201 pass=14 eta 2.4 min
2026-10-07T10:34:17+00:00 [202/509] k4|RGanymede/2:3|LGanymede>Callisto/2h|RCallisto/1:2|LCallisto>Ganymede/2h: 0 zeros 0 pass (0.1s) totals zeros=201 pass=14 eta 2.4 min
2026-10-07T10:34:17+00:00 [203/509] k4|RGanymede/2:3|LGanymede>Callisto/2h|HCallisto/1,0,a|LCallisto>Ganymede/1h: 0 zeros 0 pass (0.1s) totals zeros=201 pass=14 eta 2.4 min
2026-10-07T10:34:17+00:00 [204/509] k4|RGanymede/2:3|LGanymede>Callisto/2h|LCallisto>Callisto/1l|LCallisto>Ganymede/2l: 0 zeros 0 pass (0.3s) totals zeros=201 pass=14 eta 2.3 min
2026-10-07T10:34:18+00:00 [205/509] k4|RGanymede/2:3|LGanymede>Callisto/2h|LCallisto>Callisto/2l|LCallisto>Ganymede/1l: 0 zeros 0 pass (0.4s) totals zeros=201 pass=14 eta 2.3 min
2026-10-07T10:34:18+00:00 [206/509] k4|RGanymede/2:3|LGanymede>Callisto/2h|LCallisto>Callisto/2h|LCallisto>Ganymede/2h: 0 zeros 0 pass (0.3s) totals zeros=201 pass=14 eta 2.3 min
2026-10-07T10:34:18+00:00 [207/509] k4|HGanymede/1,0,p|LGanymede>Callisto/0s|RCallisto/1:1|LCallisto>Ganymede/1h: 4 zeros 0 pass (0.5s) totals zeros=205 pass=14 eta 2.3 min
2026-10-07T10:34:19+00:00 [208/509] k4|HGanymede/1,0,p|LGanymede>Callisto/0s|RCallisto/1:2|LCallisto>Ganymede/0s: 4 zeros 0 pass (0.4s) totals zeros=209 pass=14 eta 2.3 min
2026-10-07T10:34:19+00:00 [209/509] k4|HGanymede/1,0,p|LGanymede>Callisto/0s|RCallisto/2:3|LCallisto>Ganymede/2l: 0 zeros 0 pass (0.1s) totals zeros=209 pass=14 eta 2.3 min
2026-10-07T10:34:20+00:00 [210/509] k4|HGanymede/1,0,p|LGanymede>Callisto/0s|HCallisto/1,0,a|LCallisto>Ganymede/1l: 2 zeros 0 pass (0.6s) totals zeros=211 pass=14 eta 2.3 min
2026-10-07T10:34:20+00:00 [211/509] k4|HGanymede/1,0,p|LGanymede>Callisto/0s|HCallisto/3,1,p|LCallisto>Ganymede/2h: 3 zeros 0 pass (0.3s) totals zeros=214 pass=14 eta 2.3 min
2026-10-07T10:34:22+00:00 [212/509] k4|HGanymede/1,0,p|LGanymede>Callisto/0s|LCallisto>Callisto/1l|LCallisto>Ganymede/1h: 7 zeros 0 pass (2.5s) totals zeros=221 pass=14 eta 2.3 min
2026-10-07T10:34:25+00:00 [213/509] k4|HGanymede/1,0,p|LGanymede>Callisto/0s|LCallisto>Callisto/2l|LCallisto>Ganymede/0s: 4 zeros 0 pass (3.0s) totals zeros=225 pass=14 eta 2.4 min
2026-10-07T10:34:26+00:00 [214/509] k4|HGanymede/1,0,p|LGanymede>Callisto/0s|LCallisto>Callisto/2h|LCallisto>Ganymede/2l: 0 zeros 0 pass (0.5s) totals zeros=225 pass=14 eta 2.4 min
2026-10-07T10:34:26+00:00 [215/509] k4|HGanymede/1,0,p|LGanymede>Callisto/1l|RCallisto/1:1|LCallisto>Ganymede/1l: 2 zeros 0 pass (0.3s) totals zeros=227 pass=14 eta 2.3 min
2026-10-07T10:34:26+00:00 [216/509] k4|HGanymede/1,0,p|LGanymede>Callisto/1l|RCallisto/2:1|LCallisto>Ganymede/2h: 0 zeros 0 pass (0.0s) totals zeros=227 pass=14 eta 2.3 min
2026-10-07T10:34:26+00:00 [217/509] k4|HGanymede/1,0,p|LGanymede>Callisto/1l|RCallisto/2:3|LCallisto>Ganymede/1h: 0 zeros 0 pass (0.0s) totals zeros=227 pass=14 eta 2.3 min
2026-10-07T10:34:27+00:00 [218/509] k4|HGanymede/1,0,p|LGanymede>Callisto/1l|HCallisto/1,0,a|LCallisto>Ganymede/0s: 2 zeros 0 pass (0.5s) totals zeros=229 pass=14 eta 2.3 min
2026-10-07T10:34:27+00:00 [219/509] k4|HGanymede/1,0,p|LGanymede>Callisto/1l|HCallisto/3,1,p|LCallisto>Ganymede/2l: 0 zeros 0 pass (0.1s) totals zeros=229 pass=14 eta 2.3 min
2026-10-07T10:34:28+00:00 [220/509] k4|HGanymede/1,0,p|LGanymede>Callisto/1l|LCallisto>Callisto/1l|LCallisto>Ganymede/1l: 0 zeros 0 pass (1.0s) totals zeros=229 pass=14 eta 2.3 min
2026-10-07T10:34:28+00:00 [221/509] k4|HGanymede/1,0,p|LGanymede>Callisto/1l|LCallisto>Callisto/1h|LCallisto>Ganymede/2h: 0 zeros 0 pass (0.4s) totals zeros=229 pass=14 eta 2.3 min
2026-10-07T10:34:29+00:00 [222/509] k4|HGanymede/1,0,p|LGanymede>Callisto/1l|LCallisto>Callisto/2h|LCallisto>Ganymede/1h: 0 zeros 0 pass (0.4s) totals zeros=229 pass=14 eta 2.3 min
2026-10-07T10:34:29+00:00 [223/509] k4|HGanymede/1,0,p|LGanymede>Callisto/1h|RCallisto/1:1|LCallisto>Ganymede/0s: 4 zeros 0 pass (0.5s) totals zeros=233 pass=14 eta 2.3 min
2026-10-07T10:34:29+00:00 [224/509] k4|HGanymede/1,0,p|LGanymede>Callisto/1h|RCallisto/2:1|LCallisto>Ganymede/2l: 0 zeros 0 pass (0.0s) totals zeros=233 pass=14 eta 2.2 min
2026-10-07T10:34:29+00:00 [225/509] k4|HGanymede/1,0,p|LGanymede>Callisto/1h|RCallisto/2:3|LCallisto>Ganymede/1l: 0 zeros 0 pass (0.1s) totals zeros=233 pass=14 eta 2.2 min
2026-10-07T10:34:30+00:00 [226/509] k4|HGanymede/1,0,p|LGanymede>Callisto/1h|HCallisto/1,0,p|LCallisto>Ganymede/2h: 3 zeros 0 pass (0.7s) totals zeros=236 pass=14 eta 2.2 min
2026-10-07T10:34:30+00:00 [227/509] k4|HGanymede/1,0,p|LGanymede>Callisto/1h|HCallisto/3,1,p|LCallisto>Ganymede/1h: 2 zeros 0 pass (0.1s) totals zeros=238 pass=14 eta 2.2 min
2026-10-07T10:34:32+00:00 [228/509] k4|HGanymede/1,0,p|LGanymede>Callisto/1h|LCallisto>Callisto/1l|LCallisto>Ganymede/0s: 7 zeros 0 pass (2.5s) totals zeros=245 pass=14 eta 2.2 min
2026-10-07T10:34:33+00:00 [229/509] k4|HGanymede/1,0,p|LGanymede>Callisto/1h|LCallisto>Callisto/1h|LCallisto>Ganymede/2l: 0 zeros 0 pass (0.4s) totals zeros=245 pass=14 eta 2.2 min
2026-10-07T10:34:33+00:00 [230/509] k4|HGanymede/1,0,p|LGanymede>Callisto/1h|LCallisto>Callisto/2h|LCallisto>Ganymede/1l: 0 zeros 0 pass (0.4s) totals zeros=245 pass=14 eta 2.2 min
2026-10-07T10:34:34+00:00 [231/509] k4|HGanymede/1,0,p|LGanymede>Callisto/2l|LCallisto>Ganymede/2h: 0 zeros 0 pass (1.0s) totals zeros=245 pass=14 eta 2.2 min
2026-10-07T10:34:34+00:00 [232/509] k4|HGanymede/1,0,p|LGanymede>Callisto/2l|RCallisto/2:1|LCallisto>Ganymede/1h: 0 zeros 0 pass (0.1s) totals zeros=245 pass=14 eta 2.2 min
2026-10-07T10:34:34+00:00 [233/509] k4|HGanymede/1,0,p|LGanymede>Callisto/2l|RCallisto/2:3|LCallisto>Ganymede/1h: 0 zeros 0 pass (0.0s) totals zeros=245 pass=14 eta 2.2 min
2026-10-07T10:34:35+00:00 [234/509] k4|HGanymede/1,0,p|LGanymede>Callisto/2l|HCallisto/1,0,a|LCallisto>Ganymede/1h: 1 zeros 0 pass (0.8s) totals zeros=246 pass=14 eta 2.2 min
2026-10-07T10:34:36+00:00 [235/509] k4|HGanymede/1,0,p|LGanymede>Callisto/2l|HCallisto/3,1,a|LCallisto>Ganymede/0s: 1 zeros 0 pass (0.4s) totals zeros=247 pass=14 eta 2.2 min
2026-10-07T10:34:36+00:00 [236/509] k4|HGanymede/1,0,p|LGanymede>Callisto/2l|LCallisto>Callisto/1l|LCallisto>Ganymede/2l: 0 zeros 0 pass (0.4s) totals zeros=247 pass=14 eta 2.2 min
2026-10-07T10:34:36+00:00 [237/509] k4|HGanymede/1,0,p|LGanymede>Callisto/2l|LCallisto>Callisto/2l|LCallisto>Ganymede/1l: 0 zeros 0 pass (0.4s) totals zeros=247 pass=14 eta 2.2 min
2026-10-07T10:34:37+00:00 [238/509] k4|HGanymede/1,0,p|LGanymede>Callisto/2l|LCallisto>Callisto/2h|LCallisto>Ganymede/2h: 0 zeros 0 pass (0.4s) totals zeros=247 pass=14 eta 2.2 min
2026-10-07T10:34:37+00:00 [239/509] k4|HGanymede/1,0,p|LGanymede>Callisto/2h|RCallisto/1:1|LCallisto>Ganymede/1h: 0 zeros 0 pass (0.1s) totals zeros=247 pass=14 eta 2.1 min
2026-10-07T10:34:37+00:00 [240/509] k4|HGanymede/1,0,p|LGanymede>Callisto/2h|RCallisto/1:2|LCallisto>Ganymede/1h: 0 zeros 0 pass (0.1s) totals zeros=247 pass=14 eta 2.1 min
2026-10-07T10:34:38+00:00 [241/509] k4|HGanymede/1,0,p|LGanymede>Callisto/2h|HCallisto/1,0,p|LCallisto>Ganymede/1h: 2 zeros 0 pass (0.7s) totals zeros=249 pass=14 eta 2.1 min
2026-10-07T10:34:38+00:00 [242/509] k4|HGanymede/1,0,p|LGanymede>Callisto/2h|HCallisto/3,1,p|LCallisto>Ganymede/0s: 2 zeros 0 pass (0.5s) totals zeros=251 pass=14 eta 2.1 min
2026-10-07T10:34:38+00:00 [243/509] k4|HGanymede/1,0,p|LGanymede>Callisto/2h|HCallisto/3,1,a|LCallisto>Ganymede/2l: 0 zeros 0 pass (0.1s) totals zeros=251 pass=14 eta 2.1 min
2026-10-07T10:34:39+00:00 [244/509] k4|HGanymede/1,0,p|LGanymede>Callisto/2h|LCallisto>Callisto/1h|LCallisto>Ganymede/1l: 0 zeros 0 pass (0.5s) totals zeros=251 pass=14 eta 2.1 min
2026-10-07T10:34:39+00:00 [245/509] k4|HGanymede/1,0,p|LGanymede>Callisto/2h|LCallisto>Callisto/2l|LCallisto>Ganymede/2h: 0 zeros 0 pass (0.4s) totals zeros=251 pass=14 eta 2.1 min
2026-10-07T10:34:39+00:00 [246/509] k4|HGanymede/1,0,a|LGanymede>Callisto/0s|LCallisto>Ganymede/1h: 3 zeros 0 pass (0.4s) totals zeros=254 pass=14 eta 2.1 min
2026-10-07T10:34:40+00:00 [247/509] k4|HGanymede/1,0,a|LGanymede>Callisto/0s|RCallisto/2:1|LCallisto>Ganymede/0s: 6 zeros 0 pass (0.5s) totals zeros=260 pass=14 eta 2.1 min
2026-10-07T10:34:40+00:00 [248/509] k4|HGanymede/1,0,a|LGanymede>Callisto/0s|RCallisto/1:2|LCallisto>Ganymede/2l: 3 zeros 0 pass (0.4s) totals zeros=263 pass=14 eta 2.1 min
2026-10-07T10:34:41+00:00 [249/509] k4|HGanymede/1,0,a|LGanymede>Callisto/0s|HCallisto/1,0,p|LCallisto>Ganymede/1l: 2 zeros 0 pass (0.5s) totals zeros=265 pass=14 eta 2.0 min
2026-10-07T10:34:42+00:00 [250/509] k4|HGanymede/1,0,a|LGanymede>Callisto/0s|HCallisto/1,0,a|LCallisto>Ganymede/2h: 5 zeros 0 pass (0.9s) totals zeros=270 pass=14 eta 2.0 min
2026-10-07T10:34:43+00:00 [251/509] k4|HGanymede/1,0,a|LGanymede>Callisto/0s|HCallisto/3,1,a|LCallisto>Ganymede/1h: 5 zeros 0 pass (0.8s) totals zeros=275 pass=14 eta 2.0 min
2026-10-07T10:34:44+00:00 [252/509] k4|HGanymede/1,0,a|LGanymede>Callisto/0s|LCallisto>Callisto/1h|LCallisto>Ganymede/0s: 8 zeros 0 pass (1.3s) totals zeros=283 pass=14 eta 2.1 min
2026-10-07T10:34:44+00:00 [253/509] k4|HGanymede/1,0,a|LGanymede>Callisto/0s|LCallisto>Callisto/2l|LCallisto>Ganymede/2l: 0 zeros 0 pass (0.5s) totals zeros=283 pass=14 eta 2.0 min
2026-10-07T10:34:45+00:00 [254/509] k4|HGanymede/1,0,a|LGanymede>Callisto/1l|LCallisto>Ganymede/1l: 2 zeros 0 pass (0.4s) totals zeros=285 pass=14 eta 2.0 min
2026-10-07T10:34:45+00:00 [255/509] k4|HGanymede/1,0,a|LGanymede>Callisto/1l|RCallisto/1:1|LCallisto>Ganymede/2h: 0 zeros 0 pass (0.1s) totals zeros=285 pass=14 eta 2.0 min
2026-10-07T10:34:45+00:00 [256/509] k4|HGanymede/1,0,a|LGanymede>Callisto/1l|RCallisto/1:2|LCallisto>Ganymede/1h: 1 zeros 0 pass (0.5s) totals zeros=286 pass=14 eta 2.0 min
2026-10-07T10:34:46+00:00 [257/509] k4|HGanymede/1,0,a|LGanymede>Callisto/1l|HCallisto/1,0,p|LCallisto>Ganymede/0s: 2 zeros 0 pass (0.5s) totals zeros=288 pass=14 eta 2.0 min
2026-10-07T10:34:46+00:00 [258/509] k4|HGanymede/1,0,a|LGanymede>Callisto/1l|HCallisto/1,0,a|LCallisto>Ganymede/2l: 1 zeros 0 pass (0.4s) totals zeros=289 pass=14 eta 2.0 min
2026-10-07T10:34:46+00:00 [259/509] k4|HGanymede/1,0,a|LGanymede>Callisto/1l|HCallisto/3,1,a|LCallisto>Ganymede/1l: 0 zeros 0 pass (0.2s) totals zeros=289 pass=14 eta 2.0 min
2026-10-07T10:34:47+00:00 [260/509] k4|HGanymede/1,0,a|LGanymede>Callisto/1l|LCallisto>Callisto/1l|LCallisto>Ganymede/2h: 0 zeros 0 pass (0.4s) totals zeros=289 pass=14 eta 2.0 min
2026-10-07T10:34:47+00:00 [261/509] k4|HGanymede/1,0,a|LGanymede>Callisto/1l|LCallisto>Callisto/2l|LCallisto>Ganymede/1h: 0 zeros 0 pass (0.4s) totals zeros=289 pass=14 eta 2.0 min
2026-10-07T10:34:48+00:00 [262/509] k4|HGanymede/1,0,a|LGanymede>Callisto/1h|LCallisto>Ganymede/0s: 3 zeros 0 pass (0.4s) totals zeros=292 pass=14 eta 2.0 min
2026-10-07T10:34:48+00:00 [263/509] k4|HGanymede/1,0,a|LGanymede>Callisto/1h|RCallisto/1:1|LCallisto>Ganymede/2l: 0 zeros 0 pass (0.1s) totals zeros=292 pass=14 eta 1.9 min
2026-10-07T10:34:48+00:00 [264/509] k4|HGanymede/1,0,a|LGanymede>Callisto/1h|RCallisto/1:2|LCallisto>Ganymede/1l: 1 zeros 0 pass (0.3s) totals zeros=293 pass=14 eta 1.9 min
2026-10-07T10:34:48+00:00 [265/509] k4|HGanymede/1,0,a|LGanymede>Callisto/1h|RCallisto/2:3|LCallisto>Ganymede/2h: 0 zeros 0 pass (0.0s) totals zeros=293 pass=14 eta 1.9 min
2026-10-07T10:34:49+00:00 [266/509] k4|HGanymede/1,0,a|LGanymede>Callisto/1h|HCallisto/1,0,a|LCallisto>Ganymede/1h: 4 zeros 0 pass (0.6s) totals zeros=297 pass=14 eta 1.9 min
2026-10-07T10:34:49+00:00 [267/509] k4|HGanymede/1,0,a|LGanymede>Callisto/1h|HCallisto/3,1,a|LCallisto>Ganymede/0s: 5 zeros 0 pass (0.7s) totals zeros=302 pass=14 eta 1.9 min
2026-10-07T10:34:50+00:00 [268/509] k4|HGanymede/1,0,a|LGanymede>Callisto/1h|LCallisto>Callisto/1l|LCallisto>Ganymede/2l: 0 zeros 0 pass (0.4s) totals zeros=302 pass=14 eta 1.9 min
2026-10-07T10:34:50+00:00 [269/509] k4|HGanymede/1,0,a|LGanymede>Callisto/1h|LCallisto>Callisto/2l|LCallisto>Ganymede/1l: 0 zeros 0 pass (0.4s) totals zeros=302 pass=14 eta 1.9 min
2026-10-07T10:34:50+00:00 [270/509] k4|HGanymede/1,0,a|LGanymede>Callisto/1h|LCallisto>Callisto/2h|LCallisto>Ganymede/2h: 0 zeros 0 pass (0.4s) totals zeros=302 pass=14 eta 1.9 min
2026-10-07T10:34:51+00:00 [271/509] k4|HGanymede/1,0,a|LGanymede>Callisto/2l|RCallisto/1:1|LCallisto>Ganymede/1h: 0 zeros 0 pass (0.1s) totals zeros=302 pass=14 eta 1.9 min
2026-10-07T10:34:51+00:00 [272/509] k4|HGanymede/1,0,a|LGanymede>Callisto/2l|RCallisto/1:2|LCallisto>Ganymede/1h: 0 zeros 0 pass (0.1s) totals zeros=302 pass=14 eta 1.9 min
2026-10-07T10:34:51+00:00 [273/509] k4|HGanymede/1,0,a|LGanymede>Callisto/2l|HCallisto/1,0,p|LCallisto>Ganymede/1h: 1 zeros 0 pass (0.8s) totals zeros=303 pass=14 eta 1.8 min
2026-10-07T10:34:52+00:00 [274/509] k4|HGanymede/1,0,a|LGanymede>Callisto/2l|HCallisto/3,1,p|LCallisto>Ganymede/0s: 1 zeros 0 pass (0.4s) totals zeros=304 pass=14 eta 1.8 min
2026-10-07T10:34:52+00:00 [275/509] k4|HGanymede/1,0,a|LGanymede>Callisto/2l|HCallisto/3,1,a|LCallisto>Ganymede/2l: 0 zeros 0 pass (0.1s) totals zeros=304 pass=14 eta 1.8 min
2026-10-07T10:34:52+00:00 [276/509] k4|HGanymede/1,0,a|LGanymede>Callisto/2l|LCallisto>Callisto/1h|LCallisto>Ganymede/1l: 0 zeros 0 pass (0.4s) totals zeros=304 pass=14 eta 1.8 min
2026-10-07T10:34:53+00:00 [277/509] k4|HGanymede/1,0,a|LGanymede>Callisto/2l|LCallisto>Callisto/2l|LCallisto>Ganymede/2h: 0 zeros 0 pass (0.5s) totals zeros=304 pass=14 eta 1.8 min
2026-10-07T10:34:54+00:00 [278/509] k4|HGanymede/1,0,a|LGanymede>Callisto/2h|LCallisto>Ganymede/1h: 2 zeros 0 pass (0.9s) totals zeros=306 pass=14 eta 1.8 min
2026-10-07T10:34:54+00:00 [279/509] k4|HGanymede/1,0,a|LGanymede>Callisto/2h|RCallisto/2:1|LCallisto>Ganymede/0s: 0 zeros 0 pass (0.0s) totals zeros=306 pass=14 eta 1.8 min
2026-10-07T10:34:54+00:00 [280/509] k4|HGanymede/1,0,a|LGanymede>Callisto/2h|RCallisto/2:3|LCallisto>Ganymede/0s: 0 zeros 0 pass (0.0s) totals zeros=306 pass=14 eta 1.8 min
2026-10-07T10:34:55+00:00 [281/509] k4|HGanymede/1,0,a|LGanymede>Callisto/2h|HCallisto/1,0,a|LCallisto>Ganymede/0s: 5 zeros 0 pass (1.0s) totals zeros=311 pass=14 eta 1.8 min
2026-10-07T10:34:55+00:00 [282/509] k4|HGanymede/1,0,a|LGanymede>Callisto/2h|HCallisto/3,1,p|LCallisto>Ganymede/2l: 0 zeros 0 pass (0.1s) totals zeros=311 pass=14 eta 1.8 min
2026-10-07T10:34:55+00:00 [283/509] k4|HGanymede/1,0,a|LGanymede>Callisto/2h|LCallisto>Callisto/1l|LCallisto>Ganymede/1l: 0 zeros 0 pass (0.4s) totals zeros=311 pass=14 eta 1.8 min
2026-10-07T10:34:56+00:00 [284/509] k4|HGanymede/1,0,a|LGanymede>Callisto/2h|LCallisto>Callisto/1h|LCallisto>Ganymede/2h: 0 zeros 0 pass (0.4s) totals zeros=311 pass=14 eta 1.7 min
2026-10-07T10:34:56+00:00 [285/509] k4|HGanymede/1,0,a|LGanymede>Callisto/2h|LCallisto>Callisto/2h|LCallisto>Ganymede/1h: 0 zeros 0 pass (0.4s) totals zeros=311 pass=14 eta 1.7 min
2026-10-07T10:34:56+00:00 [286/509] k4|HGanymede/3,1,p|LGanymede>Callisto/0s|RCallisto/1:1|LCallisto>Ganymede/0s: 6 zeros 0 pass (0.5s) totals zeros=317 pass=14 eta 1.7 min
2026-10-07T10:34:57+00:00 [287/509] k4|HGanymede/3,1,p|LGanymede>Callisto/0s|RCallisto/1:2|LCallisto>Ganymede/0s: 6 zeros 0 pass (0.5s) totals zeros=323 pass=14 eta 1.7 min
2026-10-07T10:34:57+00:00 [288/509] k4|HGanymede/3,1,p|LGanymede>Callisto/0s|HCallisto/1,0,p|LCallisto>Ganymede/0s: 6 zeros 0 pass (0.5s) totals zeros=329 pass=14 eta 1.7 min
2026-10-07T10:34:59+00:00 [289/509] k4|HGanymede/3,1,p|LGanymede>Callisto/0s|HCallisto/1,0,a|LCallisto>Ganymede/2l: 1 zeros 0 pass (1.1s) totals zeros=330 pass=14 eta 1.7 min
2026-10-07T10:34:59+00:00 [290/509] k4|HGanymede/3,1,p|LGanymede>Callisto/0s|HCallisto/3,1,a|LCallisto>Ganymede/1l: 1 zeros 0 pass (0.3s) totals zeros=331 pass=14 eta 1.7 min
2026-10-07T10:35:00+00:00 [291/509] k4|HGanymede/3,1,p|LGanymede>Callisto/0s|LCallisto>Callisto/1l|LCallisto>Ganymede/2h: 0 zeros 0 pass (0.9s) totals zeros=331 pass=14 eta 1.7 min
2026-10-07T10:35:00+00:00 [292/509] k4|HGanymede/3,1,p|LGanymede>Callisto/0s|LCallisto>Callisto/2l|LCallisto>Ganymede/1h: 0 zeros 0 pass (0.4s) totals zeros=331 pass=14 eta 1.7 min
2026-10-07T10:35:01+00:00 [293/509] k4|HGanymede/3,1,p|LGanymede>Callisto/1l|LCallisto>Ganymede/0s: 4 zeros 0 pass (0.4s) totals zeros=335 pass=14 eta 1.7 min
2026-10-07T10:35:01+00:00 [294/509] k4|HGanymede/3,1,p|LGanymede>Callisto/1l|RCallisto/1:1|LCallisto>Ganymede/2l: 0 zeros 0 pass (0.1s) totals zeros=335 pass=14 eta 1.7 min
2026-10-07T10:35:01+00:00 [295/509] k4|HGanymede/3,1,p|LGanymede>Callisto/1l|RCallisto/2:3|LCallisto>Ganymede/0s: 0 zeros 0 pass (0.0s) totals zeros=335 pass=14 eta 1.7 min
2026-10-07T10:35:02+00:00 [296/509] k4|HGanymede/3,1,p|LGanymede>Callisto/1l|HCallisto/1,0,a|LCallisto>Ganymede/1h: 1 zeros 0 pass (1.1s) totals zeros=336 pass=14 eta 1.7 min
2026-10-07T10:35:02+00:00 [297/509] k4|HGanymede/3,1,p|LGanymede>Callisto/1l|HCallisto/3,1,a|LCallisto>Ganymede/0s: 1 zeros 0 pass (0.3s) totals zeros=337 pass=14 eta 1.7 min
2026-10-07T10:35:02+00:00 [298/509] k4|HGanymede/3,1,p|LGanymede>Callisto/1l|LCallisto>Callisto/1l|LCallisto>Ganymede/2l: 0 zeros 0 pass (0.4s) totals zeros=337 pass=14 eta 1.6 min
2026-10-07T10:35:03+00:00 [299/509] k4|HGanymede/3,1,p|LGanymede>Callisto/1l|LCallisto>Callisto/2l|LCallisto>Ganymede/1l: 0 zeros 0 pass (0.4s) totals zeros=337 pass=14 eta 1.6 min
2026-10-07T10:35:03+00:00 [300/509] k4|HGanymede/3,1,p|LGanymede>Callisto/1l|LCallisto>Callisto/2h|LCallisto>Ganymede/2h: 0 zeros 0 pass (0.4s) totals zeros=337 pass=14 eta 1.6 min
2026-10-07T10:35:03+00:00 [301/509] k4|HGanymede/3,1,p|LGanymede>Callisto/1h|RCallisto/1:1|LCallisto>Ganymede/1h: 0 zeros 0 pass (0.1s) totals zeros=337 pass=14 eta 1.6 min
2026-10-07T10:35:03+00:00 [302/509] k4|HGanymede/3,1,p|LGanymede>Callisto/1h|RCallisto/1:2|LCallisto>Ganymede/2h: 0 zeros 0 pass (0.1s) totals zeros=337 pass=14 eta 1.6 min
2026-10-07T10:35:04+00:00 [303/509] k4|HGanymede/3,1,p|LGanymede>Callisto/1h|HCallisto/1,0,a|LCallisto>Ganymede/1l: 1 zeros 0 pass (1.1s) totals zeros=338 pass=14 eta 1.6 min
2026-10-07T10:35:04+00:00 [304/509] k4|HGanymede/3,1,p|LGanymede>Callisto/1h|HCallisto/3,1,p|LCallisto>Ganymede/2h: 0 zeros 0 pass (0.0s) totals zeros=338 pass=14 eta 1.6 min
2026-10-07T10:35:05+00:00 [305/509] k4|HGanymede/3,1,p|LGanymede>Callisto/1h|LCallisto>Callisto/1l|LCallisto>Ganymede/1h: 0 zeros 0 pass (0.4s) totals zeros=338 pass=14 eta 1.6 min
2026-10-07T10:35:05+00:00 [306/509] k4|HGanymede/3,1,p|LGanymede>Callisto/1h|LCallisto>Callisto/2l|LCallisto>Ganymede/0s: 0 zeros 0 pass (0.3s) totals zeros=338 pass=14 eta 1.6 min
2026-10-07T10:35:05+00:00 [307/509] k4|HGanymede/3,1,p|LGanymede>Callisto/1h|LCallisto>Callisto/2h|LCallisto>Ganymede/2l: 0 zeros 0 pass (0.4s) totals zeros=338 pass=14 eta 1.6 min
2026-10-07T10:35:05+00:00 [308/509] k4|HGanymede/3,1,p|LGanymede>Callisto/2l|RCallisto/1:1|LCallisto>Ganymede/1l: 0 zeros 0 pass (0.1s) totals zeros=338 pass=14 eta 1.5 min
2026-10-07T10:35:06+00:00 [309/509] k4|HGanymede/3,1,p|LGanymede>Callisto/2l|RCallisto/1:2|LCallisto>Ganymede/2h: 0 zeros 0 pass (0.1s) totals zeros=338 pass=14 eta 1.5 min
2026-10-07T10:35:06+00:00 [310/509] k4|HGanymede/3,1,p|LGanymede>Callisto/2l|HCallisto/1,0,a|LCallisto>Ganymede/1h: 1 zeros 0 pass (0.4s) totals zeros=339 pass=14 eta 1.5 min
2026-10-07T10:35:06+00:00 [311/509] k4|HGanymede/3,1,p|LGanymede>Callisto/2l|HCallisto/3,1,a|LCallisto>Ganymede/1h: 0 zeros 0 pass (0.0s) totals zeros=339 pass=14 eta 1.5 min
2026-10-07T10:35:06+00:00 [312/509] k4|HGanymede/3,1,p|LGanymede>Callisto/2l|LCallisto>Callisto/1h|LCallisto>Ganymede/1h: 0 zeros 0 pass (0.4s) totals zeros=339 pass=14 eta 1.5 min
2026-10-07T10:35:07+00:00 [313/509] k4|HGanymede/3,1,p|LGanymede>Callisto/2l|LCallisto>Callisto/2h|LCallisto>Ganymede/0s: 0 zeros 0 pass (0.4s) totals zeros=339 pass=14 eta 1.5 min
2026-10-07T10:35:07+00:00 [314/509] k4|HGanymede/3,1,p|LGanymede>Callisto/2h|LCallisto>Ganymede/2l: 0 zeros 0 pass (0.1s) totals zeros=339 pass=14 eta 1.5 min
2026-10-07T10:35:07+00:00 [315/509] k4|HGanymede/3,1,p|LGanymede>Callisto/2h|RCallisto/1:2|LCallisto>Ganymede/1l: 0 zeros 0 pass (0.1s) totals zeros=339 pass=14 eta 1.5 min
2026-10-07T10:35:07+00:00 [316/509] k4|HGanymede/3,1,p|LGanymede>Callisto/2h|HCallisto/1,0,p|LCallisto>Ganymede/2h: 2 zeros 0 pass (0.2s) totals zeros=341 pass=14 eta 1.5 min
2026-10-07T10:35:07+00:00 [317/509] k4|HGanymede/3,1,p|LGanymede>Callisto/2h|HCallisto/3,1,p|LCallisto>Ganymede/1h: 0 zeros 0 pass (0.1s) totals zeros=341 pass=14 eta 1.5 min
2026-10-07T10:35:08+00:00 [318/509] k4|HGanymede/3,1,p|LGanymede>Callisto/2h|LCallisto>Callisto/1l|LCallisto>Ganymede/2h: 0 zeros 0 pass (0.4s) totals zeros=341 pass=14 eta 1.4 min
2026-10-07T10:35:08+00:00 [319/509] k4|HGanymede/3,1,p|LGanymede>Callisto/2h|LCallisto>Callisto/2l|LCallisto>Ganymede/1h: 0 zeros 0 pass (0.4s) totals zeros=341 pass=14 eta 1.4 min
2026-10-07T10:35:08+00:00 [320/509] k4|HGanymede/3,1,a|LGanymede>Callisto/0s|LCallisto>Ganymede/0s: 6 zeros 0 pass (0.3s) totals zeros=347 pass=14 eta 1.4 min
2026-10-07T10:35:09+00:00 [321/509] k4|HGanymede/3,1,a|LGanymede>Callisto/0s|RCallisto/1:1|LCallisto>Ganymede/2l: 0 zeros 0 pass (0.7s) totals zeros=347 pass=14 eta 1.4 min
2026-10-07T10:35:10+00:00 [322/509] k4|HGanymede/3,1,a|LGanymede>Callisto/0s|RCallisto/1:2|LCallisto>Ganymede/2l: 0 zeros 0 pass (0.8s) totals zeros=347 pass=14 eta 1.4 min
2026-10-07T10:35:11+00:00 [323/509] k4|HGanymede/3,1,a|LGanymede>Callisto/0s|HCallisto/1,0,p|LCallisto>Ganymede/2l: 1 zeros 0 pass (1.0s) totals zeros=348 pass=14 eta 1.4 min
2026-10-07T10:35:11+00:00 [324/509] k4|HGanymede/3,1,a|LGanymede>Callisto/0s|HCallisto/3,1,p|LCallisto>Ganymede/1l: 1 zeros 0 pass (0.2s) totals zeros=349 pass=14 eta 1.4 min
2026-10-07T10:35:11+00:00 [325/509] k4|HGanymede/3,1,a|LGanymede>Callisto/0s|HCallisto/3,1,a|LCallisto>Ganymede/2h: 0 zeros 0 pass (0.1s) totals zeros=349 pass=14 eta 1.4 min
2026-10-07T10:35:15+00:00 [326/509] k4|HGanymede/3,1,a|LGanymede>Callisto/0s|LCallisto>Callisto/1h|LCallisto>Ganymede/1h: 6 zeros 0 pass (3.8s) totals zeros=355 pass=14 eta 1.4 min
2026-10-07T10:35:16+00:00 [327/509] k4|HGanymede/3,1,a|LGanymede>Callisto/0s|LCallisto>Callisto/2h|LCallisto>Ganymede/0s: 2 zeros 0 pass (0.8s) totals zeros=357 pass=14 eta 1.4 min
2026-10-07T10:35:16+00:00 [328/509] k4|HGanymede/3,1,a|LGanymede>Callisto/1l|LCallisto>Ganymede/2l: 2 zeros 0 pass (0.6s) totals zeros=359 pass=14 eta 1.4 min
2026-10-07T10:35:17+00:00 [329/509] k4|HGanymede/3,1,a|LGanymede>Callisto/1l|RCallisto/1:2|LCallisto>Ganymede/0s: 3 zeros 0 pass (0.7s) totals zeros=362 pass=14 eta 1.4 min
2026-10-07T10:35:18+00:00 [330/509] k4|HGanymede/3,1,a|LGanymede>Callisto/1l|HCallisto/1,0,p|LCallisto>Ganymede/1h: 1 zeros 0 pass (1.0s) totals zeros=363 pass=14 eta 1.4 min
2026-10-07T10:35:18+00:00 [331/509] k4|HGanymede/3,1,a|LGanymede>Callisto/1l|HCallisto/3,1,p|LCallisto>Ganymede/0s: 1 zeros 0 pass (0.3s) totals zeros=364 pass=14 eta 1.4 min
2026-10-07T10:35:18+00:00 [332/509] k4|HGanymede/3,1,a|LGanymede>Callisto/1l|HCallisto/3,1,a|LCallisto>Ganymede/2l: 0 zeros 0 pass (0.0s) totals zeros=364 pass=14 eta 1.4 min
2026-10-07T10:35:19+00:00 [333/509] k4|HGanymede/3,1,a|LGanymede>Callisto/1l|LCallisto>Callisto/1h|LCallisto>Ganymede/1l: 0 zeros 0 pass (0.3s) totals zeros=364 pass=14 eta 1.4 min
2026-10-07T10:35:19+00:00 [334/509] k4|HGanymede/3,1,a|LGanymede>Callisto/1l|LCallisto>Callisto/2l|LCallisto>Ganymede/2h: 0 zeros 0 pass (0.4s) totals zeros=364 pass=14 eta 1.4 min
2026-10-07T10:35:20+00:00 [335/509] k4|HGanymede/3,1,a|LGanymede>Callisto/1h|LCallisto>Ganymede/1h: 2 zeros 0 pass (0.7s) totals zeros=366 pass=14 eta 1.4 min
2026-10-07T10:35:20+00:00 [336/509] k4|HGanymede/3,1,a|LGanymede>Callisto/1h|RCallisto/2:1|LCallisto>Ganymede/0s: 0 zeros 0 pass (0.1s) totals zeros=366 pass=14 eta 1.3 min
2026-10-07T10:35:21+00:00 [337/509] k4|HGanymede/3,1,a|LGanymede>Callisto/1h|HCallisto/1,0,p|LCallisto>Ganymede/1l: 1 zeros 0 pass (1.2s) totals zeros=367 pass=14 eta 1.3 min
2026-10-07T10:35:21+00:00 [338/509] k4|HGanymede/3,1,a|LGanymede>Callisto/1h|HCallisto/1,0,a|LCallisto>Ganymede/2h: 2 zeros 0 pass (0.4s) totals zeros=369 pass=14 eta 1.3 min
2026-10-07T10:35:21+00:00 [339/509] k4|HGanymede/3,1,a|LGanymede>Callisto/1h|HCallisto/3,1,a|LCallisto>Ganymede/1h: 0 zeros 0 pass (0.0s) totals zeros=369 pass=14 eta 1.3 min
2026-10-07T10:35:25+00:00 [340/509] k4|HGanymede/3,1,a|LGanymede>Callisto/1h|LCallisto>Callisto/1h|LCallisto>Ganymede/0s: 6 zeros 0 pass (3.2s) totals zeros=375 pass=14 eta 1.3 min
2026-10-07T10:35:25+00:00 [341/509] k4|HGanymede/3,1,a|LGanymede>Callisto/1h|LCallisto>Callisto/2l|LCallisto>Ganymede/2l: 0 zeros 0 pass (0.4s) totals zeros=375 pass=14 eta 1.3 min
2026-10-07T10:35:25+00:00 [342/509] k4|HGanymede/3,1,a|LGanymede>Callisto/2l|LCallisto>Ganymede/1l: 2 zeros 0 pass (0.5s) totals zeros=377 pass=14 eta 1.3 min
2026-10-07T10:35:25+00:00 [343/509] k4|HGanymede/3,1,a|LGanymede>Callisto/2l|RCallisto/1:1|LCallisto>Ganymede/2h: 0 zeros 0 pass (0.1s) totals zeros=377 pass=14 eta 1.3 min
2026-10-07T10:35:26+00:00 [344/509] k4|HGanymede/3,1,a|LGanymede>Callisto/2l|HCallisto/1,0,p|LCallisto>Ganymede/1h: 1 zeros 0 pass (0.4s) totals zeros=378 pass=14 eta 1.3 min
2026-10-07T10:35:26+00:00 [345/509] k4|HGanymede/3,1,a|LGanymede>Callisto/2l|HCallisto/3,1,p|LCallisto>Ganymede/0s: 0 zeros 0 pass (0.1s) totals zeros=378 pass=14 eta 1.3 min
2026-10-07T10:35:26+00:00 [346/509] k4|HGanymede/3,1,a|LGanymede>Callisto/2l|LCallisto>Callisto/1l|LCallisto>Ganymede/1h: 0 zeros 0 pass (0.4s) totals zeros=378 pass=14 eta 1.3 min
2026-10-07T10:35:27+00:00 [347/509] k4|HGanymede/3,1,a|LGanymede>Callisto/2l|LCallisto>Callisto/2l|LCallisto>Ganymede/0s: 0 zeros 0 pass (0.4s) totals zeros=378 pass=14 eta 1.3 min
2026-10-07T10:35:27+00:00 [348/509] k4|HGanymede/3,1,a|LGanymede>Callisto/2l|LCallisto>Callisto/2h|LCallisto>Ganymede/2l: 0 zeros 0 pass (0.5s) totals zeros=378 pass=14 eta 1.3 min
2026-10-07T10:35:27+00:00 [349/509] k4|HGanymede/3,1,a|LGanymede>Callisto/2h|RCallisto/1:1|LCallisto>Ganymede/1l: 0 zeros 0 pass (0.1s) totals zeros=378 pass=14 eta 1.3 min
2026-10-07T10:35:27+00:00 [350/509] k4|HGanymede/3,1,a|LGanymede>Callisto/2h|RCallisto/1:2|LCallisto>Ganymede/2h: 0 zeros 0 pass (0.1s) totals zeros=378 pass=14 eta 1.2 min
2026-10-07T10:35:28+00:00 [351/509] k4|HGanymede/3,1,a|LGanymede>Callisto/2h|HCallisto/1,0,a|LCallisto>Ganymede/1h: 2 zeros 0 pass (0.4s) totals zeros=380 pass=14 eta 1.2 min
2026-10-07T10:35:28+00:00 [352/509] k4|HGanymede/3,1,a|LGanymede>Callisto/2h|HCallisto/3,1,a|LCallisto>Ganymede/1h: 0 zeros 0 pass (0.1s) totals zeros=380 pass=14 eta 1.2 min
2026-10-07T10:35:28+00:00 [353/509] k4|HGanymede/3,1,a|LGanymede>Callisto/2h|LCallisto>Callisto/1h|LCallisto>Ganymede/1h: 0 zeros 0 pass (0.4s) totals zeros=380 pass=14 eta 1.2 min
2026-10-07T10:35:28+00:00 [354/509] k4|HGanymede/3,1,a|LGanymede>Callisto/2h|LCallisto>Callisto/2h|LCallisto>Ganymede/0s: 0 zeros 0 pass (0.4s) totals zeros=380 pass=14 eta 1.2 min
2026-10-07T10:35:33+00:00 [355/509] k4|LGanymede>Ganymede/1l|LGanymede>Callisto/0s|LCallisto>Ganymede/2l: 6 zeros 1 pass (4.4s) totals zeros=386 pass=15 eta 1.2 min
2026-10-07T10:35:33+00:00 [356/509] k4|LGanymede>Ganymede/1l|LGanymede>Callisto/0s|RCallisto/2:1|LCallisto>Ganymede/1l: 0 zeros 0 pass (0.5s) totals zeros=386 pass=15 eta 1.2 min
2026-10-07T10:35:36+00:00 [357/509] k4|LGanymede>Ganymede/1l|LGanymede>Callisto/0s|RCallisto/1:2|LCallisto>Ganymede/2h: 2 zeros 0 pass (3.1s) totals zeros=388 pass=15 eta 1.2 min
2026-10-07T10:35:41+00:00 [358/509] k4|LGanymede>Ganymede/1l|LGanymede>Callisto/0s|HCallisto/1,0,p|LCallisto>Ganymede/1h: 14 zeros 0 pass (4.7s) totals zeros=402 pass=15 eta 1.3 min
2026-10-07T10:35:42+00:00 [359/509] k4|LGanymede>Ganymede/1l|LGanymede>Callisto/0s|HCallisto/3,1,p|LCallisto>Ganymede/0s: 10 zeros 0 pass (1.4s) totals zeros=412 pass=15 eta 1.2 min
2026-10-07T10:35:43+00:00 [360/509] k4|LGanymede>Ganymede/1l|LGanymede>Callisto/0s|HCallisto/3,1,a|LCallisto>Ganymede/2l: 0 zeros 0 pass (0.5s) totals zeros=412 pass=15 eta 1.2 min
2026-10-07T10:35:49+00:00 [361/509] k4|LGanymede>Ganymede/1l|LGanymede>Callisto/0s|LCallisto>Callisto/1h|LCallisto>Ganymede/1l: 4 zeros 0 pass (5.8s) totals zeros=416 pass=15 eta 1.3 min
2026-10-07T10:35:51+00:00 [362/509] k4|LGanymede>Ganymede/1l|LGanymede>Callisto/0s|LCallisto>Callisto/2l|LCallisto>Ganymede/2h: 0 zeros 0 pass (1.9s) totals zeros=416 pass=15 eta 1.3 min
2026-10-07T10:35:55+00:00 [363/509] k4|LGanymede>Ganymede/1l|LGanymede>Callisto/1l|LCallisto>Ganymede/1h: 2 zeros 1 pass (4.7s) totals zeros=418 pass=16 eta 1.3 min
2026-10-07T10:35:56+00:00 [364/509] k4|LGanymede>Ganymede/1l|LGanymede>Callisto/1l|RCallisto/2:1|LCallisto>Ganymede/0s: 0 zeros 0 pass (0.3s) totals zeros=418 pass=16 eta 1.3 min
2026-10-07T10:35:56+00:00 [365/509] k4|LGanymede>Ganymede/1l|LGanymede>Callisto/1l|RCallisto/1:2|LCallisto>Ganymede/2l: 0 zeros 0 pass (0.5s) totals zeros=418 pass=16 eta 1.3 min
2026-10-07T10:35:59+00:00 [366/509] k4|LGanymede>Ganymede/1l|LGanymede>Callisto/1l|HCallisto/1,0,p|LCallisto>Ganymede/1l: 4 zeros 0 pass (2.5s) totals zeros=422 pass=16 eta 1.3 min
2026-10-07T10:36:01+00:00 [367/509] k4|LGanymede>Ganymede/1l|LGanymede>Callisto/1l|HCallisto/1,0,a|LCallisto>Ganymede/2h: 0 zeros 0 pass (2.5s) totals zeros=422 pass=16 eta 1.3 min
2026-10-07T10:36:01+00:00 [368/509] k4|LGanymede>Ganymede/1l|LGanymede>Callisto/1l|HCallisto/3,1,a|LCallisto>Ganymede/1h: 0 zeros 0 pass (0.4s) totals zeros=422 pass=16 eta 1.3 min
2026-10-07T10:36:09+00:00 [369/509] k4|LGanymede>Ganymede/1l|LGanymede>Callisto/1l|LCallisto>Callisto/1h|LCallisto>Ganymede/0s: 4 zeros 0 pass (7.8s) totals zeros=426 pass=16 eta 1.3 min
2026-10-07T10:36:11+00:00 [370/509] k4|LGanymede>Ganymede/1l|LGanymede>Callisto/1l|LCallisto>Callisto/2l|LCallisto>Ganymede/2l: 0 zeros 0 pass (1.7s) totals zeros=426 pass=16 eta 1.3 min
2026-10-07T10:36:16+00:00 [371/509] k4|LGanymede>Ganymede/1l|LGanymede>Callisto/1h|LCallisto>Ganymede/1l: 2 zeros 1 pass (4.6s) totals zeros=428 pass=17 eta 1.3 min
2026-10-07T10:36:17+00:00 [372/509] k4|LGanymede>Ganymede/1l|LGanymede>Callisto/1h|RCallisto/1:1|LCallisto>Ganymede/2h: 0 zeros 0 pass (1.0s) totals zeros=428 pass=17 eta 1.3 min
2026-10-07T10:36:19+00:00 [373/509] k4|LGanymede>Ganymede/1l|LGanymede>Callisto/1h|RCallisto/1:2|LCallisto>Ganymede/1h: 0 zeros 0 pass (2.1s) totals zeros=428 pass=17 eta 1.3 min
2026-10-07T10:36:23+00:00 [374/509] k4|LGanymede>Ganymede/1l|LGanymede>Callisto/1h|HCallisto/1,0,p|LCallisto>Ganymede/0s: 15 zeros 0 pass (3.9s) totals zeros=443 pass=17 eta 1.3 min
2026-10-07T10:36:24+00:00 [375/509] k4|LGanymede>Ganymede/1l|LGanymede>Callisto/1h|HCallisto/1,0,a|LCallisto>Ganymede/2l: 0 zeros 0 pass (1.5s) totals zeros=443 pass=17 eta 1.3 min
2026-10-07T10:36:24+00:00 [376/509] k4|LGanymede>Ganymede/1l|LGanymede>Callisto/1h|HCallisto/3,1,a|LCallisto>Ganymede/1l: 0 zeros 0 pass (0.3s) totals zeros=443 pass=17 eta 1.3 min
2026-10-07T10:36:26+00:00 [377/509] k4|LGanymede>Ganymede/1l|LGanymede>Callisto/1h|LCallisto>Callisto/1l|LCallisto>Ganymede/2h: 0 zeros 0 pass (1.7s) totals zeros=443 pass=17 eta 1.3 min
2026-10-07T10:36:28+00:00 [378/509] k4|LGanymede>Ganymede/1l|LGanymede>Callisto/1h|LCallisto>Callisto/2l|LCallisto>Ganymede/1h: 0 zeros 0 pass (1.9s) totals zeros=443 pass=17 eta 1.3 min
2026-10-07T10:36:32+00:00 [379/509] k4|LGanymede>Ganymede/1l|LGanymede>Callisto/2l|LCallisto>Ganymede/0s: 7 zeros 1 pass (3.8s) totals zeros=450 pass=18 eta 1.3 min
2026-10-07T10:36:32+00:00 [380/509] k4|LGanymede>Ganymede/1l|LGanymede>Callisto/2l|RCallisto/1:1|LCallisto>Ganymede/2l: 0 zeros 0 pass (0.5s) totals zeros=450 pass=18 eta 1.3 min
2026-10-07T10:36:33+00:00 [381/509] k4|LGanymede>Ganymede/1l|LGanymede>Callisto/2l|RCallisto/1:2|LCallisto>Ganymede/2l: 0 zeros 0 pass (0.5s) totals zeros=450 pass=18 eta 1.3 min
2026-10-07T10:36:34+00:00 [382/509] k4|LGanymede>Ganymede/1l|LGanymede>Callisto/2l|HCallisto/1,0,p|LCallisto>Ganymede/2l: 0 zeros 0 pass (1.2s) totals zeros=450 pass=18 eta 1.3 min
2026-10-07T10:36:34+00:00 [383/509] k4|LGanymede>Ganymede/1l|LGanymede>Callisto/2l|HCallisto/3,1,p|LCallisto>Ganymede/1l: 0 zeros 0 pass (0.5s) totals zeros=450 pass=18 eta 1.3 min
2026-10-07T10:36:35+00:00 [384/509] k4|LGanymede>Ganymede/1l|LGanymede>Callisto/2l|HCallisto/3,1,a|LCallisto>Ganymede/2h: 0 zeros 0 pass (0.4s) totals zeros=450 pass=18 eta 1.3 min
2026-10-07T10:36:38+00:00 [385/509] k4|LGanymede>Ganymede/1l|LGanymede>Callisto/2l|LCallisto>Callisto/1h|LCallisto>Ganymede/1h: 0 zeros 0 pass (2.9s) totals zeros=450 pass=18 eta 1.3 min
2026-10-07T10:36:39+00:00 [386/509] k4|LGanymede>Ganymede/1l|LGanymede>Callisto/2l|LCallisto>Callisto/2h|LCallisto>Ganymede/0s: 0 zeros 0 pass (1.9s) totals zeros=450 pass=18 eta 1.3 min
2026-10-07T10:36:42+00:00 [387/509] k4|LGanymede>Ganymede/1l|LGanymede>Callisto/2h|LCallisto>Ganymede/2l: 0 zeros 0 pass (2.3s) totals zeros=450 pass=18 eta 1.3 min
2026-10-07T10:36:42+00:00 [388/509] k4|LGanymede>Ganymede/1l|LGanymede>Callisto/2h|RCallisto/2:1|LCallisto>Ganymede/1l: 0 zeros 0 pass (0.3s) totals zeros=450 pass=18 eta 1.2 min
2026-10-07T10:36:42+00:00 [389/509] k4|LGanymede>Ganymede/1l|LGanymede>Callisto/2h|RCallisto/2:3|LCallisto>Ganymede/1l: 0 zeros 0 pass (0.4s) totals zeros=450 pass=18 eta 1.2 min
2026-10-07T10:36:45+00:00 [390/509] k4|LGanymede>Ganymede/1l|LGanymede>Callisto/2h|HCallisto/1,0,a|LCallisto>Ganymede/1l: 0 zeros 0 pass (2.3s) totals zeros=450 pass=18 eta 1.2 min
2026-10-07T10:36:45+00:00 [391/509] k4|LGanymede>Ganymede/1l|LGanymede>Callisto/2h|HCallisto/3,1,p|LCallisto>Ganymede/2h: 0 zeros 0 pass (0.4s) totals zeros=450 pass=18 eta 1.2 min
2026-10-07T10:36:47+00:00 [392/509] k4|LGanymede>Ganymede/1l|LGanymede>Callisto/2h|LCallisto>Callisto/1l|LCallisto>Ganymede/1h: 0 zeros 0 pass (1.8s) totals zeros=450 pass=18 eta 1.2 min
2026-10-07T10:36:49+00:00 [393/509] k4|LGanymede>Ganymede/1l|LGanymede>Callisto/2h|LCallisto>Callisto/2l|LCallisto>Ganymede/0s: 0 zeros 0 pass (1.9s) totals zeros=450 pass=18 eta 1.2 min
2026-10-07T10:36:51+00:00 [394/509] k4|LGanymede>Ganymede/1l|LGanymede>Callisto/2h|LCallisto>Callisto/2h|LCallisto>Ganymede/2l: 0 zeros 0 pass (1.8s) totals zeros=450 pass=18 eta 1.2 min
2026-10-07T10:36:53+00:00 [395/509] k4|LGanymede>Ganymede/1h|LGanymede>Callisto/0s|RCallisto/1:1|LCallisto>Ganymede/1l: 9 zeros 0 pass (1.9s) totals zeros=459 pass=18 eta 1.2 min
2026-10-07T10:36:53+00:00 [396/509] k4|LGanymede>Ganymede/1h|LGanymede>Callisto/0s|RCallisto/2:1|LCallisto>Ganymede/2h: 0 zeros 0 pass (0.4s) totals zeros=459 pass=18 eta 1.2 min
2026-10-07T10:36:53+00:00 [397/509] k4|LGanymede>Ganymede/1h|LGanymede>Callisto/0s|RCallisto/2:3|LCallisto>Ganymede/1h: 0 zeros 0 pass (0.4s) totals zeros=459 pass=18 eta 1.2 min
2026-10-07T10:36:56+00:00 [398/509] k4|LGanymede>Ganymede/1h|LGanymede>Callisto/0s|HCallisto/1,0,a|LCallisto>Ganymede/0s: 18 zeros 0 pass (2.8s) totals zeros=477 pass=18 eta 1.2 min
2026-10-07T10:36:57+00:00 [399/509] k4|LGanymede>Ganymede/1h|LGanymede>Callisto/0s|HCallisto/3,1,p|LCallisto>Ganymede/2l: 0 zeros 0 pass (0.5s) totals zeros=477 pass=18 eta 1.2 min
2026-10-07T10:37:01+00:00 [400/509] k4|LGanymede>Ganymede/1h|LGanymede>Callisto/0s|LCallisto>Callisto/1l|LCallisto>Ganymede/1l: 5 zeros 0 pass (4.4s) totals zeros=482 pass=18 eta 1.2 min
2026-10-07T10:37:05+00:00 [401/509] k4|LGanymede>Ganymede/1h|LGanymede>Callisto/0s|LCallisto>Callisto/1h|LCallisto>Ganymede/2h: 1 zeros 0 pass (4.5s) totals zeros=483 pass=18 eta 1.2 min
2026-10-07T10:37:07+00:00 [402/509] k4|LGanymede>Ganymede/1h|LGanymede>Callisto/0s|LCallisto>Callisto/2h|LCallisto>Ganymede/1h: 0 zeros 0 pass (1.9s) totals zeros=483 pass=18 eta 1.2 min
2026-10-07T10:37:09+00:00 [403/509] k4|LGanymede>Ganymede/1h|LGanymede>Callisto/1l|RCallisto/1:1|LCallisto>Ganymede/0s: 9 zeros 0 pass (2.0s) totals zeros=492 pass=18 eta 1.2 min
2026-10-07T10:37:10+00:00 [404/509] k4|LGanymede>Ganymede/1h|LGanymede>Callisto/1l|RCallisto/2:1|LCallisto>Ganymede/2l: 0 zeros 0 pass (0.4s) totals zeros=492 pass=18 eta 1.2 min
2026-10-07T10:37:10+00:00 [405/509] k4|LGanymede>Ganymede/1h|LGanymede>Callisto/1l|RCallisto/2:3|LCallisto>Ganymede/1l: 0 zeros 0 pass (0.3s) totals zeros=492 pass=18 eta 1.1 min
2026-10-07T10:37:12+00:00 [406/509] k4|LGanymede>Ganymede/1h|LGanymede>Callisto/1l|HCallisto/1,0,p|LCallisto>Ganymede/2h: 1 zeros 0 pass (2.0s) totals zeros=493 pass=18 eta 1.1 min
2026-10-07T10:37:12+00:00 [407/509] k4|LGanymede>Ganymede/1h|LGanymede>Callisto/1l|HCallisto/3,1,p|LCallisto>Ganymede/1h: 0 zeros 0 pass (0.4s) totals zeros=493 pass=18 eta 1.1 min
2026-10-07T10:37:17+00:00 [408/509] k4|LGanymede>Ganymede/1h|LGanymede>Callisto/1l|LCallisto>Callisto/1l|LCallisto>Ganymede/0s: 5 zeros 0 pass (4.7s) totals zeros=498 pass=18 eta 1.1 min
2026-10-07T10:37:19+00:00 [409/509] k4|LGanymede>Ganymede/1h|LGanymede>Callisto/1l|LCallisto>Callisto/1h|LCallisto>Ganymede/2l: 0 zeros 0 pass (1.9s) totals zeros=498 pass=18 eta 1.1 min
2026-10-07T10:37:21+00:00 [410/509] k4|LGanymede>Ganymede/1h|LGanymede>Callisto/1l|LCallisto>Callisto/2h|LCallisto>Ganymede/1l: 0 zeros 0 pass (1.8s) totals zeros=498 pass=18 eta 1.1 min
2026-10-07T10:37:25+00:00 [411/509] k4|LGanymede>Ganymede/1h|LGanymede>Callisto/1h|LCallisto>Ganymede/2h: 1 zeros 0 pass (4.5s) totals zeros=499 pass=18 eta 1.1 min
2026-10-07T10:37:26+00:00 [412/509] k4|LGanymede>Ganymede/1h|LGanymede>Callisto/1h|RCallisto/2:1|LCallisto>Ganymede/1h: 0 zeros 0 pass (0.3s) totals zeros=499 pass=18 eta 1.1 min
2026-10-07T10:37:26+00:00 [413/509] k4|LGanymede>Ganymede/1h|LGanymede>Callisto/1h|RCallisto/2:3|LCallisto>Ganymede/0s: 0 zeros 0 pass (0.3s) totals zeros=499 pass=18 eta 1.1 min
2026-10-07T10:37:27+00:00 [414/509] k4|LGanymede>Ganymede/1h|LGanymede>Callisto/1h|HCallisto/1,0,p|LCallisto>Ganymede/2l: 1 zeros 0 pass (1.3s) totals zeros=500 pass=18 eta 1.1 min
2026-10-07T10:37:28+00:00 [415/509] k4|LGanymede>Ganymede/1h|LGanymede>Callisto/1h|HCallisto/3,1,p|LCallisto>Ganymede/1l: 0 zeros 0 pass (0.4s) totals zeros=500 pass=18 eta 1.1 min
2026-10-07T10:37:28+00:00 [416/509] k4|LGanymede>Ganymede/1h|LGanymede>Callisto/1h|HCallisto/3,1,a|LCallisto>Ganymede/2h: 0 zeros 0 pass (0.4s) totals zeros=500 pass=18 eta 1.1 min
2026-10-07T10:37:30+00:00 [417/509] k4|LGanymede>Ganymede/1h|LGanymede>Callisto/1h|LCallisto>Callisto/1h|LCallisto>Ganymede/1h: 0 zeros 0 pass (2.0s) totals zeros=500 pass=18 eta 1.1 min
2026-10-07T10:37:32+00:00 [418/509] k4|LGanymede>Ganymede/1h|LGanymede>Callisto/1h|LCallisto>Callisto/2h|LCallisto>Ganymede/0s: 0 zeros 0 pass (2.0s) totals zeros=500 pass=18 eta 1.0 min
2026-10-07T10:37:33+00:00 [419/509] k4|LGanymede>Ganymede/1h|LGanymede>Callisto/2l|LCallisto>Ganymede/2l: 2 zeros 0 pass (0.9s) totals zeros=502 pass=18 eta 1.0 min
2026-10-07T10:37:33+00:00 [420/509] k4|LGanymede>Ganymede/1h|LGanymede>Callisto/2l|RCallisto/2:1|LCallisto>Ganymede/1l: 0 zeros 0 pass (0.3s) totals zeros=502 pass=18 eta 1.0 min
2026-10-07T10:37:34+00:00 [421/509] k4|LGanymede>Ganymede/1h|LGanymede>Callisto/2l|RCallisto/2:3|LCallisto>Ganymede/1l: 0 zeros 0 pass (0.4s) totals zeros=502 pass=18 eta 1.0 min
2026-10-07T10:37:35+00:00 [422/509] k4|LGanymede>Ganymede/1h|LGanymede>Callisto/2l|HCallisto/1,0,a|LCallisto>Ganymede/1l: 1 zeros 0 pass (1.5s) totals zeros=503 pass=18 eta 1.0 min
2026-10-07T10:37:36+00:00 [423/509] k4|LGanymede>Ganymede/1h|LGanymede>Callisto/2l|HCallisto/3,1,p|LCallisto>Ganymede/2h: 0 zeros 0 pass (0.4s) totals zeros=503 pass=18 eta 1.0 min
2026-10-07T10:37:37+00:00 [424/509] k4|LGanymede>Ganymede/1h|LGanymede>Callisto/2l|LCallisto>Callisto/1l|LCallisto>Ganymede/1h: 0 zeros 0 pass (2.0s) totals zeros=503 pass=18 eta 1.0 min
2026-10-07T10:37:39+00:00 [425/509] k4|LGanymede>Ganymede/1h|LGanymede>Callisto/2l|LCallisto>Callisto/2l|LCallisto>Ganymede/0s: 0 zeros 0 pass (1.9s) totals zeros=503 pass=18 eta 1.0 min
2026-10-07T10:37:41+00:00 [426/509] k4|LGanymede>Ganymede/1h|LGanymede>Callisto/2l|LCallisto>Callisto/2h|LCallisto>Ganymede/2l: 0 zeros 0 pass (1.8s) totals zeros=503 pass=18 eta 1.0 min
2026-10-07T10:37:42+00:00 [427/509] k4|LGanymede>Ganymede/1h|LGanymede>Callisto/2h|RCallisto/1:1|LCallisto>Ganymede/1l: 1 zeros 0 pass (0.6s) totals zeros=504 pass=18 eta 1.0 min
2026-10-07T10:37:42+00:00 [428/509] k4|LGanymede>Ganymede/1h|LGanymede>Callisto/2h|RCallisto/1:2|LCallisto>Ganymede/1l: 1 zeros 0 pass (0.5s) totals zeros=505 pass=18 eta 0.9 min
2026-10-07T10:37:44+00:00 [429/509] k4|LGanymede>Ganymede/1h|LGanymede>Callisto/2h|HCallisto/1,0,p|LCallisto>Ganymede/1l: 1 zeros 0 pass (1.9s) totals zeros=506 pass=18 eta 0.9 min
2026-10-07T10:37:45+00:00 [430/509] k4|LGanymede>Ganymede/1h|LGanymede>Callisto/2h|HCallisto/1,0,a|LCallisto>Ganymede/2h: 0 zeros 0 pass (0.7s) totals zeros=506 pass=18 eta 0.9 min
2026-10-07T10:37:45+00:00 [431/509] k4|LGanymede>Ganymede/1h|LGanymede>Callisto/2h|HCallisto/3,1,a|LCallisto>Ganymede/1h: 0 zeros 0 pass (0.5s) totals zeros=506 pass=18 eta 0.9 min
2026-10-07T10:37:50+00:00 [432/509] k4|LGanymede>Ganymede/1h|LGanymede>Callisto/2h|LCallisto>Callisto/1h|LCallisto>Ganymede/0s: 1 zeros 0 pass (4.5s) totals zeros=507 pass=18 eta 0.9 min
2026-10-07T10:37:52+00:00 [433/509] k4|LGanymede>Ganymede/1h|LGanymede>Callisto/2h|LCallisto>Callisto/2l|LCallisto>Ganymede/2l: 0 zeros 0 pass (1.9s) totals zeros=507 pass=18 eta 0.9 min
2026-10-07T10:37:56+00:00 [434/509] k4|LGanymede>Ganymede/2l|LGanymede>Callisto/0s|LCallisto>Ganymede/1l: 8 zeros 1 pass (4.6s) totals zeros=515 pass=19 eta 0.9 min
2026-10-07T10:37:57+00:00 [435/509] k4|LGanymede>Ganymede/2l|LGanymede>Callisto/0s|RCallisto/1:1|LCallisto>Ganymede/2h: 1 zeros 0 pass (1.1s) totals zeros=516 pass=19 eta 0.9 min
2026-10-07T10:38:01+00:00 [436/509] k4|LGanymede>Ganymede/2l|LGanymede>Callisto/0s|RCallisto/1:2|LCallisto>Ganymede/1h: 2 zeros 0 pass (4.0s) totals zeros=518 pass=19 eta 0.9 min
2026-10-07T10:38:05+00:00 [437/509] k4|LGanymede>Ganymede/2l|LGanymede>Callisto/0s|HCallisto/1,0,p|LCallisto>Ganymede/0s: 19 zeros 0 pass (3.4s) totals zeros=537 pass=19 eta 0.9 min
2026-10-07T10:38:07+00:00 [438/509] k4|LGanymede>Ganymede/2l|LGanymede>Callisto/0s|HCallisto/1,0,a|LCallisto>Ganymede/2l: 3 zeros 0 pass (2.5s) totals zeros=540 pass=19 eta 0.9 min
2026-10-07T10:38:08+00:00 [439/509] k4|LGanymede>Ganymede/2l|LGanymede>Callisto/0s|HCallisto/3,1,a|LCallisto>Ganymede/1l: 0 zeros 0 pass (0.5s) totals zeros=540 pass=19 eta 0.9 min
2026-10-07T10:38:10+00:00 [440/509] k4|LGanymede>Ganymede/2l|LGanymede>Callisto/0s|LCallisto>Callisto/1l|LCallisto>Ganymede/2h: 0 zeros 0 pass (2.0s) totals zeros=540 pass=19 eta 0.9 min
2026-10-07T10:38:12+00:00 [441/509] k4|LGanymede>Ganymede/2l|LGanymede>Callisto/0s|LCallisto>Callisto/2l|LCallisto>Ganymede/1h: 0 zeros 0 pass (2.0s) totals zeros=540 pass=19 eta 0.8 min
2026-10-07T10:38:17+00:00 [442/509] k4|LGanymede>Ganymede/2l|LGanymede>Callisto/1l|LCallisto>Ganymede/0s: 9 zeros 1 pass (4.9s) totals zeros=549 pass=20 eta 0.8 min
2026-10-07T10:38:17+00:00 [443/509] k4|LGanymede>Ganymede/2l|LGanymede>Callisto/1l|RCallisto/1:1|LCallisto>Ganymede/2l: 0 zeros 0 pass (0.5s) totals zeros=549 pass=20 eta 0.8 min
2026-10-07T10:38:18+00:00 [444/509] k4|LGanymede>Ganymede/2l|LGanymede>Callisto/1l|RCallisto/1:2|LCallisto>Ganymede/2l: 0 zeros 0 pass (0.8s) totals zeros=549 pass=20 eta 0.8 min
2026-10-07T10:38:19+00:00 [445/509] k4|LGanymede>Ganymede/2l|LGanymede>Callisto/1l|HCallisto/1,0,p|LCallisto>Ganymede/2l: 0 zeros 0 pass (0.8s) totals zeros=549 pass=20 eta 0.8 min
2026-10-07T10:38:19+00:00 [446/509] k4|LGanymede>Ganymede/2l|LGanymede>Callisto/1l|HCallisto/3,1,p|LCallisto>Ganymede/1l: 0 zeros 0 pass (0.4s) totals zeros=549 pass=20 eta 0.8 min
2026-10-07T10:38:20+00:00 [447/509] k4|LGanymede>Ganymede/2l|LGanymede>Callisto/1l|HCallisto/3,1,a|LCallisto>Ganymede/2h: 0 zeros 0 pass (0.5s) totals zeros=549 pass=20 eta 0.8 min
2026-10-07T10:38:22+00:00 [448/509] k4|LGanymede>Ganymede/2l|LGanymede>Callisto/1l|LCallisto>Callisto/1h|LCallisto>Ganymede/1h: 0 zeros 0 pass (2.3s) totals zeros=549 pass=20 eta 0.8 min
2026-10-07T10:38:24+00:00 [449/509] k4|LGanymede>Ganymede/2l|LGanymede>Callisto/1l|LCallisto>Callisto/2h|LCallisto>Ganymede/0s: 0 zeros 0 pass (2.2s) totals zeros=549 pass=20 eta 0.8 min
2026-10-07T10:38:27+00:00 [450/509] k4|LGanymede>Ganymede/2l|LGanymede>Callisto/1h|LCallisto>Ganymede/2l: 1 zeros 1 pass (2.7s) totals zeros=550 pass=21 eta 0.8 min
2026-10-07T10:38:27+00:00 [451/509] k4|LGanymede>Ganymede/2l|LGanymede>Callisto/1h|RCallisto/2:1|LCallisto>Ganymede/1l: 0 zeros 0 pass (0.5s) totals zeros=550 pass=21 eta 0.7 min
2026-10-07T10:38:28+00:00 [452/509] k4|LGanymede>Ganymede/2l|LGanymede>Callisto/1h|RCallisto/2:3|LCallisto>Ganymede/1l: 0 zeros 0 pass (0.5s) totals zeros=550 pass=21 eta 0.7 min
2026-10-07T10:38:31+00:00 [453/509] k4|LGanymede>Ganymede/2l|LGanymede>Callisto/1h|HCallisto/1,0,a|LCallisto>Ganymede/1l: 1 zeros 0 pass (3.6s) totals zeros=551 pass=21 eta 0.7 min
2026-10-07T10:38:32+00:00 [454/509] k4|LGanymede>Ganymede/2l|LGanymede>Callisto/1h|HCallisto/3,1,p|LCallisto>Ganymede/2h: 0 zeros 0 pass (0.5s) totals zeros=551 pass=21 eta 0.7 min
2026-10-07T10:38:34+00:00 [455/509] k4|LGanymede>Ganymede/2l|LGanymede>Callisto/1h|LCallisto>Callisto/1l|LCallisto>Ganymede/1h: 0 zeros 0 pass (2.1s) totals zeros=551 pass=21 eta 0.7 min
2026-10-07T10:38:36+00:00 [456/509] k4|LGanymede>Ganymede/2l|LGanymede>Callisto/1h|LCallisto>Callisto/2l|LCallisto>Ganymede/0s: 0 zeros 0 pass (2.2s) totals zeros=551 pass=21 eta 0.7 min
2026-10-07T10:38:39+00:00 [457/509] k4|LGanymede>Ganymede/2l|LGanymede>Callisto/1h|LCallisto>Callisto/2h|LCallisto>Ganymede/2l: 0 zeros 0 pass (2.4s) totals zeros=551 pass=21 eta 0.7 min
2026-10-07T10:38:39+00:00 [458/509] k4|LGanymede>Ganymede/2l|LGanymede>Callisto/2l|RCallisto/1:1|LCallisto>Ganymede/1l: 0 zeros 0 pass (0.6s) totals zeros=551 pass=21 eta 0.7 min
2026-10-07T10:38:40+00:00 [459/509] k4|LGanymede>Ganymede/2l|LGanymede>Callisto/2l|RCallisto/1:2|LCallisto>Ganymede/2l: 0 zeros 0 pass (0.6s) totals zeros=551 pass=21 eta 0.6 min
2026-10-07T10:38:43+00:00 [460/509] k4|LGanymede>Ganymede/2l|LGanymede>Callisto/2l|HCallisto/1,0,a|LCallisto>Ganymede/0s: 3 zeros 0 pass (3.5s) totals zeros=554 pass=21 eta 0.6 min
2026-10-07T10:38:44+00:00 [461/509] k4|LGanymede>Ganymede/2l|LGanymede>Callisto/2l|HCallisto/3,1,p|LCallisto>Ganymede/2l: 0 zeros 0 pass (0.6s) totals zeros=554 pass=21 eta 0.6 min
2026-10-07T10:38:46+00:00 [462/509] k4|LGanymede>Ganymede/2l|LGanymede>Callisto/2l|LCallisto>Callisto/1l|LCallisto>Ganymede/1l: 0 zeros 0 pass (2.0s) totals zeros=554 pass=21 eta 0.6 min
2026-10-07T10:38:48+00:00 [463/509] k4|LGanymede>Ganymede/2l|LGanymede>Callisto/2l|LCallisto>Callisto/1h|LCallisto>Ganymede/2h: 0 zeros 0 pass (2.0s) totals zeros=554 pass=21 eta 0.6 min
2026-10-07T10:38:51+00:00 [464/509] k4|LGanymede>Ganymede/2l|LGanymede>Callisto/2l|LCallisto>Callisto/2h|LCallisto>Ganymede/1h: 0 zeros 0 pass (2.6s) totals zeros=554 pass=21 eta 0.6 min
2026-10-07T10:38:52+00:00 [465/509] k4|LGanymede>Ganymede/2l|LGanymede>Callisto/2h|RCallisto/1:1|LCallisto>Ganymede/0s: 1 zeros 0 pass (1.1s) totals zeros=555 pass=21 eta 0.6 min
2026-10-07T10:38:52+00:00 [466/509] k4|LGanymede>Ganymede/2l|LGanymede>Callisto/2h|RCallisto/1:2|LCallisto>Ganymede/1h: 0 zeros 0 pass (0.7s) totals zeros=555 pass=21 eta 0.6 min
2026-10-07T10:38:53+00:00 [467/509] k4|LGanymede>Ganymede/2l|LGanymede>Callisto/2h|HCallisto/1,0,p|LCallisto>Ganymede/2h: 0 zeros 0 pass (0.8s) totals zeros=555 pass=21 eta 0.6 min
2026-10-07T10:38:54+00:00 [468/509] k4|LGanymede>Ganymede/2l|LGanymede>Callisto/2h|HCallisto/3,1,p|LCallisto>Ganymede/1h: 0 zeros 0 pass (0.6s) totals zeros=555 pass=21 eta 0.5 min
2026-10-07T10:38:57+00:00 [469/509] k4|LGanymede>Ganymede/2l|LGanymede>Callisto/2h|LCallisto>Callisto/1l|LCallisto>Ganymede/0s: 0 zeros 0 pass (2.7s) totals zeros=555 pass=21 eta 0.5 min
2026-10-07T10:38:59+00:00 [470/509] k4|LGanymede>Ganymede/2l|LGanymede>Callisto/2h|LCallisto>Callisto/1h|LCallisto>Ganymede/2l: 0 zeros 0 pass (2.3s) totals zeros=555 pass=21 eta 0.5 min
2026-10-07T10:39:01+00:00 [471/509] k4|LGanymede>Ganymede/2l|LGanymede>Callisto/2h|LCallisto>Callisto/2h|LCallisto>Ganymede/1l: 0 zeros 0 pass (2.7s) totals zeros=555 pass=21 eta 0.5 min
2026-10-07T10:39:08+00:00 [472/509] k4|LGanymede>Ganymede/2h|LGanymede>Callisto/0s|LCallisto>Ganymede/2h: 8 zeros 1 pass (6.2s) totals zeros=563 pass=22 eta 0.5 min
2026-10-07T10:39:08+00:00 [473/509] k4|LGanymede>Ganymede/2h|LGanymede>Callisto/0s|RCallisto/2:1|LCallisto>Ganymede/1h: 0 zeros 0 pass (0.3s) totals zeros=563 pass=22 eta 0.5 min
2026-10-07T10:39:09+00:00 [474/509] k4|LGanymede>Ganymede/2h|LGanymede>Callisto/0s|RCallisto/2:3|LCallisto>Ganymede/0s: 0 zeros 0 pass (0.7s) totals zeros=563 pass=22 eta 0.5 min
2026-10-07T10:39:16+00:00 [475/509] k4|LGanymede>Ganymede/2h|LGanymede>Callisto/0s|HCallisto/1,0,p|LCallisto>Ganymede/2l: 1 zeros 0 pass (6.9s) totals zeros=564 pass=22 eta 0.5 min
2026-10-07T10:39:16+00:00 [476/509] k4|LGanymede>Ganymede/2h|LGanymede>Callisto/0s|HCallisto/3,1,p|LCallisto>Ganymede/1l: 0 zeros 0 pass (0.7s) totals zeros=564 pass=22 eta 0.5 min
2026-10-07T10:39:17+00:00 [477/509] k4|LGanymede>Ganymede/2h|LGanymede>Callisto/0s|HCallisto/3,1,a|LCallisto>Ganymede/2h: 0 zeros 0 pass (0.6s) totals zeros=564 pass=22 eta 0.4 min
2026-10-07T10:39:23+00:00 [478/509] k4|LGanymede>Ganymede/2h|LGanymede>Callisto/0s|LCallisto>Callisto/1h|LCallisto>Ganymede/1h: 0 zeros 0 pass (6.6s) totals zeros=564 pass=22 eta 0.4 min
2026-10-07T10:39:26+00:00 [479/509] k4|LGanymede>Ganymede/2h|LGanymede>Callisto/0s|LCallisto>Callisto/2h|LCallisto>Ganymede/0s: 0 zeros 0 pass (2.3s) totals zeros=564 pass=22 eta 0.4 min
2026-10-07T10:39:28+00:00 [480/509] k4|LGanymede>Ganymede/2h|LGanymede>Callisto/1l|LCallisto>Ganymede/2l: 2 zeros 0 pass (2.5s) totals zeros=566 pass=22 eta 0.4 min
2026-10-07T10:39:29+00:00 [481/509] k4|LGanymede>Ganymede/2h|LGanymede>Callisto/1l|RCallisto/2:1|LCallisto>Ganymede/1l: 0 zeros 0 pass (0.5s) totals zeros=566 pass=22 eta 0.4 min
2026-10-07T10:39:29+00:00 [482/509] k4|LGanymede>Ganymede/2h|LGanymede>Callisto/1l|RCallisto/2:3|LCallisto>Ganymede/1l: 0 zeros 0 pass (0.4s) totals zeros=566 pass=22 eta 0.4 min
2026-10-07T10:39:30+00:00 [483/509] k4|LGanymede>Ganymede/2h|LGanymede>Callisto/1l|HCallisto/1,0,a|LCallisto>Ganymede/1l: 1 zeros 0 pass (1.4s) totals zeros=567 pass=22 eta 0.4 min
2026-10-07T10:39:31+00:00 [484/509] k4|LGanymede>Ganymede/2h|LGanymede>Callisto/1l|HCallisto/3,1,p|LCallisto>Ganymede/2h: 0 zeros 0 pass (0.4s) totals zeros=567 pass=22 eta 0.4 min
2026-10-07T10:39:33+00:00 [485/509] k4|LGanymede>Ganymede/2h|LGanymede>Callisto/1l|LCallisto>Callisto/1l|LCallisto>Ganymede/1h: 0 zeros 0 pass (2.2s) totals zeros=567 pass=22 eta 0.3 min
2026-10-07T10:39:35+00:00 [486/509] k4|LGanymede>Ganymede/2h|LGanymede>Callisto/1l|LCallisto>Callisto/2l|LCallisto>Ganymede/0s: 0 zeros 0 pass (2.3s) totals zeros=567 pass=22 eta 0.3 min
2026-10-07T10:39:38+00:00 [487/509] k4|LGanymede>Ganymede/2h|LGanymede>Callisto/1l|LCallisto>Callisto/2h|LCallisto>Ganymede/2l: 0 zeros 0 pass (2.2s) totals zeros=567 pass=22 eta 0.3 min
2026-10-07T10:39:38+00:00 [488/509] k4|LGanymede>Ganymede/2h|LGanymede>Callisto/1h|RCallisto/1:1|LCallisto>Ganymede/1l: 0 zeros 0 pass (0.8s) totals zeros=567 pass=22 eta 0.3 min
2026-10-07T10:39:39+00:00 [489/509] k4|LGanymede>Ganymede/2h|LGanymede>Callisto/1h|RCallisto/1:2|LCallisto>Ganymede/1l: 0 zeros 0 pass (0.6s) totals zeros=567 pass=22 eta 0.3 min
2026-10-07T10:39:41+00:00 [490/509] k4|LGanymede>Ganymede/2h|LGanymede>Callisto/1h|HCallisto/1,0,p|LCallisto>Ganymede/1l: 1 zeros 0 pass (2.4s) totals zeros=568 pass=22 eta 0.3 min
2026-10-07T10:39:42+00:00 [491/509] k4|LGanymede>Ganymede/2h|LGanymede>Callisto/1h|HCallisto/1,0,a|LCallisto>Ganymede/2h: 0 zeros 0 pass (0.8s) totals zeros=568 pass=22 eta 0.3 min
2026-10-07T10:39:43+00:00 [492/509] k4|LGanymede>Ganymede/2h|LGanymede>Callisto/1h|HCallisto/3,1,a|LCallisto>Ganymede/1h: 0 zeros 0 pass (0.6s) totals zeros=568 pass=22 eta 0.2 min
2026-10-07T10:39:48+00:00 [493/509] k4|LGanymede>Ganymede/2h|LGanymede>Callisto/1h|LCallisto>Callisto/1h|LCallisto>Ganymede/0s: 0 zeros 0 pass (5.4s) totals zeros=568 pass=22 eta 0.2 min
2026-10-07T10:39:51+00:00 [494/509] k4|LGanymede>Ganymede/2h|LGanymede>Callisto/1h|LCallisto>Callisto/2l|LCallisto>Ganymede/2l: 0 zeros 0 pass (2.3s) totals zeros=568 pass=22 eta 0.2 min
2026-10-07T10:39:53+00:00 [495/509] k4|LGanymede>Ganymede/2h|LGanymede>Callisto/2l|LCallisto>Ganymede/1l: 2 zeros 0 pass (2.6s) totals zeros=570 pass=22 eta 0.2 min
2026-10-07T10:39:54+00:00 [496/509] k4|LGanymede>Ganymede/2h|LGanymede>Callisto/2l|RCallisto/1:1|LCallisto>Ganymede/2h: 0 zeros 0 pass (0.7s) totals zeros=570 pass=22 eta 0.2 min
2026-10-07T10:39:59+00:00 [497/509] k4|LGanymede>Ganymede/2h|LGanymede>Callisto/2l|HCallisto/1,0,p|LCallisto>Ganymede/0s: 1 zeros 0 pass (5.6s) totals zeros=571 pass=22 eta 0.2 min
2026-10-07T10:40:00+00:00 [498/509] k4|LGanymede>Ganymede/2h|LGanymede>Callisto/2l|HCallisto/1,0,a|LCallisto>Ganymede/2l: 0 zeros 0 pass (0.7s) totals zeros=571 pass=22 eta 0.2 min
2026-10-07T10:40:01+00:00 [499/509] k4|LGanymede>Ganymede/2h|LGanymede>Callisto/2l|HCallisto/3,1,a|LCallisto>Ganymede/1l: 0 zeros 0 pass (0.6s) totals zeros=571 pass=22 eta 0.1 min
2026-10-07T10:40:03+00:00 [500/509] k4|LGanymede>Ganymede/2h|LGanymede>Callisto/2l|LCallisto>Callisto/1l|LCallisto>Ganymede/2h: 0 zeros 0 pass (2.5s) totals zeros=571 pass=22 eta 0.1 min
2026-10-07T10:40:06+00:00 [501/509] k4|LGanymede>Ganymede/2h|LGanymede>Callisto/2l|LCallisto>Callisto/2l|LCallisto>Ganymede/1h: 0 zeros 0 pass (2.3s) totals zeros=571 pass=22 eta 0.1 min
2026-10-07T10:40:11+00:00 [502/509] k4|LGanymede>Ganymede/2h|LGanymede>Callisto/2h|LCallisto>Ganymede/0s: 8 zeros 1 pass (5.3s) totals zeros=579 pass=23 eta 0.1 min
2026-10-07T10:40:11+00:00 [503/509] k4|LGanymede>Ganymede/2h|LGanymede>Callisto/2h|RCallisto/1:1|LCallisto>Ganymede/2l: 0 zeros 0 pass (0.7s) totals zeros=579 pass=23 eta 0.1 min
2026-10-07T10:40:12+00:00 [504/509] k4|LGanymede>Ganymede/2h|LGanymede>Callisto/2h|RCallisto/2:3|LCallisto>Ganymede/0s: 0 zeros 0 pass (0.4s) totals zeros=579 pass=23 eta 0.1 min
2026-10-07T10:40:13+00:00 [505/509] k4|LGanymede>Ganymede/2h|LGanymede>Callisto/2h|HCallisto/1,0,a|LCallisto>Ganymede/1h: 0 zeros 0 pass (0.7s) totals zeros=579 pass=23 eta 0.1 min
2026-10-07T10:40:13+00:00 [506/509] k4|LGanymede>Ganymede/2h|LGanymede>Callisto/2h|HCallisto/3,1,a|LCallisto>Ganymede/0s: 0 zeros 0 pass (0.6s) totals zeros=579 pass=23 eta 0.0 min
2026-10-07T10:40:16+00:00 [507/509] k4|LGanymede>Ganymede/2h|LGanymede>Callisto/2h|LCallisto>Callisto/1l|LCallisto>Ganymede/2l: 0 zeros 0 pass (2.8s) totals zeros=579 pass=23 eta 0.0 min
2026-10-07T10:40:19+00:00 [508/509] k4|LGanymede>Ganymede/2h|LGanymede>Callisto/2h|LCallisto>Callisto/2l|LCallisto>Ganymede/1l: 0 zeros 0 pass (3.2s) totals zeros=579 pass=23 eta 0.0 min
2026-10-07T10:40:22+00:00 [509/509] k4|LGanymede>Ganymede/2h|LGanymede>Callisto/2h|LCallisto>Callisto/2h|LCallisto>Ganymede/2h: 0 zeros 0 pass (2.8s) totals zeros=579 pass=23 eta 0.0 min
2026-10-07T10:40:22+00:00 DONE structures=509 zeros=579 pass=23 structure_errors=0 zero_assessment_errors=0
