2026-10-07T10:43:36+00:00 cell gc k=4: 4068 structures (T = 50.09 d)
2026-10-07T10:43:36+00:00 total to run: 254 (shard 4/16)
2026-10-07T10:43:37+00:00 [1/254] k4|LGanymede>Callisto/0s|LCallisto>Ganymede/2h: 4 zeros 1 pass (1.2s) totals zeros=4 pass=1 eta 4.9 min
2026-10-07T10:43:38+00:00 [2/254] k4|LGanymede>Callisto/0s|RCallisto/2:3|LCallisto>Ganymede/0s: 5 zeros 0 pass (1.1s) totals zeros=9 pass=1 eta 4.7 min
2026-10-07T10:43:39+00:00 [3/254] k4|LGanymede>Callisto/0s|HCallisto/3,1,p|LCallisto>Ganymede/1l: 4 zeros 0 pass (0.5s) totals zeros=13 pass=1 eta 3.8 min
2026-10-07T10:43:41+00:00 [4/254] k4|LGanymede>Callisto/0s|LCallisto>Callisto/1h|LCallisto>Ganymede/1h: 6 zeros 0 pass (2.3s) totals zeros=19 pass=1 eta 5.3 min
2026-10-07T10:43:42+00:00 [5/254] k4|LGanymede>Callisto/1l|LCallisto>Ganymede/2l: 2 zeros 0 pass (0.4s) totals zeros=21 pass=1 eta 4.6 min
2026-10-07T10:43:42+00:00 [6/254] k4|LGanymede>Callisto/1l|RCallisto/1:2|LCallisto>Ganymede/2h: 1 zeros 1 pass (0.8s) totals zeros=22 pass=2 eta 4.4 min
2026-10-07T10:43:43+00:00 [7/254] k4|LGanymede>Callisto/1l|HCallisto/3,1,p|LCallisto>Ganymede/0s: 4 zeros 0 pass (0.5s) totals zeros=26 pass=2 eta 4.0 min
2026-10-07T10:43:45+00:00 [8/254] k4|LGanymede>Callisto/1l|LCallisto>Callisto/1h|LCallisto>Ganymede/1l: 2 zeros 2 pass (2.0s) totals zeros=28 pass=4 eta 4.5 min
2026-10-07T10:43:45+00:00 [9/254] k4|LGanymede>Callisto/1h|LCallisto>Ganymede/1h: 3 zeros 0 pass (0.5s) totals zeros=31 pass=4 eta 4.2 min
2026-10-07T10:43:46+00:00 [10/254] k4|LGanymede>Callisto/1h|RCallisto/1:2|LCallisto>Ganymede/2l: 1 zeros 1 pass (0.9s) totals zeros=32 pass=5 eta 4.2 min
2026-10-07T10:43:47+00:00 [11/254] k4|LGanymede>Callisto/1h|HCallisto/1,0,a|LCallisto>Ganymede/2h: 3 zeros 0 pass (0.6s) totals zeros=35 pass=5 eta 4.0 min
2026-10-07T10:43:50+00:00 [12/254] k4|LGanymede>Callisto/1h|LCallisto>Callisto/1h|LCallisto>Ganymede/0s: 6 zeros 0 pass (2.7s) totals zeros=41 pass=5 eta 4.6 min
2026-10-07T10:43:50+00:00 [13/254] k4|LGanymede>Callisto/2l|LCallisto>Ganymede/1l: 2 zeros 0 pass (0.6s) totals zeros=43 pass=5 eta 4.4 min
2026-10-07T10:43:51+00:00 [14/254] k4|LGanymede>Callisto/2l|RCallisto/1:2|LCallisto>Ganymede/1h: 1 zeros 1 pass (0.9s) totals zeros=44 pass=6 eta 4.3 min
2026-10-07T10:43:51+00:00 [15/254] k4|LGanymede>Callisto/2l|HCallisto/1,0,a|LCallisto>Ganymede/2l: 0 zeros 0 pass (0.1s) totals zeros=44 pass=6 eta 4.0 min
2026-10-07T10:43:52+00:00 [16/254] k4|LGanymede>Callisto/2l|LCallisto>Callisto/1l|LCallisto>Ganymede/2h: 1 zeros 0 pass (0.6s) totals zeros=45 pass=6 eta 3.9 min
2026-10-07T10:43:53+00:00 [17/254] k4|LGanymede>Callisto/2h|LCallisto>Ganymede/0s: 4 zeros 1 pass (0.7s) totals zeros=49 pass=7 eta 3.8 min
2026-10-07T10:43:53+00:00 [18/254] k4|LGanymede>Callisto/2h|RCallisto/1:2|LCallisto>Ganymede/1l: 1 zeros 1 pass (0.7s) totals zeros=50 pass=8 eta 3.8 min
2026-10-07T10:43:54+00:00 [19/254] k4|LGanymede>Callisto/2h|HCallisto/1,0,a|LCallisto>Ganymede/1h: 3 zeros 0 pass (0.6s) totals zeros=53 pass=8 eta 3.7 min
2026-10-07T10:43:55+00:00 [20/254] k4|LGanymede>Callisto/2h|LCallisto>Callisto/1l|LCallisto>Ganymede/2l: 1 zeros 0 pass (0.9s) totals zeros=54 pass=8 eta 3.7 min
2026-10-07T10:43:56+00:00 [21/254] k4|LGanymede>Callisto/2h|LCallisto>Callisto/2h|LCallisto>Ganymede/2h: 0 zeros 0 pass (0.8s) totals zeros=54 pass=8 eta 3.6 min
2026-10-07T10:43:56+00:00 [22/254] k4|RGanymede/1:1|LGanymede>Callisto/0s|RCallisto/1:2|LCallisto>Ganymede/0s: 5 zeros 0 pass (0.8s) totals zeros=59 pass=8 eta 3.6 min
2026-10-07T10:43:57+00:00 [23/254] k4|RGanymede/1:1|LGanymede>Callisto/0s|HCallisto/1,0,a|LCallisto>Ganymede/1l: 4 zeros 0 pass (0.6s) totals zeros=63 pass=8 eta 3.5 min
2026-10-07T10:44:04+00:00 [24/254] k4|RGanymede/1:1|LGanymede>Callisto/0s|LCallisto>Callisto/1l|LCallisto>Ganymede/1h: 5 zeros 0 pass (7.1s) totals zeros=68 pass=8 eta 4.5 min
2026-10-07T10:44:05+00:00 [25/254] k4|RGanymede/1:1|LGanymede>Callisto/0s|LCallisto>Callisto/2h|LCallisto>Ganymede/2l: 0 zeros 0 pass (0.7s) totals zeros=68 pass=8 eta 4.4 min
2026-10-07T10:44:06+00:00 [26/254] k4|RGanymede/1:1|LGanymede>Callisto/1l|RCallisto/1:2|LCallisto>Ganymede/1l: 1 zeros 0 pass (0.7s) totals zeros=69 pass=8 eta 4.3 min
2026-10-07T10:44:06+00:00 [27/254] k4|RGanymede/1:1|LGanymede>Callisto/1l|HCallisto/1,0,a|LCallisto>Ganymede/2h: 0 zeros 0 pass (0.3s) totals zeros=69 pass=8 eta 4.2 min
2026-10-07T10:44:08+00:00 [28/254] k4|RGanymede/1:1|LGanymede>Callisto/1l|LCallisto>Callisto/1h|LCallisto>Ganymede/0s: 3 zeros 0 pass (2.5s) totals zeros=72 pass=8 eta 4.4 min
2026-10-07T10:44:10+00:00 [29/254] k4|RGanymede/1:1|LGanymede>Callisto/1h|LCallisto>Ganymede/1l: 2 zeros 0 pass (1.5s) totals zeros=74 pass=8 eta 4.4 min
2026-10-07T10:44:10+00:00 [30/254] k4|RGanymede/1:1|LGanymede>Callisto/1h|RCallisto/1:2|LCallisto>Ganymede/2h: 2 zeros 0 pass (0.5s) totals zeros=76 pass=8 eta 4.3 min
2026-10-07T10:44:11+00:00 [31/254] k4|RGanymede/1:1|LGanymede>Callisto/1h|HCallisto/3,1,p|LCallisto>Ganymede/1h: 0 zeros 0 pass (0.1s) totals zeros=76 pass=8 eta 4.1 min
2026-10-07T10:44:11+00:00 [32/254] k4|RGanymede/1:1|LGanymede>Callisto/1h|LCallisto>Callisto/1h|LCallisto>Ganymede/2l: 0 zeros 0 pass (0.9s) totals zeros=76 pass=8 eta 4.1 min
2026-10-07T10:44:13+00:00 [33/254] k4|RGanymede/1:1|LGanymede>Callisto/2l|LCallisto>Ganymede/2h: 1 zeros 1 pass (1.2s) totals zeros=77 pass=9 eta 4.1 min
2026-10-07T10:44:13+00:00 [34/254] k4|RGanymede/1:1|LGanymede>Callisto/2l|HCallisto/1,0,p|LCallisto>Ganymede/2l: 0 zeros 0 pass (0.1s) totals zeros=77 pass=9 eta 3.9 min
2026-10-07T10:44:13+00:00 [35/254] k4|RGanymede/1:1|LGanymede>Callisto/2l|HCallisto/3,1,a|LCallisto>Ganymede/2h: 0 zeros 0 pass (0.1s) totals zeros=77 pass=9 eta 3.8 min
2026-10-07T10:44:13+00:00 [36/254] k4|RGanymede/1:1|LGanymede>Callisto/2l|LCallisto>Callisto/2h|LCallisto>Ganymede/0s: 0 zeros 0 pass (0.6s) totals zeros=77 pass=9 eta 3.8 min
2026-10-07T10:44:15+00:00 [37/254] k4|RGanymede/1:1|LGanymede>Callisto/2h|RCallisto/1:2|LCallisto>Ganymede/0s: 3 zeros 0 pass (1.2s) totals zeros=80 pass=9 eta 3.8 min
2026-10-07T10:44:15+00:00 [38/254] k4|RGanymede/1:1|LGanymede>Callisto/2h|HCallisto/3,1,p|LCallisto>Ganymede/0s: 0 zeros 0 pass (0.1s) totals zeros=80 pass=9 eta 3.7 min
2026-10-07T10:44:16+00:00 [39/254] k4|RGanymede/1:1|LGanymede>Callisto/2h|LCallisto>Callisto/1h|LCallisto>Ganymede/1l: 0 zeros 0 pass (1.4s) totals zeros=80 pass=9 eta 3.7 min
2026-10-07T10:44:18+00:00 [40/254] k4|RGanymede/2:1|LGanymede>Callisto/0s|LCallisto>Ganymede/1h: 4 zeros 1 pass (1.5s) totals zeros=84 pass=10 eta 3.7 min
2026-10-07T10:44:18+00:00 [41/254] k4|RGanymede/2:1|LGanymede>Callisto/0s|HCallisto/1,0,p|LCallisto>Ganymede/1l: 4 zeros 0 pass (0.4s) totals zeros=88 pass=10 eta 3.6 min
2026-10-07T10:44:18+00:00 [42/254] k4|RGanymede/2:1|LGanymede>Callisto/0s|HCallisto/3,1,a|LCallisto>Ganymede/1h: 0 zeros 0 pass (0.1s) totals zeros=88 pass=10 eta 3.5 min
2026-10-07T10:44:19+00:00 [43/254] k4|RGanymede/2:1|LGanymede>Callisto/0s|LCallisto>Callisto/2l|LCallisto>Ganymede/2l: 0 zeros 0 pass (0.4s) totals zeros=88 pass=10 eta 3.5 min
2026-10-07T10:44:19+00:00 [44/254] k4|RGanymede/2:1|LGanymede>Callisto/1l|RCallisto/1:1|LCallisto>Ganymede/2h: 0 zeros 0 pass (0.1s) totals zeros=88 pass=10 eta 3.4 min
2026-10-07T10:44:19+00:00 [45/254] k4|RGanymede/2:1|LGanymede>Callisto/1l|HCallisto/3,1,p|LCallisto>Ganymede/0s: 0 zeros 0 pass (0.1s) totals zeros=88 pass=10 eta 3.3 min
2026-10-07T10:44:19+00:00 [46/254] k4|RGanymede/2:1|LGanymede>Callisto/1l|LCallisto>Callisto/2l|LCallisto>Ganymede/0s: 0 zeros 0 pass (0.6s) totals zeros=88 pass=10 eta 3.3 min
2026-10-07T10:44:19+00:00 [47/254] k4|RGanymede/2:1|LGanymede>Callisto/1h|RCallisto/1:1|LCallisto>Ganymede/1l: 0 zeros 0 pass (0.1s) totals zeros=88 pass=10 eta 3.2 min
2026-10-07T10:44:20+00:00 [48/254] k4|RGanymede/2:1|LGanymede>Callisto/1h|HCallisto/1,0,a|LCallisto>Ganymede/1h: 1 zeros 0 pass (0.4s) totals zeros=89 pass=10 eta 3.1 min
2026-10-07T10:44:20+00:00 [49/254] k4|RGanymede/2:1|LGanymede>Callisto/1h|LCallisto>Callisto/1h|LCallisto>Ganymede/1h: 0 zeros 0 pass (0.4s) totals zeros=89 pass=10 eta 3.1 min
2026-10-07T10:44:20+00:00 [50/254] k4|RGanymede/2:1|LGanymede>Callisto/2l|LCallisto>Ganymede/2l: 0 zeros 0 pass (0.2s) totals zeros=89 pass=10 eta 3.0 min
2026-10-07T10:44:21+00:00 [51/254] k4|RGanymede/2:1|LGanymede>Callisto/2l|HCallisto/1,0,p|LCallisto>Ganymede/2h: 0 zeros 0 pass (0.1s) totals zeros=89 pass=10 eta 2.9 min
2026-10-07T10:44:21+00:00 [52/254] k4|RGanymede/2:1|LGanymede>Callisto/2l|LCallisto>Callisto/1h|LCallisto>Ganymede/2l: 0 zeros 0 pass (0.4s) totals zeros=89 pass=10 eta 2.9 min
2026-10-07T10:44:21+00:00 [53/254] k4|RGanymede/2:1|LGanymede>Callisto/2h|LCallisto>Ganymede/2h: 2 zeros 0 pass (0.2s) totals zeros=91 pass=10 eta 2.9 min
2026-10-07T10:44:22+00:00 [54/254] k4|RGanymede/2:1|LGanymede>Callisto/2h|HCallisto/1,0,a|LCallisto>Ganymede/0s: 2 zeros 0 pass (0.9s) totals zeros=93 pass=10 eta 2.8 min
2026-10-07T10:44:23+00:00 [55/254] k4|RGanymede/2:1|LGanymede>Callisto/2h|LCallisto>Callisto/1h|LCallisto>Ganymede/2h: 0 zeros 0 pass (0.5s) totals zeros=93 pass=10 eta 2.8 min
2026-10-07T10:44:24+00:00 [56/254] k4|RGanymede/1:2|LGanymede>Callisto/0s|RCallisto/1:1|LCallisto>Ganymede/0s: 5 zeros 0 pass (0.9s) totals zeros=98 pass=10 eta 2.8 min
2026-10-07T10:44:24+00:00 [57/254] k4|RGanymede/1:2|LGanymede>Callisto/0s|RCallisto/2:3|LCallisto>Ganymede/1l: 0 zeros 0 pass (0.2s) totals zeros=98 pass=10 eta 2.7 min
2026-10-07T10:44:24+00:00 [58/254] k4|RGanymede/1:2|LGanymede>Callisto/0s|HCallisto/3,1,p|LCallisto>Ganymede/1h: 3 zeros 0 pass (0.5s) totals zeros=101 pass=10 eta 2.7 min
2026-10-07T10:44:26+00:00 [59/254] k4|RGanymede/1:2|LGanymede>Callisto/0s|LCallisto>Callisto/1h|LCallisto>Ganymede/2l: 1 zeros 0 pass (2.2s) totals zeros=102 pass=10 eta 2.8 min
2026-10-07T10:44:30+00:00 [60/254] k4|RGanymede/1:2|LGanymede>Callisto/1l|LCallisto>Ganymede/2h: 1 zeros 0 pass (3.3s) totals zeros=103 pass=10 eta 2.9 min
2026-10-07T10:44:30+00:00 [61/254] k4|RGanymede/1:2|LGanymede>Callisto/1l|RCallisto/2:3|LCallisto>Ganymede/1h: 0 zeros 0 pass (0.0s) totals zeros=103 pass=10 eta 2.8 min
2026-10-07T10:44:30+00:00 [62/254] k4|RGanymede/1:2|LGanymede>Callisto/1l|HCallisto/3,1,a|LCallisto>Ganymede/0s: 3 zeros 0 pass (0.3s) totals zeros=106 pass=10 eta 2.8 min
2026-10-07T10:44:31+00:00 [63/254] k4|RGanymede/1:2|LGanymede>Callisto/1l|LCallisto>Callisto/2l|LCallisto>Ganymede/1l: 0 zeros 0 pass (0.6s) totals zeros=106 pass=10 eta 2.8 min
2026-10-07T10:44:32+00:00 [64/254] k4|RGanymede/1:2|LGanymede>Callisto/1h|RCallisto/1:1|LCallisto>Ganymede/1h: 2 zeros 0 pass (0.9s) totals zeros=108 pass=10 eta 2.7 min
2026-10-07T10:44:32+00:00 [65/254] k4|RGanymede/1:2|LGanymede>Callisto/1h|HCallisto/1,0,p|LCallisto>Ganymede/1h: 3 zeros 0 pass (0.5s) totals zeros=111 pass=10 eta 2.7 min
2026-10-07T10:44:32+00:00 [66/254] k4|RGanymede/1:2|LGanymede>Callisto/1h|HCallisto/3,1,a|LCallisto>Ganymede/2l: 0 zeros 0 pass (0.1s) totals zeros=111 pass=10 eta 2.7 min
2026-10-07T10:44:33+00:00 [67/254] k4|RGanymede/1:2|LGanymede>Callisto/1h|LCallisto>Callisto/2l|LCallisto>Ganymede/2h: 0 zeros 0 pass (0.4s) totals zeros=111 pass=10 eta 2.6 min
2026-10-07T10:44:33+00:00 [68/254] k4|RGanymede/1:2|LGanymede>Callisto/2l|RCallisto/2:1|LCallisto>Ganymede/0s: 0 zeros 0 pass (0.0s) totals zeros=111 pass=10 eta 2.6 min
2026-10-07T10:44:33+00:00 [69/254] k4|RGanymede/1:2|LGanymede>Callisto/2l|HCallisto/1,0,a|LCallisto>Ganymede/2h: 0 zeros 0 pass (0.1s) totals zeros=111 pass=10 eta 2.5 min
2026-10-07T10:44:35+00:00 [70/254] k4|RGanymede/1:2|LGanymede>Callisto/2l|LCallisto>Callisto/1h|LCallisto>Ganymede/0s: 1 zeros 0 pass (2.2s) totals zeros=112 pass=10 eta 2.6 min
2026-10-07T10:44:38+00:00 [71/254] k4|RGanymede/1:2|LGanymede>Callisto/2h|LCallisto>Ganymede/1l: 1 zeros 0 pass (2.6s) totals zeros=113 pass=10 eta 2.6 min
2026-10-07T10:44:38+00:00 [72/254] k4|RGanymede/1:2|LGanymede>Callisto/2h|HCallisto/1,0,p|LCallisto>Ganymede/0s: 4 zeros 0 pass (0.9s) totals zeros=117 pass=10 eta 2.6 min
2026-10-07T10:44:39+00:00 [73/254] k4|RGanymede/1:2|LGanymede>Callisto/2h|HCallisto/3,1,a|LCallisto>Ganymede/1l: 0 zeros 0 pass (0.0s) totals zeros=117 pass=10 eta 2.6 min
2026-10-07T10:44:39+00:00 [74/254] k4|RGanymede/1:2|LGanymede>Callisto/2h|LCallisto>Callisto/2l|LCallisto>Ganymede/1h: 0 zeros 0 pass (0.6s) totals zeros=117 pass=10 eta 2.6 min
2026-10-07T10:44:39+00:00 [75/254] k4|RGanymede/3:2|LGanymede>Callisto/0s|RCallisto/1:1|LCallisto>Ganymede/2l: 0 zeros 0 pass (0.1s) totals zeros=117 pass=10 eta 2.5 min
2026-10-07T10:44:40+00:00 [76/254] k4|RGanymede/3:2|LGanymede>Callisto/0s|HCallisto/1,0,a|LCallisto>Ganymede/2h: 0 zeros 0 pass (0.4s) totals zeros=117 pass=10 eta 2.5 min
2026-10-07T10:44:40+00:00 [77/254] k4|RGanymede/3:2|LGanymede>Callisto/0s|LCallisto>Callisto/2l|LCallisto>Ganymede/2l: 0 zeros 0 pass (0.4s) totals zeros=117 pass=10 eta 2.4 min
2026-10-07T10:44:40+00:00 [78/254] k4|RGanymede/3:2|LGanymede>Callisto/1l|RCallisto/1:1|LCallisto>Ganymede/2h: 0 zeros 0 pass (0.0s) totals zeros=117 pass=10 eta 2.4 min
2026-10-07T10:44:40+00:00 [79/254] k4|RGanymede/3:2|LGanymede>Callisto/1l|LCallisto>Callisto/1l|LCallisto>Ganymede/0s: 1 zeros 0 pass (0.4s) totals zeros=118 pass=10 eta 2.4 min
2026-10-07T10:44:41+00:00 [80/254] k4|RGanymede/3:2|LGanymede>Callisto/1l|LCallisto>Callisto/2h|LCallisto>Ganymede/1l: 0 zeros 0 pass (0.3s) totals zeros=118 pass=10 eta 2.3 min
2026-10-07T10:44:41+00:00 [81/254] k4|RGanymede/3:2|LGanymede>Callisto/1h|RCallisto/1:2|LCallisto>Ganymede/1h: 0 zeros 0 pass (0.0s) totals zeros=118 pass=10 eta 2.3 min
2026-10-07T10:44:41+00:00 [82/254] k4|RGanymede/3:2|LGanymede>Callisto/1h|LCallisto>Callisto/1l|LCallisto>Ganymede/2l: 0 zeros 0 pass (0.3s) totals zeros=118 pass=10 eta 2.3 min
2026-10-07T10:44:41+00:00 [83/254] k4|RGanymede/3:2|LGanymede>Callisto/1h|LCallisto>Callisto/2h|LCallisto>Ganymede/2h: 0 zeros 0 pass (0.4s) totals zeros=118 pass=10 eta 2.2 min
2026-10-07T10:44:41+00:00 [84/254] k4|RGanymede/3:2|LGanymede>Callisto/2l|HCallisto/1,0,p|LCallisto>Ganymede/2h: 0 zeros 0 pass (0.1s) totals zeros=118 pass=10 eta 2.2 min
2026-10-07T10:44:42+00:00 [85/254] k4|RGanymede/3:2|LGanymede>Callisto/2l|LCallisto>Callisto/2l|LCallisto>Ganymede/0s: 0 zeros 0 pass (0.4s) totals zeros=118 pass=10 eta 2.2 min
2026-10-07T10:44:42+00:00 [86/254] k4|RGanymede/3:2|LGanymede>Callisto/2h|RCallisto/1:2|LCallisto>Ganymede/1h: 0 zeros 0 pass (0.1s) totals zeros=118 pass=10 eta 2.1 min
2026-10-07T10:44:42+00:00 [87/254] k4|RGanymede/3:2|LGanymede>Callisto/2h|LCallisto>Callisto/1h|LCallisto>Ganymede/0s: 0 zeros 0 pass (0.3s) totals zeros=118 pass=10 eta 2.1 min
2026-10-07T10:44:43+00:00 [88/254] k4|RGanymede/2:3|LGanymede>Callisto/0s|RCallisto/1:1|LCallisto>Ganymede/0s: 6 zeros 0 pass (0.9s) totals zeros=124 pass=10 eta 2.1 min
2026-10-07T10:44:44+00:00 [89/254] k4|RGanymede/2:3|LGanymede>Callisto/0s|HCallisto/1,0,p|LCallisto>Ganymede/2h: 2 zeros 0 pass (1.2s) totals zeros=126 pass=10 eta 2.1 min
2026-10-07T10:44:46+00:00 [90/254] k4|RGanymede/2:3|LGanymede>Callisto/0s|LCallisto>Callisto/1l|LCallisto>Ganymede/0s: 7 zeros 0 pass (1.6s) totals zeros=133 pass=10 eta 2.1 min
2026-10-07T10:44:46+00:00 [91/254] k4|RGanymede/2:3|LGanymede>Callisto/0s|LCallisto>Callisto/2h|LCallisto>Ganymede/1l: 0 zeros 0 pass (0.5s) totals zeros=133 pass=10 eta 2.1 min
2026-10-07T10:44:46+00:00 [92/254] k4|RGanymede/2:3|LGanymede>Callisto/1l|RCallisto/1:2|LCallisto>Ganymede/1h: 0 zeros 0 pass (0.1s) totals zeros=133 pass=10 eta 2.1 min
2026-10-07T10:44:46+00:00 [93/254] k4|RGanymede/2:3|LGanymede>Callisto/1l|HCallisto/3,1,a|LCallisto>Ganymede/0s: 0 zeros 0 pass (0.1s) totals zeros=133 pass=10 eta 2.0 min
2026-10-07T10:44:47+00:00 [94/254] k4|RGanymede/2:3|LGanymede>Callisto/1l|LCallisto>Callisto/2l|LCallisto>Ganymede/2l: 0 zeros 0 pass (0.5s) totals zeros=133 pass=10 eta 2.0 min
2026-10-07T10:44:47+00:00 [95/254] k4|RGanymede/2:3|LGanymede>Callisto/1h|RCallisto/1:1|LCallisto>Ganymede/2h: 0 zeros 0 pass (0.1s) totals zeros=133 pass=10 eta 2.0 min
2026-10-07T10:44:47+00:00 [96/254] k4|RGanymede/2:3|LGanymede>Callisto/1h|HCallisto/3,1,p|LCallisto>Ganymede/0s: 0 zeros 0 pass (0.1s) totals zeros=133 pass=10 eta 1.9 min
2026-10-07T10:44:48+00:00 [97/254] k4|RGanymede/2:3|LGanymede>Callisto/1h|LCallisto>Callisto/2l|LCallisto>Ganymede/0s: 0 zeros 0 pass (0.5s) totals zeros=133 pass=10 eta 1.9 min
2026-10-07T10:44:48+00:00 [98/254] k4|RGanymede/2:3|LGanymede>Callisto/2l|RCallisto/1:1|LCallisto>Ganymede/1l: 0 zeros 0 pass (0.1s) totals zeros=133 pass=10 eta 1.9 min
2026-10-07T10:44:48+00:00 [99/254] k4|RGanymede/2:3|LGanymede>Callisto/2l|HCallisto/1,0,a|LCallisto>Ganymede/1h: 0 zeros 0 pass (0.1s) totals zeros=133 pass=10 eta 1.9 min
2026-10-07T10:44:48+00:00 [100/254] k4|RGanymede/2:3|LGanymede>Callisto/2l|LCallisto>Callisto/2l|LCallisto>Ganymede/1l: 0 zeros 0 pass (0.5s) totals zeros=133 pass=10 eta 1.9 min
2026-10-07T10:44:48+00:00 [101/254] k4|RGanymede/2:3|LGanymede>Callisto/2h|RCallisto/1:1|LCallisto>Ganymede/1h: 0 zeros 0 pass (0.0s) totals zeros=133 pass=10 eta 1.8 min
2026-10-07T10:44:48+00:00 [102/254] k4|RGanymede/2:3|LGanymede>Callisto/2h|HCallisto/1,0,a|LCallisto>Ganymede/2l: 0 zeros 0 pass (0.1s) totals zeros=133 pass=10 eta 1.8 min
2026-10-07T10:44:49+00:00 [103/254] k4|RGanymede/2:3|LGanymede>Callisto/2h|LCallisto>Callisto/2l|LCallisto>Ganymede/1h: 0 zeros 0 pass (0.4s) totals zeros=133 pass=10 eta 1.8 min
2026-10-07T10:44:49+00:00 [104/254] k4|HGanymede/1,0,p|LGanymede>Callisto/0s|RCallisto/1:1|LCallisto>Ganymede/2l: 3 zeros 0 pass (0.4s) totals zeros=136 pass=10 eta 1.8 min
2026-10-07T10:44:49+00:00 [105/254] k4|HGanymede/1,0,p|LGanymede>Callisto/0s|RCallisto/2:3|LCallisto>Ganymede/2h: 0 zeros 0 pass (0.1s) totals zeros=136 pass=10 eta 1.7 min
2026-10-07T10:44:50+00:00 [106/254] k4|HGanymede/1,0,p|LGanymede>Callisto/0s|HCallisto/3,1,a|LCallisto>Ganymede/0s: 5 zeros 0 pass (0.5s) totals zeros=141 pass=10 eta 1.7 min
2026-10-07T10:44:50+00:00 [107/254] k4|HGanymede/1,0,p|LGanymede>Callisto/0s|LCallisto>Callisto/2l|LCallisto>Ganymede/1l: 1 zeros 0 pass (0.5s) totals zeros=142 pass=10 eta 1.7 min
2026-10-07T10:44:51+00:00 [108/254] k4|HGanymede/1,0,p|LGanymede>Callisto/1l|RCallisto/1:1|LCallisto>Ganymede/1h: 1 zeros 0 pass (0.4s) totals zeros=143 pass=10 eta 1.7 min
2026-10-07T10:44:51+00:00 [109/254] k4|HGanymede/1,0,p|LGanymede>Callisto/1l|RCallisto/2:3|LCallisto>Ganymede/2l: 0 zeros 0 pass (0.0s) totals zeros=143 pass=10 eta 1.7 min
2026-10-07T10:44:51+00:00 [110/254] k4|HGanymede/1,0,p|LGanymede>Callisto/1l|HCallisto/3,1,p|LCallisto>Ganymede/2h: 0 zeros 0 pass (0.1s) totals zeros=143 pass=10 eta 1.6 min
2026-10-07T10:44:51+00:00 [111/254] k4|HGanymede/1,0,p|LGanymede>Callisto/1l|LCallisto>Callisto/2l|LCallisto>Ganymede/0s: 1 zeros 0 pass (0.4s) totals zeros=144 pass=10 eta 1.6 min
2026-10-07T10:44:51+00:00 [112/254] k4|HGanymede/1,0,p|LGanymede>Callisto/1h|RCallisto/1:1|LCallisto>Ganymede/1l: 1 zeros 0 pass (0.3s) totals zeros=145 pass=10 eta 1.6 min
2026-10-07T10:44:51+00:00 [113/254] k4|HGanymede/1,0,p|LGanymede>Callisto/1h|RCallisto/2:3|LCallisto>Ganymede/1h: 0 zeros 0 pass (0.0s) totals zeros=145 pass=10 eta 1.6 min
2026-10-07T10:44:51+00:00 [114/254] k4|HGanymede/1,0,p|LGanymede>Callisto/1h|HCallisto/3,1,p|LCallisto>Ganymede/2l: 0 zeros 0 pass (0.1s) totals zeros=145 pass=10 eta 1.5 min
2026-10-07T10:44:52+00:00 [115/254] k4|HGanymede/1,0,p|LGanymede>Callisto/1h|LCallisto>Callisto/1h|LCallisto>Ganymede/2h: 0 zeros 0 pass (0.4s) totals zeros=145 pass=10 eta 1.5 min
2026-10-07T10:44:52+00:00 [116/254] k4|HGanymede/1,0,p|LGanymede>Callisto/2l|RCallisto/1:1|LCallisto>Ganymede/0s: 3 zeros 0 pass (0.5s) totals zeros=148 pass=10 eta 1.5 min
2026-10-07T10:44:53+00:00 [117/254] k4|HGanymede/1,0,p|LGanymede>Callisto/2l|HCallisto/1,0,p|LCallisto>Ganymede/0s: 2 zeros 0 pass (1.1s) totals zeros=150 pass=10 eta 1.5 min
2026-10-07T10:44:54+00:00 [118/254] k4|HGanymede/1,0,p|LGanymede>Callisto/2l|HCallisto/3,1,a|LCallisto>Ganymede/1l: 0 zeros 0 pass (0.1s) totals zeros=150 pass=10 eta 1.5 min
2026-10-07T10:44:54+00:00 [119/254] k4|HGanymede/1,0,p|LGanymede>Callisto/2l|LCallisto>Callisto/2l|LCallisto>Ganymede/1h: 0 zeros 0 pass (0.5s) totals zeros=150 pass=10 eta 1.5 min
2026-10-07T10:44:54+00:00 [120/254] k4|HGanymede/1,0,p|LGanymede>Callisto/2h|RCallisto/1:1|LCallisto>Ganymede/2l: 0 zeros 0 pass (0.1s) totals zeros=150 pass=10 eta 1.5 min
2026-10-07T10:44:55+00:00 [121/254] k4|HGanymede/1,0,p|LGanymede>Callisto/2h|HCallisto/1,0,p|LCallisto>Ganymede/2l: 1 zeros 0 pass (0.6s) totals zeros=151 pass=10 eta 1.4 min
2026-10-07T10:44:55+00:00 [122/254] k4|HGanymede/1,0,p|LGanymede>Callisto/2h|HCallisto/3,1,a|LCallisto>Ganymede/2h: 0 zeros 0 pass (0.0s) totals zeros=151 pass=10 eta 1.4 min
2026-10-07T10:44:55+00:00 [123/254] k4|HGanymede/1,0,p|LGanymede>Callisto/2h|LCallisto>Callisto/2h|LCallisto>Ganymede/0s: 0 zeros 0 pass (0.4s) totals zeros=151 pass=10 eta 1.4 min
2026-10-07T10:44:55+00:00 [124/254] k4|HGanymede/1,0,a|LGanymede>Callisto/0s|RCallisto/2:1|LCallisto>Ganymede/1l: 0 zeros 0 pass (0.3s) totals zeros=151 pass=10 eta 1.4 min
2026-10-07T10:44:56+00:00 [125/254] k4|HGanymede/1,0,a|LGanymede>Callisto/0s|HCallisto/1,0,p|LCallisto>Ganymede/1h: 5 zeros 0 pass (0.4s) totals zeros=156 pass=10 eta 1.4 min
2026-10-07T10:44:56+00:00 [126/254] k4|HGanymede/1,0,a|LGanymede>Callisto/0s|HCallisto/3,1,a|LCallisto>Ganymede/2l: 1 zeros 0 pass (0.3s) totals zeros=157 pass=10 eta 1.4 min
2026-10-07T10:44:57+00:00 [127/254] k4|HGanymede/1,0,a|LGanymede>Callisto/0s|LCallisto>Callisto/2l|LCallisto>Ganymede/2h: 0 zeros 0 pass (0.4s) totals zeros=157 pass=10 eta 1.3 min
2026-10-07T10:44:57+00:00 [128/254] k4|HGanymede/1,0,a|LGanymede>Callisto/1l|RCallisto/2:1|LCallisto>Ganymede/0s: 0 zeros 0 pass (0.2s) totals zeros=157 pass=10 eta 1.3 min
2026-10-07T10:44:57+00:00 [129/254] k4|HGanymede/1,0,a|LGanymede>Callisto/1l|HCallisto/1,0,p|LCallisto>Ganymede/1l: 2 zeros 0 pass (0.4s) totals zeros=159 pass=10 eta 1.3 min
2026-10-07T10:44:58+00:00 [130/254] k4|HGanymede/1,0,a|LGanymede>Callisto/1l|HCallisto/3,1,a|LCallisto>Ganymede/1h: 0 zeros 0 pass (0.4s) totals zeros=159 pass=10 eta 1.3 min
2026-10-07T10:44:58+00:00 [131/254] k4|HGanymede/1,0,a|LGanymede>Callisto/1l|LCallisto>Callisto/2l|LCallisto>Ganymede/2l: 0 zeros 0 pass (0.4s) totals zeros=159 pass=10 eta 1.3 min
2026-10-07T10:44:58+00:00 [132/254] k4|HGanymede/1,0,a|LGanymede>Callisto/1h|RCallisto/1:1|LCallisto>Ganymede/2h: 0 zeros 0 pass (0.1s) totals zeros=159 pass=10 eta 1.3 min
2026-10-07T10:44:58+00:00 [133/254] k4|HGanymede/1,0,a|LGanymede>Callisto/1h|HCallisto/1,0,p|LCallisto>Ganymede/0s: 5 zeros 0 pass (0.4s) totals zeros=164 pass=10 eta 1.2 min
2026-10-07T10:44:59+00:00 [134/254] k4|HGanymede/1,0,a|LGanymede>Callisto/1h|HCallisto/3,1,a|LCallisto>Ganymede/1l: 0 zeros 0 pass (0.6s) totals zeros=164 pass=10 eta 1.2 min
2026-10-07T10:44:59+00:00 [135/254] k4|HGanymede/1,0,a|LGanymede>Callisto/1h|LCallisto>Callisto/2l|LCallisto>Ganymede/1h: 0 zeros 0 pass (0.4s) totals zeros=164 pass=10 eta 1.2 min
2026-10-07T10:44:59+00:00 [136/254] k4|HGanymede/1,0,a|LGanymede>Callisto/2l|RCallisto/1:1|LCallisto>Ganymede/2l: 0 zeros 0 pass (0.1s) totals zeros=164 pass=10 eta 1.2 min
2026-10-07T10:45:00+00:00 [137/254] k4|HGanymede/1,0,a|LGanymede>Callisto/2l|HCallisto/1,0,p|LCallisto>Ganymede/2l: 1 zeros 0 pass (0.2s) totals zeros=165 pass=10 eta 1.2 min
2026-10-07T10:45:00+00:00 [138/254] k4|HGanymede/1,0,a|LGanymede>Callisto/2l|HCallisto/3,1,a|LCallisto>Ganymede/2h: 0 zeros 0 pass (0.1s) totals zeros=165 pass=10 eta 1.2 min
2026-10-07T10:45:00+00:00 [139/254] k4|HGanymede/1,0,a|LGanymede>Callisto/2l|LCallisto>Callisto/2h|LCallisto>Ganymede/0s: 0 zeros 0 pass (0.4s) totals zeros=165 pass=10 eta 1.2 min
2026-10-07T10:45:00+00:00 [140/254] k4|HGanymede/1,0,a|LGanymede>Callisto/2h|RCallisto/2:1|LCallisto>Ganymede/1l: 0 zeros 0 pass (0.0s) totals zeros=165 pass=10 eta 1.1 min
2026-10-07T10:45:01+00:00 [141/254] k4|HGanymede/1,0,a|LGanymede>Callisto/2h|HCallisto/1,0,a|LCallisto>Ganymede/1l: 1 zeros 0 pass (1.0s) totals zeros=166 pass=10 eta 1.1 min
2026-10-07T10:45:01+00:00 [142/254] k4|HGanymede/1,0,a|LGanymede>Callisto/2h|LCallisto>Callisto/1l|LCallisto>Ganymede/1h: 0 zeros 0 pass (0.3s) totals zeros=166 pass=10 eta 1.1 min
2026-10-07T10:45:02+00:00 [143/254] k4|HGanymede/1,0,a|LGanymede>Callisto/2h|LCallisto>Callisto/2h|LCallisto>Ganymede/2l: 0 zeros 0 pass (0.4s) totals zeros=166 pass=10 eta 1.1 min
2026-10-07T10:45:02+00:00 [144/254] k4|HGanymede/3,1,p|LGanymede>Callisto/0s|RCallisto/1:2|LCallisto>Ganymede/1l: 3 zeros 0 pass (0.4s) totals zeros=169 pass=10 eta 1.1 min
2026-10-07T10:45:03+00:00 [145/254] k4|HGanymede/3,1,p|LGanymede>Callisto/0s|HCallisto/1,0,a|LCallisto>Ganymede/2h: 4 zeros 0 pass (0.9s) totals zeros=173 pass=10 eta 1.1 min
2026-10-07T10:45:05+00:00 [146/254] k4|HGanymede/3,1,p|LGanymede>Callisto/0s|LCallisto>Callisto/1h|LCallisto>Ganymede/0s: 7 zeros 0 pass (1.4s) totals zeros=180 pass=10 eta 1.1 min
2026-10-07T10:45:05+00:00 [147/254] k4|HGanymede/3,1,p|LGanymede>Callisto/1l|LCallisto>Ganymede/1l: 2 zeros 0 pass (0.3s) totals zeros=182 pass=10 eta 1.1 min
2026-10-07T10:45:06+00:00 [148/254] k4|HGanymede/3,1,p|LGanymede>Callisto/1l|HCallisto/1,0,p|LCallisto>Ganymede/0s: 3 zeros 0 pass (0.8s) totals zeros=185 pass=10 eta 1.1 min
2026-10-07T10:45:06+00:00 [149/254] k4|HGanymede/3,1,p|LGanymede>Callisto/1l|HCallisto/3,1,a|LCallisto>Ganymede/1l: 0 zeros 0 pass (0.0s) totals zeros=185 pass=10 eta 1.1 min
2026-10-07T10:45:06+00:00 [150/254] k4|HGanymede/3,1,p|LGanymede>Callisto/1l|LCallisto>Callisto/2l|LCallisto>Ganymede/1h: 0 zeros 0 pass (0.3s) totals zeros=185 pass=10 eta 1.0 min
2026-10-07T10:45:06+00:00 [151/254] k4|HGanymede/3,1,p|LGanymede>Callisto/1h|RCallisto/1:1|LCallisto>Ganymede/2l: 0 zeros 0 pass (0.1s) totals zeros=185 pass=10 eta 1.0 min
2026-10-07T10:45:07+00:00 [152/254] k4|HGanymede/3,1,p|LGanymede>Callisto/1h|HCallisto/1,0,a|LCallisto>Ganymede/1h: 3 zeros 0 pass (0.9s) totals zeros=188 pass=10 eta 1.0 min
2026-10-07T10:45:07+00:00 [153/254] k4|HGanymede/3,1,p|LGanymede>Callisto/1h|LCallisto>Callisto/1l|LCallisto>Ganymede/2l: 0 zeros 0 pass (0.4s) totals zeros=188 pass=10 eta 1.0 min
2026-10-07T10:45:08+00:00 [154/254] k4|HGanymede/3,1,p|LGanymede>Callisto/1h|LCallisto>Callisto/2h|LCallisto>Ganymede/2h: 0 zeros 0 pass (0.3s) totals zeros=188 pass=10 eta 1.0 min
2026-10-07T10:45:09+00:00 [155/254] k4|HGanymede/3,1,p|LGanymede>Callisto/2l|HCallisto/1,0,p|LCallisto>Ganymede/0s: 2 zeros 0 pass (1.0s) totals zeros=190 pass=10 eta 1.0 min
2026-10-07T10:45:11+00:00 [156/254] k4|HGanymede/3,1,p|LGanymede>Callisto/2l|LCallisto>Callisto/1l|LCallisto>Ganymede/0s: 0 zeros 0 pass (1.8s) totals zeros=190 pass=10 eta 1.0 min
2026-10-07T10:45:11+00:00 [157/254] k4|HGanymede/3,1,p|LGanymede>Callisto/2l|LCallisto>Callisto/2h|LCallisto>Ganymede/1l: 0 zeros 0 pass (0.3s) totals zeros=190 pass=10 eta 1.0 min
2026-10-07T10:45:11+00:00 [158/254] k4|HGanymede/3,1,p|LGanymede>Callisto/2h|RCallisto/1:2|LCallisto>Ganymede/1h: 0 zeros 0 pass (0.1s) totals zeros=190 pass=10 eta 1.0 min
2026-10-07T10:45:11+00:00 [159/254] k4|HGanymede/3,1,p|LGanymede>Callisto/2h|HCallisto/3,1,a|LCallisto>Ganymede/0s: 0 zeros 0 pass (0.0s) totals zeros=190 pass=10 eta 0.9 min
2026-10-07T10:45:11+00:00 [160/254] k4|HGanymede/3,1,p|LGanymede>Callisto/2h|LCallisto>Callisto/2l|LCallisto>Ganymede/2l: 0 zeros 0 pass (0.3s) totals zeros=190 pass=10 eta 0.9 min
2026-10-07T10:45:12+00:00 [161/254] k4|HGanymede/3,1,a|LGanymede>Callisto/0s|RCallisto/1:1|LCallisto>Ganymede/2h: 0 zeros 0 pass (0.5s) totals zeros=190 pass=10 eta 0.9 min
2026-10-07T10:45:13+00:00 [162/254] k4|HGanymede/3,1,a|LGanymede>Callisto/0s|HCallisto/1,0,p|LCallisto>Ganymede/2h: 4 zeros 0 pass (1.2s) totals zeros=194 pass=10 eta 0.9 min
2026-10-07T10:45:15+00:00 [163/254] k4|HGanymede/3,1,a|LGanymede>Callisto/0s|LCallisto>Callisto/1l|LCallisto>Ganymede/0s: 9 zeros 0 pass (1.9s) totals zeros=203 pass=10 eta 0.9 min
2026-10-07T10:45:15+00:00 [164/254] k4|HGanymede/3,1,a|LGanymede>Callisto/0s|LCallisto>Callisto/2h|LCallisto>Ganymede/1l: 0 zeros 0 pass (0.5s) totals zeros=203 pass=10 eta 0.9 min
2026-10-07T10:45:15+00:00 [165/254] k4|HGanymede/3,1,a|LGanymede>Callisto/1l|RCallisto/1:2|LCallisto>Ganymede/1l: 0 zeros 0 pass (0.1s) totals zeros=203 pass=10 eta 0.9 min
2026-10-07T10:45:15+00:00 [166/254] k4|HGanymede/3,1,a|LGanymede>Callisto/1l|HCallisto/3,1,p|LCallisto>Ganymede/1l: 0 zeros 0 pass (0.0s) totals zeros=203 pass=10 eta 0.9 min
2026-10-07T10:45:16+00:00 [167/254] k4|HGanymede/3,1,a|LGanymede>Callisto/1l|LCallisto>Callisto/1h|LCallisto>Ganymede/1h: 0 zeros 0 pass (0.5s) totals zeros=203 pass=10 eta 0.9 min
2026-10-07T10:45:16+00:00 [168/254] k4|HGanymede/3,1,a|LGanymede>Callisto/1h|LCallisto>Ganymede/2l: 1 zeros 0 pass (0.5s) totals zeros=204 pass=10 eta 0.9 min
2026-10-07T10:45:18+00:00 [169/254] k4|HGanymede/3,1,a|LGanymede>Callisto/1h|HCallisto/1,0,p|LCallisto>Ganymede/1h: 3 zeros 0 pass (1.5s) totals zeros=207 pass=10 eta 0.9 min
2026-10-07T10:45:18+00:00 [170/254] k4|HGanymede/3,1,a|LGanymede>Callisto/1h|HCallisto/3,1,a|LCallisto>Ganymede/2l: 0 zeros 0 pass (0.0s) totals zeros=207 pass=10 eta 0.8 min
2026-10-07T10:45:18+00:00 [171/254] k4|HGanymede/3,1,a|LGanymede>Callisto/1h|LCallisto>Callisto/2l|LCallisto>Ganymede/2h: 0 zeros 0 pass (0.5s) totals zeros=207 pass=10 eta 0.8 min
2026-10-07T10:45:19+00:00 [172/254] k4|HGanymede/3,1,a|LGanymede>Callisto/2l|RCallisto/1:2|LCallisto>Ganymede/0s: 0 zeros 0 pass (1.0s) totals zeros=207 pass=10 eta 0.8 min
2026-10-07T10:45:20+00:00 [173/254] k4|HGanymede/3,1,a|LGanymede>Callisto/2l|HCallisto/3,1,p|LCallisto>Ganymede/1l: 0 zeros 0 pass (0.1s) totals zeros=207 pass=10 eta 0.8 min
2026-10-07T10:45:20+00:00 [174/254] k4|HGanymede/3,1,a|LGanymede>Callisto/2l|LCallisto>Callisto/2l|LCallisto>Ganymede/1l: 0 zeros 0 pass (0.5s) totals zeros=207 pass=10 eta 0.8 min
2026-10-07T10:45:20+00:00 [175/254] k4|HGanymede/3,1,a|LGanymede>Callisto/2h|RCallisto/1:1|LCallisto>Ganymede/1h: 0 zeros 0 pass (0.1s) totals zeros=207 pass=10 eta 0.8 min
2026-10-07T10:45:20+00:00 [176/254] k4|HGanymede/3,1,a|LGanymede>Callisto/2h|HCallisto/1,0,a|LCallisto>Ganymede/2l: 0 zeros 0 pass (0.2s) totals zeros=207 pass=10 eta 0.8 min
2026-10-07T10:45:21+00:00 [177/254] k4|HGanymede/3,1,a|LGanymede>Callisto/2h|LCallisto>Callisto/1h|LCallisto>Ganymede/2l: 0 zeros 0 pass (0.4s) totals zeros=207 pass=10 eta 0.8 min
2026-10-07T10:45:24+00:00 [178/254] k4|LGanymede>Ganymede/1l|LGanymede>Callisto/0s|LCallisto>Ganymede/2h: 5 zeros 0 pass (3.5s) totals zeros=212 pass=10 eta 0.8 min
2026-10-07T10:45:27+00:00 [179/254] k4|LGanymede>Ganymede/1l|LGanymede>Callisto/0s|RCallisto/2:3|LCallisto>Ganymede/0s: 3 zeros 0 pass (2.5s) totals zeros=215 pass=10 eta 0.8 min
2026-10-07T10:45:29+00:00 [180/254] k4|LGanymede>Ganymede/1l|LGanymede>Callisto/0s|HCallisto/3,1,p|LCallisto>Ganymede/1l: 0 zeros 0 pass (1.8s) totals zeros=215 pass=10 eta 0.8 min
2026-10-07T10:45:36+00:00 [181/254] k4|LGanymede>Ganymede/1l|LGanymede>Callisto/0s|LCallisto>Callisto/1h|LCallisto>Ganymede/1h: 4 zeros 1 pass (7.7s) totals zeros=219 pass=11 eta 0.8 min
2026-10-07T10:45:40+00:00 [182/254] k4|LGanymede>Ganymede/1l|LGanymede>Callisto/1l|LCallisto>Ganymede/2l: 1 zeros 0 pass (3.6s) totals zeros=220 pass=11 eta 0.8 min
2026-10-07T10:45:41+00:00 [183/254] k4|LGanymede>Ganymede/1l|LGanymede>Callisto/1l|RCallisto/1:2|LCallisto>Ganymede/2h: 0 zeros 0 pass (0.8s) totals zeros=220 pass=11 eta 0.8 min
2026-10-07T10:45:42+00:00 [184/254] k4|LGanymede>Ganymede/1l|LGanymede>Callisto/1l|HCallisto/3,1,p|LCallisto>Ganymede/0s: 0 zeros 0 pass (1.3s) totals zeros=220 pass=11 eta 0.8 min
2026-10-07T10:45:45+00:00 [185/254] k4|LGanymede>Ganymede/1l|LGanymede>Callisto/1l|LCallisto>Callisto/1h|LCallisto>Ganymede/1l: 0 zeros 0 pass (2.6s) totals zeros=220 pass=11 eta 0.8 min
2026-10-07T10:45:48+00:00 [186/254] k4|LGanymede>Ganymede/1l|LGanymede>Callisto/1h|LCallisto>Ganymede/1h: 5 zeros 0 pass (3.0s) totals zeros=225 pass=11 eta 0.8 min
2026-10-07T10:45:48+00:00 [187/254] k4|LGanymede>Ganymede/1l|LGanymede>Callisto/1h|RCallisto/1:2|LCallisto>Ganymede/2l: 0 zeros 0 pass (0.8s) totals zeros=225 pass=11 eta 0.8 min
2026-10-07T10:45:51+00:00 [188/254] k4|LGanymede>Ganymede/1l|LGanymede>Callisto/1h|HCallisto/1,0,a|LCallisto>Ganymede/2h: 0 zeros 0 pass (2.4s) totals zeros=225 pass=11 eta 0.8 min
2026-10-07T10:45:58+00:00 [189/254] k4|LGanymede>Ganymede/1l|LGanymede>Callisto/1h|LCallisto>Callisto/1h|LCallisto>Ganymede/0s: 3 zeros 1 pass (7.5s) totals zeros=228 pass=12 eta 0.8 min
2026-10-07T10:46:02+00:00 [190/254] k4|LGanymede>Ganymede/1l|LGanymede>Callisto/2l|LCallisto>Ganymede/1l: 1 zeros 0 pass (4.0s) totals zeros=229 pass=12 eta 0.8 min
2026-10-07T10:46:03+00:00 [191/254] k4|LGanymede>Ganymede/1l|LGanymede>Callisto/2l|RCallisto/1:2|LCallisto>Ganymede/2h: 0 zeros 0 pass (0.7s) totals zeros=229 pass=12 eta 0.8 min
2026-10-07T10:46:03+00:00 [192/254] k4|LGanymede>Ganymede/1l|LGanymede>Callisto/2l|HCallisto/3,1,p|LCallisto>Ganymede/1h: 0 zeros 0 pass (0.5s) totals zeros=229 pass=12 eta 0.8 min
2026-10-07T10:46:05+00:00 [193/254] k4|LGanymede>Ganymede/1l|LGanymede>Callisto/2l|LCallisto>Callisto/1h|LCallisto>Ganymede/2l: 0 zeros 0 pass (2.2s) totals zeros=229 pass=12 eta 0.8 min
2026-10-07T10:46:08+00:00 [194/254] k4|LGanymede>Ganymede/1l|LGanymede>Callisto/2h|LCallisto>Ganymede/2h: 2 zeros 0 pass (2.2s) totals zeros=231 pass=12 eta 0.8 min
2026-10-07T10:46:08+00:00 [195/254] k4|LGanymede>Ganymede/1l|LGanymede>Callisto/2h|RCallisto/2:3|LCallisto>Ganymede/1h: 0 zeros 0 pass (0.5s) totals zeros=231 pass=12 eta 0.8 min
2026-10-07T10:46:09+00:00 [196/254] k4|LGanymede>Ganymede/1l|LGanymede>Callisto/2h|HCallisto/3,1,a|LCallisto>Ganymede/0s: 0 zeros 0 pass (0.5s) totals zeros=231 pass=12 eta 0.8 min
2026-10-07T10:46:11+00:00 [197/254] k4|LGanymede>Ganymede/1l|LGanymede>Callisto/2h|LCallisto>Callisto/2l|LCallisto>Ganymede/1l: 0 zeros 0 pass (2.4s) totals zeros=231 pass=12 eta 0.7 min
2026-10-07T10:46:16+00:00 [198/254] k4|LGanymede>Ganymede/1h|LGanymede>Callisto/0s|RCallisto/1:1|LCallisto>Ganymede/1h: 4 zeros 0 pass (5.0s) totals zeros=235 pass=12 eta 0.8 min
2026-10-07T10:46:17+00:00 [199/254] k4|LGanymede>Ganymede/1h|LGanymede>Callisto/0s|RCallisto/2:3|LCallisto>Ganymede/2l: 0 zeros 0 pass (0.5s) totals zeros=235 pass=12 eta 0.7 min
2026-10-07T10:46:17+00:00 [200/254] k4|LGanymede>Ganymede/1h|LGanymede>Callisto/0s|HCallisto/3,1,p|LCallisto>Ganymede/2h: 0 zeros 0 pass (0.6s) totals zeros=235 pass=12 eta 0.7 min
2026-10-07T10:46:24+00:00 [201/254] k4|LGanymede>Ganymede/1h|LGanymede>Callisto/0s|LCallisto>Callisto/2l|LCallisto>Ganymede/0s: 4 zeros 0 pass (6.4s) totals zeros=239 pass=12 eta 0.7 min
2026-10-07T10:46:25+00:00 [202/254] k4|LGanymede>Ganymede/1h|LGanymede>Callisto/1l|RCallisto/1:1|LCallisto>Ganymede/1l: 2 zeros 0 pass (1.2s) totals zeros=241 pass=12 eta 0.7 min
2026-10-07T10:46:25+00:00 [203/254] k4|LGanymede>Ganymede/1h|LGanymede>Callisto/1l|RCallisto/2:3|LCallisto>Ganymede/1h: 0 zeros 0 pass (0.5s) totals zeros=241 pass=12 eta 0.7 min
2026-10-07T10:46:26+00:00 [204/254] k4|LGanymede>Ganymede/1h|LGanymede>Callisto/1l|HCallisto/3,1,p|LCallisto>Ganymede/2l: 0 zeros 0 pass (0.4s) totals zeros=241 pass=12 eta 0.7 min
2026-10-07T10:46:28+00:00 [205/254] k4|LGanymede>Ganymede/1h|LGanymede>Callisto/1l|LCallisto>Callisto/1h|LCallisto>Ganymede/2h: 0 zeros 0 pass (1.9s) totals zeros=241 pass=12 eta 0.7 min
2026-10-07T10:46:33+00:00 [206/254] k4|LGanymede>Ganymede/1h|LGanymede>Callisto/1h|RCallisto/1:1|LCallisto>Ganymede/0s: 4 zeros 0 pass (5.3s) totals zeros=245 pass=12 eta 0.7 min
2026-10-07T10:46:33+00:00 [207/254] k4|LGanymede>Ganymede/1h|LGanymede>Callisto/1h|RCallisto/2:3|LCallisto>Ganymede/1l: 0 zeros 0 pass (0.6s) totals zeros=245 pass=12 eta 0.7 min
2026-10-07T10:46:34+00:00 [208/254] k4|LGanymede>Ganymede/1h|LGanymede>Callisto/1h|HCallisto/3,1,p|LCallisto>Ganymede/1h: 0 zeros 0 pass (0.6s) totals zeros=245 pass=12 eta 0.7 min
2026-10-07T10:46:37+00:00 [209/254] k4|LGanymede>Ganymede/1h|LGanymede>Callisto/1h|LCallisto>Callisto/1h|LCallisto>Ganymede/2l: 1 zeros 0 pass (2.7s) totals zeros=246 pass=12 eta 0.6 min
2026-10-07T10:46:39+00:00 [210/254] k4|LGanymede>Ganymede/1h|LGanymede>Callisto/2l|LCallisto>Ganymede/2h: 2 zeros 0 pass (2.0s) totals zeros=248 pass=12 eta 0.6 min
2026-10-07T10:46:39+00:00 [211/254] k4|LGanymede>Ganymede/1h|LGanymede>Callisto/2l|RCallisto/2:3|LCallisto>Ganymede/1h: 0 zeros 0 pass (0.5s) totals zeros=248 pass=12 eta 0.6 min
2026-10-07T10:46:40+00:00 [212/254] k4|LGanymede>Ganymede/1h|LGanymede>Callisto/2l|HCallisto/3,1,a|LCallisto>Ganymede/0s: 0 zeros 0 pass (0.7s) totals zeros=248 pass=12 eta 0.6 min
2026-10-07T10:46:42+00:00 [213/254] k4|LGanymede>Ganymede/1h|LGanymede>Callisto/2l|LCallisto>Callisto/2l|LCallisto>Ganymede/1l: 0 zeros 0 pass (2.1s) totals zeros=248 pass=12 eta 0.6 min
2026-10-07T10:46:43+00:00 [214/254] k4|LGanymede>Ganymede/1h|LGanymede>Callisto/2h|RCallisto/1:1|LCallisto>Ganymede/1h: 0 zeros 0 pass (0.6s) totals zeros=248 pass=12 eta 0.6 min
2026-10-07T10:46:46+00:00 [215/254] k4|LGanymede>Ganymede/1h|LGanymede>Callisto/2h|HCallisto/1,0,p|LCallisto>Ganymede/1h: 1 zeros 0 pass (3.4s) totals zeros=249 pass=12 eta 0.6 min
2026-10-07T10:46:47+00:00 [216/254] k4|LGanymede>Ganymede/1h|LGanymede>Callisto/2h|HCallisto/3,1,a|LCallisto>Ganymede/2l: 0 zeros 0 pass (0.5s) totals zeros=249 pass=12 eta 0.6 min
2026-10-07T10:46:49+00:00 [217/254] k4|LGanymede>Ganymede/1h|LGanymede>Callisto/2h|LCallisto>Callisto/2l|LCallisto>Ganymede/2h: 0 zeros 0 pass (2.1s) totals zeros=249 pass=12 eta 0.5 min
2026-10-07T10:46:50+00:00 [218/254] k4|LGanymede>Ganymede/2l|LGanymede>Callisto/0s|RCallisto/2:1|LCallisto>Ganymede/0s: 2 zeros 0 pass (1.5s) totals zeros=251 pass=12 eta 0.5 min
2026-10-07T10:46:54+00:00 [219/254] k4|LGanymede>Ganymede/2l|LGanymede>Callisto/0s|HCallisto/1,0,p|LCallisto>Ganymede/1l: 10 zeros 0 pass (3.5s) totals zeros=261 pass=12 eta 0.5 min
2026-10-07T10:46:54+00:00 [220/254] k4|LGanymede>Ganymede/2l|LGanymede>Callisto/0s|HCallisto/3,1,a|LCallisto>Ganymede/1h: 0 zeros 0 pass (0.5s) totals zeros=261 pass=12 eta 0.5 min
2026-10-07T10:46:57+00:00 [221/254] k4|LGanymede>Ganymede/2l|LGanymede>Callisto/0s|LCallisto>Callisto/2l|LCallisto>Ganymede/2l: 0 zeros 0 pass (2.5s) totals zeros=261 pass=12 eta 0.5 min
2026-10-07T10:46:57+00:00 [222/254] k4|LGanymede>Ganymede/2l|LGanymede>Callisto/1l|RCallisto/1:1|LCallisto>Ganymede/2h: 0 zeros 0 pass (0.7s) totals zeros=261 pass=12 eta 0.5 min
2026-10-07T10:46:58+00:00 [223/254] k4|LGanymede>Ganymede/2l|LGanymede>Callisto/1l|HCallisto/1,0,p|LCallisto>Ganymede/2h: 0 zeros 0 pass (0.7s) totals zeros=261 pass=12 eta 0.5 min
2026-10-07T10:47:01+00:00 [224/254] k4|LGanymede>Ganymede/2l|LGanymede>Callisto/1l|LCallisto>Callisto/1l|LCallisto>Ganymede/0s: 0 zeros 0 pass (3.4s) totals zeros=261 pass=12 eta 0.5 min
2026-10-07T10:47:03+00:00 [225/254] k4|LGanymede>Ganymede/2l|LGanymede>Callisto/1l|LCallisto>Callisto/2h|LCallisto>Ganymede/1l: 0 zeros 0 pass (1.7s) totals zeros=261 pass=12 eta 0.4 min
2026-10-07T10:47:03+00:00 [226/254] k4|LGanymede>Ganymede/2l|LGanymede>Callisto/1h|RCallisto/2:1|LCallisto>Ganymede/1h: 0 zeros 0 pass (0.4s) totals zeros=261 pass=12 eta 0.4 min
2026-10-07T10:47:06+00:00 [227/254] k4|LGanymede>Ganymede/2l|LGanymede>Callisto/1h|HCallisto/1,0,a|LCallisto>Ganymede/1h: 1 zeros 0 pass (2.5s) totals zeros=262 pass=12 eta 0.4 min
2026-10-07T10:47:08+00:00 [228/254] k4|LGanymede>Ganymede/2l|LGanymede>Callisto/1h|LCallisto>Callisto/1l|LCallisto>Ganymede/2l: 0 zeros 0 pass (2.0s) totals zeros=262 pass=12 eta 0.4 min
2026-10-07T10:47:10+00:00 [229/254] k4|LGanymede>Ganymede/2l|LGanymede>Callisto/1h|LCallisto>Callisto/2h|LCallisto>Ganymede/2h: 0 zeros 0 pass (1.9s) totals zeros=262 pass=12 eta 0.4 min
2026-10-07T10:47:11+00:00 [230/254] k4|LGanymede>Ganymede/2l|LGanymede>Callisto/2l|RCallisto/1:2|LCallisto>Ganymede/2h: 0 zeros 0 pass (0.7s) totals zeros=262 pass=12 eta 0.4 min
2026-10-07T10:47:11+00:00 [231/254] k4|LGanymede>Ganymede/2l|LGanymede>Callisto/2l|HCallisto/3,1,p|LCallisto>Ganymede/2h: 0 zeros 0 pass (0.5s) totals zeros=262 pass=12 eta 0.4 min
2026-10-07T10:47:13+00:00 [232/254] k4|LGanymede>Ganymede/2l|LGanymede>Callisto/2l|LCallisto>Callisto/2l|LCallisto>Ganymede/0s: 0 zeros 0 pass (2.1s) totals zeros=262 pass=12 eta 0.3 min
2026-10-07T10:47:14+00:00 [233/254] k4|LGanymede>Ganymede/2l|LGanymede>Callisto/2h|RCallisto/1:1|LCallisto>Ganymede/1l: 0 zeros 0 pass (0.5s) totals zeros=262 pass=12 eta 0.3 min
2026-10-07T10:47:21+00:00 [234/254] k4|LGanymede>Ganymede/2l|LGanymede>Callisto/2h|HCallisto/1,0,a|LCallisto>Ganymede/0s: 3 zeros 0 pass (7.4s) totals zeros=265 pass=12 eta 0.3 min
2026-10-07T10:47:23+00:00 [235/254] k4|LGanymede>Ganymede/2l|LGanymede>Callisto/2h|LCallisto>Callisto/1l|LCallisto>Ganymede/1l: 0 zeros 0 pass (2.3s) totals zeros=265 pass=12 eta 0.3 min
2026-10-07T10:47:26+00:00 [236/254] k4|LGanymede>Ganymede/2l|LGanymede>Callisto/2h|LCallisto>Callisto/2h|LCallisto>Ganymede/1h: 0 zeros 0 pass (2.3s) totals zeros=265 pass=12 eta 0.3 min
2026-10-07T10:47:26+00:00 [237/254] k4|LGanymede>Ganymede/2h|LGanymede>Callisto/0s|RCallisto/2:1|LCallisto>Ganymede/2l: 0 zeros 0 pass (0.4s) totals zeros=265 pass=12 eta 0.3 min
2026-10-07T10:47:31+00:00 [238/254] k4|LGanymede>Ganymede/2h|LGanymede>Callisto/0s|HCallisto/1,0,p|LCallisto>Ganymede/2h: 1 zeros 0 pass (4.5s) totals zeros=266 pass=12 eta 0.3 min
2026-10-07T10:47:37+00:00 [239/254] k4|LGanymede>Ganymede/2h|LGanymede>Callisto/0s|LCallisto>Callisto/1l|LCallisto>Ganymede/0s: 9 zeros 0 pass (6.5s) totals zeros=275 pass=12 eta 0.3 min
2026-10-07T10:47:39+00:00 [240/254] k4|LGanymede>Ganymede/2h|LGanymede>Callisto/0s|LCallisto>Callisto/2h|LCallisto>Ganymede/1l: 0 zeros 0 pass (1.9s) totals zeros=275 pass=12 eta 0.2 min
2026-10-07T10:47:39+00:00 [241/254] k4|LGanymede>Ganymede/2h|LGanymede>Callisto/1l|RCallisto/2:1|LCallisto>Ganymede/1h: 0 zeros 0 pass (0.3s) totals zeros=275 pass=12 eta 0.2 min
2026-10-07T10:47:41+00:00 [242/254] k4|LGanymede>Ganymede/2h|LGanymede>Callisto/1l|HCallisto/1,0,a|LCallisto>Ganymede/1h: 1 zeros 0 pass (2.2s) totals zeros=276 pass=12 eta 0.2 min
2026-10-07T10:47:43+00:00 [243/254] k4|LGanymede>Ganymede/2h|LGanymede>Callisto/1l|LCallisto>Callisto/1l|LCallisto>Ganymede/2l: 0 zeros 0 pass (1.7s) totals zeros=276 pass=12 eta 0.2 min
2026-10-07T10:47:45+00:00 [244/254] k4|LGanymede>Ganymede/2h|LGanymede>Callisto/1l|LCallisto>Callisto/2h|LCallisto>Ganymede/2h: 0 zeros 0 pass (1.8s) totals zeros=276 pass=12 eta 0.2 min
2026-10-07T10:47:45+00:00 [245/254] k4|LGanymede>Ganymede/2h|LGanymede>Callisto/1h|RCallisto/1:2|LCallisto>Ganymede/1h: 0 zeros 0 pass (0.5s) totals zeros=276 pass=12 eta 0.2 min
2026-10-07T10:47:46+00:00 [246/254] k4|LGanymede>Ganymede/2h|LGanymede>Callisto/1h|HCallisto/3,1,p|LCallisto>Ganymede/0s: 0 zeros 0 pass (0.5s) totals zeros=276 pass=12 eta 0.1 min
2026-10-07T10:47:48+00:00 [247/254] k4|LGanymede>Ganymede/2h|LGanymede>Callisto/1h|LCallisto>Callisto/1h|LCallisto>Ganymede/1l: 0 zeros 0 pass (1.8s) totals zeros=276 pass=12 eta 0.1 min
2026-10-07T10:47:49+00:00 [248/254] k4|LGanymede>Ganymede/2h|LGanymede>Callisto/2l|LCallisto>Ganymede/1h: 2 zeros 0 pass (1.3s) totals zeros=278 pass=12 eta 0.1 min
2026-10-07T10:47:50+00:00 [249/254] k4|LGanymede>Ganymede/2h|LGanymede>Callisto/2l|HCallisto/1,0,p|LCallisto>Ganymede/1l: 0 zeros 0 pass (0.6s) totals zeros=278 pass=12 eta 0.1 min
2026-10-07T10:47:50+00:00 [250/254] k4|LGanymede>Ganymede/2h|LGanymede>Callisto/2l|HCallisto/3,1,a|LCallisto>Ganymede/1h: 0 zeros 0 pass (0.4s) totals zeros=278 pass=12 eta 0.1 min
2026-10-07T10:47:52+00:00 [251/254] k4|LGanymede>Ganymede/2h|LGanymede>Callisto/2l|LCallisto>Callisto/2l|LCallisto>Ganymede/2l: 0 zeros 0 pass (1.9s) totals zeros=278 pass=12 eta 0.1 min
2026-10-07T10:47:53+00:00 [252/254] k4|LGanymede>Ganymede/2h|LGanymede>Callisto/2h|RCallisto/1:1|LCallisto>Ganymede/2h: 0 zeros 0 pass (0.5s) totals zeros=278 pass=12 eta 0.0 min
2026-10-07T10:47:53+00:00 [253/254] k4|LGanymede>Ganymede/2h|LGanymede>Callisto/2h|HCallisto/1,0,a|LCallisto>Ganymede/2l: 0 zeros 0 pass (0.8s) totals zeros=278 pass=12 eta 0.0 min
2026-10-07T10:47:55+00:00 [254/254] k4|LGanymede>Ganymede/2h|LGanymede>Callisto/2h|LCallisto>Callisto/1l|LCallisto>Ganymede/2h: 0 zeros 0 pass (1.9s) totals zeros=278 pass=12 eta 0.0 min
2026-10-07T10:47:55+00:00 DONE structures=254 zeros=278 pass=12 structure_errors=0 zero_assessment_errors=0
