2026-10-07T10:54:40+00:00 cell gc k=4: 4068 structures (T = 50.09 d)
2026-10-07T10:54:40+00:00 total to run: 254 (shard 6/16)
2026-10-07T10:54:41+00:00 [1/254] k4|LGanymede>Callisto/0s|RCallisto/1:1|LCallisto>Ganymede/1l: 3 zeros 1 pass (1.2s) totals zeros=3 pass=1 eta 5.1 min
2026-10-07T10:54:42+00:00 [2/254] k4|LGanymede>Callisto/0s|RCallisto/2:3|LCallisto>Ganymede/1h: 3 zeros 0 pass (1.0s) totals zeros=6 pass=1 eta 4.5 min
2026-10-07T10:54:43+00:00 [3/254] k4|LGanymede>Callisto/0s|HCallisto/3,1,p|LCallisto>Ganymede/2l: 0 zeros 0 pass (0.9s) totals zeros=6 pass=1 eta 4.2 min
2026-10-07T10:54:48+00:00 [4/254] k4|LGanymede>Callisto/0s|LCallisto>Callisto/1h|LCallisto>Ganymede/2h: 2 zeros 0 pass (4.4s) totals zeros=8 pass=1 eta 7.8 min
2026-10-07T10:54:49+00:00 [5/254] k4|LGanymede>Callisto/1l|RCallisto/1:1|LCallisto>Ganymede/0s: 3 zeros 1 pass (0.9s) totals zeros=11 pass=2 eta 7.0 min
2026-10-07T10:54:49+00:00 [6/254] k4|LGanymede>Callisto/1l|RCallisto/2:3|LCallisto>Ganymede/1l: 0 zeros 0 pass (0.0s) totals zeros=11 pass=2 eta 5.8 min
2026-10-07T10:54:49+00:00 [7/254] k4|LGanymede>Callisto/1l|HCallisto/3,1,p|LCallisto>Ganymede/1h: 0 zeros 0 pass (0.1s) totals zeros=11 pass=2 eta 5.0 min
2026-10-07T10:54:50+00:00 [8/254] k4|LGanymede>Callisto/1l|LCallisto>Callisto/1h|LCallisto>Ganymede/2l: 1 zeros 1 pass (1.1s) totals zeros=12 pass=3 eta 4.9 min
2026-10-07T10:54:50+00:00 [9/254] k4|LGanymede>Callisto/1h|LCallisto>Ganymede/2h: 4 zeros 0 pass (0.6s) totals zeros=16 pass=3 eta 4.6 min
2026-10-07T10:54:52+00:00 [10/254] k4|LGanymede>Callisto/1h|RCallisto/2:3|LCallisto>Ganymede/0s: 3 zeros 0 pass (1.2s) totals zeros=19 pass=3 eta 4.6 min
2026-10-07T10:54:52+00:00 [11/254] k4|LGanymede>Callisto/1h|HCallisto/3,1,p|LCallisto>Ganymede/1l: 0 zeros 0 pass (0.1s) totals zeros=19 pass=3 eta 4.2 min
2026-10-07T10:54:55+00:00 [12/254] k4|LGanymede>Callisto/1h|LCallisto>Callisto/1h|LCallisto>Ganymede/1h: 1 zeros 0 pass (3.6s) totals zeros=20 pass=3 eta 5.1 min
2026-10-07T10:54:56+00:00 [13/254] k4|LGanymede>Callisto/2l|LCallisto>Ganymede/2l: 1 zeros 0 pass (0.5s) totals zeros=21 pass=3 eta 4.8 min
2026-10-07T10:54:56+00:00 [14/254] k4|LGanymede>Callisto/2l|RCallisto/1:2|LCallisto>Ganymede/2h: 0 zeros 0 pass (0.4s) totals zeros=21 pass=3 eta 4.6 min
2026-10-07T10:54:57+00:00 [15/254] k4|LGanymede>Callisto/2l|HCallisto/3,1,p|LCallisto>Ganymede/0s: 0 zeros 0 pass (0.8s) totals zeros=21 pass=3 eta 4.4 min
2026-10-07T10:54:58+00:00 [16/254] k4|LGanymede>Callisto/2l|LCallisto>Callisto/1h|LCallisto>Ganymede/1l: 1 zeros 1 pass (1.1s) totals zeros=22 pass=4 eta 4.4 min
2026-10-07T10:54:59+00:00 [17/254] k4|LGanymede>Callisto/2h|LCallisto>Ganymede/1h: 4 zeros 0 pass (0.6s) totals zeros=26 pass=4 eta 4.3 min
2026-10-07T10:54:59+00:00 [18/254] k4|LGanymede>Callisto/2h|RCallisto/1:2|LCallisto>Ganymede/2l: 0 zeros 0 pass (0.4s) totals zeros=26 pass=4 eta 4.1 min
2026-10-07T10:54:59+00:00 [19/254] k4|LGanymede>Callisto/2h|HCallisto/1,0,a|LCallisto>Ganymede/2h: 0 zeros 0 pass (0.1s) totals zeros=26 pass=4 eta 3.9 min
2026-10-07T10:55:04+00:00 [20/254] k4|LGanymede>Callisto/2h|LCallisto>Callisto/1h|LCallisto>Ganymede/0s: 2 zeros 0 pass (4.6s) totals zeros=28 pass=4 eta 4.6 min
2026-10-07T10:55:05+00:00 [21/254] k4|RGanymede/1:1|LGanymede>Callisto/0s|LCallisto>Ganymede/1l: 1 zeros 0 pass (0.8s) totals zeros=29 pass=4 eta 4.5 min
2026-10-07T10:55:06+00:00 [22/254] k4|RGanymede/1:1|LGanymede>Callisto/0s|RCallisto/1:2|LCallisto>Ganymede/1h: 4 zeros 0 pass (1.1s) totals zeros=33 pass=4 eta 4.5 min
2026-10-07T10:55:06+00:00 [23/254] k4|RGanymede/1:1|LGanymede>Callisto/0s|HCallisto/1,0,a|LCallisto>Ganymede/2l: 4 zeros 0 pass (0.7s) totals zeros=37 pass=4 eta 4.4 min
2026-10-07T10:55:11+00:00 [24/254] k4|RGanymede/1:1|LGanymede>Callisto/0s|LCallisto>Callisto/1l|LCallisto>Ganymede/2h: 1 zeros 0 pass (4.9s) totals zeros=38 pass=4 eta 4.9 min
2026-10-07T10:55:13+00:00 [25/254] k4|RGanymede/1:1|LGanymede>Callisto/1l|LCallisto>Ganymede/0s: 2 zeros 0 pass (2.2s) totals zeros=40 pass=4 eta 5.1 min
2026-10-07T10:55:14+00:00 [26/254] k4|RGanymede/1:1|LGanymede>Callisto/1l|RCallisto/1:2|LCallisto>Ganymede/2l: 0 zeros 0 pass (0.8s) totals zeros=40 pass=4 eta 5.0 min
2026-10-07T10:55:14+00:00 [27/254] k4|RGanymede/1:1|LGanymede>Callisto/1l|HCallisto/3,1,p|LCallisto>Ganymede/1l: 0 zeros 0 pass (0.2s) totals zeros=40 pass=4 eta 4.8 min
2026-10-07T10:55:18+00:00 [28/254] k4|RGanymede/1:1|LGanymede>Callisto/1l|LCallisto>Callisto/1h|LCallisto>Ganymede/1h: 0 zeros 0 pass (3.5s) totals zeros=40 pass=4 eta 5.1 min
2026-10-07T10:55:20+00:00 [29/254] k4|RGanymede/1:1|LGanymede>Callisto/1h|LCallisto>Ganymede/2l: 1 zeros 1 pass (2.4s) totals zeros=41 pass=5 eta 5.2 min
2026-10-07T10:55:20+00:00 [30/254] k4|RGanymede/1:1|LGanymede>Callisto/1h|RCallisto/2:3|LCallisto>Ganymede/1l: 0 zeros 0 pass (0.1s) totals zeros=41 pass=5 eta 5.0 min
2026-10-07T10:55:20+00:00 [31/254] k4|RGanymede/1:1|LGanymede>Callisto/1h|HCallisto/3,1,p|LCallisto>Ganymede/2h: 0 zeros 0 pass (0.1s) totals zeros=41 pass=5 eta 4.8 min
2026-10-07T10:55:21+00:00 [32/254] k4|RGanymede/1:1|LGanymede>Callisto/1h|LCallisto>Callisto/2l|LCallisto>Ganymede/0s: 0 zeros 0 pass (0.9s) totals zeros=41 pass=5 eta 4.7 min
2026-10-07T10:55:22+00:00 [33/254] k4|RGanymede/1:1|LGanymede>Callisto/2l|RCallisto/1:1|LCallisto>Ganymede/1l: 0 zeros 0 pass (0.6s) totals zeros=41 pass=5 eta 4.6 min
2026-10-07T10:55:23+00:00 [34/254] k4|RGanymede/1:1|LGanymede>Callisto/2l|HCallisto/1,0,a|LCallisto>Ganymede/0s: 4 zeros 0 pass (1.4s) totals zeros=45 pass=5 eta 4.6 min
2026-10-07T10:55:24+00:00 [35/254] k4|RGanymede/1:1|LGanymede>Callisto/2l|LCallisto>Callisto/1l|LCallisto>Ganymede/1l: 0 zeros 0 pass (1.1s) totals zeros=45 pass=5 eta 4.6 min
2026-10-07T10:55:25+00:00 [36/254] k4|RGanymede/1:1|LGanymede>Callisto/2l|LCallisto>Callisto/2h|LCallisto>Ganymede/1h: 0 zeros 0 pass (1.0s) totals zeros=45 pass=5 eta 4.6 min
2026-10-07T10:55:26+00:00 [37/254] k4|RGanymede/1:1|LGanymede>Callisto/2h|RCallisto/1:2|LCallisto>Ganymede/1h: 2 zeros 0 pass (0.8s) totals zeros=47 pass=5 eta 4.5 min
2026-10-07T10:55:26+00:00 [38/254] k4|RGanymede/1:1|LGanymede>Callisto/2h|HCallisto/3,1,p|LCallisto>Ganymede/1h: 0 zeros 0 pass (0.1s) totals zeros=47 pass=5 eta 4.4 min
2026-10-07T10:55:27+00:00 [39/254] k4|RGanymede/1:1|LGanymede>Callisto/2h|LCallisto>Callisto/1h|LCallisto>Ganymede/2l: 0 zeros 0 pass (1.1s) totals zeros=47 pass=5 eta 4.3 min
2026-10-07T10:55:29+00:00 [40/254] k4|RGanymede/2:1|LGanymede>Callisto/0s|LCallisto>Ganymede/2h: 4 zeros 0 pass (2.0s) totals zeros=51 pass=5 eta 4.4 min
2026-10-07T10:55:30+00:00 [41/254] k4|RGanymede/2:1|LGanymede>Callisto/0s|HCallisto/1,0,p|LCallisto>Ganymede/2l: 3 zeros 0 pass (0.8s) totals zeros=54 pass=5 eta 4.3 min
2026-10-07T10:55:30+00:00 [42/254] k4|RGanymede/2:1|LGanymede>Callisto/0s|HCallisto/3,1,a|LCallisto>Ganymede/2h: 0 zeros 0 pass (0.1s) totals zeros=54 pass=5 eta 4.2 min
2026-10-07T10:55:32+00:00 [43/254] k4|RGanymede/2:1|LGanymede>Callisto/0s|LCallisto>Callisto/2h|LCallisto>Ganymede/0s: 0 zeros 0 pass (1.4s) totals zeros=54 pass=5 eta 4.2 min
2026-10-07T10:55:32+00:00 [44/254] k4|RGanymede/2:1|LGanymede>Callisto/1l|RCallisto/1:2|LCallisto>Ganymede/1l: 1 zeros 0 pass (0.3s) totals zeros=55 pass=5 eta 4.1 min
2026-10-07T10:55:32+00:00 [45/254] k4|RGanymede/2:1|LGanymede>Callisto/1l|HCallisto/3,1,p|LCallisto>Ganymede/1h: 0 zeros 0 pass (0.1s) totals zeros=55 pass=5 eta 4.0 min
2026-10-07T10:55:33+00:00 [46/254] k4|RGanymede/2:1|LGanymede>Callisto/1l|LCallisto>Callisto/2l|LCallisto>Ganymede/1h: 0 zeros 0 pass (0.7s) totals zeros=55 pass=5 eta 4.0 min
2026-10-07T10:55:33+00:00 [47/254] k4|RGanymede/2:1|LGanymede>Callisto/1h|RCallisto/1:1|LCallisto>Ganymede/2l: 0 zeros 0 pass (0.1s) totals zeros=55 pass=5 eta 3.9 min
2026-10-07T10:55:33+00:00 [48/254] k4|RGanymede/2:1|LGanymede>Callisto/1h|HCallisto/1,0,a|LCallisto>Ganymede/2h: 0 zeros 0 pass (0.1s) totals zeros=55 pass=5 eta 3.8 min
2026-10-07T10:55:34+00:00 [49/254] k4|RGanymede/2:1|LGanymede>Callisto/1h|LCallisto>Callisto/1h|LCallisto>Ganymede/2h: 0 zeros 0 pass (0.7s) totals zeros=55 pass=5 eta 3.7 min
2026-10-07T10:55:35+00:00 [50/254] k4|RGanymede/2:1|LGanymede>Callisto/2l|RCallisto/1:1|LCallisto>Ganymede/0s: 1 zeros 0 pass (1.1s) totals zeros=56 pass=5 eta 3.7 min
2026-10-07T10:55:35+00:00 [51/254] k4|RGanymede/2:1|LGanymede>Callisto/2l|HCallisto/1,0,a|LCallisto>Ganymede/1l: 0 zeros 0 pass (0.1s) totals zeros=56 pass=5 eta 3.6 min
2026-10-07T10:55:36+00:00 [52/254] k4|RGanymede/2:1|LGanymede>Callisto/2l|LCallisto>Callisto/2l|LCallisto>Ganymede/0s: 0 zeros 0 pass (0.8s) totals zeros=56 pass=5 eta 3.6 min
2026-10-07T10:55:36+00:00 [53/254] k4|RGanymede/2:1|LGanymede>Callisto/2h|RCallisto/1:1|LCallisto>Ganymede/1l: 0 zeros 0 pass (0.1s) totals zeros=56 pass=5 eta 3.5 min
2026-10-07T10:55:36+00:00 [54/254] k4|RGanymede/2:1|LGanymede>Callisto/2h|HCallisto/1,0,a|LCallisto>Ganymede/1h: 0 zeros 0 pass (0.2s) totals zeros=56 pass=5 eta 3.4 min
2026-10-07T10:55:37+00:00 [55/254] k4|RGanymede/2:1|LGanymede>Callisto/2h|LCallisto>Callisto/2l|LCallisto>Ganymede/1l: 0 zeros 0 pass (0.8s) totals zeros=56 pass=5 eta 3.4 min
2026-10-07T10:55:39+00:00 [56/254] k4|RGanymede/1:2|LGanymede>Callisto/0s|RCallisto/1:1|LCallisto>Ganymede/1h: 4 zeros 0 pass (1.9s) totals zeros=60 pass=5 eta 3.4 min
2026-10-07T10:55:39+00:00 [57/254] k4|RGanymede/1:2|LGanymede>Callisto/0s|RCallisto/2:3|LCallisto>Ganymede/2l: 0 zeros 0 pass (0.1s) totals zeros=60 pass=5 eta 3.4 min
2026-10-07T10:55:39+00:00 [58/254] k4|RGanymede/1:2|LGanymede>Callisto/0s|HCallisto/3,1,p|LCallisto>Ganymede/2h: 0 zeros 0 pass (0.2s) totals zeros=60 pass=5 eta 3.3 min
2026-10-07T10:55:44+00:00 [59/254] k4|RGanymede/1:2|LGanymede>Callisto/0s|LCallisto>Callisto/2l|LCallisto>Ganymede/0s: 3 zeros 0 pass (4.8s) totals zeros=63 pass=5 eta 3.5 min
2026-10-07T10:55:45+00:00 [60/254] k4|RGanymede/1:2|LGanymede>Callisto/1l|RCallisto/1:1|LCallisto>Ganymede/1l: 1 zeros 0 pass (0.9s) totals zeros=64 pass=5 eta 3.5 min
2026-10-07T10:55:45+00:00 [61/254] k4|RGanymede/1:2|LGanymede>Callisto/1l|HCallisto/1,0,p|LCallisto>Ganymede/1l: 2 zeros 0 pass (0.8s) totals zeros=66 pass=5 eta 3.4 min
2026-10-07T10:55:46+00:00 [62/254] k4|RGanymede/1:2|LGanymede>Callisto/1l|HCallisto/3,1,a|LCallisto>Ganymede/1h: 0 zeros 0 pass (0.1s) totals zeros=66 pass=5 eta 3.4 min
2026-10-07T10:55:46+00:00 [63/254] k4|RGanymede/1:2|LGanymede>Callisto/1l|LCallisto>Callisto/2l|LCallisto>Ganymede/2l: 0 zeros 0 pass (0.8s) totals zeros=66 pass=5 eta 3.3 min
2026-10-07T10:55:47+00:00 [64/254] k4|RGanymede/1:2|LGanymede>Callisto/1h|RCallisto/1:1|LCallisto>Ganymede/2h: 2 zeros 0 pass (0.6s) totals zeros=68 pass=5 eta 3.3 min
2026-10-07T10:55:47+00:00 [65/254] k4|RGanymede/1:2|LGanymede>Callisto/1h|HCallisto/1,0,p|LCallisto>Ganymede/2h: 0 zeros 0 pass (0.3s) totals zeros=68 pass=5 eta 3.2 min
2026-10-07T10:55:56+00:00 [66/254] k4|RGanymede/1:2|LGanymede>Callisto/1h|LCallisto>Callisto/1l|LCallisto>Ganymede/0s: 5 zeros 0 pass (8.5s) totals zeros=73 pass=5 eta 3.6 min
2026-10-07T10:55:56+00:00 [67/254] k4|RGanymede/1:2|LGanymede>Callisto/1h|LCallisto>Callisto/2h|LCallisto>Ganymede/1l: 0 zeros 0 pass (0.5s) totals zeros=73 pass=5 eta 3.5 min
2026-10-07T10:55:57+00:00 [68/254] k4|RGanymede/1:2|LGanymede>Callisto/2l|RCallisto/1:2|LCallisto>Ganymede/1l: 0 zeros 0 pass (0.4s) totals zeros=73 pass=5 eta 3.5 min
2026-10-07T10:55:57+00:00 [69/254] k4|RGanymede/1:2|LGanymede>Callisto/2l|HCallisto/3,1,p|LCallisto>Ganymede/1l: 0 zeros 0 pass (0.1s) totals zeros=73 pass=5 eta 3.4 min
2026-10-07T10:55:58+00:00 [70/254] k4|RGanymede/1:2|LGanymede>Callisto/2l|LCallisto>Callisto/1h|LCallisto>Ganymede/1h: 0 zeros 0 pass (1.1s) totals zeros=73 pass=5 eta 3.4 min
2026-10-07T10:55:59+00:00 [71/254] k4|RGanymede/1:2|LGanymede>Callisto/2h|LCallisto>Ganymede/2l: 1 zeros 0 pass (1.3s) totals zeros=74 pass=5 eta 3.4 min
2026-10-07T10:55:59+00:00 [72/254] k4|RGanymede/1:2|LGanymede>Callisto/2h|HCallisto/1,0,p|LCallisto>Ganymede/1h: 0 zeros 0 pass (0.2s) totals zeros=74 pass=5 eta 3.3 min
2026-10-07T10:55:59+00:00 [73/254] k4|RGanymede/1:2|LGanymede>Callisto/2h|HCallisto/3,1,a|LCallisto>Ganymede/2l: 0 zeros 0 pass (0.1s) totals zeros=74 pass=5 eta 3.3 min
2026-10-07T10:56:00+00:00 [74/254] k4|RGanymede/1:2|LGanymede>Callisto/2h|LCallisto>Callisto/2l|LCallisto>Ganymede/2h: 0 zeros 0 pass (0.6s) totals zeros=74 pass=5 eta 3.2 min
2026-10-07T10:56:01+00:00 [75/254] k4|RGanymede/3:2|LGanymede>Callisto/0s|RCallisto/1:2|LCallisto>Ganymede/0s: 6 zeros 0 pass (1.2s) totals zeros=80 pass=5 eta 3.2 min
2026-10-07T10:56:02+00:00 [76/254] k4|RGanymede/3:2|LGanymede>Callisto/0s|HCallisto/3,1,a|LCallisto>Ganymede/0s: 4 zeros 0 pass (0.4s) totals zeros=84 pass=5 eta 3.2 min
2026-10-07T10:56:04+00:00 [77/254] k4|RGanymede/3:2|LGanymede>Callisto/0s|LCallisto>Callisto/2h|LCallisto>Ganymede/0s: 3 zeros 0 pass (1.8s) totals zeros=87 pass=5 eta 3.2 min
2026-10-07T10:56:04+00:00 [78/254] k4|RGanymede/3:2|LGanymede>Callisto/1l|RCallisto/1:2|LCallisto>Ganymede/1l: 0 zeros 0 pass (0.0s) totals zeros=87 pass=5 eta 3.1 min
2026-10-07T10:56:04+00:00 [79/254] k4|RGanymede/3:2|LGanymede>Callisto/1l|LCallisto>Callisto/1l|LCallisto>Ganymede/1h: 0 zeros 0 pass (0.4s) totals zeros=87 pass=5 eta 3.1 min
2026-10-07T10:56:04+00:00 [80/254] k4|RGanymede/3:2|LGanymede>Callisto/1l|LCallisto>Callisto/2h|LCallisto>Ganymede/2l: 0 zeros 0 pass (0.4s) totals zeros=87 pass=5 eta 3.1 min
2026-10-07T10:56:04+00:00 [81/254] k4|RGanymede/3:2|LGanymede>Callisto/1h|RCallisto/1:2|LCallisto>Ganymede/2h: 0 zeros 0 pass (0.0s) totals zeros=87 pass=5 eta 3.0 min
2026-10-07T10:56:06+00:00 [82/254] k4|RGanymede/3:2|LGanymede>Callisto/1h|LCallisto>Callisto/1h|LCallisto>Ganymede/0s: 0 zeros 0 pass (1.0s) totals zeros=87 pass=5 eta 3.0 min
2026-10-07T10:56:06+00:00 [83/254] k4|RGanymede/3:2|LGanymede>Callisto/2l|LCallisto>Ganymede/1l: 1 zeros 0 pass (0.3s) totals zeros=88 pass=5 eta 2.9 min
2026-10-07T10:56:06+00:00 [84/254] k4|RGanymede/3:2|LGanymede>Callisto/2l|HCallisto/1,0,a|LCallisto>Ganymede/1l: 0 zeros 0 pass (0.1s) totals zeros=88 pass=5 eta 2.9 min
2026-10-07T10:56:06+00:00 [85/254] k4|RGanymede/3:2|LGanymede>Callisto/2l|LCallisto>Callisto/2l|LCallisto>Ganymede/1h: 0 zeros 0 pass (0.5s) totals zeros=88 pass=5 eta 2.9 min
2026-10-07T10:56:06+00:00 [86/254] k4|RGanymede/3:2|LGanymede>Callisto/2h|HCallisto/1,0,p|LCallisto>Ganymede/1l: 0 zeros 0 pass (0.1s) totals zeros=88 pass=5 eta 2.8 min
2026-10-07T10:56:07+00:00 [87/254] k4|RGanymede/3:2|LGanymede>Callisto/2h|LCallisto>Callisto/1h|LCallisto>Ganymede/1h: 0 zeros 0 pass (0.5s) totals zeros=88 pass=5 eta 2.8 min
2026-10-07T10:56:09+00:00 [88/254] k4|RGanymede/2:3|LGanymede>Callisto/0s|RCallisto/1:1|LCallisto>Ganymede/1h: 3 zeros 0 pass (1.6s) totals zeros=91 pass=5 eta 2.8 min
2026-10-07T10:56:09+00:00 [89/254] k4|RGanymede/2:3|LGanymede>Callisto/0s|HCallisto/1,0,a|LCallisto>Ganymede/1l: 4 zeros 0 pass (0.7s) totals zeros=95 pass=5 eta 2.8 min
2026-10-07T10:56:13+00:00 [90/254] k4|RGanymede/2:3|LGanymede>Callisto/0s|LCallisto>Callisto/1l|LCallisto>Ganymede/1h: 2 zeros 0 pass (3.5s) totals zeros=97 pass=5 eta 2.8 min
2026-10-07T10:56:13+00:00 [91/254] k4|RGanymede/2:3|LGanymede>Callisto/0s|LCallisto>Callisto/2h|LCallisto>Ganymede/2l: 0 zeros 0 pass (0.6s) totals zeros=97 pass=5 eta 2.8 min
2026-10-07T10:56:14+00:00 [92/254] k4|RGanymede/2:3|LGanymede>Callisto/1l|RCallisto/1:2|LCallisto>Ganymede/2h: 0 zeros 0 pass (0.1s) totals zeros=97 pass=5 eta 2.7 min
2026-10-07T10:56:14+00:00 [93/254] k4|RGanymede/2:3|LGanymede>Callisto/1l|HCallisto/3,1,a|LCallisto>Ganymede/1h: 0 zeros 0 pass (0.1s) totals zeros=97 pass=5 eta 2.7 min
2026-10-07T10:56:14+00:00 [94/254] k4|RGanymede/2:3|LGanymede>Callisto/1l|LCallisto>Callisto/2h|LCallisto>Ganymede/0s: 0 zeros 0 pass (0.5s) totals zeros=97 pass=5 eta 2.7 min
2026-10-07T10:56:14+00:00 [95/254] k4|RGanymede/2:3|LGanymede>Callisto/1h|RCallisto/1:2|LCallisto>Ganymede/1l: 0 zeros 0 pass (0.1s) totals zeros=97 pass=5 eta 2.6 min
2026-10-07T10:56:14+00:00 [96/254] k4|RGanymede/2:3|LGanymede>Callisto/1h|HCallisto/3,1,p|LCallisto>Ganymede/1h: 0 zeros 0 pass (0.0s) totals zeros=97 pass=5 eta 2.6 min
2026-10-07T10:56:15+00:00 [97/254] k4|RGanymede/2:3|LGanymede>Callisto/1h|LCallisto>Callisto/2l|LCallisto>Ganymede/1h: 0 zeros 0 pass (0.5s) totals zeros=97 pass=5 eta 2.6 min
2026-10-07T10:56:15+00:00 [98/254] k4|RGanymede/2:3|LGanymede>Callisto/2l|RCallisto/1:1|LCallisto>Ganymede/2l: 0 zeros 0 pass (0.1s) totals zeros=97 pass=5 eta 2.5 min
2026-10-07T10:56:15+00:00 [99/254] k4|RGanymede/2:3|LGanymede>Callisto/2l|HCallisto/1,0,a|LCallisto>Ganymede/2h: 0 zeros 0 pass (0.1s) totals zeros=97 pass=5 eta 2.5 min
2026-10-07T10:56:16+00:00 [100/254] k4|RGanymede/2:3|LGanymede>Callisto/2l|LCallisto>Callisto/2l|LCallisto>Ganymede/2l: 0 zeros 0 pass (0.6s) totals zeros=97 pass=5 eta 2.4 min
2026-10-07T10:56:16+00:00 [101/254] k4|RGanymede/2:3|LGanymede>Callisto/2h|RCallisto/1:1|LCallisto>Ganymede/2h: 0 zeros 0 pass (0.1s) totals zeros=97 pass=5 eta 2.4 min
2026-10-07T10:56:16+00:00 [102/254] k4|RGanymede/2:3|LGanymede>Callisto/2h|HCallisto/3,1,p|LCallisto>Ganymede/0s: 0 zeros 0 pass (0.1s) totals zeros=97 pass=5 eta 2.4 min
2026-10-07T10:56:16+00:00 [103/254] k4|RGanymede/2:3|LGanymede>Callisto/2h|LCallisto>Callisto/2l|LCallisto>Ganymede/2h: 0 zeros 0 pass (0.6s) totals zeros=97 pass=5 eta 2.4 min
2026-10-07T10:56:17+00:00 [104/254] k4|HGanymede/1,0,p|LGanymede>Callisto/0s|RCallisto/2:1|LCallisto>Ganymede/0s: 6 zeros 0 pass (0.7s) totals zeros=103 pass=5 eta 2.3 min
2026-10-07T10:56:18+00:00 [105/254] k4|HGanymede/1,0,p|LGanymede>Callisto/0s|HCallisto/1,0,p|LCallisto>Ganymede/1l: 2 zeros 0 pass (0.9s) totals zeros=105 pass=5 eta 2.3 min
2026-10-07T10:56:19+00:00 [106/254] k4|HGanymede/1,0,p|LGanymede>Callisto/0s|HCallisto/3,1,a|LCallisto>Ganymede/1h: 5 zeros 0 pass (1.3s) totals zeros=110 pass=5 eta 2.3 min
2026-10-07T10:56:20+00:00 [107/254] k4|HGanymede/1,0,p|LGanymede>Callisto/0s|LCallisto>Callisto/2l|LCallisto>Ganymede/2l: 0 zeros 0 pass (0.7s) totals zeros=110 pass=5 eta 2.3 min
2026-10-07T10:56:20+00:00 [108/254] k4|HGanymede/1,0,p|LGanymede>Callisto/1l|RCallisto/1:1|LCallisto>Ganymede/2h: 0 zeros 0 pass (0.1s) totals zeros=110 pass=5 eta 2.2 min
2026-10-07T10:56:21+00:00 [109/254] k4|HGanymede/1,0,p|LGanymede>Callisto/1l|HCallisto/1,0,p|LCallisto>Ganymede/0s: 2 zeros 0 pass (0.7s) totals zeros=112 pass=5 eta 2.2 min
2026-10-07T10:56:21+00:00 [110/254] k4|HGanymede/1,0,p|LGanymede>Callisto/1l|HCallisto/3,1,a|LCallisto>Ganymede/1l: 0 zeros 0 pass (0.4s) totals zeros=112 pass=5 eta 2.2 min
2026-10-07T10:56:22+00:00 [111/254] k4|HGanymede/1,0,p|LGanymede>Callisto/1l|LCallisto>Callisto/2l|LCallisto>Ganymede/1h: 0 zeros 0 pass (0.6s) totals zeros=112 pass=5 eta 2.2 min
2026-10-07T10:56:22+00:00 [112/254] k4|HGanymede/1,0,p|LGanymede>Callisto/1h|RCallisto/1:1|LCallisto>Ganymede/2l: 0 zeros 0 pass (0.1s) totals zeros=112 pass=5 eta 2.2 min
2026-10-07T10:56:22+00:00 [113/254] k4|HGanymede/1,0,p|LGanymede>Callisto/1h|RCallisto/2:3|LCallisto>Ganymede/2h: 0 zeros 0 pass (0.1s) totals zeros=112 pass=5 eta 2.1 min
2026-10-07T10:56:23+00:00 [114/254] k4|HGanymede/1,0,p|LGanymede>Callisto/1h|HCallisto/3,1,a|LCallisto>Ganymede/0s: 5 zeros 0 pass (1.2s) totals zeros=117 pass=5 eta 2.1 min
2026-10-07T10:56:24+00:00 [115/254] k4|HGanymede/1,0,p|LGanymede>Callisto/1h|LCallisto>Callisto/2l|LCallisto>Ganymede/1l: 0 zeros 0 pass (0.8s) totals zeros=117 pass=5 eta 2.1 min
2026-10-07T10:56:24+00:00 [116/254] k4|HGanymede/1,0,p|LGanymede>Callisto/2l|RCallisto/1:1|LCallisto>Ganymede/1h: 0 zeros 0 pass (0.1s) totals zeros=117 pass=5 eta 2.1 min
2026-10-07T10:56:26+00:00 [117/254] k4|HGanymede/1,0,p|LGanymede>Callisto/2l|HCallisto/1,0,p|LCallisto>Ganymede/1h: 1 zeros 0 pass (1.5s) totals zeros=118 pass=5 eta 2.1 min
2026-10-07T10:56:26+00:00 [118/254] k4|HGanymede/1,0,p|LGanymede>Callisto/2l|HCallisto/3,1,a|LCallisto>Ganymede/2l: 0 zeros 0 pass (0.1s) totals zeros=118 pass=5 eta 2.0 min
2026-10-07T10:56:26+00:00 [119/254] k4|HGanymede/1,0,p|LGanymede>Callisto/2l|LCallisto>Callisto/2l|LCallisto>Ganymede/2h: 0 zeros 0 pass (0.8s) totals zeros=118 pass=5 eta 2.0 min
2026-10-07T10:56:27+00:00 [120/254] k4|HGanymede/1,0,p|LGanymede>Callisto/2h|RCallisto/2:1|LCallisto>Ganymede/0s: 0 zeros 0 pass (0.1s) totals zeros=118 pass=5 eta 2.0 min
2026-10-07T10:56:28+00:00 [121/254] k4|HGanymede/1,0,p|LGanymede>Callisto/2h|HCallisto/1,0,a|LCallisto>Ganymede/0s: 5 zeros 0 pass (1.6s) totals zeros=123 pass=5 eta 2.0 min
2026-10-07T10:56:29+00:00 [122/254] k4|HGanymede/1,0,p|LGanymede>Callisto/2h|LCallisto>Callisto/1l|LCallisto>Ganymede/1l: 0 zeros 0 pass (0.7s) totals zeros=123 pass=5 eta 2.0 min
2026-10-07T10:56:30+00:00 [123/254] k4|HGanymede/1,0,p|LGanymede>Callisto/2h|LCallisto>Callisto/2h|LCallisto>Ganymede/1h: 0 zeros 0 pass (0.7s) totals zeros=123 pass=5 eta 1.9 min
2026-10-07T10:56:30+00:00 [124/254] k4|HGanymede/1,0,a|LGanymede>Callisto/0s|RCallisto/2:1|LCallisto>Ganymede/2l: 0 zeros 0 pass (0.1s) totals zeros=123 pass=5 eta 1.9 min
2026-10-07T10:56:31+00:00 [125/254] k4|HGanymede/1,0,a|LGanymede>Callisto/0s|HCallisto/1,0,p|LCallisto>Ganymede/2h: 5 zeros 0 pass (1.4s) totals zeros=128 pass=5 eta 1.9 min
2026-10-07T10:56:34+00:00 [126/254] k4|HGanymede/1,0,a|LGanymede>Callisto/0s|LCallisto>Callisto/1l|LCallisto>Ganymede/0s: 6 zeros 0 pass (2.5s) totals zeros=134 pass=5 eta 1.9 min
2026-10-07T10:56:35+00:00 [127/254] k4|HGanymede/1,0,a|LGanymede>Callisto/0s|LCallisto>Callisto/2h|LCallisto>Ganymede/1l: 0 zeros 0 pass (1.9s) totals zeros=134 pass=5 eta 1.9 min
2026-10-07T10:56:35+00:00 [128/254] k4|HGanymede/1,0,a|LGanymede>Callisto/1l|RCallisto/2:1|LCallisto>Ganymede/1h: 0 zeros 0 pass (0.0s) totals zeros=134 pass=5 eta 1.9 min
2026-10-07T10:56:37+00:00 [129/254] k4|HGanymede/1,0,a|LGanymede>Callisto/1l|HCallisto/1,0,p|LCallisto>Ganymede/2l: 1 zeros 0 pass (1.0s) totals zeros=135 pass=5 eta 1.9 min
2026-10-07T10:56:37+00:00 [130/254] k4|HGanymede/1,0,a|LGanymede>Callisto/1l|HCallisto/3,1,a|LCallisto>Ganymede/2h: 0 zeros 0 pass (0.2s) totals zeros=135 pass=5 eta 1.9 min
2026-10-07T10:56:38+00:00 [131/254] k4|HGanymede/1,0,a|LGanymede>Callisto/1l|LCallisto>Callisto/2h|LCallisto>Ganymede/0s: 0 zeros 0 pass (1.3s) totals zeros=135 pass=5 eta 1.8 min
2026-10-07T10:56:38+00:00 [132/254] k4|HGanymede/1,0,a|LGanymede>Callisto/1h|RCallisto/2:1|LCallisto>Ganymede/1l: 0 zeros 0 pass (0.1s) totals zeros=135 pass=5 eta 1.8 min
2026-10-07T10:56:40+00:00 [133/254] k4|HGanymede/1,0,a|LGanymede>Callisto/1h|HCallisto/1,0,p|LCallisto>Ganymede/1h: 4 zeros 0 pass (1.5s) totals zeros=139 pass=5 eta 1.8 min
2026-10-07T10:56:40+00:00 [134/254] k4|HGanymede/1,0,a|LGanymede>Callisto/1h|HCallisto/3,1,a|LCallisto>Ganymede/2l: 0 zeros 0 pass (0.1s) totals zeros=139 pass=5 eta 1.8 min
2026-10-07T10:56:41+00:00 [135/254] k4|HGanymede/1,0,a|LGanymede>Callisto/1h|LCallisto>Callisto/2l|LCallisto>Ganymede/2h: 0 zeros 0 pass (1.0s) totals zeros=139 pass=5 eta 1.8 min
2026-10-07T10:56:41+00:00 [136/254] k4|HGanymede/1,0,a|LGanymede>Callisto/2l|RCallisto/2:1|LCallisto>Ganymede/0s: 0 zeros 0 pass (0.1s) totals zeros=139 pass=5 eta 1.7 min
2026-10-07T10:56:43+00:00 [137/254] k4|HGanymede/1,0,a|LGanymede>Callisto/2l|HCallisto/1,0,a|LCallisto>Ganymede/0s: 2 zeros 0 pass (2.5s) totals zeros=141 pass=5 eta 1.8 min
2026-10-07T10:56:45+00:00 [138/254] k4|HGanymede/1,0,a|LGanymede>Callisto/2l|LCallisto>Callisto/1l|LCallisto>Ganymede/1l: 0 zeros 0 pass (1.0s) totals zeros=141 pass=5 eta 1.7 min
2026-10-07T10:56:45+00:00 [139/254] k4|HGanymede/1,0,a|LGanymede>Callisto/2l|LCallisto>Callisto/2h|LCallisto>Ganymede/1h: 0 zeros 0 pass (1.0s) totals zeros=141 pass=5 eta 1.7 min
2026-10-07T10:56:47+00:00 [140/254] k4|HGanymede/1,0,a|LGanymede>Callisto/2h|RCallisto/1:2|LCallisto>Ganymede/0s: 3 zeros 0 pass (1.4s) totals zeros=144 pass=5 eta 1.7 min
2026-10-07T10:56:49+00:00 [141/254] k4|HGanymede/1,0,a|LGanymede>Callisto/2h|HCallisto/1,0,a|LCallisto>Ganymede/2l: 1 zeros 0 pass (2.3s) totals zeros=145 pass=5 eta 1.7 min
2026-10-07T10:56:50+00:00 [142/254] k4|HGanymede/1,0,a|LGanymede>Callisto/2h|LCallisto>Callisto/1l|LCallisto>Ganymede/2h: 0 zeros 0 pass (1.1s) totals zeros=145 pass=5 eta 1.7 min
2026-10-07T10:56:51+00:00 [143/254] k4|HGanymede/3,1,p|LGanymede>Callisto/0s|LCallisto>Ganymede/0s: 6 zeros 0 pass (0.8s) totals zeros=151 pass=5 eta 1.7 min
2026-10-07T10:56:53+00:00 [144/254] k4|HGanymede/3,1,p|LGanymede>Callisto/0s|RCallisto/1:2|LCallisto>Ganymede/2l: 0 zeros 0 pass (1.6s) totals zeros=151 pass=5 eta 1.7 min
2026-10-07T10:56:53+00:00 [145/254] k4|HGanymede/3,1,p|LGanymede>Callisto/0s|HCallisto/3,1,p|LCallisto>Ganymede/1l: 1 zeros 0 pass (0.5s) totals zeros=152 pass=5 eta 1.7 min
2026-10-07T10:57:01+00:00 [146/254] k4|HGanymede/3,1,p|LGanymede>Callisto/0s|LCallisto>Callisto/1h|LCallisto>Ganymede/1h: 6 zeros 0 pass (7.8s) totals zeros=158 pass=5 eta 1.7 min
2026-10-07T10:57:02+00:00 [147/254] k4|HGanymede/3,1,p|LGanymede>Callisto/1l|LCallisto>Ganymede/2l: 2 zeros 0 pass (1.3s) totals zeros=160 pass=5 eta 1.7 min
2026-10-07T10:57:04+00:00 [148/254] k4|HGanymede/3,1,p|LGanymede>Callisto/1l|HCallisto/1,0,p|LCallisto>Ganymede/1h: 1 zeros 0 pass (2.0s) totals zeros=161 pass=5 eta 1.7 min
2026-10-07T10:57:04+00:00 [149/254] k4|HGanymede/3,1,p|LGanymede>Callisto/1l|HCallisto/3,1,a|LCallisto>Ganymede/2l: 0 zeros 0 pass (0.1s) totals zeros=161 pass=5 eta 1.7 min
2026-10-07T10:57:05+00:00 [150/254] k4|HGanymede/3,1,p|LGanymede>Callisto/1l|LCallisto>Callisto/2l|LCallisto>Ganymede/2h: 0 zeros 0 pass (0.7s) totals zeros=161 pass=5 eta 1.7 min
2026-10-07T10:57:05+00:00 [151/254] k4|HGanymede/3,1,p|LGanymede>Callisto/1h|RCallisto/2:1|LCallisto>Ganymede/0s: 0 zeros 0 pass (0.1s) totals zeros=161 pass=5 eta 1.6 min
2026-10-07T10:57:06+00:00 [152/254] k4|HGanymede/3,1,p|LGanymede>Callisto/1h|HCallisto/1,0,a|LCallisto>Ganymede/2h: 2 zeros 0 pass (0.8s) totals zeros=163 pass=5 eta 1.6 min
2026-10-07T10:57:13+00:00 [153/254] k4|HGanymede/3,1,p|LGanymede>Callisto/1h|LCallisto>Callisto/1h|LCallisto>Ganymede/0s: 6 zeros 0 pass (6.7s) totals zeros=169 pass=5 eta 1.7 min
2026-10-07T10:57:14+00:00 [154/254] k4|HGanymede/3,1,p|LGanymede>Callisto/2l|LCallisto>Ganymede/1l: 2 zeros 0 pass (1.1s) totals zeros=171 pass=5 eta 1.7 min
2026-10-07T10:57:15+00:00 [155/254] k4|HGanymede/3,1,p|LGanymede>Callisto/2l|HCallisto/1,0,p|LCallisto>Ganymede/1h: 1 zeros 0 pass (0.8s) totals zeros=172 pass=5 eta 1.6 min
2026-10-07T10:57:15+00:00 [156/254] k4|HGanymede/3,1,p|LGanymede>Callisto/2l|LCallisto>Callisto/1l|LCallisto>Ganymede/1h: 0 zeros 0 pass (0.9s) totals zeros=172 pass=5 eta 1.6 min
2026-10-07T10:57:16+00:00 [157/254] k4|HGanymede/3,1,p|LGanymede>Callisto/2l|LCallisto>Callisto/2h|LCallisto>Ganymede/2l: 0 zeros 0 pass (0.8s) totals zeros=172 pass=5 eta 1.6 min
2026-10-07T10:57:16+00:00 [158/254] k4|HGanymede/3,1,p|LGanymede>Callisto/2h|RCallisto/1:2|LCallisto>Ganymede/2h: 0 zeros 0 pass (0.1s) totals zeros=172 pass=5 eta 1.6 min
2026-10-07T10:57:16+00:00 [159/254] k4|HGanymede/3,1,p|LGanymede>Callisto/2h|HCallisto/3,1,a|LCallisto>Ganymede/1h: 0 zeros 0 pass (0.1s) totals zeros=172 pass=5 eta 1.6 min
2026-10-07T10:57:17+00:00 [160/254] k4|HGanymede/3,1,p|LGanymede>Callisto/2h|LCallisto>Callisto/2h|LCallisto>Ganymede/0s: 0 zeros 0 pass (0.9s) totals zeros=172 pass=5 eta 1.5 min
2026-10-07T10:57:17+00:00 [161/254] k4|HGanymede/3,1,a|LGanymede>Callisto/0s|RCallisto/2:1|LCallisto>Ganymede/1l: 0 zeros 0 pass (0.1s) totals zeros=172 pass=5 eta 1.5 min
2026-10-07T10:57:20+00:00 [162/254] k4|HGanymede/3,1,a|LGanymede>Callisto/0s|HCallisto/1,0,a|LCallisto>Ganymede/1l: 3 zeros 0 pass (2.2s) totals zeros=175 pass=5 eta 1.5 min
2026-10-07T10:57:25+00:00 [163/254] k4|HGanymede/3,1,a|LGanymede>Callisto/0s|LCallisto>Callisto/1l|LCallisto>Ganymede/1h: 0 zeros 0 pass (5.7s) totals zeros=175 pass=5 eta 1.5 min
2026-10-07T10:57:26+00:00 [164/254] k4|HGanymede/3,1,a|LGanymede>Callisto/0s|LCallisto>Callisto/2h|LCallisto>Ganymede/2l: 0 zeros 0 pass (0.7s) totals zeros=175 pass=5 eta 1.5 min
2026-10-07T10:57:26+00:00 [165/254] k4|HGanymede/3,1,a|LGanymede>Callisto/1l|RCallisto/1:2|LCallisto>Ganymede/2l: 0 zeros 0 pass (0.1s) totals zeros=175 pass=5 eta 1.5 min
2026-10-07T10:57:26+00:00 [166/254] k4|HGanymede/3,1,a|LGanymede>Callisto/1l|HCallisto/3,1,p|LCallisto>Ganymede/2l: 0 zeros 0 pass (0.1s) totals zeros=175 pass=5 eta 1.5 min
2026-10-07T10:57:27+00:00 [167/254] k4|HGanymede/3,1,a|LGanymede>Callisto/1l|LCallisto>Callisto/1h|LCallisto>Ganymede/2h: 0 zeros 0 pass (0.6s) totals zeros=175 pass=5 eta 1.4 min
2026-10-07T10:57:28+00:00 [168/254] k4|HGanymede/3,1,a|LGanymede>Callisto/1h|RCallisto/1:1|LCallisto>Ganymede/0s: 5 zeros 0 pass (1.1s) totals zeros=180 pass=5 eta 1.4 min
2026-10-07T10:57:29+00:00 [169/254] k4|HGanymede/3,1,a|LGanymede>Callisto/1h|HCallisto/1,0,p|LCallisto>Ganymede/2h: 2 zeros 0 pass (0.6s) totals zeros=182 pass=5 eta 1.4 min
2026-10-07T10:57:35+00:00 [170/254] k4|HGanymede/3,1,a|LGanymede>Callisto/1h|LCallisto>Callisto/1l|LCallisto>Ganymede/0s: 0 zeros 0 pass (6.0s) totals zeros=182 pass=5 eta 1.4 min
2026-10-07T10:57:35+00:00 [171/254] k4|HGanymede/3,1,a|LGanymede>Callisto/1h|LCallisto>Callisto/2h|LCallisto>Ganymede/1l: 0 zeros 0 pass (0.6s) totals zeros=182 pass=5 eta 1.4 min
2026-10-07T10:57:35+00:00 [172/254] k4|HGanymede/3,1,a|LGanymede>Callisto/2l|RCallisto/1:2|LCallisto>Ganymede/1h: 0 zeros 0 pass (0.1s) totals zeros=182 pass=5 eta 1.4 min
2026-10-07T10:57:35+00:00 [173/254] k4|HGanymede/3,1,a|LGanymede>Callisto/2l|HCallisto/3,1,a|LCallisto>Ganymede/0s: 0 zeros 0 pass (0.1s) totals zeros=182 pass=5 eta 1.4 min
2026-10-07T10:57:36+00:00 [174/254] k4|HGanymede/3,1,a|LGanymede>Callisto/2l|LCallisto>Callisto/2l|LCallisto>Ganymede/2l: 0 zeros 0 pass (0.6s) totals zeros=182 pass=5 eta 1.3 min
2026-10-07T10:57:36+00:00 [175/254] k4|HGanymede/3,1,a|LGanymede>Callisto/2h|RCallisto/1:1|LCallisto>Ganymede/2h: 0 zeros 0 pass (0.1s) totals zeros=182 pass=5 eta 1.3 min
2026-10-07T10:57:36+00:00 [176/254] k4|HGanymede/3,1,a|LGanymede>Callisto/2h|HCallisto/3,1,p|LCallisto>Ganymede/0s: 0 zeros 0 pass (0.1s) totals zeros=182 pass=5 eta 1.3 min
2026-10-07T10:57:37+00:00 [177/254] k4|HGanymede/3,1,a|LGanymede>Callisto/2h|LCallisto>Callisto/2l|LCallisto>Ganymede/0s: 0 zeros 0 pass (0.7s) totals zeros=182 pass=5 eta 1.3 min
2026-10-07T10:57:41+00:00 [178/254] k4|LGanymede>Ganymede/1l|LGanymede>Callisto/0s|RCallisto/1:1|LCallisto>Ganymede/1l: 3 zeros 0 pass (3.8s) totals zeros=185 pass=5 eta 1.3 min
2026-10-07T10:57:41+00:00 [179/254] k4|LGanymede>Ganymede/1l|LGanymede>Callisto/0s|RCallisto/2:3|LCallisto>Ganymede/1h: 0 zeros 0 pass (0.7s) totals zeros=185 pass=5 eta 1.3 min
2026-10-07T10:57:42+00:00 [180/254] k4|LGanymede>Ganymede/1l|LGanymede>Callisto/0s|HCallisto/3,1,p|LCallisto>Ganymede/2l: 0 zeros 0 pass (0.8s) totals zeros=185 pass=5 eta 1.2 min
2026-10-07T10:57:51+00:00 [181/254] k4|LGanymede>Ganymede/1l|LGanymede>Callisto/0s|LCallisto>Callisto/1h|LCallisto>Ganymede/2h: 1 zeros 0 pass (8.5s) totals zeros=186 pass=5 eta 1.3 min
2026-10-07T10:57:55+00:00 [182/254] k4|LGanymede>Ganymede/1l|LGanymede>Callisto/1l|RCallisto/1:1|LCallisto>Ganymede/0s: 3 zeros 0 pass (4.3s) totals zeros=189 pass=5 eta 1.3 min
2026-10-07T10:57:56+00:00 [183/254] k4|LGanymede>Ganymede/1l|LGanymede>Callisto/1l|RCallisto/2:3|LCallisto>Ganymede/1l: 0 zeros 0 pass (0.5s) totals zeros=189 pass=5 eta 1.3 min
2026-10-07T10:57:56+00:00 [184/254] k4|LGanymede>Ganymede/1l|LGanymede>Callisto/1l|HCallisto/3,1,p|LCallisto>Ganymede/1h: 0 zeros 0 pass (0.6s) totals zeros=189 pass=5 eta 1.2 min
2026-10-07T10:57:59+00:00 [185/254] k4|LGanymede>Ganymede/1l|LGanymede>Callisto/1l|LCallisto>Callisto/1h|LCallisto>Ganymede/2l: 0 zeros 0 pass (3.0s) totals zeros=189 pass=5 eta 1.2 min
2026-10-07T10:58:06+00:00 [186/254] k4|LGanymede>Ganymede/1l|LGanymede>Callisto/1h|LCallisto>Ganymede/2h: 1 zeros 0 pass (6.9s) totals zeros=190 pass=5 eta 1.3 min
2026-10-07T10:58:07+00:00 [187/254] k4|LGanymede>Ganymede/1l|LGanymede>Callisto/1h|RCallisto/2:3|LCallisto>Ganymede/0s: 0 zeros 0 pass (0.5s) totals zeros=190 pass=5 eta 1.2 min
2026-10-07T10:58:07+00:00 [188/254] k4|LGanymede>Ganymede/1l|LGanymede>Callisto/1h|HCallisto/3,1,p|LCallisto>Ganymede/1l: 0 zeros 0 pass (0.6s) totals zeros=190 pass=5 eta 1.2 min
2026-10-07T10:58:12+00:00 [189/254] k4|LGanymede>Ganymede/1l|LGanymede>Callisto/1h|LCallisto>Callisto/1h|LCallisto>Ganymede/1h: 0 zeros 0 pass (4.7s) totals zeros=190 pass=5 eta 1.2 min
2026-10-07T10:58:14+00:00 [190/254] k4|LGanymede>Ganymede/1l|LGanymede>Callisto/2l|LCallisto>Ganymede/2l: 0 zeros 0 pass (1.9s) totals zeros=190 pass=5 eta 1.2 min
2026-10-07T10:58:14+00:00 [191/254] k4|LGanymede>Ganymede/1l|LGanymede>Callisto/2l|RCallisto/2:3|LCallisto>Ganymede/1l: 0 zeros 0 pass (0.5s) totals zeros=190 pass=5 eta 1.2 min
2026-10-07T10:58:15+00:00 [192/254] k4|LGanymede>Ganymede/1l|LGanymede>Callisto/2l|HCallisto/3,1,p|LCallisto>Ganymede/2h: 0 zeros 0 pass (0.6s) totals zeros=190 pass=5 eta 1.2 min
2026-10-07T10:58:18+00:00 [193/254] k4|LGanymede>Ganymede/1l|LGanymede>Callisto/2l|LCallisto>Callisto/2l|LCallisto>Ganymede/0s: 0 zeros 0 pass (2.7s) totals zeros=190 pass=5 eta 1.1 min
2026-10-07T10:58:18+00:00 [194/254] k4|LGanymede>Ganymede/1l|LGanymede>Callisto/2h|RCallisto/1:1|LCallisto>Ganymede/1l: 0 zeros 0 pass (0.8s) totals zeros=190 pass=5 eta 1.1 min
2026-10-07T10:58:22+00:00 [195/254] k4|LGanymede>Ganymede/1l|LGanymede>Callisto/2h|HCallisto/1,0,p|LCallisto>Ganymede/1l: 0 zeros 0 pass (3.5s) totals zeros=190 pass=5 eta 1.1 min
2026-10-07T10:58:23+00:00 [196/254] k4|LGanymede>Ganymede/1l|LGanymede>Callisto/2h|HCallisto/3,1,a|LCallisto>Ganymede/1h: 0 zeros 0 pass (0.6s) totals zeros=190 pass=5 eta 1.1 min
2026-10-07T10:58:25+00:00 [197/254] k4|LGanymede>Ganymede/1l|LGanymede>Callisto/2h|LCallisto>Callisto/2l|LCallisto>Ganymede/2l: 0 zeros 0 pass (2.5s) totals zeros=190 pass=5 eta 1.1 min
2026-10-07T10:58:29+00:00 [198/254] k4|LGanymede>Ganymede/1h|LGanymede>Callisto/0s|RCallisto/1:1|LCallisto>Ganymede/2h: 1 zeros 0 pass (4.1s) totals zeros=191 pass=5 eta 1.1 min
2026-10-07T10:58:32+00:00 [199/254] k4|LGanymede>Ganymede/1h|LGanymede>Callisto/0s|HCallisto/1,0,p|LCallisto>Ganymede/0s: 18 zeros 0 pass (3.3s) totals zeros=209 pass=5 eta 1.1 min
2026-10-07T10:58:35+00:00 [200/254] k4|LGanymede>Ganymede/1h|LGanymede>Callisto/0s|HCallisto/3,1,a|LCallisto>Ganymede/1l: 2 zeros 0 pass (2.2s) totals zeros=211 pass=5 eta 1.1 min
2026-10-07T10:58:37+00:00 [201/254] k4|LGanymede>Ganymede/1h|LGanymede>Callisto/0s|LCallisto>Callisto/2l|LCallisto>Ganymede/1h: 0 zeros 0 pass (2.0s) totals zeros=211 pass=5 eta 1.0 min
2026-10-07T10:58:37+00:00 [202/254] k4|LGanymede>Ganymede/1h|LGanymede>Callisto/1l|RCallisto/1:1|LCallisto>Ganymede/2l: 1 zeros 0 pass (0.6s) totals zeros=212 pass=5 eta 1.0 min
2026-10-07T10:58:38+00:00 [203/254] k4|LGanymede>Ganymede/1h|LGanymede>Callisto/1l|RCallisto/2:3|LCallisto>Ganymede/2h: 0 zeros 0 pass (0.3s) totals zeros=212 pass=5 eta 1.0 min
2026-10-07T10:58:40+00:00 [204/254] k4|LGanymede>Ganymede/1h|LGanymede>Callisto/1l|HCallisto/3,1,a|LCallisto>Ganymede/0s: 2 zeros 0 pass (2.5s) totals zeros=214 pass=5 eta 1.0 min
2026-10-07T10:58:42+00:00 [205/254] k4|LGanymede>Ganymede/1h|LGanymede>Callisto/1l|LCallisto>Callisto/2l|LCallisto>Ganymede/1l: 0 zeros 0 pass (1.9s) totals zeros=214 pass=5 eta 1.0 min
2026-10-07T10:58:43+00:00 [206/254] k4|LGanymede>Ganymede/1h|LGanymede>Callisto/1h|RCallisto/1:1|LCallisto>Ganymede/1h: 0 zeros 0 pass (1.5s) totals zeros=214 pass=5 eta 0.9 min
2026-10-07T10:58:44+00:00 [207/254] k4|LGanymede>Ganymede/1h|LGanymede>Callisto/1h|RCallisto/2:3|LCallisto>Ganymede/2l: 0 zeros 0 pass (0.4s) totals zeros=214 pass=5 eta 0.9 min
2026-10-07T10:58:44+00:00 [208/254] k4|LGanymede>Ganymede/1h|LGanymede>Callisto/1h|HCallisto/3,1,p|LCallisto>Ganymede/2h: 0 zeros 0 pass (0.4s) totals zeros=214 pass=5 eta 0.9 min
2026-10-07T10:58:46+00:00 [209/254] k4|LGanymede>Ganymede/1h|LGanymede>Callisto/1h|LCallisto>Callisto/2l|LCallisto>Ganymede/0s: 0 zeros 0 pass (2.1s) totals zeros=214 pass=5 eta 0.9 min
2026-10-07T10:58:47+00:00 [210/254] k4|LGanymede>Ganymede/1h|LGanymede>Callisto/2l|RCallisto/1:1|LCallisto>Ganymede/1l: 1 zeros 0 pass (0.6s) totals zeros=215 pass=5 eta 0.9 min
2026-10-07T10:58:48+00:00 [211/254] k4|LGanymede>Ganymede/1h|LGanymede>Callisto/2l|HCallisto/1,0,p|LCallisto>Ganymede/1l: 1 zeros 0 pass (1.6s) totals zeros=216 pass=5 eta 0.8 min
2026-10-07T10:58:49+00:00 [212/254] k4|LGanymede>Ganymede/1h|LGanymede>Callisto/2l|HCallisto/3,1,a|LCallisto>Ganymede/1h: 0 zeros 0 pass (0.6s) totals zeros=216 pass=5 eta 0.8 min
2026-10-07T10:58:51+00:00 [213/254] k4|LGanymede>Ganymede/1h|LGanymede>Callisto/2l|LCallisto>Callisto/2l|LCallisto>Ganymede/2l: 0 zeros 0 pass (2.1s) totals zeros=216 pass=5 eta 0.8 min
2026-10-07T10:58:52+00:00 [214/254] k4|LGanymede>Ganymede/1h|LGanymede>Callisto/2h|RCallisto/1:1|LCallisto>Ganymede/2h: 0 zeros 0 pass (0.5s) totals zeros=216 pass=5 eta 0.8 min
2026-10-07T10:58:52+00:00 [215/254] k4|LGanymede>Ganymede/1h|LGanymede>Callisto/2h|HCallisto/1,0,p|LCallisto>Ganymede/2h: 0 zeros 0 pass (0.8s) totals zeros=216 pass=5 eta 0.8 min
2026-10-07T10:58:57+00:00 [216/254] k4|LGanymede>Ganymede/1h|LGanymede>Callisto/2h|LCallisto>Callisto/1l|LCallisto>Ganymede/0s: 3 zeros 0 pass (4.3s) totals zeros=219 pass=5 eta 0.8 min
2026-10-07T10:58:59+00:00 [217/254] k4|LGanymede>Ganymede/1h|LGanymede>Callisto/2h|LCallisto>Callisto/2h|LCallisto>Ganymede/1l: 0 zeros 0 pass (2.3s) totals zeros=219 pass=5 eta 0.7 min
2026-10-07T10:58:59+00:00 [218/254] k4|LGanymede>Ganymede/2l|LGanymede>Callisto/0s|RCallisto/2:1|LCallisto>Ganymede/1h: 0 zeros 0 pass (0.4s) totals zeros=219 pass=5 eta 0.7 min
2026-10-07T10:59:02+00:00 [219/254] k4|LGanymede>Ganymede/2l|LGanymede>Callisto/0s|HCallisto/1,0,p|LCallisto>Ganymede/2l: 3 zeros 0 pass (2.8s) totals zeros=222 pass=5 eta 0.7 min
2026-10-07T10:59:03+00:00 [220/254] k4|LGanymede>Ganymede/2l|LGanymede>Callisto/0s|HCallisto/3,1,a|LCallisto>Ganymede/2h: 0 zeros 0 pass (0.5s) totals zeros=222 pass=5 eta 0.7 min
2026-10-07T10:59:05+00:00 [221/254] k4|LGanymede>Ganymede/2l|LGanymede>Callisto/0s|LCallisto>Callisto/2h|LCallisto>Ganymede/0s: 0 zeros 0 pass (2.2s) totals zeros=222 pass=5 eta 0.7 min
2026-10-07T10:59:05+00:00 [222/254] k4|LGanymede>Ganymede/2l|LGanymede>Callisto/1l|RCallisto/2:1|LCallisto>Ganymede/1l: 0 zeros 0 pass (0.4s) totals zeros=222 pass=5 eta 0.6 min
2026-10-07T10:59:10+00:00 [223/254] k4|LGanymede>Ganymede/2l|LGanymede>Callisto/1l|HCallisto/1,0,a|LCallisto>Ganymede/1l: 1 zeros 0 pass (4.3s) totals zeros=223 pass=5 eta 0.6 min
2026-10-07T10:59:12+00:00 [224/254] k4|LGanymede>Ganymede/2l|LGanymede>Callisto/1l|LCallisto>Callisto/1l|LCallisto>Ganymede/1h: 0 zeros 0 pass (2.1s) totals zeros=223 pass=5 eta 0.6 min
2026-10-07T10:59:14+00:00 [225/254] k4|LGanymede>Ganymede/2l|LGanymede>Callisto/1l|LCallisto>Callisto/2h|LCallisto>Ganymede/2l: 0 zeros 0 pass (2.1s) totals zeros=223 pass=5 eta 0.6 min
2026-10-07T10:59:15+00:00 [226/254] k4|LGanymede>Ganymede/2l|LGanymede>Callisto/1h|RCallisto/1:2|LCallisto>Ganymede/1l: 0 zeros 0 pass (0.7s) totals zeros=223 pass=5 eta 0.6 min
2026-10-07T10:59:15+00:00 [227/254] k4|LGanymede>Ganymede/2l|LGanymede>Callisto/1h|HCallisto/1,0,a|LCallisto>Ganymede/2h: 0 zeros 0 pass (0.7s) totals zeros=223 pass=5 eta 0.5 min
2026-10-07T10:59:20+00:00 [228/254] k4|LGanymede>Ganymede/2l|LGanymede>Callisto/1h|LCallisto>Callisto/1h|LCallisto>Ganymede/0s: 0 zeros 0 pass (4.5s) totals zeros=223 pass=5 eta 0.5 min
2026-10-07T10:59:22+00:00 [229/254] k4|LGanymede>Ganymede/2l|LGanymede>Callisto/2l|LCallisto>Ganymede/1l: 0 zeros 0 pass (2.0s) totals zeros=223 pass=5 eta 0.5 min
2026-10-07T10:59:25+00:00 [230/254] k4|LGanymede>Ganymede/2l|LGanymede>Callisto/2l|HCallisto/1,0,p|LCallisto>Ganymede/0s: 3 zeros 0 pass (3.0s) totals zeros=226 pass=5 eta 0.5 min
2026-10-07T10:59:25+00:00 [231/254] k4|LGanymede>Ganymede/2l|LGanymede>Callisto/2l|HCallisto/3,1,a|LCallisto>Ganymede/1l: 0 zeros 0 pass (0.5s) totals zeros=226 pass=5 eta 0.5 min
2026-10-07T10:59:27+00:00 [232/254] k4|LGanymede>Ganymede/2l|LGanymede>Callisto/2l|LCallisto>Callisto/2l|LCallisto>Ganymede/1h: 0 zeros 0 pass (1.9s) totals zeros=226 pass=5 eta 0.5 min
2026-10-07T10:59:28+00:00 [233/254] k4|LGanymede>Ganymede/2l|LGanymede>Callisto/2h|RCallisto/1:1|LCallisto>Ganymede/2l: 0 zeros 0 pass (0.5s) totals zeros=226 pass=5 eta 0.4 min
2026-10-07T10:59:29+00:00 [234/254] k4|LGanymede>Ganymede/2l|LGanymede>Callisto/2h|HCallisto/1,0,a|LCallisto>Ganymede/1h: 0 zeros 0 pass (0.8s) totals zeros=226 pass=5 eta 0.4 min
2026-10-07T10:59:30+00:00 [235/254] k4|LGanymede>Ganymede/2l|LGanymede>Callisto/2h|LCallisto>Callisto/1l|LCallisto>Ganymede/2l: 0 zeros 0 pass (1.8s) totals zeros=226 pass=5 eta 0.4 min
2026-10-07T10:59:32+00:00 [236/254] k4|LGanymede>Ganymede/2l|LGanymede>Callisto/2h|LCallisto>Callisto/2h|LCallisto>Ganymede/2h: 0 zeros 0 pass (1.8s) totals zeros=226 pass=5 eta 0.4 min
2026-10-07T10:59:35+00:00 [237/254] k4|LGanymede>Ganymede/2h|LGanymede>Callisto/0s|RCallisto/1:2|LCallisto>Ganymede/0s: 11 zeros 1 pass (3.1s) totals zeros=237 pass=6 eta 0.4 min
2026-10-07T10:59:38+00:00 [238/254] k4|LGanymede>Ganymede/2h|LGanymede>Callisto/0s|HCallisto/1,0,a|LCallisto>Ganymede/1l: 6 zeros 0 pass (2.8s) totals zeros=243 pass=6 eta 0.3 min
2026-10-07T10:59:41+00:00 [239/254] k4|LGanymede>Ganymede/2h|LGanymede>Callisto/0s|LCallisto>Callisto/1l|LCallisto>Ganymede/1h: 2 zeros 0 pass (3.1s) totals zeros=245 pass=6 eta 0.3 min
2026-10-07T10:59:43+00:00 [240/254] k4|LGanymede>Ganymede/2h|LGanymede>Callisto/0s|LCallisto>Callisto/2h|LCallisto>Ganymede/2l: 0 zeros 0 pass (1.7s) totals zeros=245 pass=6 eta 0.3 min
2026-10-07T10:59:43+00:00 [241/254] k4|LGanymede>Ganymede/2h|LGanymede>Callisto/1l|RCallisto/1:2|LCallisto>Ganymede/1l: 0 zeros 0 pass (0.5s) totals zeros=245 pass=6 eta 0.3 min
2026-10-07T10:59:44+00:00 [242/254] k4|LGanymede>Ganymede/2h|LGanymede>Callisto/1l|HCallisto/1,0,a|LCallisto>Ganymede/2h: 0 zeros 0 pass (0.7s) totals zeros=245 pass=6 eta 0.3 min
2026-10-07T10:59:48+00:00 [243/254] k4|LGanymede>Ganymede/2h|LGanymede>Callisto/1l|LCallisto>Callisto/1h|LCallisto>Ganymede/0s: 3 zeros 0 pass (3.6s) totals zeros=248 pass=6 eta 0.2 min
2026-10-07T10:59:51+00:00 [244/254] k4|LGanymede>Ganymede/2h|LGanymede>Callisto/1h|LCallisto>Ganymede/1l: 5 zeros 1 pass (2.9s) totals zeros=253 pass=7 eta 0.2 min
2026-10-07T10:59:51+00:00 [245/254] k4|LGanymede>Ganymede/2h|LGanymede>Callisto/1h|RCallisto/1:2|LCallisto>Ganymede/2h: 0 zeros 0 pass (0.5s) totals zeros=253 pass=7 eta 0.2 min
2026-10-07T10:59:51+00:00 [246/254] k4|LGanymede>Ganymede/2h|LGanymede>Callisto/1h|HCallisto/3,1,p|LCallisto>Ganymede/1h: 0 zeros 0 pass (0.4s) totals zeros=253 pass=7 eta 0.2 min
2026-10-07T10:59:53+00:00 [247/254] k4|LGanymede>Ganymede/2h|LGanymede>Callisto/1h|LCallisto>Callisto/1h|LCallisto>Ganymede/2l: 0 zeros 0 pass (1.5s) totals zeros=253 pass=7 eta 0.1 min
2026-10-07T10:59:54+00:00 [248/254] k4|LGanymede>Ganymede/2h|LGanymede>Callisto/2l|LCallisto>Ganymede/2h: 1 zeros 0 pass (0.6s) totals zeros=254 pass=7 eta 0.1 min
2026-10-07T10:59:54+00:00 [249/254] k4|LGanymede>Ganymede/2h|LGanymede>Callisto/2l|HCallisto/1,0,p|LCallisto>Ganymede/2l: 0 zeros 0 pass (0.6s) totals zeros=254 pass=7 eta 0.1 min
2026-10-07T10:59:55+00:00 [250/254] k4|LGanymede>Ganymede/2h|LGanymede>Callisto/2l|HCallisto/3,1,a|LCallisto>Ganymede/2h: 0 zeros 0 pass (0.4s) totals zeros=254 pass=7 eta 0.1 min
2026-10-07T10:59:56+00:00 [251/254] k4|LGanymede>Ganymede/2h|LGanymede>Callisto/2l|LCallisto>Callisto/2h|LCallisto>Ganymede/0s: 0 zeros 0 pass (1.5s) totals zeros=254 pass=7 eta 0.1 min
2026-10-07T10:59:57+00:00 [252/254] k4|LGanymede>Ganymede/2h|LGanymede>Callisto/2h|RCallisto/1:2|LCallisto>Ganymede/0s: 1 zeros 0 pass (0.6s) totals zeros=255 pass=7 eta 0.0 min
2026-10-07T10:59:57+00:00 [253/254] k4|LGanymede>Ganymede/2h|LGanymede>Callisto/2h|HCallisto/3,1,p|LCallisto>Ganymede/0s: 0 zeros 0 pass (0.4s) totals zeros=255 pass=7 eta 0.0 min
2026-10-07T10:59:59+00:00 [254/254] k4|LGanymede>Ganymede/2h|LGanymede>Callisto/2h|LCallisto>Callisto/1h|LCallisto>Ganymede/1l: 0 zeros 0 pass (1.6s) totals zeros=255 pass=7 eta 0.0 min
2026-10-07T10:59:59+00:00 DONE structures=254 zeros=255 pass=7 structure_errors=0 zero_assessment_errors=0
