2026-10-07T11:00:16+00:00 cell gc k=4: 4068 structures (T = 50.09 d)
2026-10-07T11:00:16+00:00 total to run: 254 (shard 7/16)
2026-10-07T11:00:17+00:00 [1/254] k4|LGanymede>Callisto/0s|RCallisto/1:1|LCallisto>Ganymede/1h: 5 zeros 1 pass (0.7s) totals zeros=5 pass=1 eta 2.9 min
2026-10-07T11:00:17+00:00 [2/254] k4|LGanymede>Callisto/0s|RCallisto/2:3|LCallisto>Ganymede/2l: 1 zeros 0 pass (0.2s) totals zeros=6 pass=1 eta 1.9 min
2026-10-07T11:00:18+00:00 [3/254] k4|LGanymede>Callisto/0s|HCallisto/3,1,p|LCallisto>Ganymede/2h: 0 zeros 0 pass (0.5s) totals zeros=6 pass=1 eta 2.0 min
2026-10-07T11:00:20+00:00 [4/254] k4|LGanymede>Callisto/0s|LCallisto>Callisto/2l|LCallisto>Ganymede/0s: 4 zeros 2 pass (2.0s) totals zeros=10 pass=3 eta 3.6 min
2026-10-07T11:00:20+00:00 [5/254] k4|LGanymede>Callisto/1l|RCallisto/1:1|LCallisto>Ganymede/1l: 1 zeros 0 pass (0.4s) totals zeros=11 pass=3 eta 3.2 min
2026-10-07T11:00:20+00:00 [6/254] k4|LGanymede>Callisto/1l|RCallisto/2:3|LCallisto>Ganymede/1h: 0 zeros 0 pass (0.0s) totals zeros=11 pass=3 eta 2.7 min
2026-10-07T11:00:20+00:00 [7/254] k4|LGanymede>Callisto/1l|HCallisto/3,1,p|LCallisto>Ganymede/2l: 0 zeros 0 pass (0.1s) totals zeros=11 pass=3 eta 2.3 min
2026-10-07T11:00:21+00:00 [8/254] k4|LGanymede>Callisto/1l|LCallisto>Callisto/1h|LCallisto>Ganymede/2h: 0 zeros 0 pass (0.7s) totals zeros=11 pass=3 eta 2.4 min
2026-10-07T11:00:21+00:00 [9/254] k4|LGanymede>Callisto/1h|RCallisto/1:1|LCallisto>Ganymede/0s: 5 zeros 1 pass (0.5s) totals zeros=16 pass=4 eta 2.3 min
2026-10-07T11:00:21+00:00 [10/254] k4|LGanymede>Callisto/1h|RCallisto/2:3|LCallisto>Ganymede/1l: 0 zeros 0 pass (0.0s) totals zeros=16 pass=4 eta 2.1 min
2026-10-07T11:00:22+00:00 [11/254] k4|LGanymede>Callisto/1h|HCallisto/3,1,p|LCallisto>Ganymede/1h: 0 zeros 0 pass (0.0s) totals zeros=16 pass=4 eta 1.9 min
2026-10-07T11:00:22+00:00 [12/254] k4|LGanymede>Callisto/1h|LCallisto>Callisto/1h|LCallisto>Ganymede/2l: 0 zeros 0 pass (0.7s) totals zeros=16 pass=4 eta 2.0 min
2026-10-07T11:00:23+00:00 [13/254] k4|LGanymede>Callisto/2l|LCallisto>Ganymede/2h: 2 zeros 1 pass (0.9s) totals zeros=18 pass=5 eta 2.1 min
2026-10-07T11:00:23+00:00 [14/254] k4|LGanymede>Callisto/2l|RCallisto/2:3|LCallisto>Ganymede/0s: 1 zeros 0 pass (0.2s) totals zeros=19 pass=5 eta 2.0 min
2026-10-07T11:00:23+00:00 [15/254] k4|LGanymede>Callisto/2l|HCallisto/3,1,p|LCallisto>Ganymede/1l: 0 zeros 0 pass (0.0s) totals zeros=19 pass=5 eta 1.9 min
2026-10-07T11:00:24+00:00 [16/254] k4|LGanymede>Callisto/2l|LCallisto>Callisto/1h|LCallisto>Ganymede/1h: 0 zeros 0 pass (0.7s) totals zeros=19 pass=5 eta 1.9 min
2026-10-07T11:00:25+00:00 [17/254] k4|LGanymede>Callisto/2h|LCallisto>Ganymede/2l: 2 zeros 1 pass (0.9s) totals zeros=21 pass=6 eta 2.0 min
2026-10-07T11:00:25+00:00 [18/254] k4|LGanymede>Callisto/2h|RCallisto/1:2|LCallisto>Ganymede/2h: 2 zeros 0 pass (0.1s) totals zeros=23 pass=6 eta 1.9 min
2026-10-07T11:00:26+00:00 [19/254] k4|LGanymede>Callisto/2h|HCallisto/3,1,p|LCallisto>Ganymede/0s: 0 zeros 0 pass (0.5s) totals zeros=23 pass=6 eta 1.9 min
2026-10-07T11:00:26+00:00 [20/254] k4|LGanymede>Callisto/2h|LCallisto>Callisto/1h|LCallisto>Ganymede/1l: 0 zeros 0 pass (0.8s) totals zeros=23 pass=6 eta 2.0 min
2026-10-07T11:00:27+00:00 [21/254] k4|RGanymede/1:1|LGanymede>Callisto/0s|LCallisto>Ganymede/1h: 5 zeros 0 pass (0.5s) totals zeros=28 pass=6 eta 1.9 min
2026-10-07T11:00:27+00:00 [22/254] k4|RGanymede/1:1|LGanymede>Callisto/0s|RCallisto/1:2|LCallisto>Ganymede/2l: 1 zeros 0 pass (0.5s) totals zeros=29 pass=6 eta 1.9 min
2026-10-07T11:00:28+00:00 [23/254] k4|RGanymede/1:1|LGanymede>Callisto/0s|HCallisto/1,0,a|LCallisto>Ganymede/2h: 4 zeros 0 pass (0.6s) totals zeros=33 pass=6 eta 1.9 min
2026-10-07T11:00:31+00:00 [24/254] k4|RGanymede/1:1|LGanymede>Callisto/0s|LCallisto>Callisto/1h|LCallisto>Ganymede/0s: 7 zeros 0 pass (2.9s) totals zeros=40 pass=6 eta 2.3 min
2026-10-07T11:00:31+00:00 [25/254] k4|RGanymede/1:1|LGanymede>Callisto/1l|LCallisto>Ganymede/1l: 2 zeros 0 pass (0.3s) totals zeros=42 pass=6 eta 2.3 min
2026-10-07T11:00:31+00:00 [26/254] k4|RGanymede/1:1|LGanymede>Callisto/1l|RCallisto/1:2|LCallisto>Ganymede/2h: 0 zeros 0 pass (0.2s) totals zeros=42 pass=6 eta 2.2 min
2026-10-07T11:00:31+00:00 [27/254] k4|RGanymede/1:1|LGanymede>Callisto/1l|HCallisto/3,1,p|LCallisto>Ganymede/1h: 0 zeros 0 pass (0.0s) totals zeros=42 pass=6 eta 2.1 min
2026-10-07T11:00:32+00:00 [28/254] k4|RGanymede/1:1|LGanymede>Callisto/1l|LCallisto>Callisto/1h|LCallisto>Ganymede/2l: 0 zeros 0 pass (0.3s) totals zeros=42 pass=6 eta 2.1 min
2026-10-07T11:00:32+00:00 [29/254] k4|RGanymede/1:1|LGanymede>Callisto/1h|LCallisto>Ganymede/2h: 3 zeros 1 pass (0.6s) totals zeros=45 pass=7 eta 2.1 min
2026-10-07T11:00:32+00:00 [30/254] k4|RGanymede/1:1|LGanymede>Callisto/1h|RCallisto/2:3|LCallisto>Ganymede/1h: 0 zeros 0 pass (0.0s) totals zeros=45 pass=7 eta 2.0 min
2026-10-07T11:00:33+00:00 [31/254] k4|RGanymede/1:1|LGanymede>Callisto/1h|HCallisto/3,1,a|LCallisto>Ganymede/0s: 3 zeros 0 pass (0.3s) totals zeros=48 pass=7 eta 2.0 min
2026-10-07T11:00:33+00:00 [32/254] k4|RGanymede/1:1|LGanymede>Callisto/1h|LCallisto>Callisto/2l|LCallisto>Ganymede/1l: 0 zeros 0 pass (0.3s) totals zeros=48 pass=7 eta 1.9 min
2026-10-07T11:00:33+00:00 [33/254] k4|RGanymede/1:1|LGanymede>Callisto/2l|RCallisto/1:1|LCallisto>Ganymede/1h: 0 zeros 0 pass (0.3s) totals zeros=48 pass=7 eta 1.9 min
2026-10-07T11:00:33+00:00 [34/254] k4|RGanymede/1:1|LGanymede>Callisto/2l|HCallisto/1,0,a|LCallisto>Ganymede/1l: 0 zeros 0 pass (0.2s) totals zeros=48 pass=7 eta 1.8 min
2026-10-07T11:00:34+00:00 [35/254] k4|RGanymede/1:1|LGanymede>Callisto/2l|LCallisto>Callisto/1l|LCallisto>Ganymede/1h: 1 zeros 0 pass (0.3s) totals zeros=49 pass=7 eta 1.8 min
2026-10-07T11:00:34+00:00 [36/254] k4|RGanymede/1:1|LGanymede>Callisto/2l|LCallisto>Callisto/2h|LCallisto>Ganymede/2l: 0 zeros 0 pass (0.3s) totals zeros=49 pass=7 eta 1.8 min
2026-10-07T11:00:34+00:00 [37/254] k4|RGanymede/1:1|LGanymede>Callisto/2h|RCallisto/1:2|LCallisto>Ganymede/2l: 0 zeros 0 pass (0.0s) totals zeros=49 pass=7 eta 1.7 min
2026-10-07T11:00:34+00:00 [38/254] k4|RGanymede/1:1|LGanymede>Callisto/2h|HCallisto/3,1,p|LCallisto>Ganymede/2l: 0 zeros 0 pass (0.0s) totals zeros=49 pass=7 eta 1.7 min
2026-10-07T11:00:34+00:00 [39/254] k4|RGanymede/1:1|LGanymede>Callisto/2h|LCallisto>Callisto/1h|LCallisto>Ganymede/2h: 0 zeros 0 pass (0.3s) totals zeros=49 pass=7 eta 1.7 min
2026-10-07T11:00:35+00:00 [40/254] k4|RGanymede/2:1|LGanymede>Callisto/0s|RCallisto/1:1|LCallisto>Ganymede/0s: 6 zeros 2 pass (0.6s) totals zeros=55 pass=9 eta 1.7 min
2026-10-07T11:00:36+00:00 [41/254] k4|RGanymede/2:1|LGanymede>Callisto/0s|HCallisto/1,0,p|LCallisto>Ganymede/2h: 2 zeros 0 pass (0.8s) totals zeros=57 pass=9 eta 1.7 min
2026-10-07T11:00:37+00:00 [42/254] k4|RGanymede/2:1|LGanymede>Callisto/0s|LCallisto>Callisto/1l|LCallisto>Ganymede/0s: 7 zeros 2 pass (1.0s) totals zeros=64 pass=11 eta 1.7 min
2026-10-07T11:00:37+00:00 [43/254] k4|RGanymede/2:1|LGanymede>Callisto/0s|LCallisto>Callisto/2h|LCallisto>Ganymede/1l: 0 zeros 0 pass (0.3s) totals zeros=64 pass=11 eta 1.7 min
2026-10-07T11:00:37+00:00 [44/254] k4|RGanymede/2:1|LGanymede>Callisto/1l|RCallisto/1:2|LCallisto>Ganymede/1h: 0 zeros 0 pass (0.1s) totals zeros=64 pass=11 eta 1.6 min
2026-10-07T11:00:37+00:00 [45/254] k4|RGanymede/2:1|LGanymede>Callisto/1l|HCallisto/3,1,a|LCallisto>Ganymede/0s: 0 zeros 0 pass (0.1s) totals zeros=64 pass=11 eta 1.6 min
2026-10-07T11:00:37+00:00 [46/254] k4|RGanymede/2:1|LGanymede>Callisto/1l|LCallisto>Callisto/2l|LCallisto>Ganymede/2l: 0 zeros 0 pass (0.2s) totals zeros=64 pass=11 eta 1.6 min
2026-10-07T11:00:37+00:00 [47/254] k4|RGanymede/2:1|LGanymede>Callisto/1h|RCallisto/1:1|LCallisto>Ganymede/2h: 0 zeros 0 pass (0.0s) totals zeros=64 pass=11 eta 1.5 min
2026-10-07T11:00:37+00:00 [48/254] k4|RGanymede/2:1|LGanymede>Callisto/1h|HCallisto/3,1,p|LCallisto>Ganymede/0s: 0 zeros 0 pass (0.1s) totals zeros=64 pass=11 eta 1.5 min
2026-10-07T11:00:38+00:00 [49/254] k4|RGanymede/2:1|LGanymede>Callisto/1h|LCallisto>Callisto/2l|LCallisto>Ganymede/0s: 0 zeros 0 pass (0.2s) totals zeros=64 pass=11 eta 1.5 min
2026-10-07T11:00:38+00:00 [50/254] k4|RGanymede/2:1|LGanymede>Callisto/2l|RCallisto/1:1|LCallisto>Ganymede/1l: 0 zeros 0 pass (0.0s) totals zeros=64 pass=11 eta 1.4 min
2026-10-07T11:00:38+00:00 [51/254] k4|RGanymede/2:1|LGanymede>Callisto/2l|HCallisto/1,0,a|LCallisto>Ganymede/1h: 0 zeros 0 pass (0.0s) totals zeros=64 pass=11 eta 1.4 min
2026-10-07T11:00:38+00:00 [52/254] k4|RGanymede/2:1|LGanymede>Callisto/2l|LCallisto>Callisto/2l|LCallisto>Ganymede/1l: 0 zeros 0 pass (0.3s) totals zeros=64 pass=11 eta 1.4 min
2026-10-07T11:00:38+00:00 [53/254] k4|RGanymede/2:1|LGanymede>Callisto/2h|RCallisto/1:1|LCallisto>Ganymede/1h: 0 zeros 0 pass (0.0s) totals zeros=64 pass=11 eta 1.4 min
2026-10-07T11:00:38+00:00 [54/254] k4|RGanymede/2:1|LGanymede>Callisto/2h|HCallisto/1,0,a|LCallisto>Ganymede/2l: 0 zeros 0 pass (0.0s) totals zeros=64 pass=11 eta 1.3 min
2026-10-07T11:00:38+00:00 [55/254] k4|RGanymede/2:1|LGanymede>Callisto/2h|LCallisto>Callisto/2l|LCallisto>Ganymede/1h: 0 zeros 0 pass (0.2s) totals zeros=64 pass=11 eta 1.3 min
2026-10-07T11:00:39+00:00 [56/254] k4|RGanymede/1:2|LGanymede>Callisto/0s|RCallisto/1:1|LCallisto>Ganymede/2l: 1 zeros 0 pass (0.5s) totals zeros=65 pass=11 eta 1.3 min
2026-10-07T11:00:39+00:00 [57/254] k4|RGanymede/1:2|LGanymede>Callisto/0s|RCallisto/2:3|LCallisto>Ganymede/2h: 0 zeros 0 pass (0.0s) totals zeros=65 pass=11 eta 1.3 min
2026-10-07T11:00:39+00:00 [58/254] k4|RGanymede/1:2|LGanymede>Callisto/0s|HCallisto/3,1,a|LCallisto>Ganymede/0s: 6 zeros 0 pass (0.3s) totals zeros=71 pass=11 eta 1.3 min
2026-10-07T11:00:39+00:00 [59/254] k4|RGanymede/1:2|LGanymede>Callisto/0s|LCallisto>Callisto/2l|LCallisto>Ganymede/1l: 0 zeros 0 pass (0.3s) totals zeros=71 pass=11 eta 1.3 min
2026-10-07T11:00:40+00:00 [60/254] k4|RGanymede/1:2|LGanymede>Callisto/1l|RCallisto/1:1|LCallisto>Ganymede/1h: 1 zeros 0 pass (0.5s) totals zeros=72 pass=11 eta 1.3 min
2026-10-07T11:00:41+00:00 [61/254] k4|RGanymede/1:2|LGanymede>Callisto/1l|HCallisto/1,0,p|LCallisto>Ganymede/1h: 1 zeros 0 pass (0.7s) totals zeros=73 pass=11 eta 1.3 min
2026-10-07T11:00:41+00:00 [62/254] k4|RGanymede/1:2|LGanymede>Callisto/1l|HCallisto/3,1,a|LCallisto>Ganymede/2l: 0 zeros 0 pass (0.0s) totals zeros=73 pass=11 eta 1.3 min
2026-10-07T11:00:41+00:00 [63/254] k4|RGanymede/1:2|LGanymede>Callisto/1l|LCallisto>Callisto/2l|LCallisto>Ganymede/2h: 0 zeros 0 pass (0.3s) totals zeros=73 pass=11 eta 1.2 min
2026-10-07T11:00:41+00:00 [64/254] k4|RGanymede/1:2|LGanymede>Callisto/1h|RCallisto/2:1|LCallisto>Ganymede/0s: 0 zeros 0 pass (0.0s) totals zeros=73 pass=11 eta 1.2 min
2026-10-07T11:00:41+00:00 [65/254] k4|RGanymede/1:2|LGanymede>Callisto/1h|HCallisto/1,0,a|LCallisto>Ganymede/0s: 4 zeros 0 pass (0.3s) totals zeros=77 pass=11 eta 1.2 min
2026-10-07T11:00:42+00:00 [66/254] k4|RGanymede/1:2|LGanymede>Callisto/1h|LCallisto>Callisto/1l|LCallisto>Ganymede/1l: 1 zeros 0 pass (0.4s) totals zeros=78 pass=11 eta 1.2 min
2026-10-07T11:00:42+00:00 [67/254] k4|RGanymede/1:2|LGanymede>Callisto/1h|LCallisto>Callisto/2h|LCallisto>Ganymede/1h: 0 zeros 0 pass (0.3s) totals zeros=78 pass=11 eta 1.2 min
2026-10-07T11:00:42+00:00 [68/254] k4|RGanymede/1:2|LGanymede>Callisto/2l|RCallisto/1:2|LCallisto>Ganymede/1h: 0 zeros 0 pass (0.3s) totals zeros=78 pass=11 eta 1.2 min
2026-10-07T11:00:42+00:00 [69/254] k4|RGanymede/1:2|LGanymede>Callisto/2l|HCallisto/3,1,p|LCallisto>Ganymede/1h: 0 zeros 0 pass (0.0s) totals zeros=78 pass=11 eta 1.2 min
2026-10-07T11:00:42+00:00 [70/254] k4|RGanymede/1:2|LGanymede>Callisto/2l|LCallisto>Callisto/1h|LCallisto>Ganymede/2l: 0 zeros 0 pass (0.3s) totals zeros=78 pass=11 eta 1.1 min
2026-10-07T11:00:43+00:00 [71/254] k4|RGanymede/1:2|LGanymede>Callisto/2h|LCallisto>Ganymede/2h: 3 zeros 0 pass (0.3s) totals zeros=81 pass=11 eta 1.1 min
2026-10-07T11:00:43+00:00 [72/254] k4|RGanymede/1:2|LGanymede>Callisto/2h|HCallisto/1,0,p|LCallisto>Ganymede/2l: 0 zeros 0 pass (0.1s) totals zeros=81 pass=11 eta 1.1 min
2026-10-07T11:00:43+00:00 [73/254] k4|RGanymede/1:2|LGanymede>Callisto/2h|HCallisto/3,1,a|LCallisto>Ganymede/2h: 0 zeros 0 pass (0.0s) totals zeros=81 pass=11 eta 1.1 min
2026-10-07T11:00:43+00:00 [74/254] k4|RGanymede/1:2|LGanymede>Callisto/2h|LCallisto>Callisto/2h|LCallisto>Ganymede/0s: 0 zeros 0 pass (0.3s) totals zeros=81 pass=11 eta 1.1 min
2026-10-07T11:00:43+00:00 [75/254] k4|RGanymede/3:2|LGanymede>Callisto/0s|RCallisto/1:2|LCallisto>Ganymede/1l: 0 zeros 0 pass (0.1s) totals zeros=81 pass=11 eta 1.1 min
2026-10-07T11:00:45+00:00 [76/254] k4|RGanymede/3:2|LGanymede>Callisto/0s|LCallisto>Callisto/1l|LCallisto>Ganymede/0s: 3 zeros 0 pass (1.8s) totals zeros=84 pass=11 eta 1.1 min
2026-10-07T11:00:45+00:00 [77/254] k4|RGanymede/3:2|LGanymede>Callisto/0s|LCallisto>Callisto/2h|LCallisto>Ganymede/1l: 1 zeros 0 pass (0.3s) totals zeros=85 pass=11 eta 1.1 min
2026-10-07T11:00:45+00:00 [78/254] k4|RGanymede/3:2|LGanymede>Callisto/1l|RCallisto/1:2|LCallisto>Ganymede/1h: 0 zeros 0 pass (0.0s) totals zeros=85 pass=11 eta 1.1 min
2026-10-07T11:00:46+00:00 [79/254] k4|RGanymede/3:2|LGanymede>Callisto/1l|LCallisto>Callisto/1l|LCallisto>Ganymede/2l: 0 zeros 0 pass (0.2s) totals zeros=85 pass=11 eta 1.1 min
2026-10-07T11:00:46+00:00 [80/254] k4|RGanymede/3:2|LGanymede>Callisto/1l|LCallisto>Callisto/2h|LCallisto>Ganymede/2h: 0 zeros 0 pass (0.2s) totals zeros=85 pass=11 eta 1.1 min
2026-10-07T11:00:46+00:00 [81/254] k4|RGanymede/3:2|LGanymede>Callisto/1h|HCallisto/1,0,p|LCallisto>Ganymede/0s: 3 zeros 0 pass (0.2s) totals zeros=88 pass=11 eta 1.1 min
2026-10-07T11:00:46+00:00 [82/254] k4|RGanymede/3:2|LGanymede>Callisto/1h|LCallisto>Callisto/1h|LCallisto>Ganymede/1l: 0 zeros 0 pass (0.2s) totals zeros=88 pass=11 eta 1.0 min
2026-10-07T11:00:46+00:00 [83/254] k4|RGanymede/3:2|LGanymede>Callisto/2l|LCallisto>Ganymede/1h: 1 zeros 0 pass (0.3s) totals zeros=89 pass=11 eta 1.0 min
2026-10-07T11:00:46+00:00 [84/254] k4|RGanymede/3:2|LGanymede>Callisto/2l|HCallisto/1,0,a|LCallisto>Ganymede/1h: 0 zeros 0 pass (0.0s) totals zeros=89 pass=11 eta 1.0 min
2026-10-07T11:00:47+00:00 [85/254] k4|RGanymede/3:2|LGanymede>Callisto/2l|LCallisto>Callisto/2h|LCallisto>Ganymede/0s: 0 zeros 0 pass (0.2s) totals zeros=89 pass=11 eta 1.0 min
2026-10-07T11:00:47+00:00 [86/254] k4|RGanymede/3:2|LGanymede>Callisto/2h|HCallisto/1,0,p|LCallisto>Ganymede/1h: 0 zeros 0 pass (0.0s) totals zeros=89 pass=11 eta 1.0 min
2026-10-07T11:00:47+00:00 [87/254] k4|RGanymede/3:2|LGanymede>Callisto/2h|LCallisto>Callisto/1h|LCallisto>Ganymede/2l: 0 zeros 0 pass (0.2s) totals zeros=89 pass=11 eta 1.0 min
2026-10-07T11:00:47+00:00 [88/254] k4|RGanymede/2:3|LGanymede>Callisto/0s|RCallisto/1:1|LCallisto>Ganymede/2l: 0 zeros 0 pass (0.1s) totals zeros=89 pass=11 eta 1.0 min
2026-10-07T11:00:47+00:00 [89/254] k4|RGanymede/2:3|LGanymede>Callisto/0s|HCallisto/1,0,a|LCallisto>Ganymede/1h: 4 zeros 0 pass (0.4s) totals zeros=93 pass=11 eta 1.0 min
2026-10-07T11:00:48+00:00 [90/254] k4|RGanymede/2:3|LGanymede>Callisto/0s|LCallisto>Callisto/1l|LCallisto>Ganymede/2l: 0 zeros 0 pass (0.3s) totals zeros=93 pass=11 eta 1.0 min
2026-10-07T11:00:48+00:00 [91/254] k4|RGanymede/2:3|LGanymede>Callisto/0s|LCallisto>Callisto/2h|LCallisto>Ganymede/2h: 0 zeros 0 pass (0.3s) totals zeros=93 pass=11 eta 0.9 min
2026-10-07T11:00:48+00:00 [92/254] k4|RGanymede/2:3|LGanymede>Callisto/1l|HCallisto/1,0,p|LCallisto>Ganymede/0s: 4 zeros 0 pass (0.2s) totals zeros=97 pass=11 eta 0.9 min
2026-10-07T11:00:49+00:00 [93/254] k4|RGanymede/2:3|LGanymede>Callisto/1l|LCallisto>Callisto/1l|LCallisto>Ganymede/0s: 1 zeros 0 pass (1.3s) totals zeros=98 pass=11 eta 1.0 min
2026-10-07T11:00:50+00:00 [94/254] k4|RGanymede/2:3|LGanymede>Callisto/1l|LCallisto>Callisto/2h|LCallisto>Ganymede/1l: 0 zeros 0 pass (0.2s) totals zeros=98 pass=11 eta 0.9 min
2026-10-07T11:00:50+00:00 [95/254] k4|RGanymede/2:3|LGanymede>Callisto/1h|RCallisto/1:2|LCallisto>Ganymede/1h: 2 zeros 0 pass (0.1s) totals zeros=100 pass=11 eta 0.9 min
2026-10-07T11:00:50+00:00 [96/254] k4|RGanymede/2:3|LGanymede>Callisto/1h|HCallisto/3,1,a|LCallisto>Ganymede/0s: 0 zeros 0 pass (0.1s) totals zeros=100 pass=11 eta 0.9 min
2026-10-07T11:00:50+00:00 [97/254] k4|RGanymede/2:3|LGanymede>Callisto/1h|LCallisto>Callisto/2l|LCallisto>Ganymede/2l: 0 zeros 0 pass (0.2s) totals zeros=100 pass=11 eta 0.9 min
2026-10-07T11:00:50+00:00 [98/254] k4|RGanymede/2:3|LGanymede>Callisto/2l|RCallisto/1:1|LCallisto>Ganymede/2h: 0 zeros 0 pass (0.0s) totals zeros=100 pass=11 eta 0.9 min
2026-10-07T11:00:50+00:00 [99/254] k4|RGanymede/2:3|LGanymede>Callisto/2l|HCallisto/3,1,p|LCallisto>Ganymede/0s: 0 zeros 0 pass (0.0s) totals zeros=100 pass=11 eta 0.9 min
2026-10-07T11:00:50+00:00 [100/254] k4|RGanymede/2:3|LGanymede>Callisto/2l|LCallisto>Callisto/2l|LCallisto>Ganymede/2h: 0 zeros 0 pass (0.2s) totals zeros=100 pass=11 eta 0.9 min
2026-10-07T11:00:50+00:00 [101/254] k4|RGanymede/2:3|LGanymede>Callisto/2h|RCallisto/1:2|LCallisto>Ganymede/0s: 3 zeros 0 pass (0.2s) totals zeros=103 pass=11 eta 0.9 min
2026-10-07T11:00:50+00:00 [102/254] k4|RGanymede/2:3|LGanymede>Callisto/2h|HCallisto/3,1,a|LCallisto>Ganymede/0s: 0 zeros 0 pass (0.0s) totals zeros=103 pass=11 eta 0.8 min
2026-10-07T11:00:51+00:00 [103/254] k4|RGanymede/2:3|LGanymede>Callisto/2h|LCallisto>Callisto/2h|LCallisto>Ganymede/0s: 0 zeros 0 pass (0.2s) totals zeros=103 pass=11 eta 0.8 min
2026-10-07T11:00:51+00:00 [104/254] k4|HGanymede/1,0,p|LGanymede>Callisto/0s|RCallisto/2:1|LCallisto>Ganymede/1l: 0 zeros 0 pass (0.2s) totals zeros=103 pass=11 eta 0.8 min
2026-10-07T11:00:51+00:00 [105/254] k4|HGanymede/1,0,p|LGanymede>Callisto/0s|HCallisto/1,0,p|LCallisto>Ganymede/1h: 5 zeros 0 pass (0.3s) totals zeros=108 pass=11 eta 0.8 min
2026-10-07T11:00:51+00:00 [106/254] k4|HGanymede/1,0,p|LGanymede>Callisto/0s|HCallisto/3,1,a|LCallisto>Ganymede/2l: 1 zeros 0 pass (0.3s) totals zeros=109 pass=11 eta 0.8 min
2026-10-07T11:00:52+00:00 [107/254] k4|HGanymede/1,0,p|LGanymede>Callisto/0s|LCallisto>Callisto/2l|LCallisto>Ganymede/2h: 0 zeros 0 pass (0.3s) totals zeros=109 pass=11 eta 0.8 min
2026-10-07T11:00:52+00:00 [108/254] k4|HGanymede/1,0,p|LGanymede>Callisto/1l|RCallisto/2:1|LCallisto>Ganymede/0s: 0 zeros 0 pass (0.2s) totals zeros=109 pass=11 eta 0.8 min
2026-10-07T11:00:52+00:00 [109/254] k4|HGanymede/1,0,p|LGanymede>Callisto/1l|HCallisto/1,0,p|LCallisto>Ganymede/1l: 2 zeros 0 pass (0.3s) totals zeros=111 pass=11 eta 0.8 min
2026-10-07T11:00:52+00:00 [110/254] k4|HGanymede/1,0,p|LGanymede>Callisto/1l|HCallisto/3,1,a|LCallisto>Ganymede/1h: 0 zeros 0 pass (0.3s) totals zeros=111 pass=11 eta 0.8 min
2026-10-07T11:00:53+00:00 [111/254] k4|HGanymede/1,0,p|LGanymede>Callisto/1l|LCallisto>Callisto/2l|LCallisto>Ganymede/2l: 0 zeros 0 pass (0.2s) totals zeros=111 pass=11 eta 0.8 min
2026-10-07T11:00:53+00:00 [112/254] k4|HGanymede/1,0,p|LGanymede>Callisto/1h|RCallisto/1:1|LCallisto>Ganymede/2h: 0 zeros 0 pass (0.0s) totals zeros=111 pass=11 eta 0.8 min
2026-10-07T11:00:53+00:00 [113/254] k4|HGanymede/1,0,p|LGanymede>Callisto/1h|HCallisto/1,0,p|LCallisto>Ganymede/0s: 5 zeros 0 pass (0.3s) totals zeros=116 pass=11 eta 0.8 min
2026-10-07T11:00:53+00:00 [114/254] k4|HGanymede/1,0,p|LGanymede>Callisto/1h|HCallisto/3,1,a|LCallisto>Ganymede/1l: 0 zeros 0 pass (0.4s) totals zeros=116 pass=11 eta 0.8 min
2026-10-07T11:00:54+00:00 [115/254] k4|HGanymede/1,0,p|LGanymede>Callisto/1h|LCallisto>Callisto/2l|LCallisto>Ganymede/1h: 0 zeros 0 pass (0.3s) totals zeros=116 pass=11 eta 0.8 min
2026-10-07T11:00:54+00:00 [116/254] k4|HGanymede/1,0,p|LGanymede>Callisto/2l|RCallisto/1:1|LCallisto>Ganymede/2l: 0 zeros 0 pass (0.1s) totals zeros=116 pass=11 eta 0.7 min
2026-10-07T11:00:54+00:00 [117/254] k4|HGanymede/1,0,p|LGanymede>Callisto/2l|HCallisto/1,0,p|LCallisto>Ganymede/2l: 1 zeros 0 pass (0.2s) totals zeros=117 pass=11 eta 0.7 min
2026-10-07T11:00:54+00:00 [118/254] k4|HGanymede/1,0,p|LGanymede>Callisto/2l|HCallisto/3,1,a|LCallisto>Ganymede/2h: 0 zeros 0 pass (0.0s) totals zeros=117 pass=11 eta 0.7 min
2026-10-07T11:00:54+00:00 [119/254] k4|HGanymede/1,0,p|LGanymede>Callisto/2l|LCallisto>Callisto/2h|LCallisto>Ganymede/0s: 0 zeros 0 pass (0.3s) totals zeros=117 pass=11 eta 0.7 min
2026-10-07T11:00:54+00:00 [120/254] k4|HGanymede/1,0,p|LGanymede>Callisto/2h|RCallisto/2:1|LCallisto>Ganymede/1l: 0 zeros 0 pass (0.0s) totals zeros=117 pass=11 eta 0.7 min
2026-10-07T11:00:55+00:00 [121/254] k4|HGanymede/1,0,p|LGanymede>Callisto/2h|HCallisto/1,0,a|LCallisto>Ganymede/1l: 1 zeros 0 pass (0.8s) totals zeros=118 pass=11 eta 0.7 min
2026-10-07T11:00:56+00:00 [122/254] k4|HGanymede/1,0,p|LGanymede>Callisto/2h|LCallisto>Callisto/1l|LCallisto>Ganymede/1h: 0 zeros 0 pass (0.3s) totals zeros=118 pass=11 eta 0.7 min
2026-10-07T11:00:56+00:00 [123/254] k4|HGanymede/1,0,p|LGanymede>Callisto/2h|LCallisto>Callisto/2h|LCallisto>Ganymede/2l: 0 zeros 0 pass (0.3s) totals zeros=118 pass=11 eta 0.7 min
2026-10-07T11:00:56+00:00 [124/254] k4|HGanymede/1,0,a|LGanymede>Callisto/0s|RCallisto/2:1|LCallisto>Ganymede/2h: 0 zeros 0 pass (0.0s) totals zeros=118 pass=11 eta 0.7 min
2026-10-07T11:00:56+00:00 [125/254] k4|HGanymede/1,0,a|LGanymede>Callisto/0s|HCallisto/1,0,a|LCallisto>Ganymede/0s: 4 zeros 0 pass (0.3s) totals zeros=122 pass=11 eta 0.7 min
2026-10-07T11:00:58+00:00 [126/254] k4|HGanymede/1,0,a|LGanymede>Callisto/0s|LCallisto>Callisto/1l|LCallisto>Ganymede/1l: 6 zeros 0 pass (1.8s) totals zeros=128 pass=11 eta 0.7 min
2026-10-07T11:00:58+00:00 [127/254] k4|HGanymede/1,0,a|LGanymede>Callisto/0s|LCallisto>Callisto/2h|LCallisto>Ganymede/1h: 1 zeros 0 pass (0.5s) totals zeros=129 pass=11 eta 0.7 min
2026-10-07T11:00:58+00:00 [128/254] k4|HGanymede/1,0,a|LGanymede>Callisto/1l|RCallisto/2:1|LCallisto>Ganymede/2l: 0 zeros 0 pass (0.0s) totals zeros=129 pass=11 eta 0.7 min
2026-10-07T11:00:59+00:00 [129/254] k4|HGanymede/1,0,a|LGanymede>Callisto/1l|HCallisto/1,0,p|LCallisto>Ganymede/2h: 1 zeros 0 pass (0.8s) totals zeros=130 pass=11 eta 0.7 min
2026-10-07T11:01:01+00:00 [130/254] k4|HGanymede/1,0,a|LGanymede>Callisto/1l|LCallisto>Callisto/1l|LCallisto>Ganymede/0s: 6 zeros 0 pass (1.3s) totals zeros=136 pass=11 eta 0.7 min
2026-10-07T11:01:01+00:00 [131/254] k4|HGanymede/1,0,a|LGanymede>Callisto/1l|LCallisto>Callisto/2h|LCallisto>Ganymede/1l: 0 zeros 0 pass (0.2s) totals zeros=136 pass=11 eta 0.7 min
2026-10-07T11:01:01+00:00 [132/254] k4|HGanymede/1,0,a|LGanymede>Callisto/1h|RCallisto/2:1|LCallisto>Ganymede/1h: 0 zeros 0 pass (0.0s) totals zeros=136 pass=11 eta 0.7 min
2026-10-07T11:01:02+00:00 [133/254] k4|HGanymede/1,0,a|LGanymede>Callisto/1h|HCallisto/1,0,p|LCallisto>Ganymede/2l: 1 zeros 0 pass (0.8s) totals zeros=137 pass=11 eta 0.7 min
2026-10-07T11:01:02+00:00 [134/254] k4|HGanymede/1,0,a|LGanymede>Callisto/1h|HCallisto/3,1,a|LCallisto>Ganymede/2h: 0 zeros 0 pass (0.0s) totals zeros=137 pass=11 eta 0.7 min
2026-10-07T11:01:02+00:00 [135/254] k4|HGanymede/1,0,a|LGanymede>Callisto/1h|LCallisto>Callisto/2h|LCallisto>Ganymede/0s: 1 zeros 0 pass (0.5s) totals zeros=138 pass=11 eta 0.7 min
2026-10-07T11:01:02+00:00 [136/254] k4|HGanymede/1,0,a|LGanymede>Callisto/2l|RCallisto/2:1|LCallisto>Ganymede/1l: 0 zeros 0 pass (0.0s) totals zeros=138 pass=11 eta 0.7 min
2026-10-07T11:01:02+00:00 [137/254] k4|HGanymede/1,0,a|LGanymede>Callisto/2l|HCallisto/1,0,a|LCallisto>Ganymede/1l: 1 zeros 0 pass (0.3s) totals zeros=139 pass=11 eta 0.7 min
2026-10-07T11:01:03+00:00 [138/254] k4|HGanymede/1,0,a|LGanymede>Callisto/2l|LCallisto>Callisto/1l|LCallisto>Ganymede/1h: 0 zeros 0 pass (0.3s) totals zeros=139 pass=11 eta 0.6 min
2026-10-07T11:01:03+00:00 [139/254] k4|HGanymede/1,0,a|LGanymede>Callisto/2l|LCallisto>Callisto/2h|LCallisto>Ganymede/2l: 0 zeros 0 pass (0.3s) totals zeros=139 pass=11 eta 0.6 min
2026-10-07T11:01:03+00:00 [140/254] k4|HGanymede/1,0,a|LGanymede>Callisto/2h|RCallisto/1:2|LCallisto>Ganymede/1l: 0 zeros 0 pass (0.0s) totals zeros=139 pass=11 eta 0.6 min
2026-10-07T11:01:03+00:00 [141/254] k4|HGanymede/1,0,a|LGanymede>Callisto/2h|HCallisto/1,0,a|LCallisto>Ganymede/2h: 3 zeros 0 pass (0.2s) totals zeros=142 pass=11 eta 0.6 min
2026-10-07T11:01:05+00:00 [142/254] k4|HGanymede/1,0,a|LGanymede>Callisto/2h|LCallisto>Callisto/1h|LCallisto>Ganymede/0s: 2 zeros 0 pass (1.9s) totals zeros=144 pass=11 eta 0.6 min
2026-10-07T11:01:05+00:00 [143/254] k4|HGanymede/3,1,p|LGanymede>Callisto/0s|LCallisto>Ganymede/1l: 4 zeros 0 pass (0.2s) totals zeros=148 pass=11 eta 0.6 min
2026-10-07T11:01:06+00:00 [144/254] k4|HGanymede/3,1,p|LGanymede>Callisto/0s|RCallisto/1:2|LCallisto>Ganymede/2h: 0 zeros 0 pass (0.3s) totals zeros=148 pass=11 eta 0.6 min
2026-10-07T11:01:06+00:00 [145/254] k4|HGanymede/3,1,p|LGanymede>Callisto/0s|HCallisto/3,1,p|LCallisto>Ganymede/1h: 4 zeros 0 pass (0.2s) totals zeros=152 pass=11 eta 0.6 min
2026-10-07T11:01:07+00:00 [146/254] k4|HGanymede/3,1,p|LGanymede>Callisto/0s|LCallisto>Callisto/1h|LCallisto>Ganymede/2l: 0 zeros 0 pass (1.5s) totals zeros=152 pass=11 eta 0.6 min
2026-10-07T11:01:08+00:00 [147/254] k4|HGanymede/3,1,p|LGanymede>Callisto/1l|LCallisto>Ganymede/2h: 1 zeros 0 pass (0.4s) totals zeros=153 pass=11 eta 0.6 min
2026-10-07T11:01:08+00:00 [148/254] k4|HGanymede/3,1,p|LGanymede>Callisto/1l|HCallisto/1,0,p|LCallisto>Ganymede/2l: 1 zeros 0 pass (0.2s) totals zeros=154 pass=11 eta 0.6 min
2026-10-07T11:01:08+00:00 [149/254] k4|HGanymede/3,1,p|LGanymede>Callisto/1l|HCallisto/3,1,a|LCallisto>Ganymede/2h: 0 zeros 0 pass (0.0s) totals zeros=154 pass=11 eta 0.6 min
2026-10-07T11:01:08+00:00 [150/254] k4|HGanymede/3,1,p|LGanymede>Callisto/1l|LCallisto>Callisto/2h|LCallisto>Ganymede/0s: 0 zeros 0 pass (0.2s) totals zeros=154 pass=11 eta 0.6 min
2026-10-07T11:01:08+00:00 [151/254] k4|HGanymede/3,1,p|LGanymede>Callisto/1h|RCallisto/1:2|LCallisto>Ganymede/0s: 5 zeros 0 pass (0.3s) totals zeros=159 pass=11 eta 0.6 min
2026-10-07T11:01:09+00:00 [152/254] k4|HGanymede/3,1,p|LGanymede>Callisto/1h|HCallisto/3,1,p|LCallisto>Ganymede/0s: 3 zeros 0 pass (0.2s) totals zeros=162 pass=11 eta 0.6 min
2026-10-07T11:01:09+00:00 [153/254] k4|HGanymede/3,1,p|LGanymede>Callisto/1h|LCallisto>Callisto/1h|LCallisto>Ganymede/1l: 0 zeros 0 pass (0.2s) totals zeros=162 pass=11 eta 0.6 min
2026-10-07T11:01:09+00:00 [154/254] k4|HGanymede/3,1,p|LGanymede>Callisto/2l|LCallisto>Ganymede/1h: 1 zeros 0 pass (0.3s) totals zeros=163 pass=11 eta 0.6 min
2026-10-07T11:01:09+00:00 [155/254] k4|HGanymede/3,1,p|LGanymede>Callisto/2l|HCallisto/1,0,p|LCallisto>Ganymede/2l: 1 zeros 0 pass (0.1s) totals zeros=164 pass=11 eta 0.6 min
2026-10-07T11:01:09+00:00 [156/254] k4|HGanymede/3,1,p|LGanymede>Callisto/2l|LCallisto>Callisto/1l|LCallisto>Ganymede/2l: 0 zeros 0 pass (0.2s) totals zeros=164 pass=11 eta 0.6 min
2026-10-07T11:01:10+00:00 [157/254] k4|HGanymede/3,1,p|LGanymede>Callisto/2l|LCallisto>Callisto/2h|LCallisto>Ganymede/2h: 0 zeros 0 pass (0.2s) totals zeros=164 pass=11 eta 0.5 min
2026-10-07T11:01:10+00:00 [158/254] k4|HGanymede/3,1,p|LGanymede>Callisto/2h|HCallisto/1,0,p|LCallisto>Ganymede/0s: 3 zeros 0 pass (0.7s) totals zeros=167 pass=11 eta 0.5 min
2026-10-07T11:01:11+00:00 [159/254] k4|HGanymede/3,1,p|LGanymede>Callisto/2h|LCallisto>Callisto/1l|LCallisto>Ganymede/0s: 0 zeros 0 pass (0.6s) totals zeros=167 pass=11 eta 0.5 min
2026-10-07T11:01:11+00:00 [160/254] k4|HGanymede/3,1,p|LGanymede>Callisto/2h|LCallisto>Callisto/2h|LCallisto>Ganymede/1l: 0 zeros 0 pass (0.2s) totals zeros=167 pass=11 eta 0.5 min
2026-10-07T11:01:11+00:00 [161/254] k4|HGanymede/3,1,a|LGanymede>Callisto/0s|RCallisto/2:1|LCallisto>Ganymede/1h: 0 zeros 0 pass (0.0s) totals zeros=167 pass=11 eta 0.5 min
2026-10-07T11:01:12+00:00 [162/254] k4|HGanymede/3,1,a|LGanymede>Callisto/0s|HCallisto/1,0,a|LCallisto>Ganymede/1h: 4 zeros 0 pass (0.5s) totals zeros=171 pass=11 eta 0.5 min
2026-10-07T11:01:13+00:00 [163/254] k4|HGanymede/3,1,a|LGanymede>Callisto/0s|LCallisto>Callisto/1l|LCallisto>Ganymede/2l: 0 zeros 0 pass (1.0s) totals zeros=171 pass=11 eta 0.5 min
2026-10-07T11:01:13+00:00 [164/254] k4|HGanymede/3,1,a|LGanymede>Callisto/0s|LCallisto>Callisto/2h|LCallisto>Ganymede/2h: 0 zeros 0 pass (0.3s) totals zeros=171 pass=11 eta 0.5 min
2026-10-07T11:01:13+00:00 [165/254] k4|HGanymede/3,1,a|LGanymede>Callisto/1l|RCallisto/1:2|LCallisto>Ganymede/2h: 0 zeros 0 pass (0.0s) totals zeros=171 pass=11 eta 0.5 min
2026-10-07T11:01:13+00:00 [166/254] k4|HGanymede/3,1,a|LGanymede>Callisto/1l|HCallisto/3,1,p|LCallisto>Ganymede/2h: 0 zeros 0 pass (0.0s) totals zeros=171 pass=11 eta 0.5 min
2026-10-07T11:01:13+00:00 [167/254] k4|HGanymede/3,1,a|LGanymede>Callisto/1l|LCallisto>Callisto/2l|LCallisto>Ganymede/0s: 0 zeros 0 pass (0.2s) totals zeros=171 pass=11 eta 0.5 min
2026-10-07T11:01:13+00:00 [168/254] k4|HGanymede/3,1,a|LGanymede>Callisto/1h|RCallisto/1:1|LCallisto>Ganymede/1l: 0 zeros 0 pass (0.0s) totals zeros=171 pass=11 eta 0.5 min
2026-10-07T11:01:14+00:00 [169/254] k4|HGanymede/3,1,a|LGanymede>Callisto/1h|HCallisto/1,0,a|LCallisto>Ganymede/0s: 4 zeros 0 pass (0.5s) totals zeros=175 pass=11 eta 0.5 min
2026-10-07T11:01:14+00:00 [170/254] k4|HGanymede/3,1,a|LGanymede>Callisto/1h|LCallisto>Callisto/1l|LCallisto>Ganymede/1l: 0 zeros 0 pass (0.2s) totals zeros=175 pass=11 eta 0.5 min
2026-10-07T11:01:14+00:00 [171/254] k4|HGanymede/3,1,a|LGanymede>Callisto/1h|LCallisto>Callisto/2h|LCallisto>Ganymede/1h: 0 zeros 0 pass (0.2s) totals zeros=175 pass=11 eta 0.5 min
2026-10-07T11:01:14+00:00 [172/254] k4|HGanymede/3,1,a|LGanymede>Callisto/2l|RCallisto/1:2|LCallisto>Ganymede/2l: 0 zeros 0 pass (0.0s) totals zeros=175 pass=11 eta 0.5 min
2026-10-07T11:01:14+00:00 [173/254] k4|HGanymede/3,1,a|LGanymede>Callisto/2l|HCallisto/3,1,a|LCallisto>Ganymede/1l: 0 zeros 0 pass (0.0s) totals zeros=175 pass=11 eta 0.5 min
2026-10-07T11:01:15+00:00 [174/254] k4|HGanymede/3,1,a|LGanymede>Callisto/2l|LCallisto>Callisto/2l|LCallisto>Ganymede/2h: 0 zeros 0 pass (0.2s) totals zeros=175 pass=11 eta 0.4 min
2026-10-07T11:01:15+00:00 [175/254] k4|HGanymede/3,1,a|LGanymede>Callisto/2h|RCallisto/1:2|LCallisto>Ganymede/0s: 0 zeros 0 pass (0.3s) totals zeros=175 pass=11 eta 0.4 min
2026-10-07T11:01:15+00:00 [176/254] k4|HGanymede/3,1,a|LGanymede>Callisto/2h|HCallisto/3,1,p|LCallisto>Ganymede/1l: 0 zeros 0 pass (0.0s) totals zeros=175 pass=11 eta 0.4 min
2026-10-07T11:01:15+00:00 [177/254] k4|HGanymede/3,1,a|LGanymede>Callisto/2h|LCallisto>Callisto/2l|LCallisto>Ganymede/1l: 0 zeros 0 pass (0.3s) totals zeros=175 pass=11 eta 0.4 min
2026-10-07T11:01:17+00:00 [178/254] k4|LGanymede>Ganymede/1l|LGanymede>Callisto/0s|RCallisto/1:1|LCallisto>Ganymede/1h: 5 zeros 0 pass (1.5s) totals zeros=180 pass=11 eta 0.4 min
2026-10-07T11:01:17+00:00 [179/254] k4|LGanymede>Ganymede/1l|LGanymede>Callisto/0s|RCallisto/2:3|LCallisto>Ganymede/2l: 0 zeros 0 pass (0.3s) totals zeros=180 pass=11 eta 0.4 min
2026-10-07T11:01:17+00:00 [180/254] k4|LGanymede>Ganymede/1l|LGanymede>Callisto/0s|HCallisto/3,1,p|LCallisto>Ganymede/2h: 0 zeros 0 pass (0.3s) totals zeros=180 pass=11 eta 0.4 min
2026-10-07T11:01:19+00:00 [181/254] k4|LGanymede>Ganymede/1l|LGanymede>Callisto/0s|LCallisto>Callisto/2l|LCallisto>Ganymede/0s: 1 zeros 0 pass (2.2s) totals zeros=181 pass=11 eta 0.4 min
2026-10-07T11:01:20+00:00 [182/254] k4|LGanymede>Ganymede/1l|LGanymede>Callisto/1l|RCallisto/1:1|LCallisto>Ganymede/1l: 0 zeros 0 pass (0.6s) totals zeros=181 pass=11 eta 0.4 min
2026-10-07T11:01:20+00:00 [183/254] k4|LGanymede>Ganymede/1l|LGanymede>Callisto/1l|RCallisto/2:3|LCallisto>Ganymede/1h: 0 zeros 0 pass (0.2s) totals zeros=181 pass=11 eta 0.4 min
2026-10-07T11:01:20+00:00 [184/254] k4|LGanymede>Ganymede/1l|LGanymede>Callisto/1l|HCallisto/3,1,p|LCallisto>Ganymede/2l: 0 zeros 0 pass (0.3s) totals zeros=181 pass=11 eta 0.4 min
2026-10-07T11:01:22+00:00 [185/254] k4|LGanymede>Ganymede/1l|LGanymede>Callisto/1l|LCallisto>Callisto/1h|LCallisto>Ganymede/2h: 0 zeros 0 pass (1.1s) totals zeros=181 pass=11 eta 0.4 min
2026-10-07T11:01:23+00:00 [186/254] k4|LGanymede>Ganymede/1l|LGanymede>Callisto/1h|RCallisto/1:1|LCallisto>Ganymede/0s: 5 zeros 0 pass (1.7s) totals zeros=186 pass=11 eta 0.4 min
2026-10-07T11:01:24+00:00 [187/254] k4|LGanymede>Ganymede/1l|LGanymede>Callisto/1h|RCallisto/2:3|LCallisto>Ganymede/1l: 0 zeros 0 pass (0.2s) totals zeros=186 pass=11 eta 0.4 min
2026-10-07T11:01:24+00:00 [188/254] k4|LGanymede>Ganymede/1l|LGanymede>Callisto/1h|HCallisto/3,1,p|LCallisto>Ganymede/1h: 0 zeros 0 pass (0.3s) totals zeros=186 pass=11 eta 0.4 min
2026-10-07T11:01:26+00:00 [189/254] k4|LGanymede>Ganymede/1l|LGanymede>Callisto/1h|LCallisto>Callisto/1h|LCallisto>Ganymede/2l: 0 zeros 0 pass (1.9s) totals zeros=186 pass=11 eta 0.4 min
2026-10-07T11:01:28+00:00 [190/254] k4|LGanymede>Ganymede/1l|LGanymede>Callisto/2l|LCallisto>Ganymede/2h: 0 zeros 0 pass (1.8s) totals zeros=186 pass=11 eta 0.4 min
2026-10-07T11:01:28+00:00 [191/254] k4|LGanymede>Ganymede/1l|LGanymede>Callisto/2l|RCallisto/2:3|LCallisto>Ganymede/1h: 0 zeros 0 pass (0.3s) totals zeros=186 pass=11 eta 0.4 min
2026-10-07T11:01:28+00:00 [192/254] k4|LGanymede>Ganymede/1l|LGanymede>Callisto/2l|HCallisto/3,1,a|LCallisto>Ganymede/0s: 0 zeros 0 pass (0.3s) totals zeros=186 pass=11 eta 0.4 min
2026-10-07T11:01:29+00:00 [193/254] k4|LGanymede>Ganymede/1l|LGanymede>Callisto/2l|LCallisto>Callisto/2l|LCallisto>Ganymede/1l: 0 zeros 0 pass (1.3s) totals zeros=186 pass=11 eta 0.4 min
2026-10-07T11:01:30+00:00 [194/254] k4|LGanymede>Ganymede/1l|LGanymede>Callisto/2h|RCallisto/1:1|LCallisto>Ganymede/1h: 1 zeros 0 pass (0.4s) totals zeros=187 pass=11 eta 0.4 min
2026-10-07T11:01:31+00:00 [195/254] k4|LGanymede>Ganymede/1l|LGanymede>Callisto/2h|HCallisto/1,0,p|LCallisto>Ganymede/1h: 0 zeros 0 pass (0.9s) totals zeros=187 pass=11 eta 0.4 min
2026-10-07T11:01:31+00:00 [196/254] k4|LGanymede>Ganymede/1l|LGanymede>Callisto/2h|HCallisto/3,1,a|LCallisto>Ganymede/2l: 0 zeros 0 pass (0.3s) totals zeros=187 pass=11 eta 0.4 min
2026-10-07T11:01:32+00:00 [197/254] k4|LGanymede>Ganymede/1l|LGanymede>Callisto/2h|LCallisto>Callisto/2l|LCallisto>Ganymede/2h: 0 zeros 0 pass (1.4s) totals zeros=187 pass=11 eta 0.4 min
2026-10-07T11:01:36+00:00 [198/254] k4|LGanymede>Ganymede/1h|LGanymede>Callisto/0s|RCallisto/2:1|LCallisto>Ganymede/0s: 5 zeros 0 pass (3.1s) totals zeros=192 pass=11 eta 0.4 min
2026-10-07T11:01:37+00:00 [199/254] k4|LGanymede>Ganymede/1h|LGanymede>Callisto/0s|HCallisto/1,0,p|LCallisto>Ganymede/1l: 7 zeros 0 pass (1.8s) totals zeros=199 pass=11 eta 0.4 min
2026-10-07T11:01:38+00:00 [200/254] k4|LGanymede>Ganymede/1h|LGanymede>Callisto/0s|HCallisto/3,1,a|LCallisto>Ganymede/1h: 2 zeros 0 pass (0.8s) totals zeros=201 pass=11 eta 0.4 min
2026-10-07T11:01:40+00:00 [201/254] k4|LGanymede>Ganymede/1h|LGanymede>Callisto/0s|LCallisto>Callisto/2l|LCallisto>Ganymede/2l: 0 zeros 0 pass (1.4s) totals zeros=201 pass=11 eta 0.4 min
2026-10-07T11:01:40+00:00 [202/254] k4|LGanymede>Ganymede/1h|LGanymede>Callisto/1l|RCallisto/1:1|LCallisto>Ganymede/2h: 1 zeros 0 pass (0.4s) totals zeros=202 pass=11 eta 0.4 min
2026-10-07T11:01:42+00:00 [203/254] k4|LGanymede>Ganymede/1h|LGanymede>Callisto/1l|HCallisto/1,0,p|LCallisto>Ganymede/0s: 8 zeros 0 pass (1.6s) totals zeros=210 pass=11 eta 0.4 min
2026-10-07T11:01:42+00:00 [204/254] k4|LGanymede>Ganymede/1h|LGanymede>Callisto/1l|HCallisto/3,1,a|LCallisto>Ganymede/1l: 0 zeros 0 pass (0.2s) totals zeros=210 pass=11 eta 0.3 min
2026-10-07T11:01:43+00:00 [205/254] k4|LGanymede>Ganymede/1h|LGanymede>Callisto/1l|LCallisto>Callisto/2l|LCallisto>Ganymede/1h: 0 zeros 0 pass (1.2s) totals zeros=210 pass=11 eta 0.3 min
2026-10-07T11:01:43+00:00 [206/254] k4|LGanymede>Ganymede/1h|LGanymede>Callisto/1h|RCallisto/1:1|LCallisto>Ganymede/2l: 0 zeros 0 pass (0.3s) totals zeros=210 pass=11 eta 0.3 min
2026-10-07T11:01:43+00:00 [207/254] k4|LGanymede>Ganymede/1h|LGanymede>Callisto/1h|RCallisto/2:3|LCallisto>Ganymede/2h: 0 zeros 0 pass (0.2s) totals zeros=210 pass=11 eta 0.3 min
2026-10-07T11:01:45+00:00 [208/254] k4|LGanymede>Ganymede/1h|LGanymede>Callisto/1h|HCallisto/3,1,a|LCallisto>Ganymede/0s: 2 zeros 0 pass (1.0s) totals zeros=212 pass=11 eta 0.3 min
2026-10-07T11:01:46+00:00 [209/254] k4|LGanymede>Ganymede/1h|LGanymede>Callisto/1h|LCallisto>Callisto/2l|LCallisto>Ganymede/1l: 0 zeros 0 pass (1.0s) totals zeros=212 pass=11 eta 0.3 min
2026-10-07T11:01:46+00:00 [210/254] k4|LGanymede>Ganymede/1h|LGanymede>Callisto/2l|RCallisto/1:1|LCallisto>Ganymede/1h: 0 zeros 0 pass (0.3s) totals zeros=212 pass=11 eta 0.3 min
2026-10-07T11:01:47+00:00 [211/254] k4|LGanymede>Ganymede/1h|LGanymede>Callisto/2l|HCallisto/1,0,p|LCallisto>Ganymede/1h: 1 zeros 0 pass (0.9s) totals zeros=213 pass=11 eta 0.3 min
2026-10-07T11:01:47+00:00 [212/254] k4|LGanymede>Ganymede/1h|LGanymede>Callisto/2l|HCallisto/3,1,a|LCallisto>Ganymede/2l: 0 zeros 0 pass (0.3s) totals zeros=213 pass=11 eta 0.3 min
2026-10-07T11:01:48+00:00 [213/254] k4|LGanymede>Ganymede/1h|LGanymede>Callisto/2l|LCallisto>Callisto/2l|LCallisto>Ganymede/2h: 0 zeros 0 pass (1.1s) totals zeros=213 pass=11 eta 0.3 min
2026-10-07T11:01:48+00:00 [214/254] k4|LGanymede>Ganymede/1h|LGanymede>Callisto/2h|RCallisto/2:1|LCallisto>Ganymede/0s: 0 zeros 0 pass (0.2s) totals zeros=213 pass=11 eta 0.3 min
2026-10-07T11:01:51+00:00 [215/254] k4|LGanymede>Ganymede/1h|LGanymede>Callisto/2h|HCallisto/1,0,a|LCallisto>Ganymede/0s: 4 zeros 0 pass (2.5s) totals zeros=217 pass=11 eta 0.3 min
2026-10-07T11:01:52+00:00 [216/254] k4|LGanymede>Ganymede/1h|LGanymede>Callisto/2h|LCallisto>Callisto/1l|LCallisto>Ganymede/1l: 0 zeros 0 pass (1.2s) totals zeros=217 pass=11 eta 0.3 min
2026-10-07T11:01:53+00:00 [217/254] k4|LGanymede>Ganymede/1h|LGanymede>Callisto/2h|LCallisto>Callisto/2h|LCallisto>Ganymede/1h: 0 zeros 0 pass (1.1s) totals zeros=217 pass=11 eta 0.3 min
2026-10-07T11:01:53+00:00 [218/254] k4|LGanymede>Ganymede/2l|LGanymede>Callisto/0s|RCallisto/2:1|LCallisto>Ganymede/2l: 0 zeros 0 pass (0.2s) totals zeros=217 pass=11 eta 0.3 min
2026-10-07T11:01:55+00:00 [219/254] k4|LGanymede>Ganymede/2l|LGanymede>Callisto/0s|HCallisto/1,0,p|LCallisto>Ganymede/2h: 3 zeros 0 pass (1.8s) totals zeros=220 pass=11 eta 0.3 min
2026-10-07T11:02:00+00:00 [220/254] k4|LGanymede>Ganymede/2l|LGanymede>Callisto/0s|LCallisto>Callisto/1l|LCallisto>Ganymede/0s: 1 zeros 1 pass (4.4s) totals zeros=221 pass=12 eta 0.3 min
2026-10-07T11:02:01+00:00 [221/254] k4|LGanymede>Ganymede/2l|LGanymede>Callisto/0s|LCallisto>Callisto/2h|LCallisto>Ganymede/1l: 0 zeros 0 pass (1.1s) totals zeros=221 pass=12 eta 0.3 min
2026-10-07T11:02:01+00:00 [222/254] k4|LGanymede>Ganymede/2l|LGanymede>Callisto/1l|RCallisto/2:1|LCallisto>Ganymede/1h: 0 zeros 0 pass (0.2s) totals zeros=221 pass=12 eta 0.3 min
2026-10-07T11:02:03+00:00 [223/254] k4|LGanymede>Ganymede/2l|LGanymede>Callisto/1l|HCallisto/1,0,a|LCallisto>Ganymede/1h: 0 zeros 0 pass (2.5s) totals zeros=221 pass=12 eta 0.2 min
2026-10-07T11:02:06+00:00 [224/254] k4|LGanymede>Ganymede/2l|LGanymede>Callisto/1l|LCallisto>Callisto/1l|LCallisto>Ganymede/2l: 0 zeros 0 pass (2.5s) totals zeros=221 pass=12 eta 0.2 min
2026-10-07T11:02:07+00:00 [225/254] k4|LGanymede>Ganymede/2l|LGanymede>Callisto/1l|LCallisto>Callisto/2h|LCallisto>Ganymede/2h: 0 zeros 0 pass (1.5s) totals zeros=221 pass=12 eta 0.2 min
2026-10-07T11:02:08+00:00 [226/254] k4|LGanymede>Ganymede/2l|LGanymede>Callisto/1h|RCallisto/1:2|LCallisto>Ganymede/1h: 1 zeros 0 pass (0.4s) totals zeros=222 pass=12 eta 0.2 min
2026-10-07T11:02:08+00:00 [227/254] k4|LGanymede>Ganymede/2l|LGanymede>Callisto/1h|HCallisto/3,1,p|LCallisto>Ganymede/0s: 0 zeros 0 pass (0.3s) totals zeros=222 pass=12 eta 0.2 min
2026-10-07T11:02:09+00:00 [228/254] k4|LGanymede>Ganymede/2l|LGanymede>Callisto/1h|LCallisto>Callisto/1h|LCallisto>Ganymede/1l: 0 zeros 0 pass (1.4s) totals zeros=222 pass=12 eta 0.2 min
2026-10-07T11:02:11+00:00 [229/254] k4|LGanymede>Ganymede/2l|LGanymede>Callisto/2l|LCallisto>Ganymede/1h: 1 zeros 1 pass (2.0s) totals zeros=223 pass=13 eta 0.2 min
2026-10-07T11:02:12+00:00 [230/254] k4|LGanymede>Ganymede/2l|LGanymede>Callisto/2l|HCallisto/1,0,p|LCallisto>Ganymede/1l: 0 zeros 0 pass (0.5s) totals zeros=223 pass=13 eta 0.2 min
2026-10-07T11:02:12+00:00 [231/254] k4|LGanymede>Ganymede/2l|LGanymede>Callisto/2l|HCallisto/3,1,a|LCallisto>Ganymede/1h: 0 zeros 0 pass (0.4s) totals zeros=223 pass=13 eta 0.2 min
2026-10-07T11:02:14+00:00 [232/254] k4|LGanymede>Ganymede/2l|LGanymede>Callisto/2l|LCallisto>Callisto/2l|LCallisto>Ganymede/2l: 0 zeros 0 pass (1.5s) totals zeros=223 pass=13 eta 0.2 min
2026-10-07T11:02:14+00:00 [233/254] k4|LGanymede>Ganymede/2l|LGanymede>Callisto/2h|RCallisto/1:1|LCallisto>Ganymede/2h: 0 zeros 0 pass (0.4s) totals zeros=223 pass=13 eta 0.2 min
2026-10-07T11:02:15+00:00 [234/254] k4|LGanymede>Ganymede/2l|LGanymede>Callisto/2h|HCallisto/1,0,a|LCallisto>Ganymede/2l: 0 zeros 0 pass (0.5s) totals zeros=223 pass=13 eta 0.2 min
2026-10-07T11:02:16+00:00 [235/254] k4|LGanymede>Ganymede/2l|LGanymede>Callisto/2h|LCallisto>Callisto/1l|LCallisto>Ganymede/2h: 0 zeros 0 pass (1.5s) totals zeros=223 pass=13 eta 0.2 min
2026-10-07T11:02:18+00:00 [236/254] k4|LGanymede>Ganymede/2h|LGanymede>Callisto/0s|LCallisto>Ganymede/0s: 13 zeros 2 pass (2.1s) totals zeros=236 pass=15 eta 0.2 min
2026-10-07T11:02:20+00:00 [237/254] k4|LGanymede>Ganymede/2h|LGanymede>Callisto/0s|RCallisto/1:2|LCallisto>Ganymede/1l: 2 zeros 0 pass (1.5s) totals zeros=238 pass=15 eta 0.1 min
2026-10-07T11:02:21+00:00 [238/254] k4|LGanymede>Ganymede/2h|LGanymede>Callisto/0s|HCallisto/1,0,a|LCallisto>Ganymede/1h: 5 zeros 0 pass (1.6s) totals zeros=243 pass=15 eta 0.1 min
2026-10-07T11:02:23+00:00 [239/254] k4|LGanymede>Ganymede/2h|LGanymede>Callisto/0s|LCallisto>Callisto/1l|LCallisto>Ganymede/2l: 0 zeros 0 pass (1.4s) totals zeros=243 pass=15 eta 0.1 min
2026-10-07T11:02:24+00:00 [240/254] k4|LGanymede>Ganymede/2h|LGanymede>Callisto/0s|LCallisto>Callisto/2h|LCallisto>Ganymede/2h: 0 zeros 0 pass (1.3s) totals zeros=243 pass=15 eta 0.1 min
2026-10-07T11:02:24+00:00 [241/254] k4|LGanymede>Ganymede/2h|LGanymede>Callisto/1l|RCallisto/1:2|LCallisto>Ganymede/1h: 0 zeros 0 pass (0.4s) totals zeros=243 pass=15 eta 0.1 min
2026-10-07T11:02:25+00:00 [242/254] k4|LGanymede>Ganymede/2h|LGanymede>Callisto/1l|HCallisto/3,1,p|LCallisto>Ganymede/0s: 0 zeros 0 pass (0.4s) totals zeros=243 pass=15 eta 0.1 min
2026-10-07T11:02:26+00:00 [243/254] k4|LGanymede>Ganymede/2h|LGanymede>Callisto/1l|LCallisto>Callisto/1h|LCallisto>Ganymede/1l: 0 zeros 0 pass (1.3s) totals zeros=243 pass=15 eta 0.1 min
2026-10-07T11:02:28+00:00 [244/254] k4|LGanymede>Ganymede/2h|LGanymede>Callisto/1h|LCallisto>Ganymede/1h: 2 zeros 0 pass (1.8s) totals zeros=245 pass=15 eta 0.1 min
2026-10-07T11:02:28+00:00 [245/254] k4|LGanymede>Ganymede/2h|LGanymede>Callisto/1h|RCallisto/2:3|LCallisto>Ganymede/0s: 0 zeros 0 pass (0.2s) totals zeros=245 pass=15 eta 0.1 min
2026-10-07T11:02:28+00:00 [246/254] k4|LGanymede>Ganymede/2h|LGanymede>Callisto/1h|HCallisto/3,1,p|LCallisto>Ganymede/2l: 0 zeros 0 pass (0.3s) totals zeros=245 pass=15 eta 0.1 min
2026-10-07T11:02:30+00:00 [247/254] k4|LGanymede>Ganymede/2h|LGanymede>Callisto/1h|LCallisto>Callisto/1h|LCallisto>Ganymede/2h: 0 zeros 0 pass (1.3s) totals zeros=245 pass=15 eta 0.1 min
2026-10-07T11:02:30+00:00 [248/254] k4|LGanymede>Ganymede/2h|LGanymede>Callisto/2l|RCallisto/1:1|LCallisto>Ganymede/0s: 1 zeros 0 pass (0.6s) totals zeros=246 pass=15 eta 0.1 min
2026-10-07T11:02:31+00:00 [249/254] k4|LGanymede>Ganymede/2h|LGanymede>Callisto/2l|HCallisto/1,0,p|LCallisto>Ganymede/2h: 0 zeros 0 pass (0.5s) totals zeros=246 pass=15 eta 0.0 min
2026-10-07T11:02:32+00:00 [250/254] k4|LGanymede>Ganymede/2h|LGanymede>Callisto/2l|LCallisto>Callisto/1l|LCallisto>Ganymede/0s: 0 zeros 0 pass (1.5s) totals zeros=246 pass=15 eta 0.0 min
2026-10-07T11:02:34+00:00 [251/254] k4|LGanymede>Ganymede/2h|LGanymede>Callisto/2l|LCallisto>Callisto/2h|LCallisto>Ganymede/1l: 0 zeros 0 pass (1.6s) totals zeros=246 pass=15 eta 0.0 min
2026-10-07T11:02:34+00:00 [252/254] k4|LGanymede>Ganymede/2h|LGanymede>Callisto/2h|RCallisto/1:2|LCallisto>Ganymede/1l: 0 zeros 0 pass (0.5s) totals zeros=246 pass=15 eta 0.0 min
2026-10-07T11:02:35+00:00 [253/254] k4|LGanymede>Ganymede/2h|LGanymede>Callisto/2h|HCallisto/3,1,p|LCallisto>Ganymede/1l: 0 zeros 0 pass (0.4s) totals zeros=246 pass=15 eta 0.0 min
2026-10-07T11:02:37+00:00 [254/254] k4|LGanymede>Ganymede/2h|LGanymede>Callisto/2h|LCallisto>Callisto/1h|LCallisto>Ganymede/1h: 0 zeros 0 pass (1.7s) totals zeros=246 pass=15 eta 0.0 min
2026-10-07T11:02:37+00:00 DONE structures=254 zeros=246 pass=15 structure_errors=0 zero_assessment_errors=0
