[2026-10-04T00:20:31 +    0.0s] stage r2c start
[2026-10-04T00:20:33 +    1.5s] circle N=201 rho=3.110934; lam_u=1.992415 lam_s=0.501903
[2026-10-04T00:21:01 +   29.2s] frac 1e-05: circle 2.9e-12 lam_u 1.99241; connection 8.48e-12 (11 it) sv [1.800e+00 8.724e-01 1.086e-03 1.623e-07] theta_u 3.24084 s_u 1.52367
[2026-10-04T00:21:35 +   63.9s]   verify: genuine=True junction=8.85e-11 max_exc=2.620e-01 final=6.282e-05 dop853-vs-radau=2.10e-08 min dist (planet, moon, perturber)=[1.089  0.0902 0.458 ] jacobi drift=6.19e-09
      period   0: distance to circle 5.0298e-04
      period   1: distance to circle 2.1197e-03
      period   2: distance to circle 1.6445e-03
      period   3: distance to circle 8.3446e-03
      period   4: distance to circle 5.2502e-03
      period   5: distance to circle 3.3516e-02
      period   6: distance to circle 1.5808e-02
      period   7: distance to circle 1.1909e-01
      period   8: distance to circle 3.5791e-02
      period   9: distance to circle 2.2511e-01
      period  10: distance to circle 7.8966e-02
      period  11: distance to circle 2.6203e-01
      period  12: distance to circle 1.4068e-01
      period  13: distance to circle 2.3295e-01
      period  14: distance to circle 2.0466e-01
      period  15: distance to circle 1.7115e-01
      period  16: distance to circle 2.4807e-01
      period  17: distance to circle 1.0382e-01
      period  18: distance to circle 2.3996e-01
      period  19: distance to circle 4.9529e-02
      period  20: distance to circle 1.6167e-01
      period  21: distance to circle 1.8794e-02
      period  22: distance to circle 6.5101e-02
      period  23: distance to circle 5.6143e-03
      period  24: distance to circle 1.6892e-02
      period  25: distance to circle 1.7480e-03
      period  26: distance to circle 4.2247e-03
      period  27: distance to circle 5.5034e-04
      period  28: distance to circle 1.0733e-03
      period  29: distance to circle 1.6949e-04
      period  30: distance to circle 2.6639e-04
      period  31: distance to circle 5.0838e-05
      period  32: distance to circle 6.2816e-05
[2026-10-04T00:21:35 +   63.9s] wrote /home/bruce/dev/cyclers/data/found/882_ccr4bp_strob_connection/r2c_eps0.001_branch0.json
[2026-10-04T00:22:01 +   89.6s] frac 0.0001: circle 1.1e-13 lam_u 1.99240; connection 3.43e-12 (10 it) sv [1.797e+00 8.787e-01 1.080e-03 1.680e-06] theta_u 3.23458 s_u 1.52151
[2026-10-04T00:22:01 +   89.6s] wrote /home/bruce/dev/cyclers/data/found/882_ccr4bp_strob_connection/r2c_eps0.001_branch0.json
[2026-10-04T00:22:24 +  112.9s] frac 0.001: circle 1.2e-13 lam_u 1.99231; connection 6.10e-12 (9 it) sv [1.796e+00 8.801e-01 1.072e-03 1.701e-05] theta_u 3.23394 s_u 1.52087
[2026-10-04T00:22:24 +  112.9s] wrote /home/bruce/dev/cyclers/data/found/882_ccr4bp_strob_connection/r2c_eps0.001_branch0.json
[2026-10-04T00:22:43 +  131.4s] frac 0.003: circle 1.6e-13 lam_u 1.99209; connection 6.27e-12 (7 it) sv [1.795e+00 8.820e-01 1.063e-03 5.169e-05] theta_u 3.23388 s_u 1.51990
[2026-10-04T00:22:43 +  131.4s] wrote /home/bruce/dev/cyclers/data/found/882_ccr4bp_strob_connection/r2c_eps0.001_branch0.json
[2026-10-04T00:23:01 +  149.9s] frac 0.01: circle 2.2e-11 lam_u 1.99134; connection 7.66e-12 (7 it) sv [1.792e+00 8.886e-01 1.132e-03 1.642e-04] theta_u 3.23380 s_u 1.51660
[2026-10-04T00:23:01 +  149.9s] wrote /home/bruce/dev/cyclers/data/found/882_ccr4bp_strob_connection/r2c_eps0.001_branch0.json
[2026-10-04T00:23:18 +  166.4s] frac 0.03: circle 1.7e-13 lam_u 1.98917; connection 4.07e-12 (6 it) sv [1.782e+00 9.075e-01 1.949e-03 2.976e-04] theta_u 3.23361 s_u 1.50744
[2026-10-04T00:23:18 +  166.4s] wrote /home/bruce/dev/cyclers/data/found/882_ccr4bp_strob_connection/r2c_eps0.001_branch0.json
[2026-10-04T00:23:34 +  182.9s] frac 0.1: circle 8.2e-11 lam_u 1.98142; connection 5.12e-12 (6 it) sv [1.745e+00 9.773e-01 6.319e-03 3.466e-04] theta_u 3.23295 s_u 1.47858
[2026-10-04T00:23:34 +  182.9s] wrote /home/bruce/dev/cyclers/data/found/882_ccr4bp_strob_connection/r2c_eps0.001_branch0.json
[2026-10-04T00:23:53 +  202.1s] frac 0.2: circle 9.0e-14 lam_u 1.97000; connection 9.66e-12 (7 it) sv [1.681e+00 1.084e+00 1.330e-02 3.781e-04] theta_u 3.23203 s_u 1.44522
[2026-10-04T00:23:53 +  202.1s] wrote /home/bruce/dev/cyclers/data/found/882_ccr4bp_strob_connection/r2c_eps0.001_branch0.json
[2026-10-04T00:24:10 +  218.9s] frac 0.35: circle 1.3e-13 lam_u 1.95212; connection 8.81e-12 (6 it) sv [1.569e+00 1.241e+00 2.407e-02 4.073e-04] theta_u 3.23065 s_u 1.41041
[2026-10-04T00:24:10 +  218.9s] wrote /home/bruce/dev/cyclers/data/found/882_ccr4bp_strob_connection/r2c_eps0.001_branch0.json
[2026-10-04T00:24:37 +  245.2s] frac 0.5: circle 1.1e-13 lam_u 1.93345; connection 8.19e-12 (10 it) sv [1.483e+00 1.341e+00 3.393e-02 4.058e-04] theta_u 3.22927 s_u 1.39138
[2026-10-04T00:24:37 +  245.2s] wrote /home/bruce/dev/cyclers/data/found/882_ccr4bp_strob_connection/r2c_eps0.001_branch0.json
[2026-10-04T00:24:56 +  264.5s] frac 0.7: circle 1.2e-11 lam_u 1.90748; connection 6.02e-12 (7 it) sv [1.547e+00 1.267e+00 4.422e-02 3.468e-04] theta_u 3.22742 s_u 1.38706
[2026-10-04T00:24:56 +  264.5s] wrote /home/bruce/dev/cyclers/data/found/882_ccr4bp_strob_connection/r2c_eps0.001_branch0.json
[2026-10-04T00:25:10 +  279.0s] frac 0.85: circle 1.9e-13 lam_u 1.88729; connection 4.18e-12 (5 it) sv [1.605e+00 1.192e+00 4.968e-02 2.633e-04] theta_u 3.22601 s_u 1.39772
[2026-10-04T00:25:10 +  279.0s] wrote /home/bruce/dev/cyclers/data/found/882_ccr4bp_strob_connection/r2c_eps0.001_branch0.json
[2026-10-04T00:25:37 +  305.7s] frac 1: circle 1.3e-13 lam_u 1.86655; connection 6.11e-12 (10 it) sv [1.650e+00 1.128e+00 5.353e-02 1.563e-04] theta_u 3.22462 s_u 1.41829
[2026-10-04T00:26:12 +  340.6s]   verify: genuine=True junction=2.10e-10 max_exc=2.429e-01 final=3.061e-05 dop853-vs-radau=5.85e-08 min dist (planet, moon, perturber)=[1.0862 0.0864 0.4607] jacobi drift=7.79e-04
      period   0: distance to circle 2.6423e-04
      period   1: distance to circle 1.1352e-03
      period   2: distance to circle 9.2210e-04
      period   3: distance to circle 4.9042e-03
      period   4: distance to circle 3.1723e-03
      period   5: distance to circle 2.1942e-02
      period   6: distance to circle 1.0735e-02
      period   7: distance to circle 9.1150e-02
      period   8: distance to circle 3.0119e-02
      period   9: distance to circle 1.7937e-01
      period  10: distance to circle 7.7658e-02
      period  11: distance to circle 2.3532e-01
      period  12: distance to circle 1.4516e-01
      period  13: distance to circle 2.2442e-01
      period  14: distance to circle 2.0994e-01
      period  15: distance to circle 1.6757e-01
      period  16: distance to circle 2.4293e-01
      period  17: distance to circle 9.9153e-02
      period  18: distance to circle 2.0454e-01
      period  19: distance to circle 4.3290e-02
      period  20: distance to circle 1.3245e-01
      period  21: distance to circle 1.3642e-02
      period  22: distance to circle 4.6180e-02
      period  23: distance to circle 3.6129e-03
      period  24: distance to circle 1.0524e-02
      period  25: distance to circle 1.0398e-03
      period  26: distance to circle 2.3852e-03
      period  27: distance to circle 3.0347e-04
      period  28: distance to circle 5.5335e-04
      period  29: distance to circle 8.8407e-05
      period  30: distance to circle 1.2842e-04
      period  31: distance to circle 2.6220e-05
      period  32: distance to circle 3.0614e-05
[2026-10-04T00:26:12 +  340.6s] wrote /home/bruce/dev/cyclers/data/found/882_ccr4bp_strob_connection/r2c_eps0.001_branch0.json
[2026-10-04T00:26:12 +  340.6s] wrote /home/bruce/dev/cyclers/data/found/882_ccr4bp_strob_connection/r2c_eps0.001_branch0.json
[2026-10-04T00:26:12 +  340.6s] stage r2c done
