[2026-10-04T00:31:23 +    0.0s] stage r2c start
[2026-10-04T00:31:25 +    1.9s] circle N=201 rho=3.110934; lam_u=1.992415 lam_s=0.501903
[2026-10-04T00:31:41 +   17.5s] resumed after frac 0.1; remaining [0.11, 0.12, 0.13, 0.14, 0.15, 0.16, 0.17, 0.18, 0.19, 0.2]
[2026-10-04T00:33:04 +  100.8s] frac 0.11: circle 9.5e-11 lam_u 1.98030; connection 4.07e-12 (27 it) sv [1.901e+00 6.191e-01 3.254e-02 8.637e-05] theta_u 4.79181 s_u 2.84746
[2026-10-04T00:33:46 +  142.9s]   verify: genuine=True junction=6.52e-12 max_exc=4.844e-01 final=1.137e-05 dop853-vs-radau=1.19e-08 min dist (planet, moon, perturber)=[1.0892 0.0909 0.2435] jacobi drift=3.07e-04
      period   0: distance to circle 1.1943e-03
      period   1: distance to circle 4.9935e-03
      period   2: distance to circle 5.3845e-03
      period   3: distance to circle 1.7911e-02
      period   4: distance to circle 2.3207e-02
      period   5: distance to circle 5.9006e-02
      period   6: distance to circle 8.7946e-02
      period   7: distance to circle 1.3874e-01
      period   8: distance to circle 2.1478e-01
      period   9: distance to circle 2.3735e-01
      period  10: distance to circle 3.6283e-01
      period  11: distance to circle 3.3037e-01
      period  12: distance to circle 4.6869e-01
      period  13: distance to circle 4.0888e-01
      period  14: distance to circle 4.8436e-01
      period  15: distance to circle 3.6112e-01
      period  16: distance to circle 4.0189e-01
      period  17: distance to circle 2.7177e-01
      period  18: distance to circle 2.5897e-01
      period  19: distance to circle 1.7275e-01
      period  20: distance to circle 1.1287e-01
      period  21: distance to circle 8.1531e-02
      period  22: distance to circle 2.7893e-02
      period  23: distance to circle 2.5422e-02
      period  24: distance to circle 6.2598e-03
      period  25: distance to circle 7.1637e-03
      period  26: distance to circle 1.3356e-03
      period  27: distance to circle 1.9735e-03
      period  28: distance to circle 2.7022e-04
      period  29: distance to circle 5.3407e-04
      period  30: distance to circle 5.3562e-05
      period  31: distance to circle 1.4117e-04
      period  32: distance to circle 1.1373e-05
[2026-10-04T00:33:46 +  142.9s] wrote /home/bruce/dev/cyclers/data/found/882_ccr4bp_strob_connection/r2c_eps0.001_branch3.json
[2026-10-04T00:35:12 +  228.8s] frac 0.12: circle 9.5e-11 lam_u 1.97917; connection 5.71e-12 (29 it) sv [1.906e+00 6.047e-01 3.379e-02 6.997e-05] theta_u 4.79220 s_u 2.91097
[2026-10-04T00:35:12 +  228.8s] wrote /home/bruce/dev/cyclers/data/found/882_ccr4bp_strob_connection/r2c_eps0.001_branch3.json
[2026-10-04T00:36:13 +  289.7s] frac 0.13: circle 9.6e-11 lam_u 1.97804; connection 2.61e-12 (21 it) sv [1.910e+00 5.913e-01 3.486e-02 5.485e-05] theta_u 4.79263 s_u 2.97266
[2026-10-04T00:36:13 +  289.7s] wrote /home/bruce/dev/cyclers/data/found/882_ccr4bp_strob_connection/r2c_eps0.001_branch3.json
[2026-10-04T00:37:21 +  358.2s] frac 0.14: circle 9.6e-11 lam_u 1.97690; connection 2.42e-12 (27 it) sv [1.914e+00 5.785e-01 3.578e-02 4.101e-05] theta_u 4.79312 s_u 3.03080
[2026-10-04T00:37:21 +  358.2s] wrote /home/bruce/dev/cyclers/data/found/882_ccr4bp_strob_connection/r2c_eps0.001_branch3.json
[2026-10-04T00:37:43 +  379.9s] frac 0.15: circle 9.7e-11 lam_u 1.97576; connection 6.60e-12 (8 it) sv [1.918e+00 5.663e-01 3.658e-02 2.848e-05] theta_u 4.79373 s_u 3.08119
[2026-10-04T00:37:43 +  379.9s] wrote /home/bruce/dev/cyclers/data/found/882_ccr4bp_strob_connection/r2c_eps0.001_branch3.json
