[2026-10-04T00:39:47 +    0.0s] stage r2c start
[2026-10-04T00:39:49 +    1.9s] circle N=201 rho=3.110934; lam_u=1.992415 lam_s=0.501903
[2026-10-04T00:40:28 +   40.5s] frac 0.001: circle 1.0e-13 lam_u 1.99231; connection 1.46e-11 (12 it) sv [1.779e+00 9.139e-01 1.133e-03 2.059e-05] theta_u 5.30912 s_u 2.40860
[2026-10-04T00:41:15 +   87.3s]   verify: genuine=True junction=6.50e-11 max_exc=2.568e-01 final=3.066e-05 dop853-vs-radau=1.23e-08 min dist (planet, moon, perturber)=[1.089  0.0902 0.4403] jacobi drift=1.12e-06
      period   0: distance to circle 5.6459e-04
      period   1: distance to circle 4.2342e-03
      period   2: distance to circle 1.7971e-03
      period   3: distance to circle 1.6866e-02
      period   4: distance to circle 5.7471e-03
      period   5: distance to circle 6.4844e-02
      period   6: distance to circle 1.8906e-02
      period   7: distance to circle 1.6275e-01
      period   8: distance to circle 4.8621e-02
      period   9: distance to circle 2.4401e-01
      period  10: distance to circle 1.0109e-01
      period  11: distance to circle 2.5350e-01
      period  12: distance to circle 1.6675e-01
      period  13: distance to circle 2.0979e-01
      period  14: distance to circle 2.2752e-01
      period  15: distance to circle 1.4448e-01
      period  16: distance to circle 2.5682e-01
      period  17: distance to circle 8.0934e-02
      period  18: distance to circle 2.2191e-01
      period  19: distance to circle 3.5907e-02
      period  20: distance to circle 1.1897e-01
      period  21: distance to circle 1.5413e-02
      period  22: distance to circle 3.3612e-02
      period  23: distance to circle 5.1013e-03
      period  24: distance to circle 8.3298e-03
      period  25: distance to circle 1.6013e-03
      period  26: distance to circle 2.1125e-03
      period  27: distance to circle 4.9131e-04
      period  28: distance to circle 5.3092e-04
      period  29: distance to circle 1.4700e-04
      period  30: distance to circle 1.2896e-04
      period  31: distance to circle 4.3030e-05
      period  32: distance to circle 3.0657e-05
[2026-10-04T00:41:15 +   87.3s] wrote /home/bruce/dev/cyclers/data/found/882_ccr4bp_strob_connection/r2c_eps0.001_branch4.json
[2026-10-04T00:41:59 +  131.4s] frac 0.003: circle 2.1e-13 lam_u 1.99209; connection 3.48e-11 (6 it) sv [1.778e+00 9.161e-01 1.127e-03 6.243e-05] theta_u 5.30901 s_u 2.40671
[2026-10-04T00:41:59 +  131.4s] wrote /home/bruce/dev/cyclers/data/found/882_ccr4bp_strob_connection/r2c_eps0.001_branch4.json
[2026-10-04T00:42:32 +  164.4s] frac 0.01: circle 2.2e-11 lam_u 1.99134; connection 5.66e-11 (5 it) sv [1.774e+00 9.237e-01 1.242e-03 1.917e-04] theta_u 5.30891 s_u 2.40031
[2026-10-04T00:42:32 +  164.4s] wrote /home/bruce/dev/cyclers/data/found/882_ccr4bp_strob_connection/r2c_eps0.001_branch4.json
[2026-10-04T00:43:10 +  203.1s] frac 0.03: circle 9.6e-14 lam_u 1.98917; connection 3.75e-11 (5 it) sv [1.762e+00 9.455e-01 2.330e-03 3.197e-04] theta_u 5.30872 s_u 2.38251
[2026-10-04T00:43:10 +  203.1s] wrote /home/bruce/dev/cyclers/data/found/882_ccr4bp_strob_connection/r2c_eps0.001_branch4.json
[2026-10-04T00:43:52 +  244.8s] frac 0.1: circle 8.2e-11 lam_u 1.98142; connection 6.40e-12 (6 it) sv [1.717e+00 1.026e+00 7.728e-03 3.663e-04] theta_u 5.30809 s_u 2.32552
[2026-10-04T00:43:52 +  244.8s] wrote /home/bruce/dev/cyclers/data/found/882_ccr4bp_strob_connection/r2c_eps0.001_branch4.json
[2026-10-04T00:44:23 +  275.3s] frac 0.2: circle 1.0e-13 lam_u 1.97000; connection 2.55e-11 (6 it) sv [1.637e+00 1.148e+00 1.620e-02 4.018e-04] theta_u 5.30719 s_u 2.25713
[2026-10-04T00:44:23 +  275.3s] wrote /home/bruce/dev/cyclers/data/found/882_ccr4bp_strob_connection/r2c_eps0.001_branch4.json
[2026-10-04T00:44:45 +  297.6s] frac 0.35: circle 1.0e-13 lam_u 1.95212; connection 4.03e-11 (5 it) sv [1.511e+00 1.310e+00 2.875e-02 4.361e-04] theta_u 5.30585 s_u 2.17946
[2026-10-04T00:44:45 +  297.6s] wrote /home/bruce/dev/cyclers/data/found/882_ccr4bp_strob_connection/r2c_eps0.001_branch4.json
[2026-10-04T00:45:09 +  322.0s] frac 0.5: circle 1.0e-13 lam_u 1.93345; connection 1.34e-11 (6 it) sv [1.505e+00 1.316e+00 3.939e-02 4.372e-04] theta_u 5.30449 s_u 2.12717
[2026-10-04T00:45:09 +  322.0s] wrote /home/bruce/dev/cyclers/data/found/882_ccr4bp_strob_connection/r2c_eps0.001_branch4.json
[2026-10-04T00:45:35 +  347.2s] frac 0.7: circle 1.2e-11 lam_u 1.90748; connection 1.49e-11 (6 it) sv [1.599e+00 1.201e+00 4.962e-02 3.761e-04] theta_u 5.30265 s_u 2.09088
[2026-10-04T00:45:35 +  347.2s] wrote /home/bruce/dev/cyclers/data/found/882_ccr4bp_strob_connection/r2c_eps0.001_branch4.json
[2026-10-04T00:46:17 +  389.9s] frac 0.85: circle 1.3e-13 lam_u 1.88729; connection 4.37e-13 (12 it) sv [1.647e+00 1.133e+00 5.487e-02 2.869e-04] theta_u 5.30120 s_u 2.08616
[2026-10-04T00:46:17 +  389.9s] wrote /home/bruce/dev/cyclers/data/found/882_ccr4bp_strob_connection/r2c_eps0.001_branch4.json
