[2026-10-04T00:48:05 +    0.0s] stage r2c start
[2026-10-04T00:48:07 +    1.9s] circle N=201 rho=3.110934; lam_u=1.992415 lam_s=0.501903
[2026-10-04T00:48:34 +   29.1s] resumed after frac 0.85; remaining [1.0]
[2026-10-04T00:49:41 +   96.2s] frac 1: circle 1.5e-13 lam_u 1.86655; connection 7.22e-12 (18 it) sv [1.908e+00 5.971e-01 3.751e-02 2.141e-04] theta_u 4.26219 s_u 1.75669
[2026-10-04T00:50:43 +  158.3s]   verify: genuine=True junction=1.81e-10 max_exc=2.367e-01 final=1.725e-05 dop853-vs-radau=9.79e-08 min dist (planet, moon, perturber)=[1.0861 0.0863 0.4538] jacobi drift=8.87e-04
      period   0: distance to circle 8.1925e-04
      period   1: distance to circle 7.9418e-04
      period   2: distance to circle 3.5280e-03
      period   3: distance to circle 2.9156e-03
      period   4: distance to circle 1.5762e-02
      period   5: distance to circle 1.0127e-02
      period   6: distance to circle 6.8403e-02
      period   7: distance to circle 2.2186e-02
      period   8: distance to circle 1.5877e-01
      period   9: distance to circle 5.6657e-02
      period  10: distance to circle 2.1803e-01
      period  11: distance to circle 1.2102e-01
      period  12: distance to circle 2.3673e-01
      period  13: distance to circle 1.9019e-01
      period  14: distance to circle 1.9019e-01
      period  15: distance to circle 2.3673e-01
      period  16: distance to circle 1.2102e-01
      period  17: distance to circle 2.1803e-01
      period  18: distance to circle 5.6657e-02
      period  19: distance to circle 1.5877e-01
      period  20: distance to circle 2.2186e-02
      period  21: distance to circle 6.8403e-02
      period  22: distance to circle 1.0127e-02
      period  23: distance to circle 1.5762e-02
      period  24: distance to circle 2.9156e-03
      period  25: distance to circle 3.5280e-03
      period  26: distance to circle 7.9418e-04
      period  27: distance to circle 8.1925e-04
      period  28: distance to circle 2.1497e-04
      period  29: distance to circle 1.9256e-04
      period  30: distance to circle 5.9391e-05
      period  31: distance to circle 4.6285e-05
      period  32: distance to circle 1.7247e-05
[2026-10-04T00:50:43 +  158.4s] wrote /home/bruce/dev/cyclers/data/found/882_ccr4bp_strob_connection/r2c_eps0.001_branch2.json
[2026-10-04T00:50:43 +  158.4s] wrote /home/bruce/dev/cyclers/data/found/882_ccr4bp_strob_connection/r2c_eps0.001_branch2.json
[2026-10-04T00:50:43 +  158.4s] stage r2c done
