[2026-10-04T01:17:04 +    0.0s] stage r3b start
[2026-10-04T01:17:04 +    0.4s] 2:3 e=0.05 peri: T=18.8636 lam=1.1366 hyperbolic=True r=[1.245,1.375] dUmb=0.245
[2026-10-04T01:17:09 +    4.8s]    circle at physical Titania mass: {'n_nodes': 201, 't0': 0.0, 'rho': 3.9940653458818134, 'rho_over_2pi': 0.6356752428291313, 'residual': 0.0003365580524578027, 'converged': False, 'residual_history': [0.000541601830327032, 0.0007694354032271727, 0.0002653632806163264, 0.0003365580524578027], 'fourier_tail': 1.6885062818922315e-06, 'mu_gan': 3.915686587341081e-06}
[2026-10-04T01:17:09 +    4.8s] wrote /home/bruce/dev/cyclers/data/found/882_ccr4bp_strob_connection/r3b.json
[2026-10-04T01:17:09 +    5.2s] 2:3 e=0.05 apo: T=18.8431 lam=1.0000 hyperbolic=False r=[1.245,1.376] dUmb=0.376
[2026-10-04T01:17:10 +    5.6s] 2:3 e=0.1 peri: T=18.8614 lam=1.3558 hyperbolic=True r=[1.179,1.441] dUmb=0.179
[2026-10-04T01:17:17 +   12.9s]    circle at physical Titania mass: {'n_nodes': 201, 't0': 0.0, 'rho': 3.9945171847844825, 'rho_over_2pi': 0.6357471552239723, 'residual': 0.004135413623630513, 'converged': False, 'residual_history': [0.0021143404562934467, 0.0022666738957896615, 0.0021534050222657974, 0.004135413623630513], 'fourier_tail': 2.762442470003277e-05, 'mu_gan': 9.789216468352702e-06}
[2026-10-04T01:17:17 +   12.9s] wrote /home/bruce/dev/cyclers/data/found/882_ccr4bp_strob_connection/r3b.json
[2026-10-04T01:17:17 +   13.3s] 2:3 e=0.1 apo: T=18.8472 lam=1.0000 hyperbolic=False r=[1.180,1.441] dUmb=0.441
[2026-10-04T01:17:18 +   13.7s] 2:3 e=0.15 peri: T=18.8660 lam=2.1636 hyperbolic=True r=[1.114,1.506] dUmb=0.114
[2026-10-04T01:17:28 +   24.4s]    circle at physical Titania mass: {'n_nodes': 201, 't0': 0.0, 'rho': 3.9935417308521135, 'rho_over_2pi': 0.6355919069088773, 'residual': 2.9172899651541684e-09, 'converged': False, 'residual_history': [0.009003509805985715, 0.004997247296456647, 0.003581450897742894, 0.00028934039519662447, 0.00011326454537818886, 1.1170775439439673e-05, 1.2752544977512326e-06, 2.6028405014644207e-08, 2.917311947570056e-09, 2.917300179205995e-09, 2.917311503480846e-09, 2.9172899651541684e-09], 'fourier_tail': 0.0002744718956468913, 'mu_gan': 1.9578432936705404e-05}
[2026-10-04T01:17:28 +   24.4s] wrote /home/bruce/dev/cyclers/data/found/882_ccr4bp_strob_connection/r3b.json
[2026-10-04T01:17:29 +   24.7s] 2:3 e=0.15 apo: T=18.8484 lam=1.0000 hyperbolic=False r=[1.114,1.507] dUmb=0.507
[2026-10-04T01:17:29 +   25.2s] 2:3 e=0.2 peri: T=18.8875 lam=10.4790 hyperbolic=True r=[1.048,1.571] dUmb=0.048
[2026-10-04T01:17:29 +   25.5s] 2:3 e=0.2 apo: T=18.8489 lam=1.0000 hyperbolic=False r=[1.048,1.572] dUmb=0.572
[2026-10-04T01:17:30 +   26.0s] 3:4 e=0.05 peri: T=25.1663 lam=1.4128 hyperbolic=True r=[1.151,1.271] dUmb=0.151
[2026-10-04T01:17:38 +   34.4s]    circle at physical Titania mass: {'n_nodes': 201, 't0': 0.0, 'rho': 2.993784608437059, 'rho_over_2pi': 0.4764756189851923, 'residual': 1.3725132141928498e-13, 'converged': True, 'residual_history': [0.0012998645174588722, 0.0004993123872714458, 8.313775271676094e-06, 2.5307423989762157e-08, 1.3725132141928498e-13], 'fourier_tail': 4.244102629015202e-12, 'mu_gan': 3.915686587341081e-05}
[2026-10-04T01:17:40 +   36.1s]    bundles: {'lam_u': 1.214147677536332, 'lam_s': 0.8236230390269356, 'lam_product': 0.9999999999999696, 'residual_u_offgrid': 5.748286291407112e-10, 'residual_s_offgrid': 5.636918709583938e-10, 'tail_u': 6.76936245437686e-10, 'tail_s': 6.769513581181594e-10, 'second_order_residual_u': 12.35326305137896, 'second_order_residual_s': 14.21619236219307}
[2026-10-04T01:17:40 +   36.1s] wrote /home/bruce/dev/cyclers/data/found/882_ccr4bp_strob_connection/r3b.json
[2026-10-04T01:17:40 +   36.6s] 3:4 e=0.05 apo: T=25.1214 lam=1.0000 hyperbolic=False r=[1.151,1.272] dUmb=0.272
[2026-10-04T01:17:41 +   37.1s] 3:4 e=0.1 peri: T=25.1721 lam=3.0045 hyperbolic=True r=[1.090,1.331] dUmb=0.090
[2026-10-04T01:17:50 +   46.4s]    circle at physical Titania mass: {'n_nodes': 201, 't0': 0.0, 'rho': 2.9930861406621574, 'rho_over_2pi': 0.4763644543862263, 'residual': 1.2867484855405564e-13, 'converged': True, 'residual_history': [0.0020117284979414285, 0.00010765557326775088, 6.325945585139436e-07, 2.1130058813767505e-10, 1.2867484855405564e-13], 'fourier_tail': 6.941107506675448e-09, 'mu_gan': 3.915686587341081e-05}
[2026-10-04T01:17:52 +   48.1s]    bundles: {'lam_u': 1.6357010112347417, 'lam_s': 0.611358673212052, 'lam_product': 1.0000000000000833, 'residual_u_offgrid': 3.446891951863762e-07, 'residual_s_offgrid': 3.9318629485585177e-07, 'tail_u': 1.644009781558912e-06, 'tail_s': 1.638155223123164e-06, 'second_order_residual_u': 48.07983405852312, 'second_order_residual_s': 52.89765864224805}
[2026-10-04T01:17:52 +   48.1s] wrote /home/bruce/dev/cyclers/data/found/882_ccr4bp_strob_connection/r3b.json
[2026-10-04T01:17:52 +   48.5s] 3:4 e=0.1 apo: T=25.1290 lam=1.0000 hyperbolic=False r=[1.090,1.333] dUmb=0.333
[2026-10-04T01:17:53 +   49.2s] 3:4 e=0.15 peri: T=25.2418 lam=39.7272 hyperbolic=True r=[1.030,1.390] dUmb=0.030
[2026-10-04T01:18:08 +   63.8s]    circle at physical Titania mass: {'n_nodes': 201, 't0': 0.0, 'rho': 2.984818877020421, 'rho_over_2pi': 0.47504867851180005, 'residual': 0.0061762195679241905, 'converged': False, 'residual_history': [0.0009512835917330209, 0.0024751186954291016, 0.004449779154733324, 0.0061762195679241905], 'fourier_tail': 0.0006902860653241249, 'mu_gan': 3.915686587341081e-06}
[2026-10-04T01:18:08 +   63.8s] wrote /home/bruce/dev/cyclers/data/found/882_ccr4bp_strob_connection/r3b.json
[2026-10-04T01:18:08 +   64.2s] 3:4 e=0.15 apo: T=25.1310 lam=1.0000 hyperbolic=False r=[1.030,1.393] dUmb=0.393
[2026-10-04T01:18:09 +   64.8s] 3:4 e=0.2 peri: T=25.0724 lam=4.4176 hyperbolic=True r=[0.969,1.454] dUmb=0.031
[2026-10-04T01:18:19 +   74.7s]    circle at physical Titania mass: {'n_nodes': 201, 't0': 0.0, 'rho': 3.004996846549857, 'rho_over_2pi': 0.47826010210396747, 'residual': 0.0005972591742852418, 'converged': False, 'residual_history': [2.4832346069869615e-05, 0.0013290863665538083, 0.0006747727601773695, 0.0005972591742852418], 'fourier_tail': 7.194509061564334e-05, 'mu_gan': 3.915686587341081e-08}
[2026-10-04T01:18:19 +   74.7s] wrote /home/bruce/dev/cyclers/data/found/882_ccr4bp_strob_connection/r3b.json
[2026-10-04T01:18:19 +   75.1s] 3:4 e=0.2 apo: T=25.1319 lam=1.0000 hyperbolic=False r=[0.969,1.454] dUmb=0.454
[2026-10-04T01:18:19 +   75.1s] wrote /home/bruce/dev/cyclers/data/found/882_ccr4bp_strob_connection/r3b.json
[2026-10-04T01:18:19 +   75.1s] stage r3b done
